<?xml version="1.0" ?>

<verbosegc xmlns="http://www.ibm.com/j9/verbosegc" version="10c21d5f4_CMPRSS">

<initialized id="1" timestamp="2022-10-25T12:52:42.485">
  <attribute name="gcPolicy" value="-Xgcpolicy:gencon" />
  <attribute name="maxHeapSize" value="0x400000000" />
  <attribute name="initialHeapSize" value="0x800000" />
  <attribute name="compressedRefs" value="true" />
  <attribute name="compressedRefsDisplacement" value="0x0" />
  <attribute name="compressedRefsShift" value="0x3" />
  <attribute name="pageSize" value="0x1000" />
  <attribute name="pageType" value="not used" />
  <attribute name="requestedPageSize" value="0x1000" />
  <attribute name="requestedPageType" value="not used" />
  <attribute name="gcthreads" value="20" />
  <attribute name="gcthreads Concurrent Mark" value="1" />
  <attribute name="packetListSplit" value="3" />
  <attribute name="cacheListSplit" value="3" />
  <attribute name="splitFreeListSplitAmount" value="3" />
  <attribute name="numaNodes" value="0" />
  <system>
    <attribute name="physicalMemory" value="16457822208" />
    <attribute name="numCPUs" value="20" />
    <attribute name="architecture" value="amd64" />
    <attribute name="os" value="Linux" />
    <attribute name="osVersion" value="5.14.0-1054-oem" />
  </system>
  <vmargs>
    <vmarg name="-Xoptionsfile=/home/arjun/Working_Directory/Softwares/Utilities/jdk_20_vt/jdk/lib/options.default" />
    <vmarg name="-Xlockword:mode=default,noLockword=java/lang/String,noLockword=java/util/MapEntry,noLockword=java/util/HashMap$Entry,noLockword..." />
    <vmarg name="-XX:+EnsureHashed:java/lang/Class,java/lang/Thread" />
    <vmarg name="-Xjcl:jclse29" />
    <vmarg name="-Dcom.ibm.oti.vm.bootstrap.library.path=/home/arjun/Working_Directory/Softwares/Utilities/jdk_20_vt/jdk/lib/default:/home/arjun..." />
    <vmarg name="-Dsun.boot.library.path=/home/arjun/Working_Directory/Softwares/Utilities/jdk_20_vt/jdk/lib/default:/home/arjun/Working_Directo..." />
    <vmarg name="-Djava.library.path=/home/arjun/Working_Directory/Softwares/Utilities/jdk_20_vt/jdk/lib/default:/home/arjun/Working_Directory/S..." />
    <vmarg name="-Djava.home=/home/arjun/Working_Directory/Softwares/Utilities/jdk_20_vt/jdk" />
    <vmarg name="-Duser.dir=/home/arjun/Working_Directory/Workspaces/Benchmarks/PLDI_SPARK/WD" />
    <vmarg name="-Djava.class.path=/opt/spark/conf/:/opt/spark/jars/protobuf-java-2.5.0.jar:/opt/spark/jars/hive-shims-0.23-2.3.7.jar:/opt/spark..." />
    <vmarg name="-Xmx16g" />
    <vmarg name="-Xlog:gc=info:file=run-UnboxedMovieQueries.gc" />
    <vmarg name="--add-opens=java.base/java.lang=ALL-UNNAMED" />
    <vmarg name="--add-opens=java.base/java.lang.invoke=ALL-UNNAMED" />
    <vmarg name="--add-opens=java.base/java.lang.reflect=ALL-UNNAMED" />
    <vmarg name="--add-opens=java.base/java.io=ALL-UNNAMED" />
    <vmarg name="--add-opens=java.base/java.net=ALL-UNNAMED" />
    <vmarg name="--add-opens=java.base/java.nio=ALL-UNNAMED" />
    <vmarg name="--add-opens=java.base/java.util=ALL-UNNAMED" />
    <vmarg name="--add-opens=java.base/java.util.concurrent=ALL-UNNAMED" />
    <vmarg name="--add-opens=java.base/java.util.concurrent.atomic=ALL-UNNAMED" />
    <vmarg name="--add-opens=java.base/sun.nio.ch=ALL-UNNAMED" />
    <vmarg name="--add-opens=java.base/sun.nio.cs=ALL-UNNAMED" />
    <vmarg name="--add-opens=java.base/sun.security.action=ALL-UNNAMED" />
    <vmarg name="--add-opens=java.base/sun.util.calendar=ALL-UNNAMED" />
    <vmarg name="-Dsun.java.command=org.apache.spark.deploy.SparkSubmit --master local[4] --conf spark.executor.memory=1g --conf spark.driver.me..." />
    <vmarg name="-Dsun.java.launcher=SUN_STANDARD" />
  </vmargs>
</initialized>

<exclusive-start id="2" timestamp="2022-10-25T12:52:42.555" intervalms="69.836">
  <response-info timems="0.007" idlems="0.007" threads="0" lastid="00000000001B8900" lastname="(unnamed thread)" />
</exclusive-start>
<af-start id="3" threadId="00000000001B9348" totalBytesRequested="32" timestamp="2022-10-25T12:52:42.555" intervalms="69.868" type="nursery" />
<cycle-start id="4" type="scavenge" contextid="0" timestamp="2022-10-25T12:52:42.555" intervalms="69.887" />
<gc-start id="5" type="scavenge" contextid="4" timestamp="2022-10-25T12:52:42.555">
  <mem-info id="6" free="6038584" total="8388608" percent="71">
    <mem type="nursery" free="0" total="2097152" percent="0">
      <mem type="allocate" free="0" total="1048576" percent="0" />
      <mem type="survivor" free="0" total="1048576" percent="0" />
    </mem>
    <mem type="tenure" free="6038584" total="6291456" percent="95">
      <mem type="soa" free="5723192" total="5976064" percent="95" />
      <mem type="loa" free="315392" total="315392" percent="100" />
    </mem>
    <remembered-set count="2683" />
  </mem-info>
</gc-start>
<allocation-stats totalBytes="1300328" >
  <allocated-bytes non-tlh="291712" tlh="1008616" />
  <largest-consumer threadName="main" threadId="0000000000025900" bytes="1300328" />
</allocation-stats>
<gc-op id="7" type="scavenge" timems="0.775" contextid="4" timestamp="2022-10-25T12:52:42.556">
  <scavenger-info tenureage="2" tenuremask="fffc" tiltratio="50" />
  <memory-copied type="nursery" objects="8823" bytes="428832" bytesdiscarded="2976" />
  <ownableSynchronizers candidates="10" cleared="1" />
  <references type="soft" candidates="17" cleared="0" enqueued="0" dynamicThreshold="32" maxThreshold="32" />
  <references type="weak" candidates="85" cleared="23" enqueued="23" />
  <references type="phantom" candidates="6" cleared="3" enqueued="3" />
  <object-monitors candidates="1" cleared="0"  />
</gc-op>
<gc-end id="8" type="scavenge" contextid="4" durationms="0.816" usertimems="1.658" systemtimems="0.453" stalltimems="0.000" timestamp="2022-10-25T12:52:42.556" activeThreads="1">
  <mem-info id="9" free="6654336" total="8388608" percent="79">
    <mem type="nursery" free="615752" total="2097152" percent="29">
      <mem type="allocate" free="615752" total="1048576" percent="58" />
      <mem type="survivor" free="0" total="1048576" percent="0" />
    </mem>
    <mem type="tenure" free="6038584" total="6291456" percent="95">
      <mem type="soa" free="5723192" total="5976064" percent="95" />
      <mem type="loa" free="315392" total="315392" percent="100" />
    </mem>
    <pending-finalizers system="0" default="0" reference="26" classloader="0" />
    <remembered-set count="2683" />
  </mem-info>
</gc-end>
<cycle-end id="10" type="scavenge" contextid="4" timestamp="2022-10-25T12:52:42.556" />
<allocation-satisfied id="11" threadId="00000000001B8900" bytesRequested="32" />
<af-end id="12" timestamp="2022-10-25T12:52:42.556" threadId="00000000001B9348" success="true" from="nursery"/>
<exclusive-end id="13" timestamp="2022-10-25T12:52:42.556" durationms="0.912" />

<exclusive-start id="14" timestamp="2022-10-25T12:52:42.571" intervalms="16.220">
  <response-info timems="0.016" idlems="0.016" threads="0" lastid="0000000000025900" lastname="main" />
</exclusive-start>
<af-start id="15" threadId="0000000000026348" totalBytesRequested="20136" timestamp="2022-10-25T12:52:42.571" intervalms="16.230" type="nursery" />
<cycle-start id="16" type="scavenge" contextid="0" timestamp="2022-10-25T12:52:42.571" intervalms="16.232" />
<gc-start id="17" type="scavenge" contextid="16" timestamp="2022-10-25T12:52:42.571">
  <mem-info id="18" free="5985288" total="8388608" percent="71">
    <mem type="nursery" free="0" total="2097152" percent="0">
      <mem type="allocate" free="0" total="1048576" percent="0" />
      <mem type="survivor" free="0" total="1048576" percent="0" />
    </mem>
    <mem type="tenure" free="5985288" total="6291456" percent="95">
      <mem type="soa" free="5669896" total="5976064" percent="94" />
      <mem type="loa" free="315392" total="315392" percent="100" />
    </mem>
    <remembered-set count="3419" />
  </mem-info>
</gc-start>
<allocation-stats totalBytes="645024" >
  <allocated-bytes non-tlh="123272" tlh="521752" />
  <largest-consumer threadName="main" threadId="0000000000025900" bytes="334688" />
</allocation-stats>
<gc-op id="19" type="scavenge" timems="0.823" contextid="16" timestamp="2022-10-25T12:52:42.572">
  <scavenger-info tenureage="5" tenuremask="7fe0" tiltratio="50" />
  <memory-copied type="nursery" objects="10078" bytes="646504" bytesdiscarded="17952" />
  <ownableSynchronizers candidates="10" cleared="1" />
  <references type="soft" candidates="27" cleared="0" enqueued="0" dynamicThreshold="32" maxThreshold="32" />
  <references type="weak" candidates="74" cleared="9" enqueued="9" />
  <references type="phantom" candidates="41" cleared="0" enqueued="0" />
  <object-monitors candidates="2" cleared="1"  />
</gc-op>
<gc-end id="20" type="scavenge" contextid="16" durationms="0.877" usertimems="2.721" systemtimems="0.625" stalltimems="0.732" timestamp="2022-10-25T12:52:42.572" activeThreads="3">
  <mem-info id="21" free="6368032" total="8388608" percent="75">
    <mem type="nursery" free="382744" total="2097152" percent="18">
      <mem type="allocate" free="382744" total="1048576" percent="36" />
      <mem type="survivor" free="0" total="1048576" percent="0" />
    </mem>
    <mem type="tenure" free="5985288" total="6291456" percent="95">
      <mem type="soa" free="5669896" total="5976064" percent="94" />
      <mem type="loa" free="315392" total="315392" percent="100" />
    </mem>
    <pending-finalizers system="0" default="0" reference="9" classloader="0" />
    <remembered-set count="3419" />
  </mem-info>
</gc-end>
<cycle-end id="22" type="scavenge" contextid="16" timestamp="2022-10-25T12:52:42.572" />
<allocation-satisfied id="23" threadId="0000000000025900" bytesRequested="20136" />
<af-end id="24" timestamp="2022-10-25T12:52:42.572" threadId="0000000000026348" success="true" from="nursery"/>
<exclusive-end id="25" timestamp="2022-10-25T12:52:42.572" durationms="0.999" />

<exclusive-start id="26" timestamp="2022-10-25T12:52:42.580" intervalms="9.210">
  <response-info timems="0.012" idlems="0.012" threads="0" lastid="0000000000025900" lastname="main" />
</exclusive-start>
<af-start id="27" threadId="0000000000026348" totalBytesRequested="99664" timestamp="2022-10-25T12:52:42.581" intervalms="9.194" type="nursery" />
<cycle-start id="28" type="scavenge" contextid="0" timestamp="2022-10-25T12:52:42.581" intervalms="9.186" />
<gc-start id="29" type="scavenge" contextid="28" timestamp="2022-10-25T12:52:42.581">
  <mem-info id="30" free="6044856" total="8388608" percent="72">
    <mem type="nursery" free="59568" total="2097152" percent="2">
      <mem type="allocate" free="59568" total="1048576" percent="5" />
      <mem type="survivor" free="0" total="1048576" percent="0" />
    </mem>
    <mem type="tenure" free="5985288" total="6291456" percent="95">
      <mem type="soa" free="5669896" total="5976064" percent="94" />
      <mem type="loa" free="315392" total="315392" percent="100" />
    </mem>
    <remembered-set count="3419" />
  </mem-info>
</gc-start>
<allocation-stats totalBytes="319744" >
  <allocated-bytes non-tlh="118376" tlh="201368" />
  <largest-consumer threadName="main" threadId="0000000000025900" bytes="319744" />
</allocation-stats>
<gc-op id="31" type="scavenge" timems="0.682" contextid="28" timestamp="2022-10-25T12:52:42.581">
  <scavenger-info tenureage="2" tenuremask="7ff4" tiltratio="50" />
  <memory-copied type="nursery" objects="1698" bytes="462704" bytesdiscarded="47024" />
  <memory-copied type="tenure" objects="8749" bytes="426512" bytesdiscarded="376" />
  <ownableSynchronizers candidates="9" cleared="0" />
  <references type="soft" candidates="10" cleared="0" enqueued="0" dynamicThreshold="32" maxThreshold="32" />
  <references type="weak" candidates="3" cleared="0" enqueued="0" />
  <references type="phantom" candidates="70" cleared="0" enqueued="0" />
  <object-monitors candidates="1" cleared="0"  />
</gc-op>
<heap-resize id="32" type="expand" space="nursery" amount="131072" count="1" timems="0.015" reason="excessive time being spent scavenging" timestamp="2022-10-25T12:52:42.581" />
<gc-end id="33" type="scavenge" contextid="28" durationms="0.779" usertimems="1.671" systemtimems="0.000" stalltimems="0.658" timestamp="2022-10-25T12:52:42.581" activeThreads="3">
  <mem-info id="34" free="6138880" total="8519680" percent="72">
    <mem type="nursery" free="603904" total="2228224" percent="27">
      <mem type="allocate" free="603904" total="1114112" percent="54" />
      <mem type="survivor" free="0" total="1114112" percent="0" />
    </mem>
    <mem type="tenure" free="5534976" total="6291456" percent="87">
      <mem type="soa" free="5219584" total="5976064" percent="87" />
      <mem type="loa" free="315392" total="315392" percent="100" />
    </mem>
    <remembered-set count="796" />
  </mem-info>
</gc-end>
<cycle-end id="35" type="scavenge" contextid="28" timestamp="2022-10-25T12:52:42.581" />
<allocation-satisfied id="36" threadId="0000000000025900" bytesRequested="99664" />
<af-end id="37" timestamp="2022-10-25T12:52:42.581" threadId="0000000000026348" success="true" from="nursery"/>
<exclusive-end id="38" timestamp="2022-10-25T12:52:42.581" durationms="0.897" />

<exclusive-start id="39" timestamp="2022-10-25T12:52:42.591" intervalms="10.302">
  <response-info timems="0.012" idlems="0.012" threads="0" lastid="0000000000025900" lastname="main" />
</exclusive-start>
<af-start id="40" threadId="0000000000026348" totalBytesRequested="222792" timestamp="2022-10-25T12:52:42.591" intervalms="10.294" type="nursery" />
<cycle-start id="41" type="scavenge" contextid="0" timestamp="2022-10-25T12:52:42.591" intervalms="10.292" />
<gc-start id="42" type="scavenge" contextid="41" timestamp="2022-10-25T12:52:42.591">
  <mem-info id="43" free="5534976" total="8519680" percent="64">
    <mem type="nursery" free="0" total="2228224" percent="0">
      <mem type="allocate" free="0" total="1114112" percent="0" />
      <mem type="survivor" free="0" total="1114112" percent="0" />
    </mem>
    <mem type="tenure" free="5534976" total="6291456" percent="87">
      <mem type="soa" free="5219584" total="5976064" percent="87" />
      <mem type="loa" free="315392" total="315392" percent="100" />
    </mem>
    <remembered-set count="814" />
  </mem-info>
</gc-start>
<allocation-stats totalBytes="588320" >
  <allocated-bytes non-tlh="236336" tlh="351984" />
  <largest-consumer threadName="main" threadId="0000000000025900" bytes="588320" />
</allocation-stats>
<gc-op id="44" type="scavenge" timems="0.421" contextid="41" timestamp="2022-10-25T12:52:42.591">
  <scavenger-info tenureage="2" tenuremask="7ffc" tiltratio="50" />
  <memory-copied type="nursery" objects="1057" bytes="694656" bytesdiscarded="74160" />
  <memory-copied type="tenure" objects="1296" bytes="218624" bytesdiscarded="1128" />
  <references type="phantom" candidates="86" cleared="0" enqueued="0" />
  <object-monitors candidates="1" cleared="0"  />
</gc-op>
<gc-end id="45" type="scavenge" contextid="41" durationms="0.498" usertimems="2.823" systemtimems="0.000" stalltimems="0.605" timestamp="2022-10-25T12:52:42.591" activeThreads="4">
  <mem-info id="46" free="5636288" total="8519680" percent="66">
    <mem type="nursery" free="345064" total="2228224" percent="15">
      <mem type="allocate" free="345064" total="1114112" percent="30" />
      <mem type="survivor" free="0" total="1114112" percent="0" />
    </mem>
    <mem type="tenure" free="5291224" total="6291456" percent="84">
      <mem type="soa" free="4975832" total="5976064" percent="83" />
      <mem type="loa" free="315392" total="315392" percent="100" />
    </mem>
    <remembered-set count="122" />
  </mem-info>
</gc-end>
<cycle-end id="47" type="scavenge" contextid="41" timestamp="2022-10-25T12:52:42.591" />
<allocation-satisfied id="48" threadId="0000000000025900" bytesRequested="222792" />
<af-end id="49" timestamp="2022-10-25T12:52:42.591" threadId="0000000000026348" success="true" from="nursery"/>
<exclusive-end id="50" timestamp="2022-10-25T12:52:42.591" durationms="0.575" />

<exclusive-start id="51" timestamp="2022-10-25T12:52:42.592" intervalms="1.623">
  <response-info timems="0.011" idlems="0.011" threads="0" lastid="0000000000025900" lastname="main" />
</exclusive-start>
<af-start id="52" threadId="0000000000026348" totalBytesRequested="8208" timestamp="2022-10-25T12:52:42.592" intervalms="1.618" type="nursery" />
<cycle-start id="53" type="scavenge" contextid="0" timestamp="2022-10-25T12:52:42.592" intervalms="1.620" />
<gc-start id="54" type="scavenge" contextid="53" timestamp="2022-10-25T12:52:42.592">
  <mem-info id="55" free="5291224" total="8519680" percent="62">
    <mem type="nursery" free="0" total="2228224" percent="0">
      <mem type="allocate" free="0" total="1114112" percent="0" />
      <mem type="survivor" free="0" total="1114112" percent="0" />
    </mem>
    <mem type="tenure" free="5291224" total="6291456" percent="84">
      <mem type="soa" free="4975832" total="5976064" percent="83" />
      <mem type="loa" free="315392" total="315392" percent="100" />
    </mem>
    <remembered-set count="122" />
  </mem-info>
</gc-start>
<allocation-stats totalBytes="333168" >
  <allocated-bytes non-tlh="253336" tlh="79832" />
  <largest-consumer threadName="main" threadId="0000000000025900" bytes="333168" />
</allocation-stats>
<gc-op id="56" type="scavenge" timems="0.152" contextid="53" timestamp="2022-10-25T12:52:42.593">
  <scavenger-info tenureage="2" tenuremask="7ffc" tiltratio="50" />
  <memory-copied type="nursery" objects="688" bytes="784040" bytesdiscarded="48688" />
  <memory-copied type="tenure" objects="395" bytes="243544" bytesdiscarded="208" />
  <references type="weak" candidates="1" cleared="0" enqueued="0" />
  <references type="phantom" candidates="56" cleared="0" enqueued="0" />
  <object-monitors candidates="1" cleared="0"  />
</gc-op>
<heap-resize id="57" type="expand" space="nursery" amount="262144" count="1" timems="0.009" reason="excessive time being spent scavenging" timestamp="2022-10-25T12:52:42.593" />
<gc-end id="58" type="scavenge" contextid="53" durationms="0.192" usertimems="0.511" systemtimems="0.000" stalltimems="0.145" timestamp="2022-10-25T12:52:42.593" activeThreads="4">
  <mem-info id="59" free="5398312" total="8781824" percent="61">
    <mem type="nursery" free="412304" total="2490368" percent="16">
      <mem type="allocate" free="412304" total="1245184" percent="33" />
      <mem type="survivor" free="0" total="1245184" percent="0" />
    </mem>
    <mem type="tenure" free="4986008" total="6291456" percent="79">
      <mem type="soa" free="4670616" total="5976064" percent="78" />
      <mem type="loa" free="315392" total="315392" percent="100" />
    </mem>
    <remembered-set count="119" />
  </mem-info>
</gc-end>
<cycle-end id="60" type="scavenge" contextid="53" timestamp="2022-10-25T12:52:42.593" />
<allocation-satisfied id="61" threadId="0000000000025900" bytesRequested="8208" />
<af-end id="62" timestamp="2022-10-25T12:52:42.593" threadId="0000000000026348" success="true" from="nursery"/>
<exclusive-end id="63" timestamp="2022-10-25T12:52:42.593" durationms="0.271" />

<exclusive-start id="64" timestamp="2022-10-25T12:52:42.597" intervalms="4.556">
  <response-info timems="0.013" idlems="0.013" threads="0" lastid="0000000000025900" lastname="main" />
</exclusive-start>
<af-start id="65" threadId="0000000000026348" totalBytesRequested="15000" timestamp="2022-10-25T12:52:42.597" intervalms="4.555" type="nursery" />
<cycle-start id="66" type="scavenge" contextid="0" timestamp="2022-10-25T12:52:42.597" intervalms="4.552" />
<gc-start id="67" type="scavenge" contextid="66" timestamp="2022-10-25T12:52:42.597">
  <mem-info id="68" free="4986008" total="8781824" percent="56">
    <mem type="nursery" free="0" total="2490368" percent="0">
      <mem type="allocate" free="0" total="1245184" percent="0" />
      <mem type="survivor" free="0" total="1245184" percent="0" />
    </mem>
    <mem type="tenure" free="4986008" total="6291456" percent="79">
      <mem type="soa" free="4670616" total="5976064" percent="78" />
      <mem type="loa" free="315392" total="315392" percent="100" />
    </mem>
    <remembered-set count="127" />
  </mem-info>
</gc-start>
<allocation-stats totalBytes="401328" >
  <allocated-bytes non-tlh="269328" tlh="132000" />
  <largest-consumer threadName="main" threadId="0000000000025900" bytes="401328" />
</allocation-stats>
<gc-op id="69" type="scavenge" timems="0.173" contextid="66" timestamp="2022-10-25T12:52:42.597">
  <scavenger-info tenureage="1" tenuremask="7ffe" tiltratio="50" />
  <memory-copied type="nursery" objects="138" bytes="168200" bytesdiscarded="87248" />
  <memory-copied type="tenure" objects="669" bytes="709768" bytesdiscarded="864" />
  <references type="phantom" candidates="11" cleared="0" enqueued="0" />
  <object-monitors candidates="1" cleared="0"  />
</gc-op>
<gc-end id="70" type="scavenge" contextid="66" durationms="0.212" usertimems="0.654" systemtimems="0.113" stalltimems="0.099" timestamp="2022-10-25T12:52:42.597" activeThreads="4">
  <mem-info id="71" free="5314136" total="8781824" percent="60">
    <mem type="nursery" free="1055240" total="2490368" percent="42">
      <mem type="allocate" free="1055240" total="1310720" percent="80" />
      <mem type="survivor" free="0" total="1179648" percent="0" />
    </mem>
    <mem type="tenure" free="4258896" total="6291456" percent="67">
      <mem type="soa" free="3943504" total="5976064" percent="65" />
      <mem type="loa" free="315392" total="315392" percent="100" />
    </mem>
    <remembered-set count="96" />
  </mem-info>
</gc-end>
<cycle-end id="72" type="scavenge" contextid="66" timestamp="2022-10-25T12:52:42.597" />
<allocation-satisfied id="73" threadId="0000000000025900" bytesRequested="15000" />
<af-end id="74" timestamp="2022-10-25T12:52:42.597" threadId="0000000000026348" success="true" from="nursery"/>
<exclusive-end id="75" timestamp="2022-10-25T12:52:42.597" durationms="0.294" />

<exclusive-start id="76" timestamp="2022-10-25T12:52:42.610" intervalms="13.024">
  <response-info timems="0.008" idlems="0.008" threads="0" lastid="0000000000025900" lastname="main" />
</exclusive-start>
<af-start id="77" threadId="0000000000026348" totalBytesRequested="432792" timestamp="2022-10-25T12:52:42.610" intervalms="13.037" type="nursery" />
<cycle-start id="78" type="scavenge" contextid="0" timestamp="2022-10-25T12:52:42.610" intervalms="13.040" />
<gc-start id="79" type="scavenge" contextid="78" timestamp="2022-10-25T12:52:42.610">
  <mem-info id="80" free="4551464" total="8781824" percent="51">
    <mem type="nursery" free="297072" total="2490368" percent="11">
      <mem type="allocate" free="297072" total="1310720" percent="22" />
      <mem type="survivor" free="0" total="1179648" percent="0" />
    </mem>
    <mem type="tenure" free="4254392" total="6291456" percent="67">
      <mem type="soa" free="3939000" total="5976064" percent="65" />
      <mem type="loa" free="315392" total="315392" percent="100" />
    </mem>
    <remembered-set count="185" />
  </mem-info>
</gc-start>
<allocation-stats totalBytes="757800" >
  <allocated-bytes non-tlh="343496" tlh="414304" />
  <largest-consumer threadName="main" threadId="0000000000025900" bytes="757800" />
</allocation-stats>
<gc-op id="81" type="scavenge" timems="0.782" contextid="78" timestamp="2022-10-25T12:52:42.611">
  <scavenger-info tenureage="1" tenuremask="7ffe" tiltratio="52" />
  <memory-copied type="nursery" objects="939" bytes="578112" bytesdiscarded="46544" />
  <memory-copied type="tenure" objects="134" bytes="168056" bytesdiscarded="608" />
  <references type="soft" candidates="1" cleared="0" enqueued="0" dynamicThreshold="32" maxThreshold="32" />
  <references type="phantom" candidates="60" cleared="0" enqueued="0" />
  <object-monitors candidates="1" cleared="0"  />
</gc-op>
<gc-end id="82" type="scavenge" contextid="78" durationms="0.824" usertimems="0.000" systemtimems="1.723" stalltimems="2.076" timestamp="2022-10-25T12:52:42.611" activeThreads="4">
  <mem-info id="83" free="4697280" total="8781824" percent="53">
    <mem type="nursery" free="685896" total="2490368" percent="27">
      <mem type="allocate" free="685896" total="1310720" percent="52" />
      <mem type="survivor" free="0" total="1179648" percent="0" />
    </mem>
    <mem type="tenure" free="4011384" total="6291456" percent="63">
      <mem type="soa" free="3695992" total="5976064" percent="61" />
      <mem type="loa" free="315392" total="315392" percent="100" />
    </mem>
    <remembered-set count="181" />
  </mem-info>
</gc-end>
<cycle-end id="84" type="scavenge" contextid="78" timestamp="2022-10-25T12:52:42.611" />
<allocation-satisfied id="85" threadId="0000000000025900" bytesRequested="432792" />
<af-end id="86" timestamp="2022-10-25T12:52:42.611" threadId="0000000000026348" success="true" from="nursery"/>
<exclusive-end id="87" timestamp="2022-10-25T12:52:42.611" durationms="0.980" />

<exclusive-start id="88" timestamp="2022-10-25T12:52:42.612" intervalms="1.504">
  <response-info timems="0.007" idlems="0.007" threads="0" lastid="0000000000025900" lastname="main" />
</exclusive-start>
<af-start id="89" threadId="0000000000026348" totalBytesRequested="290232" timestamp="2022-10-25T12:52:42.612" intervalms="1.491" type="nursery" />
<cycle-start id="90" type="scavenge" contextid="0" timestamp="2022-10-25T12:52:42.612" intervalms="1.488" />
<gc-start id="91" type="scavenge" contextid="90" timestamp="2022-10-25T12:52:42.612">
  <mem-info id="92" free="4178432" total="8781824" percent="47">
    <mem type="nursery" free="167048" total="2490368" percent="6">
      <mem type="allocate" free="167048" total="1310720" percent="12" />
      <mem type="survivor" free="0" total="1179648" percent="0" />
    </mem>
    <mem type="tenure" free="4011384" total="6291456" percent="63">
      <mem type="soa" free="3695992" total="5976064" percent="61" />
      <mem type="loa" free="315392" total="315392" percent="100" />
    </mem>
    <remembered-set count="183" />
  </mem-info>
</gc-start>
<allocation-stats totalBytes="518848" >
  <allocated-bytes non-tlh="473792" tlh="45056" />
  <largest-consumer threadName="main" threadId="0000000000025900" bytes="518848" />
</allocation-stats>
<gc-op id="93" type="scavenge" timems="0.190" contextid="90" timestamp="2022-10-25T12:52:42.612">
  <scavenger-info tenureage="1" tenuremask="7ffe" tiltratio="52" />
  <memory-copied type="nursery" objects="76" bytes="497400" bytesdiscarded="73184" />
  <memory-copied type="tenure" objects="935" bytes="577968" bytesdiscarded="784" />
  <references type="phantom" candidates="6" cleared="0" enqueued="0" />
  <object-monitors candidates="1" cleared="0"  />
</gc-op>
<heap-resize id="94" type="expand" space="nursery" amount="393216" count="1" timems="0.008" reason="excessive time being spent scavenging" timestamp="2022-10-25T12:52:42.612" />
<gc-end id="95" type="scavenge" contextid="90" durationms="0.233" usertimems="0.000" systemtimems="0.474" stalltimems="0.160" timestamp="2022-10-25T12:52:42.612" activeThreads="3">
  <mem-info id="96" free="4400840" total="9175040" percent="47">
    <mem type="nursery" free="1002264" total="2883584" percent="34">
      <mem type="allocate" free="1002264" total="1572864" percent="63" />
      <mem type="survivor" free="0" total="1310720" percent="0" />
    </mem>
    <mem type="tenure" free="3398576" total="6291456" percent="54">
      <mem type="soa" free="3083184" total="5976064" percent="51" />
      <mem type="loa" free="315392" total="315392" percent="100" />
    </mem>
    <remembered-set count="168" />
  </mem-info>
</gc-end>
<cycle-end id="97" type="scavenge" contextid="90" timestamp="2022-10-25T12:52:42.612" />
<allocation-satisfied id="98" threadId="0000000000025900" bytesRequested="290232" />
<af-end id="99" timestamp="2022-10-25T12:52:42.612" threadId="0000000000026348" success="true" from="nursery"/>
<exclusive-end id="100" timestamp="2022-10-25T12:52:42.612" durationms="0.322" />

<exclusive-start id="101" timestamp="2022-10-25T12:52:42.616" intervalms="4.680">
  <response-info timems="0.008" idlems="0.008" threads="0" lastid="0000000000025900" lastname="main" />
</exclusive-start>
<af-start id="102" threadId="0000000000026348" totalBytesRequested="77888" timestamp="2022-10-25T12:52:42.616" intervalms="4.689" type="nursery" />
<cycle-start id="103" type="scavenge" contextid="0" timestamp="2022-10-25T12:52:42.616" intervalms="4.691" />
<gc-start id="104" type="scavenge" contextid="103" timestamp="2022-10-25T12:52:42.616">
  <mem-info id="105" free="3397456" total="9175040" percent="37">
    <mem type="nursery" free="0" total="2883584" percent="0">
      <mem type="allocate" free="0" total="1572864" percent="0" />
      <mem type="survivor" free="0" total="1310720" percent="0" />
    </mem>
    <mem type="tenure" free="3397456" total="6291456" percent="54">
      <mem type="soa" free="3082064" total="5976064" percent="51" />
      <mem type="loa" free="315392" total="315392" percent="100" />
    </mem>
    <remembered-set count="215" />
  </mem-info>
</gc-start>
<allocation-stats totalBytes="1002248" >
  <allocated-bytes non-tlh="637728" tlh="364520" />
  <largest-consumer threadName="main" threadId="0000000000025900" bytes="1002248" />
</allocation-stats>
<gc-op id="106" type="scavenge" timems="0.444" contextid="103" timestamp="2022-10-25T12:52:42.617">
  <scavenger-info tenureage="1" tenuremask="7ffe" tiltratio="54" />
  <memory-copied type="nursery" objects="778" bytes="737832" bytesdiscarded="21104" />
  <memory-copied type="tenure" objects="72" bytes="497248" bytesdiscarded="0" />
  <references type="phantom" candidates="63" cleared="0" enqueued="0" />
  <object-monitors candidates="1" cleared="0"  />
</gc-op>
<heap-resize id="107" type="expand" space="nursery" amount="131072" count="1" timems="0.007" reason="excessive time being spent scavenging" timestamp="2022-10-25T12:52:42.617" />
<gc-end id="108" type="scavenge" contextid="103" durationms="0.501" usertimems="0.705" systemtimems="0.115" stalltimems="0.618" timestamp="2022-10-25T12:52:42.617" activeThreads="3">
  <mem-info id="109" free="3829312" total="9306112" percent="41">
    <mem type="nursery" free="944816" total="3014656" percent="31">
      <mem type="allocate" free="944816" total="1703936" percent="55" />
      <mem type="survivor" free="0" total="1310720" percent="0" />
    </mem>
    <mem type="tenure" free="2884496" total="6291456" percent="45">
      <mem type="soa" free="2569104" total="5976064" percent="42" />
      <mem type="loa" free="315392" total="315392" percent="100" />
    </mem>
    <remembered-set count="141" />
  </mem-info>
</gc-end>
<cycle-end id="110" type="scavenge" contextid="103" timestamp="2022-10-25T12:52:42.617" />
<allocation-satisfied id="111" threadId="0000000000025900" bytesRequested="77888" />
<af-end id="112" timestamp="2022-10-25T12:52:42.617" threadId="0000000000026348" success="true" from="nursery"/>
<exclusive-end id="113" timestamp="2022-10-25T12:52:42.617" durationms="0.593" />

<exclusive-start id="114" timestamp="2022-10-25T12:52:42.620" intervalms="3.886">
  <response-info timems="0.010" idlems="0.010" threads="0" lastid="0000000000025900" lastname="main" />
</exclusive-start>
<af-start id="115" threadId="0000000000026348" totalBytesRequested="74736" timestamp="2022-10-25T12:52:42.620" intervalms="3.886" type="nursery" />
<cycle-start id="116" type="scavenge" contextid="0" timestamp="2022-10-25T12:52:42.620" intervalms="3.886" />
<gc-start id="117" type="scavenge" contextid="116" timestamp="2022-10-25T12:52:42.620">
  <mem-info id="118" free="2896672" total="9306112" percent="31">
    <mem type="nursery" free="12176" total="3014656" percent="0">
      <mem type="allocate" free="12176" total="1703936" percent="0" />
      <mem type="survivor" free="0" total="1310720" percent="0" />
    </mem>
    <mem type="tenure" free="2884496" total="6291456" percent="45">
      <mem type="soa" free="2569104" total="5976064" percent="42" />
      <mem type="loa" free="315392" total="315392" percent="100" />
    </mem>
    <remembered-set count="174" />
  </mem-info>
</gc-start>
<allocation-stats totalBytes="921288" >
  <allocated-bytes non-tlh="506720" tlh="414568" />
  <largest-consumer threadName="main" threadId="0000000000025900" bytes="921288" />
</allocation-stats>
<gc-op id="119" type="scavenge" timems="0.433" contextid="116" timestamp="2022-10-25T12:52:42.621">
  <scavenger-info tenureage="1" tenuremask="7ffe" tiltratio="56" />
  <memory-copied type="nursery" objects="728" bytes="812712" bytesdiscarded="55936" />
  <memory-copied type="tenure" objects="774" bytes="737680" bytesdiscarded="1048" />
  <references type="phantom" candidates="60" cleared="0" enqueued="0" />
  <object-monitors candidates="1" cleared="0"  />
</gc-op>
<heap-resize id="120" type="expand" space="nursery" amount="262144" count="1" timems="0.009" reason="excessive time being spent scavenging" timestamp="2022-10-25T12:52:42.621" />
<gc-end id="121" type="scavenge" contextid="116" durationms="0.498" usertimems="2.550" systemtimems="0.408" stalltimems="0.622" timestamp="2022-10-25T12:52:42.621" activeThreads="3">
  <mem-info id="122" free="3135320" total="9568256" percent="32">
    <mem type="nursery" free="1097272" total="3276800" percent="33">
      <mem type="allocate" free="1097272" total="1966080" percent="55" />
      <mem type="survivor" free="0" total="1310720" percent="0" />
    </mem>
    <mem type="tenure" free="2038048" total="6291456" percent="32">
      <mem type="soa" free="1722656" total="5976064" percent="28" />
      <mem type="loa" free="315392" total="315392" percent="100" />
    </mem>
    <remembered-set count="151" />
  </mem-info>
</gc-end>
<cycle-end id="123" type="scavenge" contextid="116" timestamp="2022-10-25T12:52:42.621" />
<allocation-satisfied id="124" threadId="0000000000025900" bytesRequested="74736" />
<af-end id="125" timestamp="2022-10-25T12:52:42.621" threadId="0000000000026348" success="true" from="nursery"/>
<exclusive-end id="126" timestamp="2022-10-25T12:52:42.621" durationms="0.571" />

<exclusive-start id="127" timestamp="2022-10-25T12:52:42.624" intervalms="3.744">
  <response-info timems="0.008" idlems="0.008" threads="0" lastid="0000000000025900" lastname="main" />
</exclusive-start>
<af-start id="128" threadId="0000000000026348" totalBytesRequested="198536" timestamp="2022-10-25T12:52:42.624" intervalms="3.736" type="nursery" />
<cycle-start id="129" type="scavenge" contextid="0" timestamp="2022-10-25T12:52:42.624" intervalms="3.734" />
<gc-start id="130" type="scavenge" contextid="129" timestamp="2022-10-25T12:52:42.624">
  <mem-info id="131" free="2177096" total="9568256" percent="22">
    <mem type="nursery" free="139048" total="3276800" percent="4">
      <mem type="allocate" free="139048" total="1966080" percent="7" />
      <mem type="survivor" free="0" total="1310720" percent="0" />
    </mem>
    <mem type="tenure" free="2038048" total="6291456" percent="32">
      <mem type="soa" free="1722656" total="5976064" percent="28" />
      <mem type="loa" free="315392" total="315392" percent="100" />
    </mem>
    <remembered-set count="184" />
  </mem-info>
</gc-start>
<allocation-stats totalBytes="955784" >
  <allocated-bytes non-tlh="580136" tlh="375648" />
  <largest-consumer threadName="main" threadId="0000000000025900" bytes="955784" />
</allocation-stats>
<gc-op id="132" type="scavenge" timems="0.255" contextid="129" timestamp="2022-10-25T12:52:42.624">
  <scavenger-info tenureage="1" tenuremask="7ffe" tiltratio="60" />
  <memory-copied type="nursery" objects="801" bytes="818552" bytesdiscarded="74216" />
  <memory-copied type="tenure" objects="724" bytes="812568" bytesdiscarded="696" />
  <references type="phantom" candidates="66" cleared="0" enqueued="0" />
  <object-monitors candidates="1" cleared="0"  />
</gc-op>
<gc-end id="133" type="scavenge" contextid="129" durationms="0.325" usertimems="2.150" systemtimems="0.358" stalltimems="0.289" timestamp="2022-10-25T12:52:42.624" activeThreads="3">
  <mem-info id="134" free="2603992" total="9568256" percent="27">
    <mem type="nursery" free="1335280" total="3276800" percent="40">
      <mem type="allocate" free="1335280" total="2228224" percent="59" />
      <mem type="survivor" free="0" total="1048576" percent="0" />
    </mem>
    <mem type="tenure" free="1268712" total="6291456" percent="20">
      <mem type="soa" free="953320" total="5976064" percent="15" />
      <mem type="loa" free="315392" total="315392" percent="100" />
    </mem>
    <remembered-set count="147" />
  </mem-info>
</gc-end>
<cycle-end id="135" type="scavenge" contextid="129" timestamp="2022-10-25T12:52:42.624" />
<allocation-satisfied id="136" threadId="0000000000025900" bytesRequested="198536" />
<af-end id="137" timestamp="2022-10-25T12:52:42.624" threadId="0000000000026348" success="true" from="nursery"/>
<exclusive-end id="138" timestamp="2022-10-25T12:52:42.624" durationms="0.392" />

<concurrent-kickoff id="139" timestamp="2022-10-25T12:52:42.625">
  <kickoff reason="threshold reached" targetBytes="1867303" thresholdFreeBytes="258322"  remainingFree="213864" tenureFreeBytes="1268712" nurseryFreeBytes="213864" />
</concurrent-kickoff>
<exclusive-start id="140" timestamp="2022-10-25T12:52:42.626" intervalms="1.721">
  <response-info timems="0.008" idlems="0.008" threads="0" lastid="0000000000025900" lastname="main" />
</exclusive-start>
<cycle-start id="141" type="global" contextid="0" timestamp="2022-10-25T12:52:42.626" intervalms="140.310" />
<concurrent-start id="142" type="global mark" contextid="141" timestamp="2022-10-25T12:52:42.626">
</concurrent-start>
<exclusive-end id="143" timestamp="2022-10-25T12:52:42.626" durationms="0.011" />

<exclusive-start id="144" timestamp="2022-10-25T12:52:42.627" intervalms="1.738">
  <response-info timems="0.008" idlems="0.008" threads="0" lastid="0000000000025900" lastname="main" />
</exclusive-start>
<af-start id="145" threadId="0000000000026348" totalBytesRequested="55600" timestamp="2022-10-25T12:52:42.627" intervalms="3.458" type="nursery" />
<cycle-start id="146" type="scavenge" contextid="0" timestamp="2022-10-25T12:52:42.627" intervalms="3.458" />
<gc-start id="147" type="scavenge" contextid="146" timestamp="2022-10-25T12:52:42.627">
  <mem-info id="148" free="1322832" total="9568256" percent="13">
    <mem type="nursery" free="54120" total="3276800" percent="1">
      <mem type="allocate" free="54120" total="2228224" percent="2" />
      <mem type="survivor" free="0" total="1048576" percent="0" />
    </mem>
    <mem type="tenure" free="1268712" total="6291456" percent="20">
      <mem type="soa" free="953320" total="5976064" percent="15" />
      <mem type="loa" free="315392" total="315392" percent="100" />
    </mem>
    <remembered-set count="179" />
  </mem-info>
</gc-start>
<allocation-stats totalBytes="1278976" >
  <allocated-bytes non-tlh="961672" tlh="317304" />
  <largest-consumer threadName="main" threadId="0000000000025900" bytes="1278976" />
</allocation-stats>
<gc-op id="149" type="scavenge" timems="0.233" contextid="146" timestamp="2022-10-25T12:52:42.628">
  <scavenger-info tenureage="1" tenuremask="7ffe" tiltratio="68" />
  <memory-copied type="nursery" objects="733" bytes="955512" bytesdiscarded="92904" />
  <memory-copied type="tenure" objects="798" bytes="1016944" bytesdiscarded="664" />
  <copy-failed type="nursery" objects="1" bytes="198536" />
  <references type="phantom" candidates="60" cleared="0" enqueued="0" />
  <object-monitors candidates="1" cleared="0"  />
</gc-op>
<heap-resize id="150" type="expand" space="nursery" amount="262144" count="1" timems="0.007" reason="excessive time being spent scavenging" timestamp="2022-10-25T12:52:42.628" />
<gc-end id="151" type="scavenge" contextid="146" durationms="0.279" usertimems="0.645" systemtimems="0.000" stalltimems="0.193" timestamp="2022-10-25T12:52:42.628" activeThreads="3">
  <mem-info id="152" free="872872" total="9830400" percent="8">
    <mem type="nursery" free="720896" total="3538944" percent="20">
      <mem type="allocate" free="720896" total="1769472" percent="40" />
      <mem type="survivor" free="0" total="1769472" percent="0" />
    </mem>
    <mem type="tenure" free="151976" total="6291456" percent="2">
      <mem type="soa" free="0" total="5976064" percent="0" />
      <mem type="loa" free="151976" total="315392" percent="48" />
    </mem>
    <remembered-set count="147" />
  </mem-info>
</gc-end>
<cycle-end id="153" type="scavenge" contextid="146" timestamp="2022-10-25T12:52:42.628" />
<allocation-satisfied id="154" threadId="0000000000025900" bytesRequested="55600" />
<af-end id="155" timestamp="2022-10-25T12:52:42.628" threadId="0000000000026348" success="true" from="nursery"/>
<exclusive-end id="156" timestamp="2022-10-25T12:52:42.628" durationms="0.356" />

<concurrent-end id="157" type="global mark" contextid="141" timestamp="2022-10-25T12:52:42.630">
<gc-op id="158" type="trace" timems="4.090" contextid="141" timestamp="2022-10-25T12:52:42.630">
  <trace bytesTraced="617224" workStackOverflowCount="0" />
  <card-cleaning reason="card cleaning threshold reached" bytesTraced="5080" cardsCleaned="16" />
</gc-op>
</concurrent-end>

<exclusive-start id="159" timestamp="2022-10-25T12:52:42.630" intervalms="2.378">
  <response-info timems="0.008" idlems="0.008" threads="0" lastid="0000000000025900" lastname="main" />
</exclusive-start>
<concurrent-global-final id="160" timestamp="2022-10-25T12:52:42.630" contextid="141" intervalms="144.433" >
  <concurrent-trace-info reason="card cleaning threshold reached" tracedByMutators="191600" tracedByHelpers="430704" cardsCleaned="16" workStackOverflowCount="0" />
</concurrent-global-final>
<gc-start id="161" type="global" contextid="141" timestamp="2022-10-25T12:52:42.630">
  <mem-info id="162" free="151976" total="9830400" percent="1">
    <mem type="nursery" free="0" total="3538944" percent="0">
      <mem type="allocate" free="0" total="1769472" percent="0" />
      <mem type="survivor" free="0" total="1769472" percent="0" />
    </mem>
    <mem type="tenure" free="151976" total="6291456" percent="2">
      <mem type="soa" free="0" total="5976064" percent="0" />
      <mem type="loa" free="151976" total="315392" percent="48" />
    </mem>
    <remembered-set count="167" />
  </mem-info>
</gc-start>
<allocation-stats totalBytes="693112" >
  <allocated-bytes non-tlh="428992" tlh="264120" />
  <largest-consumer threadName="main" threadId="0000000000025900" bytes="693112" />
</allocation-stats>
<gc-op id="163" type="rs-scan" timems="0.108" contextid="141" timestamp="2022-10-25T12:52:42.630">
  <scan objectsFound="920" bytesTraced="45708" workStackOverflowCount="0" />
</gc-op>
<gc-op id="164" type="card-cleaning" timems="0.088" contextid="141" timestamp="2022-10-25T12:52:42.630">
  <card-cleaning cardsCleaned="0" bytesTraced="0" workStackOverflowCount="0" />
</gc-op>
<gc-op id="165" type="mark" timems="0.279" contextid="141" timestamp="2022-10-25T12:52:42.630">
  <trace-info objectcount="273" scancount="240" scanbytes="9016" />
  <ownableSynchronizers candidates="9" cleared="0" />
  <references type="soft" candidates="28" cleared="0" enqueued="0" dynamicThreshold="32" maxThreshold="32" />
  <references type="weak" candidates="65" cleared="0" enqueued="0" />
  <references type="phantom" candidates="487" cleared="0" enqueued="0" />
  <stringconstants candidates="2505" cleared="1"  />
  <object-monitors candidates="1" cleared="0"  />
</gc-op>
<gc-op id="166" type="classunload" timems="0.001" contextid="141" timestamp="2022-10-25T12:52:42.630">
  <classunload-info classloadercandidates="4" classloadersunloaded="0" classesunloaded="0" anonymousclassesunloaded="0" quiescems="0.000" setupms="0.001" scanms="0.000" postms="0.000" />
</gc-op>
<gc-op id="167" type="sweep" timems="0.158" contextid="141" timestamp="2022-10-25T12:52:42.630" />
<heap-resize id="168" type="expand" space="tenure" amount="1900544" count="1" timems="0.009" reason="insufficient free space following gc" timestamp="2022-10-25T12:52:42.630" />
<gc-end id="169" type="global" contextid="141" durationms="0.700" usertimems="5.360" systemtimems="0.000" stalltimems="0.691" timestamp="2022-10-25T12:52:42.630" activeThreads="4">
  <mem-info id="170" free="2654416" total="11730944" percent="22">
    <mem type="nursery" free="186656" total="3538944" percent="5">
      <mem type="allocate" free="186656" total="1769472" percent="10" />
      <mem type="survivor" free="0" total="1769472" percent="0" />
    </mem>
    <mem type="tenure" free="2467760" total="8192000" percent="30" micro-fragmented="13056" macro-fragmented="0">
      <mem type="soa" free="2058160" total="7782400" percent="26" />
      <mem type="loa" free="409600" total="409600" percent="100" />
    </mem>
    <remembered-set count="167" />
  </mem-info>
</gc-end>
<cycle-end id="171" type="global" contextid="141" timestamp="2022-10-25T12:52:42.630" />
<exclusive-end id="172" timestamp="2022-10-25T12:52:42.630" durationms="0.742" />

<exclusive-start id="173" timestamp="2022-10-25T12:52:42.631" intervalms="1.181">
  <response-info timems="0.008" idlems="0.008" threads="0" lastid="0000000000025900" lastname="main" />
</exclusive-start>
<af-start id="174" threadId="0000000000026348" totalBytesRequested="49504" timestamp="2022-10-25T12:52:42.631" intervalms="3.557" type="nursery" />
<cycle-start id="175" type="scavenge" contextid="0" timestamp="2022-10-25T12:52:42.631" intervalms="3.557" />
<gc-start id="176" type="scavenge" contextid="175" timestamp="2022-10-25T12:52:42.631">
  <mem-info id="177" free="2602464" total="11730944" percent="22">
    <mem type="nursery" free="134704" total="3538944" percent="3">
      <mem type="allocate" free="134704" total="1769472" percent="7" />
      <mem type="survivor" free="0" total="1769472" percent="0" />
    </mem>
    <mem type="tenure" free="2467760" total="8192000" percent="30">
      <mem type="soa" free="2058160" total="7782400" percent="26" />
      <mem type="loa" free="409600" total="409600" percent="100" />
    </mem>
    <remembered-set count="171" />
  </mem-info>
</gc-start>
<allocation-stats totalBytes="50088" >
  <allocated-bytes non-tlh="28656" tlh="21432" />
  <largest-consumer threadName="main" threadId="0000000000025900" bytes="50088" />
</allocation-stats>
<gc-op id="178" type="scavenge" timems="0.297" contextid="175" timestamp="2022-10-25T12:52:42.631">
  <scavenger-info tenureage="1" tenuremask="7ffe" tiltratio="50" />
  <memory-copied type="nursery" objects="474" bytes="636216" bytesdiscarded="63336" />
  <memory-copied type="tenure" objects="729" bytes="955360" bytesdiscarded="680" />
  <ownableSynchronizers candidates="18" cleared="18" />
  <references type="phantom" candidates="39" cleared="0" enqueued="0" />
  <object-monitors candidates="1" cleared="0"  />
</gc-op>
<heap-resize id="179" type="expand" space="nursery" amount="131072" count="1" timems="0.006" reason="excessive time being spent scavenging" timestamp="2022-10-25T12:52:42.631" />
<gc-end id="180" type="scavenge" contextid="175" durationms="0.341" usertimems="1.506" systemtimems="0.000" stalltimems="0.288" timestamp="2022-10-25T12:52:42.631" activeThreads="3">
  <mem-info id="181" free="2637120" total="11862016" percent="22">
    <mem type="nursery" free="1135352" total="3670016" percent="30">
      <mem type="allocate" free="1135352" total="1835008" percent="61" />
      <mem type="survivor" free="0" total="1835008" percent="0" />
    </mem>
    <mem type="tenure" free="1501768" total="8192000" percent="18">
      <mem type="soa" free="1092168" total="7782400" percent="14" />
      <mem type="loa" free="409600" total="409600" percent="100" />
    </mem>
    <remembered-set count="137" />
  </mem-info>
</gc-end>
<cycle-end id="182" type="scavenge" contextid="175" timestamp="2022-10-25T12:52:42.631" />
<allocation-satisfied id="183" threadId="0000000000025900" bytesRequested="49504" />
<af-end id="184" timestamp="2022-10-25T12:52:42.631" threadId="0000000000026348" success="true" from="nursery"/>
<exclusive-end id="185" timestamp="2022-10-25T12:52:42.631" durationms="0.403" />

<concurrent-kickoff id="186" timestamp="2022-10-25T12:52:42.632">
  <kickoff reason="threshold reached" targetBytes="2168425" thresholdFreeBytes="300619"  remainingFree="243192" tenureFreeBytes="1501496" nurseryFreeBytes="243192" />
</concurrent-kickoff>
<exclusive-start id="187" timestamp="2022-10-25T12:52:42.633" intervalms="1.672">
  <response-info timems="0.010" idlems="0.010" threads="0" lastid="0000000000025900" lastname="main" />
</exclusive-start>
<cycle-start id="188" type="global" contextid="0" timestamp="2022-10-25T12:52:42.633" intervalms="6.969" />
<concurrent-start id="189" type="global mark" contextid="188" timestamp="2022-10-25T12:52:42.633">
</concurrent-start>
<exclusive-end id="190" timestamp="2022-10-25T12:52:42.633" durationms="0.011" />

<exclusive-start id="191" timestamp="2022-10-25T12:52:42.634" intervalms="1.553">
  <response-info timems="0.007" idlems="0.007" threads="0" lastid="0000000000025900" lastname="main" />
</exclusive-start>
<af-start id="192" threadId="0000000000026348" totalBytesRequested="145512" timestamp="2022-10-25T12:52:42.634" intervalms="3.230" type="nursery" />
<cycle-start id="193" type="scavenge" contextid="0" timestamp="2022-10-25T12:52:42.634" intervalms="3.230" />
<gc-start id="194" type="scavenge" contextid="193" timestamp="2022-10-25T12:52:42.634">
  <mem-info id="195" free="1622424" total="11862016" percent="13">
    <mem type="nursery" free="121128" total="3670016" percent="3">
      <mem type="allocate" free="121128" total="1835008" percent="6" />
      <mem type="survivor" free="0" total="1835008" percent="0" />
    </mem>
    <mem type="tenure" free="1501296" total="8192000" percent="18">
      <mem type="soa" free="1091696" total="7782400" percent="14" />
      <mem type="loa" free="409600" total="409600" percent="100" />
    </mem>
    <remembered-set count="155" />
  </mem-info>
</gc-start>
<allocation-stats totalBytes="998696" >
  <allocated-bytes non-tlh="601352" tlh="397344" />
  <largest-consumer threadName="main" threadId="0000000000025900" bytes="998696" />
</allocation-stats>
<gc-op id="196" type="scavenge" timems="0.230" contextid="193" timestamp="2022-10-25T12:52:42.634">
  <scavenger-info tenureage="1" tenuremask="7ffe" tiltratio="50" />
  <memory-copied type="nursery" objects="336" bytes="782840" bytesdiscarded="47984" />
  <memory-copied type="tenure" objects="470" bytes="636072" bytesdiscarded="1336" />
  <references type="soft" candidates="1" cleared="0" enqueued="0" dynamicThreshold="9" maxThreshold="32" />
  <references type="phantom" candidates="21" cleared="0" enqueued="0" />
  <object-monitors candidates="1" cleared="0"  />
</gc-op>
<gc-end id="197" type="scavenge" contextid="193" durationms="0.269" usertimems="0.152" systemtimems="3.542" stalltimems="0.324" timestamp="2022-10-25T12:52:42.634" activeThreads="4">
  <mem-info id="198" free="1880824" total="11862016" percent="15">
    <mem type="nursery" free="1135192" total="3670016" percent="30">
      <mem type="allocate" free="1135192" total="1966080" percent="57" />
      <mem type="survivor" free="0" total="1703936" percent="0" />
    </mem>
    <mem type="tenure" free="745632" total="8192000" percent="9">
      <mem type="soa" free="336032" total="7782400" percent="4" />
      <mem type="loa" free="409600" total="409600" percent="100" />
    </mem>
    <remembered-set count="120" />
  </mem-info>
</gc-end>
<cycle-end id="199" type="scavenge" contextid="193" timestamp="2022-10-25T12:52:42.634" />
<allocation-satisfied id="200" threadId="0000000000025900" bytesRequested="145512" />
<af-end id="201" timestamp="2022-10-25T12:52:42.634" threadId="0000000000026348" success="true" from="nursery"/>
<exclusive-end id="202" timestamp="2022-10-25T12:52:42.634" durationms="0.332" />

<exclusive-start id="203" timestamp="2022-10-25T12:52:42.638" intervalms="4.134">
  <response-info timems="0.011" idlems="0.011" threads="0" lastid="0000000000025900" lastname="main" />
</exclusive-start>
<af-start id="204" threadId="0000000000026348" totalBytesRequested="219592" timestamp="2022-10-25T12:52:42.638" intervalms="4.140" type="nursery" />
<cycle-start id="205" type="scavenge" contextid="0" timestamp="2022-10-25T12:52:42.638" intervalms="4.141" />
<gc-start id="206" type="scavenge" contextid="205" timestamp="2022-10-25T12:52:42.638">
  <mem-info id="207" free="830768" total="11862016" percent="7">
    <mem type="nursery" free="85136" total="3670016" percent="2">
      <mem type="allocate" free="85136" total="1966080" percent="4" />
      <mem type="survivor" free="0" total="1703936" percent="0" />
    </mem>
    <mem type="tenure" free="745632" total="8192000" percent="9">
      <mem type="soa" free="336032" total="7782400" percent="4" />
      <mem type="loa" free="409600" total="409600" percent="100" />
    </mem>
    <remembered-set count="164" />
  </mem-info>
</gc-start>
<allocation-stats totalBytes="1046288" >
  <allocated-bytes non-tlh="638192" tlh="408096" />
  <largest-consumer threadName="main" threadId="0000000000025900" bytes="1046288" />
</allocation-stats>
<gc-op id="208" type="scavenge" timems="0.336" contextid="205" timestamp="2022-10-25T12:52:42.639">
  <scavenger-info tenureage="1" tenuremask="7ffe" tiltratio="53" />
  <memory-copied type="nursery" objects="875" bytes="901456" bytesdiscarded="57632" />
  <memory-copied type="tenure" objects="332" bytes="782696" bytesdiscarded="56" />
  <references type="phantom" candidates="72" cleared="0" enqueued="0" />
  <object-monitors candidates="1" cleared="0"  />
  <heap-resize type="expand" space="tenure" amount="196608" count="1" timems="0.011" reason="continue current collection" />
</gc-op>
<heap-resize id="209" type="expand" space="nursery" amount="262144" count="1" timems="0.006" reason="excessive time being spent scavenging" timestamp="2022-10-25T12:52:42.639" />
<gc-end id="210" type="scavenge" contextid="205" durationms="0.415" usertimems="1.012" systemtimems="0.167" stalltimems="0.693" timestamp="2022-10-25T12:52:42.639" activeThreads="4">
  <mem-info id="211" free="1421224" total="12320768" percent="11">
    <mem type="nursery" free="1268944" total="3932160" percent="32">
      <mem type="allocate" free="1268944" total="2228224" percent="56" />
      <mem type="survivor" free="0" total="1703936" percent="0" />
    </mem>
    <mem type="tenure" free="152280" total="8388608" percent="1">
      <mem type="soa" free="10264" total="7968768" percent="0" />
      <mem type="loa" free="142016" total="419840" percent="33" />
    </mem>
    <remembered-set count="148" />
  </mem-info>
</gc-end>
<cycle-end id="212" type="scavenge" contextid="205" timestamp="2022-10-25T12:52:42.639" />
<allocation-satisfied id="213" threadId="0000000000025900" bytesRequested="219592" />
<af-end id="214" timestamp="2022-10-25T12:52:42.639" threadId="0000000000026348" success="true" from="nursery"/>
<exclusive-end id="215" timestamp="2022-10-25T12:52:42.639" durationms="0.532" />

<concurrent-end id="216" type="global mark" contextid="188" timestamp="2022-10-25T12:52:42.639">
<gc-op id="217" type="trace" timems="6.263" contextid="188" timestamp="2022-10-25T12:52:42.639">
  <trace bytesTraced="658744" workStackOverflowCount="0" />
  <card-cleaning reason="card cleaning threshold reached" bytesTraced="12132" cardsCleaned="28" />
</gc-op>
</concurrent-end>

<exclusive-start id="218" timestamp="2022-10-25T12:52:42.639" intervalms="0.597">
  <response-info timems="0.008" idlems="0.008" threads="0" lastid="0000000000025900" lastname="main" />
</exclusive-start>
<concurrent-global-final id="219" timestamp="2022-10-25T12:52:42.639" contextid="188" intervalms="9.135" >
  <concurrent-trace-info reason="card cleaning threshold reached" tracedByMutators="242784" tracedByHelpers="428092" cardsCleaned="28" workStackOverflowCount="0" />
</concurrent-global-final>
<gc-start id="220" type="global" contextid="188" timestamp="2022-10-25T12:52:42.639">
  <mem-info id="221" free="1159080" total="12320768" percent="9">
    <mem type="nursery" free="1006800" total="3932160" percent="25">
      <mem type="allocate" free="1006800" total="2228224" percent="45" />
      <mem type="survivor" free="0" total="1703936" percent="0" />
    </mem>
    <mem type="tenure" free="152280" total="8388608" percent="1">
      <mem type="soa" free="10264" total="7968768" percent="0" />
      <mem type="loa" free="142016" total="419840" percent="33" />
    </mem>
    <remembered-set count="148" />
  </mem-info>
</gc-start>
<allocation-stats totalBytes="262144" >
  <allocated-bytes non-tlh="219592" tlh="42552" />
  <largest-consumer threadName="main" threadId="0000000000025900" bytes="262144" />
</allocation-stats>
<gc-op id="222" type="rs-scan" timems="0.142" contextid="188" timestamp="2022-10-25T12:52:42.639">
  <scan objectsFound="664" bytesTraced="30308" workStackOverflowCount="0" />
</gc-op>
<gc-op id="223" type="card-cleaning" timems="0.048" contextid="188" timestamp="2022-10-25T12:52:42.639">
  <card-cleaning cardsCleaned="31" bytesTraced="31068" workStackOverflowCount="0" />
</gc-op>
<gc-op id="224" type="mark" timems="0.178" contextid="188" timestamp="2022-10-25T12:52:42.639">
  <trace-info objectcount="273" scancount="240" scanbytes="9016" />
  <ownableSynchronizers candidates="9" cleared="0" />
  <references type="soft" candidates="29" cleared="0" enqueued="0" dynamicThreshold="9" maxThreshold="32" />
  <references type="weak" candidates="65" cleared="0" enqueued="0" />
  <references type="phantom" candidates="586" cleared="0" enqueued="0" />
  <stringconstants candidates="2510" cleared="0"  />
  <object-monitors candidates="1" cleared="0"  />
</gc-op>
<gc-op id="225" type="sweep" timems="0.090" contextid="188" timestamp="2022-10-25T12:52:42.639" />
<heap-resize id="226" type="expand" space="tenure" amount="3211264" count="1" timems="0.007" reason="insufficient free space following gc" timestamp="2022-10-25T12:52:42.639" />
<gc-end id="227" type="global" contextid="188" durationms="0.513" usertimems="1.009" systemtimems="0.167" stalltimems="0.569" timestamp="2022-10-25T12:52:42.639" activeThreads="5">
  <mem-info id="228" free="4578664" total="15532032" percent="29">
    <mem type="nursery" free="1081096" total="3932160" percent="27">
      <mem type="allocate" free="1081096" total="2228224" percent="48" />
      <mem type="survivor" free="0" total="1703936" percent="0" />
    </mem>
    <mem type="tenure" free="3497568" total="11599872" percent="30" micro-fragmented="17670" macro-fragmented="0">
      <mem type="soa" free="2916960" total="11019264" percent="26" />
      <mem type="loa" free="580608" total="580608" percent="100" />
    </mem>
    <remembered-set count="148" />
  </mem-info>
</gc-end>
<cycle-end id="229" type="global" contextid="188" timestamp="2022-10-25T12:52:42.639" />
<exclusive-end id="230" timestamp="2022-10-25T12:52:42.639" durationms="0.544" />

<exclusive-start id="231" timestamp="2022-10-25T12:52:42.642" intervalms="3.310">
  <response-info timems="0.011" idlems="0.011" threads="0" lastid="0000000000025900" lastname="main" />
</exclusive-start>
<af-start id="232" threadId="0000000000026348" totalBytesRequested="3168" timestamp="2022-10-25T12:52:42.642" intervalms="3.901" type="nursery" />
<cycle-start id="233" type="scavenge" contextid="0" timestamp="2022-10-25T12:52:42.642" intervalms="3.901" />
<gc-start id="234" type="scavenge" contextid="233" timestamp="2022-10-25T12:52:42.642">
  <mem-info id="235" free="3497224" total="15532032" percent="22">
    <mem type="nursery" free="0" total="3932160" percent="0">
      <mem type="allocate" free="0" total="2228224" percent="0" />
      <mem type="survivor" free="0" total="1703936" percent="0" />
    </mem>
    <mem type="tenure" free="3497224" total="11599872" percent="30">
      <mem type="soa" free="2916616" total="11019264" percent="26" />
      <mem type="loa" free="580608" total="580608" percent="100" />
    </mem>
    <remembered-set count="175" />
  </mem-info>
</gc-start>
<allocation-stats totalBytes="1070848" >
  <allocated-bytes non-tlh="757808" tlh="313040" />
  <largest-consumer threadName="main" threadId="0000000000025900" bytes="1070848" />
</allocation-stats>
<gc-op id="236" type="scavenge" timems="0.388" contextid="233" timestamp="2022-10-25T12:52:42.643">
  <scavenger-info tenureage="1" tenuremask="7ffe" tiltratio="56" />
  <memory-copied type="nursery" objects="528" bytes="1199328" bytesdiscarded="48080" />
  <memory-copied type="tenure" objects="871" bytes="901312" bytesdiscarded="1384" />
  <ownableSynchronizers candidates="18" cleared="18" />
  <references type="weak" candidates="1" cleared="0" enqueued="0" />
  <references type="phantom" candidates="44" cleared="0" enqueued="0" />
  <object-monitors candidates="1" cleared="0"  />
</gc-op>
<heap-resize id="237" type="expand" space="nursery" amount="262144" count="1" timems="0.005" reason="excessive time being spent scavenging" timestamp="2022-10-25T12:52:42.643" />
<gc-end id="238" type="scavenge" contextid="233" durationms="0.460" usertimems="0.000" systemtimems="4.541" stalltimems="0.625" timestamp="2022-10-25T12:52:42.643" activeThreads="4">
  <mem-info id="239" free="3540552" total="15794176" percent="22">
    <mem type="nursery" free="980696" total="4194304" percent="23">
      <mem type="allocate" free="980696" total="2228224" percent="44" />
      <mem type="survivor" free="0" total="1966080" percent="0" />
    </mem>
    <mem type="tenure" free="2559856" total="11599872" percent="22">
      <mem type="soa" free="1979248" total="11019264" percent="17" />
      <mem type="loa" free="580608" total="580608" percent="100" />
    </mem>
    <remembered-set count="141" />
  </mem-info>
</gc-end>
<cycle-end id="240" type="scavenge" contextid="233" timestamp="2022-10-25T12:52:42.643" />
<allocation-satisfied id="241" threadId="0000000000025900" bytesRequested="3168" />
<af-end id="242" timestamp="2022-10-25T12:52:42.643" threadId="0000000000026348" success="true" from="nursery"/>
<exclusive-end id="243" timestamp="2022-10-25T12:52:42.643" durationms="0.525" />

<exclusive-start id="244" timestamp="2022-10-25T12:52:42.645" intervalms="3.240">
  <response-info timems="0.010" idlems="0.010" threads="0" lastid="0000000000025900" lastname="main" />
</exclusive-start>
<af-start id="245" threadId="0000000000026348" totalBytesRequested="264488" timestamp="2022-10-25T12:52:42.645" intervalms="3.238" type="nursery" />
<cycle-start id="246" type="scavenge" contextid="0" timestamp="2022-10-25T12:52:42.645" intervalms="3.237" />
<gc-start id="247" type="scavenge" contextid="246" timestamp="2022-10-25T12:52:42.645">
  <mem-info id="248" free="2559856" total="15794176" percent="16">
    <mem type="nursery" free="0" total="4194304" percent="0">
      <mem type="allocate" free="0" total="2228224" percent="0" />
      <mem type="survivor" free="0" total="1966080" percent="0" />
    </mem>
    <mem type="tenure" free="2559856" total="11599872" percent="22">
      <mem type="soa" free="1979248" total="11019264" percent="17" />
      <mem type="loa" free="580608" total="580608" percent="100" />
    </mem>
    <remembered-set count="171" />
  </mem-info>
</gc-start>
<allocation-stats totalBytes="967784" >
  <allocated-bytes non-tlh="605136" tlh="362648" />
  <largest-consumer threadName="main" threadId="0000000000025900" bytes="967784" />
</allocation-stats>
<gc-op id="249" type="scavenge" timems="0.282" contextid="246" timestamp="2022-10-25T12:52:42.646">
  <scavenger-info tenureage="1" tenuremask="7ffe" tiltratio="53" />
  <memory-copied type="nursery" objects="754" bytes="845432" bytesdiscarded="38224" />
  <memory-copied type="tenure" objects="519" bytes="1195832" bytesdiscarded="560" />
  <references type="phantom" candidates="62" cleared="0" enqueued="0" />
  <object-monitors candidates="1" cleared="0"  />
</gc-op>
<heap-resize id="250" type="expand" space="nursery" amount="262144" count="1" timems="0.007" reason="excessive time being spent scavenging" timestamp="2022-10-25T12:52:42.646" />
<gc-end id="251" type="scavenge" contextid="246" durationms="0.330" usertimems="3.070" systemtimems="0.553" stalltimems="0.358" timestamp="2022-10-25T12:52:42.646" activeThreads="4">
  <mem-info id="252" free="3017584" total="16056320" percent="18">
    <mem type="nursery" free="1672080" total="4456448" percent="37">
      <mem type="allocate" free="1672080" total="2555904" percent="65" />
      <mem type="survivor" free="0" total="1900544" percent="0" />
    </mem>
    <mem type="tenure" free="1345504" total="11599872" percent="11">
      <mem type="soa" free="764896" total="11019264" percent="6" />
      <mem type="loa" free="580608" total="580608" percent="100" />
    </mem>
    <remembered-set count="139" />
  </mem-info>
</gc-end>
<cycle-end id="253" type="scavenge" contextid="246" timestamp="2022-10-25T12:52:42.646" />
<allocation-satisfied id="254" threadId="0000000000025900" bytesRequested="264488" />
<af-end id="255" timestamp="2022-10-25T12:52:42.646" threadId="0000000000026348" success="true" from="nursery"/>
<exclusive-end id="256" timestamp="2022-10-25T12:52:42.646" durationms="0.393" />

<concurrent-kickoff id="257" timestamp="2022-10-25T12:52:42.649">
  <kickoff reason="threshold reached" targetBytes="2738991" thresholdFreeBytes="380421"  remainingFree="310872" tenureFreeBytes="1345096" nurseryFreeBytes="310872" />
</concurrent-kickoff>
<exclusive-start id="258" timestamp="2022-10-25T12:52:42.649" intervalms="3.421">
  <response-info timems="0.010" idlems="0.010" threads="0" lastid="0000000000025900" lastname="main" />
</exclusive-start>
<cycle-start id="259" type="global" contextid="0" timestamp="2022-10-25T12:52:42.649" intervalms="16.256" />
<concurrent-start id="260" type="global mark" contextid="259" timestamp="2022-10-25T12:52:42.649">
</concurrent-start>
<exclusive-end id="261" timestamp="2022-10-25T12:52:42.649" durationms="0.012" />

<exclusive-start id="262" timestamp="2022-10-25T12:52:42.678" intervalms="29.557">
  <response-info timems="0.018" idlems="0.018" threads="0" lastid="0000000000025900" lastname="main" />
</exclusive-start>
<af-start id="263" threadId="0000000000026348" totalBytesRequested="531872" timestamp="2022-10-25T12:52:42.678" intervalms="33.015" type="nursery" />
<cycle-start id="264" type="scavenge" contextid="0" timestamp="2022-10-25T12:52:42.678" intervalms="33.022" />
<gc-start id="265" type="scavenge" contextid="264" timestamp="2022-10-25T12:52:42.678">
  <mem-info id="266" free="1430688" total="16056320" percent="8">
    <mem type="nursery" free="85592" total="4456448" percent="1">
      <mem type="allocate" free="85592" total="2555904" percent="3" />
      <mem type="survivor" free="0" total="1900544" percent="0" />
    </mem>
    <mem type="tenure" free="1345096" total="11599872" percent="11">
      <mem type="soa" free="764488" total="11019264" percent="6" />
      <mem type="loa" free="580608" total="580608" percent="100" />
    </mem>
    <remembered-set count="181" />
  </mem-info>
</gc-start>
<allocation-stats totalBytes="1545256" >
  <allocated-bytes non-tlh="980648" tlh="564608" />
  <largest-consumer threadName="main" threadId="0000000000025900" bytes="1545256" />
</allocation-stats>
<gc-op id="267" type="scavenge" timems="0.585" contextid="264" timestamp="2022-10-25T12:52:42.679">
  <scavenger-info tenureage="1" tenuremask="7ffe" tiltratio="57" />
  <memory-copied type="nursery" objects="917" bytes="1248392" bytesdiscarded="65808" />
  <memory-copied type="tenure" objects="750" bytes="845280" bytesdiscarded="1136" />
  <references type="soft" candidates="1" cleared="0" enqueued="0" dynamicThreshold="9" maxThreshold="32" />
  <references type="phantom" candidates="69" cleared="0" enqueued="0" />
  <object-monitors candidates="1" cleared="0"  />
</gc-op>
<gc-end id="268" type="scavenge" contextid="264" durationms="0.650" usertimems="1.506" systemtimems="0.244" stalltimems="1.159" timestamp="2022-10-25T12:52:42.679" activeThreads="4">
  <mem-info id="269" free="1539952" total="16056320" percent="9">
    <mem type="nursery" free="1110440" total="4456448" percent="24">
      <mem type="allocate" free="1110440" total="2424832" percent="45" />
      <mem type="survivor" free="0" total="2031616" percent="0" />
    </mem>
    <mem type="tenure" free="429512" total="11599872" percent="3">
      <mem type="soa" free="124736" total="11019264" percent="1" />
      <mem type="loa" free="304776" total="580608" percent="52" />
    </mem>
    <remembered-set count="154" />
  </mem-info>
</gc-end>
<cycle-end id="270" type="scavenge" contextid="264" timestamp="2022-10-25T12:52:42.679" />
<allocation-satisfied id="271" threadId="0000000000025900" bytesRequested="531872" />
<af-end id="272" timestamp="2022-10-25T12:52:42.679" threadId="0000000000026348" success="true" from="nursery"/>
<exclusive-end id="273" timestamp="2022-10-25T12:52:42.679" durationms="0.814" />

<exclusive-start id="274" timestamp="2022-10-25T12:52:42.681" intervalms="3.095">
  <response-info timems="0.011" idlems="0.011" threads="0" lastid="0000000000025900" lastname="main" />
</exclusive-start>
<af-start id="275" threadId="0000000000026348" totalBytesRequested="633072" timestamp="2022-10-25T12:52:42.681" intervalms="3.075" type="nursery" />
<cycle-start id="276" type="scavenge" contextid="0" timestamp="2022-10-25T12:52:42.681" intervalms="3.076" />
<gc-start id="277" type="scavenge" contextid="276" timestamp="2022-10-25T12:52:42.681">
  <mem-info id="278" free="653040" total="16056320" percent="4">
    <mem type="nursery" free="223528" total="4456448" percent="5">
      <mem type="allocate" free="223528" total="2424832" percent="9" />
      <mem type="survivor" free="0" total="2031616" percent="0" />
    </mem>
    <mem type="tenure" free="429512" total="11599872" percent="3">
      <mem type="soa" free="124736" total="11019264" percent="1" />
      <mem type="loa" free="304776" total="580608" percent="52" />
    </mem>
    <remembered-set count="173" />
  </mem-info>
</gc-start>
<allocation-stats totalBytes="853528" >
  <allocated-bytes non-tlh="600192" tlh="253336" />
  <largest-consumer threadName="main" threadId="0000000000025900" bytes="853528" />
</allocation-stats>
<gc-op id="279" type="scavenge" timems="0.641" contextid="276" timestamp="2022-10-25T12:52:42.682">
  <scavenger-info tenureage="1" tenuremask="7ffe" tiltratio="54" />
  <memory-copied type="nursery" objects="407" bytes="797504" bytesdiscarded="29712" />
  <memory-copied type="tenure" objects="912" bytes="1248120" bytesdiscarded="1896" />
  <references type="phantom" candidates="33" cleared="0" enqueued="0" />
  <object-monitors candidates="1" cleared="0"  />
  <heap-resize type="expand" space="tenure" amount="1769472" count="22" timems="0.093" reason="continue current collection" />
</gc-op>
<heap-resize id="280" type="expand" space="nursery" amount="524288" count="1" timems="0.006" reason="excessive time being spent scavenging" timestamp="2022-10-25T12:52:42.682" />
<gc-end id="281" type="scavenge" contextid="276" durationms="0.726" usertimems="1.568" systemtimems="0.253" stalltimems="1.425" timestamp="2022-10-25T12:52:42.682" activeThreads="4">
  <mem-info id="282" free="1990744" total="18350080" percent="10">
    <mem type="nursery" free="1990744" total="4980736" percent="39">
      <mem type="allocate" free="1990744" total="2818048" percent="70" />
      <mem type="survivor" free="0" total="2162688" percent="0" />
    </mem>
    <mem type="tenure" free="0" total="13369344" percent="0">
      <mem type="soa" free="0" total="12700672" percent="0" />
      <mem type="loa" free="0" total="668672" percent="0" />
    </mem>
    <remembered-set count="140" />
  </mem-info>
</gc-end>
<cycle-end id="283" type="scavenge" contextid="276" timestamp="2022-10-25T12:52:42.682" />
<allocation-satisfied id="284" threadId="0000000000025900" bytesRequested="633072" />
<af-end id="285" timestamp="2022-10-25T12:52:42.682" threadId="0000000000026348" success="true" from="nursery"/>
<exclusive-end id="286" timestamp="2022-10-25T12:52:42.682" durationms="0.871" />

<exclusive-start id="287" timestamp="2022-10-25T12:52:42.683" intervalms="2.051">
  <response-info timems="0.009" idlems="0.009" threads="0" lastid="0000000000025900" lastname="main" />
</exclusive-start>
<af-start id="288" threadId="0000000000026348" totalBytesRequested="112" timestamp="2022-10-25T12:52:42.683" intervalms="2.039" type="tenure" />
<concurrent-end id="289" type="global mark" contextid="259" timestamp="2022-10-25T12:52:42.683">
<gc-op id="290" type="trace" timems="34.685" contextid="259" timestamp="2022-10-25T12:52:42.683">
  <trace bytesTraced="424016" workStackOverflowCount="0" />
  <card-cleaning bytesTraced="0" cardsCleaned="0" />
</gc-op>
</concurrent-end>

<gc-start id="291" type="global" contextid="259" timestamp="2022-10-25T12:52:42.683">
  <mem-info id="292" free="748976" total="18350080" percent="4">
    <mem type="nursery" free="748976" total="4980736" percent="15">
      <mem type="allocate" free="748976" total="2818048" percent="26" />
      <mem type="survivor" free="0" total="2162688" percent="0" />
    </mem>
    <mem type="tenure" free="0" total="13369344" percent="0">
      <mem type="soa" free="0" total="12700672" percent="0" />
      <mem type="loa" free="0" total="668672" percent="0" />
    </mem>
    <remembered-set count="148" />
  </mem-info>
</gc-start>
<allocation-stats totalBytes="1241432" >
  <allocated-bytes non-tlh="1147560" tlh="93872" />
  <largest-consumer threadName="main" threadId="0000000000025900" bytes="1241432" />
</allocation-stats>
<concurrent-halted id="293" timestamp="2022-10-25T12:52:42.684">
  <halted state="Complete" status="trace only" />
  <traced bytesTarget="3141883" bytesTotal="424016" bytesByMutator="155108" bytesByHelper="268908" percent="13" />
  <cards cleaned="0" thresholdBytes="149862" />
</concurrent-halted>
<gc-op id="294" type="rs-scan" timems="0.218" contextid="259" timestamp="2022-10-25T12:52:42.684">
  <scan objectsFound="0" bytesTraced="1632" workStackOverflowCount="0" />
</gc-op>
<gc-op id="295" type="card-cleaning" timems="0.158" contextid="259" timestamp="2022-10-25T12:52:42.684">
  <card-cleaning cardsCleaned="21" bytesTraced="384284" workStackOverflowCount="0" />
</gc-op>
<gc-op id="296" type="mark" timems="0.480" contextid="259" timestamp="2022-10-25T12:52:42.684">
  <trace-info objectcount="263" scancount="229" scanbytes="8656" />
  <ownableSynchronizers candidates="9" cleared="0" />
  <references type="soft" candidates="30" cleared="0" enqueued="0" dynamicThreshold="9" maxThreshold="32" />
  <references type="weak" candidates="65" cleared="0" enqueued="0" />
  <references type="phantom" candidates="803" cleared="0" enqueued="0" />
  <stringconstants candidates="2521" cleared="4"  />
  <object-monitors candidates="1" cleared="0"  />
</gc-op>
<gc-op id="297" type="sweep" timems="0.329" contextid="259" timestamp="2022-10-25T12:52:42.685" />
<heap-resize id="298" type="expand" space="tenure" amount="4653056" count="1" timems="0.009" reason="insufficient free space following gc" timestamp="2022-10-25T12:52:42.685" />
<gc-end id="299" type="global" contextid="259" durationms="1.257" usertimems="5.298" systemtimems="0.099" stalltimems="4.136" timestamp="2022-10-25T12:52:42.685" activeThreads="8">
  <mem-info id="300" free="6241208" total="23003136" percent="27">
    <mem type="nursery" free="818480" total="4980736" percent="16">
      <mem type="allocate" free="818480" total="2818048" percent="29" />
      <mem type="survivor" free="0" total="2162688" percent="0" />
    </mem>
    <mem type="tenure" free="5422728" total="18022400" percent="30" micro-fragmented="17636" macro-fragmented="0">
      <mem type="soa" free="4521608" total="17121280" percent="26" />
      <mem type="loa" free="901120" total="901120" percent="100" />
    </mem>
    <remembered-set count="147" />
  </mem-info>
</gc-end>
<cycle-end id="301" type="global" contextid="259" timestamp="2022-10-25T12:52:42.685" />
<allocation-satisfied id="302" threadId="0000000000025900" bytesRequested="112" />
<af-end id="303" timestamp="2022-10-25T12:52:42.685" threadId="0000000000026348" success="true" from="tenure-soa"/>
<exclusive-end id="304" timestamp="2022-10-25T12:52:42.685" durationms="1.312" />

<exclusive-start id="305" timestamp="2022-10-25T12:52:42.692" intervalms="8.499">
  <response-info timems="0.011" idlems="0.011" threads="0" lastid="0000000000025900" lastname="main" />
</exclusive-start>
<af-start id="306" threadId="0000000000026348" totalBytesRequested="56" timestamp="2022-10-25T12:52:42.692" intervalms="8.526" type="nursery" />
<cycle-start id="307" type="scavenge" contextid="0" timestamp="2022-10-25T12:52:42.692" intervalms="10.561" />
<gc-start id="308" type="scavenge" contextid="307" timestamp="2022-10-25T12:52:42.692">
  <mem-info id="309" free="5416544" total="23003136" percent="23">
    <mem type="nursery" free="0" total="4980736" percent="0">
      <mem type="allocate" free="0" total="2818048" percent="0" />
      <mem type="survivor" free="0" total="2162688" percent="0" />
    </mem>
    <mem type="tenure" free="5416544" total="18022400" percent="30">
      <mem type="soa" free="4515424" total="17121280" percent="26" />
      <mem type="loa" free="901120" total="901120" percent="100" />
    </mem>
    <remembered-set count="192" />
  </mem-info>
</gc-start>
<allocation-stats totalBytes="820712" >
  <allocated-bytes non-tlh="159992" tlh="660720" />
  <largest-consumer threadName="main" threadId="0000000000025900" bytes="820712" />
</allocation-stats>
<gc-op id="310" type="scavenge" timems="0.583" contextid="307" timestamp="2022-10-25T12:52:42.693">
  <scavenger-info tenureage="1" tenuremask="7ffe" tiltratio="56" />
  <memory-copied type="nursery" objects="8126" bytes="1597584" bytesdiscarded="33992" />
  <memory-copied type="tenure" objects="403" bytes="797360" bytesdiscarded="552" />
  <ownableSynchronizers candidates="19" cleared="19" />
  <references type="soft" candidates="1" cleared="0" enqueued="0" dynamicThreshold="9" maxThreshold="32" />
  <references type="weak" candidates="6" cleared="4" enqueued="4" />
  <references type="phantom" candidates="11" cleared="0" enqueued="0" />
  <object-monitors candidates="1" cleared="0"  />
</gc-op>
<gc-end id="311" type="scavenge" contextid="307" durationms="0.640" usertimems="3.685" systemtimems="0.000" stalltimems="0.850" timestamp="2022-10-25T12:52:42.693" activeThreads="4">
  <mem-info id="312" free="5449840" total="23003136" percent="23">
    <mem type="nursery" free="858736" total="4980736" percent="17">
      <mem type="allocate" free="858736" total="2490368" percent="34" />
      <mem type="survivor" free="0" total="2490368" percent="0" />
    </mem>
    <mem type="tenure" free="4591104" total="18022400" percent="25">
      <mem type="soa" free="3689984" total="17121280" percent="21" />
      <mem type="loa" free="901120" total="901120" percent="100" />
    </mem>
    <pending-finalizers system="0" default="0" reference="4" classloader="0" />
    <remembered-set count="154" />
  </mem-info>
</gc-end>
<cycle-end id="313" type="scavenge" contextid="307" timestamp="2022-10-25T12:52:42.693" />
<allocation-satisfied id="314" threadId="0000000000025900" bytesRequested="56" />
<af-end id="315" timestamp="2022-10-25T12:52:42.693" threadId="0000000000026348" success="true" from="nursery"/>
<exclusive-end id="316" timestamp="2022-10-25T12:52:42.693" durationms="0.741" />

<exclusive-start id="317" timestamp="2022-10-25T12:52:42.699" intervalms="7.285">
  <response-info timems="0.012" idlems="0.012" threads="0" lastid="0000000000025900" lastname="main" />
</exclusive-start>
<af-start id="318" threadId="0000000000026348" totalBytesRequested="6224" timestamp="2022-10-25T12:52:42.699" intervalms="7.264" type="nursery" />
<cycle-start id="319" type="scavenge" contextid="0" timestamp="2022-10-25T12:52:42.699" intervalms="7.262" />
<gc-start id="320" type="scavenge" contextid="319" timestamp="2022-10-25T12:52:42.699">
  <mem-info id="321" free="4588720" total="23003136" percent="19">
    <mem type="nursery" free="0" total="4980736" percent="0">
      <mem type="allocate" free="0" total="2490368" percent="0" />
      <mem type="survivor" free="0" total="2490368" percent="0" />
    </mem>
    <mem type="tenure" free="4588720" total="18022400" percent="25">
      <mem type="soa" free="3687600" total="17121280" percent="21" />
      <mem type="loa" free="901120" total="901120" percent="100" />
    </mem>
    <remembered-set count="174" />
  </mem-info>
</gc-start>
<allocation-stats totalBytes="812320" >
  <allocated-bytes non-tlh="54096" tlh="758224" />
  <largest-consumer threadName="main" threadId="0000000000025900" bytes="812320" />
</allocation-stats>
<gc-op id="322" type="scavenge" timems="0.728" contextid="319" timestamp="2022-10-25T12:52:42.700">
  <scavenger-info tenureage="1" tenuremask="7ffe" tiltratio="50" />
  <memory-copied type="nursery" objects="4886" bytes="376808" bytesdiscarded="101272" />
  <memory-copied type="tenure" objects="8096" bytes="1579464" bytesdiscarded="448" />
  <references type="soft" candidates="1" cleared="0" enqueued="0" dynamicThreshold="9" maxThreshold="32" />
  <references type="weak" candidates="23" cleared="18" enqueued="18" />
  <object-monitors candidates="1" cleared="0"  />
</gc-op>
<heap-resize id="323" type="expand" space="nursery" amount="393216" count="1" timems="0.010" reason="excessive time being spent scavenging" timestamp="2022-10-25T12:52:42.700" />
<gc-end id="324" type="scavenge" contextid="319" durationms="0.796" usertimems="4.322" systemtimems="0.000" stalltimems="0.271" timestamp="2022-10-25T12:52:42.700" activeThreads="4">
  <mem-info id="325" free="5163368" total="23396352" percent="22">
    <mem type="nursery" free="2208784" total="5373952" percent="41">
      <mem type="allocate" free="2208784" total="2686976" percent="82" />
      <mem type="survivor" free="0" total="2686976" percent="0" />
    </mem>
    <mem type="tenure" free="2954584" total="18022400" percent="16">
      <mem type="soa" free="2053464" total="17121280" percent="11" />
      <mem type="loa" free="901120" total="901120" percent="100" />
    </mem>
    <pending-finalizers system="0" default="0" reference="18" classloader="0" />
    <remembered-set count="422" />
  </mem-info>
</gc-end>
<cycle-end id="326" type="scavenge" contextid="319" timestamp="2022-10-25T12:52:42.700" />
<allocation-satisfied id="327" threadId="0000000000025900" bytesRequested="6224" />
<af-end id="328" timestamp="2022-10-25T12:52:42.700" threadId="0000000000026348" success="true" from="nursery"/>
<exclusive-end id="329" timestamp="2022-10-25T12:52:42.700" durationms="0.876" />

<concurrent-kickoff id="330" timestamp="2022-10-25T12:52:42.720">
  <kickoff reason="threshold reached" targetBytes="4017789" thresholdFreeBytes="551056"  remainingFree="542720" tenureFreeBytes="2938120" nurseryFreeBytes="542720" />
</concurrent-kickoff>
<exclusive-start id="331" timestamp="2022-10-25T12:52:42.720" intervalms="20.752">
  <response-info timems="0.021" idlems="0.021" threads="0" lastid="0000000000025900" lastname="main" />
</exclusive-start>
<cycle-start id="332" type="global" contextid="0" timestamp="2022-10-25T12:52:42.720" intervalms="71.246" />
<concurrent-start id="333" type="global mark" contextid="332" timestamp="2022-10-25T12:52:42.720">
</concurrent-start>
<exclusive-end id="334" timestamp="2022-10-25T12:52:42.720" durationms="0.020" />

<concurrent-end id="335" type="global mark" contextid="332" timestamp="2022-10-25T12:52:42.726">
<gc-op id="336" type="trace" timems="5.976" contextid="332" timestamp="2022-10-25T12:52:42.726">
  <trace bytesTraced="814732" workStackOverflowCount="0" />
  <card-cleaning reason="card cleaning threshold reached" bytesTraced="2988" cardsCleaned="13" />
</gc-op>
</concurrent-end>

<exclusive-start id="337" timestamp="2022-10-25T12:52:42.726" intervalms="6.018">
  <response-info timems="0.009" idlems="0.009" threads="0" lastid="0000000000025900" lastname="main" />
</exclusive-start>
<concurrent-global-final id="338" timestamp="2022-10-25T12:52:42.726" contextid="332" intervalms="87.239" >
  <concurrent-trace-info reason="card cleaning threshold reached" tracedByMutators="4228" tracedByHelpers="813492" cardsCleaned="13" workStackOverflowCount="0" />
</concurrent-global-final>
<gc-start id="339" type="global" contextid="332" timestamp="2022-10-25T12:52:42.726">
  <mem-info id="340" free="3059320" total="23396352" percent="13">
    <mem type="nursery" free="123792" total="5373952" percent="2">
      <mem type="allocate" free="123792" total="2686976" percent="4" />
      <mem type="survivor" free="0" total="2686976" percent="0" />
    </mem>
    <mem type="tenure" free="2935528" total="18022400" percent="16">
      <mem type="soa" free="2034408" total="17121280" percent="11" />
      <mem type="loa" free="901120" total="901120" percent="100" />
    </mem>
    <remembered-set count="637" />
  </mem-info>
</gc-start>
<allocation-stats totalBytes="2098512" >
  <allocated-bytes non-tlh="312128" tlh="1786384" />
  <largest-consumer threadName="main" threadId="0000000000025900" bytes="2098512" />
</allocation-stats>
<gc-op id="341" type="rs-scan" timems="0.247" contextid="332" timestamp="2022-10-25T12:52:42.726">
  <scan objectsFound="921" bytesTraced="48344" workStackOverflowCount="0" />
</gc-op>
<gc-op id="342" type="card-cleaning" timems="0.226" contextid="332" timestamp="2022-10-25T12:52:42.727">
  <card-cleaning cardsCleaned="4" bytesTraced="319716" workStackOverflowCount="0" />
</gc-op>
<gc-op id="343" type="mark" timems="0.380" contextid="332" timestamp="2022-10-25T12:52:42.727">
  <trace-info objectcount="398" scancount="322" scanbytes="12360" />
  <ownableSynchronizers candidates="9" cleared="0" />
  <references type="soft" candidates="43" cleared="0" enqueued="0" dynamicThreshold="9" maxThreshold="32" />
  <references type="weak" candidates="244" cleared="170" enqueued="170" />
  <references type="phantom" candidates="804" cleared="1" enqueued="1" />
  <stringconstants candidates="2635" cleared="1"  />
  <object-monitors candidates="1" cleared="0"  />
</gc-op>
<gc-op id="344" type="sweep" timems="0.178" contextid="332" timestamp="2022-10-25T12:52:42.727" />
<heap-resize id="345" type="expand" space="tenure" amount="3014656" count="1" timems="0.251" reason="insufficient free space following gc" timestamp="2022-10-25T12:52:42.727" />
<gc-end id="346" type="global" contextid="332" durationms="1.383" usertimems="0.254" systemtimems="9.805" stalltimems="2.985" timestamp="2022-10-25T12:52:42.727" activeThreads="11">
  <mem-info id="347" free="8716104" total="26411008" percent="33">
    <mem type="nursery" free="2382968" total="5373952" percent="44">
      <mem type="allocate" free="2382968" total="2686976" percent="88" />
      <mem type="survivor" free="0" total="2686976" percent="0" />
    </mem>
    <mem type="tenure" free="6333136" total="21037056" percent="30" micro-fragmented="40767" macro-fragmented="0">
      <mem type="soa" free="5280464" total="19984384" percent="26" />
      <mem type="loa" free="1052672" total="1052672" percent="100" />
    </mem>
    <pending-finalizers system="0" default="0" reference="171" classloader="0" />
    <remembered-set count="629" />
  </mem-info>
</gc-end>
<cycle-end id="348" type="global" contextid="332" timestamp="2022-10-25T12:52:42.727" />
<exclusive-end id="349" timestamp="2022-10-25T12:52:42.727" durationms="1.436" />

<exclusive-start id="350" timestamp="2022-10-25T12:52:42.745" intervalms="18.870">
  <response-info timems="0.037" idlems="0.016" threads="2" lastid="0000000000030F00" lastname="JIT Compilation Thread-002" />
</exclusive-start>
<af-start id="351" threadId="0000000000026348" totalBytesRequested="17176" timestamp="2022-10-25T12:52:42.745" intervalms="45.659" type="nursery" />
<cycle-start id="352" type="scavenge" contextid="0" timestamp="2022-10-25T12:52:42.745" intervalms="45.661" />
<gc-start id="353" type="scavenge" contextid="352" timestamp="2022-10-25T12:52:42.745">
  <mem-info id="354" free="6317536" total="26411008" percent="23">
    <mem type="nursery" free="0" total="5373952" percent="0">
      <mem type="allocate" free="0" total="2686976" percent="0" />
      <mem type="survivor" free="0" total="2686976" percent="0" />
    </mem>
    <mem type="tenure" free="6317536" total="21037056" percent="30">
      <mem type="soa" free="5264864" total="19984384" percent="26" />
      <mem type="loa" free="1052672" total="1052672" percent="100" />
    </mem>
    <remembered-set count="776" />
  </mem-info>
</gc-start>
<allocation-stats totalBytes="2087600" >
  <allocated-bytes non-tlh="1057696" tlh="1029904" />
  <largest-consumer threadName="main" threadId="0000000000025900" bytes="2087600" />
</allocation-stats>
<gc-op id="355" type="scavenge" timems="0.529" contextid="352" timestamp="2022-10-25T12:52:42.745">
  <scavenger-info tenureage="1" tenuremask="7ffe" tiltratio="50" />
  <memory-copied type="nursery" objects="1220" bytes="107680" bytesdiscarded="61784" />
  <memory-copied type="tenure" objects="4730" bytes="208840" bytesdiscarded="576" />
  <ownableSynchronizers candidates="18" cleared="18" />
  <references type="soft" candidates="14" cleared="0" enqueued="0" dynamicThreshold="9" maxThreshold="32" />
  <references type="weak" candidates="141" cleared="131" enqueued="131" />
  <object-monitors candidates="1" cleared="0"  />
</gc-op>
<gc-end id="356" type="scavenge" contextid="352" durationms="0.577" usertimems="2.057" systemtimems="0.283" stalltimems="1.593" timestamp="2022-10-25T12:52:42.746" activeThreads="7">
  <mem-info id="357" free="9042088" total="26411008" percent="34">
    <mem type="nursery" free="2976176" total="5373952" percent="55">
      <mem type="allocate" free="2976176" total="3145728" percent="94" />
      <mem type="survivor" free="0" total="2228224" percent="0" />
    </mem>
    <mem type="tenure" free="6065912" total="21037056" percent="28">
      <mem type="soa" free="5013240" total="19984384" percent="25" />
      <mem type="loa" free="1052672" total="1052672" percent="100" />
    </mem>
    <pending-finalizers system="0" default="0" reference="131" classloader="0" />
    <remembered-set count="445" />
  </mem-info>
</gc-end>
<cycle-end id="358" type="scavenge" contextid="352" timestamp="2022-10-25T12:52:42.746" />
<allocation-satisfied id="359" threadId="0000000000025900" bytesRequested="17176" />
<af-end id="360" timestamp="2022-10-25T12:52:42.746" threadId="0000000000026348" success="true" from="nursery"/>
<exclusive-end id="361" timestamp="2022-10-25T12:52:42.746" durationms="0.682" />

<exclusive-start id="362" timestamp="2022-10-25T12:52:42.779" intervalms="34.227">
  <response-info timems="0.013" idlems="0.013" threads="0" lastid="0000000000025900" lastname="main" />
</exclusive-start>
<af-start id="363" threadId="0000000000026348" totalBytesRequested="3664" timestamp="2022-10-25T12:52:42.779" intervalms="34.224" type="nursery" />
<cycle-start id="364" type="scavenge" contextid="0" timestamp="2022-10-25T12:52:42.779" intervalms="34.227" />
<gc-start id="365" type="scavenge" contextid="364" timestamp="2022-10-25T12:52:42.779">
  <mem-info id="366" free="6029848" total="26411008" percent="22">
    <mem type="nursery" free="0" total="5373952" percent="0">
      <mem type="allocate" free="0" total="3145728" percent="0" />
      <mem type="survivor" free="0" total="2228224" percent="0" />
    </mem>
    <mem type="tenure" free="6029848" total="21037056" percent="28">
      <mem type="soa" free="4977176" total="19984384" percent="24" />
      <mem type="loa" free="1052672" total="1052672" percent="100" />
    </mem>
    <remembered-set count="794" />
  </mem-info>
</gc-start>
<allocation-stats totalBytes="2954176" >
  <allocated-bytes non-tlh="53240" tlh="2900936" />
  <largest-consumer threadName="main" threadId="0000000000025900" bytes="2954176" />
</allocation-stats>
<gc-op id="367" type="scavenge" timems="0.695" contextid="364" timestamp="2022-10-25T12:52:42.780">
  <scavenger-info tenureage="2" tenuremask="7ffc" tiltratio="58" />
  <memory-copied type="nursery" objects="2239" bytes="103408" bytesdiscarded="51904" />
  <references type="soft" candidates="19" cleared="0" enqueued="0" dynamicThreshold="9" maxThreshold="32" />
  <references type="weak" candidates="336" cleared="308" enqueued="308" />
  <references type="phantom" candidates="5" cleared="4" enqueued="4" />
  <object-monitors candidates="1" cleared="0"  />
</gc-op>
<gc-end id="368" type="scavenge" contextid="364" durationms="0.747" usertimems="2.701" systemtimems="0.339" stalltimems="2.661" timestamp="2022-10-25T12:52:42.780" activeThreads="6">
  <mem-info id="369" free="9478688" total="26411008" percent="35">
    <mem type="nursery" free="3448840" total="5373952" percent="64">
      <mem type="allocate" free="3448840" total="3604480" percent="95" />
      <mem type="survivor" free="0" total="1769472" percent="0" />
    </mem>
    <mem type="tenure" free="6029848" total="21037056" percent="28">
      <mem type="soa" free="4977176" total="19984384" percent="24" />
      <mem type="loa" free="1052672" total="1052672" percent="100" />
    </mem>
    <pending-finalizers system="0" default="0" reference="312" classloader="0" />
    <remembered-set count="775" />
  </mem-info>
</gc-end>
<cycle-end id="370" type="scavenge" contextid="364" timestamp="2022-10-25T12:52:42.780" />
<allocation-satisfied id="371" threadId="0000000000025900" bytesRequested="3664" />
<af-end id="372" timestamp="2022-10-25T12:52:42.780" threadId="0000000000026348" success="true" from="nursery"/>
<exclusive-end id="373" timestamp="2022-10-25T12:52:42.780" durationms="0.852" />

<exclusive-start id="374" timestamp="2022-10-25T12:52:42.839" intervalms="60.188">
  <response-info timems="0.014" idlems="0.014" threads="0" lastid="0000000000025900" lastname="main" />
</exclusive-start>
<af-start id="375" threadId="0000000000026348" totalBytesRequested="7184" timestamp="2022-10-25T12:52:42.839" intervalms="60.187" type="nursery" />
<cycle-start id="376" type="scavenge" contextid="0" timestamp="2022-10-25T12:52:42.839" intervalms="60.184" />
<gc-start id="377" type="scavenge" contextid="376" timestamp="2022-10-25T12:52:42.839">
  <mem-info id="378" free="5945456" total="26411008" percent="22">
    <mem type="nursery" free="0" total="5373952" percent="0">
      <mem type="allocate" free="0" total="3604480" percent="0" />
      <mem type="survivor" free="0" total="1769472" percent="0" />
    </mem>
    <mem type="tenure" free="5945456" total="21037056" percent="28">
      <mem type="soa" free="4892784" total="19984384" percent="24" />
      <mem type="loa" free="1052672" total="1052672" percent="100" />
    </mem>
    <remembered-set count="1699" />
  </mem-info>
</gc-start>
<allocation-stats totalBytes="3521608" >
  <allocated-bytes non-tlh="86608" tlh="3435000" />
  <largest-consumer threadName="main" threadId="0000000000025900" bytes="3521608" />
</allocation-stats>
<gc-op id="379" type="scavenge" timems="0.709" contextid="376" timestamp="2022-10-25T12:52:42.840">
  <scavenger-info tenureage="3" tenuremask="7ff8" tiltratio="67" />
  <memory-copied type="nursery" objects="6528" bytes="268144" bytesdiscarded="44824" />
  <ownableSynchronizers candidates="3" cleared="2" />
  <references type="soft" candidates="73" cleared="0" enqueued="0" dynamicThreshold="9" maxThreshold="32" />
  <references type="weak" candidates="466" cleared="336" enqueued="336" />
  <references type="phantom" candidates="30" cleared="27" enqueued="27" />
  <object-monitors candidates="1" cleared="0"  />
</gc-op>
<gc-end id="380" type="scavenge" contextid="376" durationms="0.815" usertimems="2.381" systemtimems="0.273" stalltimems="1.778" timestamp="2022-10-25T12:52:42.840" activeThreads="5">
  <mem-info id="381" free="9432320" total="26411008" percent="35">
    <mem type="nursery" free="3486864" total="5373952" percent="64">
      <mem type="allocate" free="3486864" total="3801088" percent="91" />
      <mem type="survivor" free="0" total="1572864" percent="0" />
    </mem>
    <mem type="tenure" free="5945456" total="21037056" percent="28">
      <mem type="soa" free="4892784" total="19984384" percent="24" />
      <mem type="loa" free="1052672" total="1052672" percent="100" />
    </mem>
    <pending-finalizers system="0" default="0" reference="363" classloader="0" />
    <remembered-set count="1460" />
  </mem-info>
</gc-end>
<cycle-end id="382" type="scavenge" contextid="376" timestamp="2022-10-25T12:52:42.840" />
<allocation-satisfied id="383" threadId="0000000000025900" bytesRequested="7184" />
<af-end id="384" timestamp="2022-10-25T12:52:42.840" threadId="0000000000026348" success="true" from="nursery"/>
<exclusive-end id="385" timestamp="2022-10-25T12:52:42.840" durationms="0.932" />

<exclusive-start id="386" timestamp="2022-10-25T12:52:42.944" intervalms="105.065">
  <response-info timems="0.022" idlems="0.022" threads="0" lastid="0000000000025900" lastname="main" />
</exclusive-start>
<af-start id="387" threadId="0000000000026348" totalBytesRequested="160" timestamp="2022-10-25T12:52:42.944" intervalms="105.074" type="nursery" />
<cycle-start id="388" type="scavenge" contextid="0" timestamp="2022-10-25T12:52:42.944" intervalms="105.078" />
<gc-start id="389" type="scavenge" contextid="388" timestamp="2022-10-25T12:52:42.944">
  <mem-info id="390" free="5597912" total="26411008" percent="21">
    <mem type="nursery" free="0" total="5373952" percent="0">
      <mem type="allocate" free="0" total="3801088" percent="0" />
      <mem type="survivor" free="0" total="1572864" percent="0" />
    </mem>
    <mem type="tenure" free="5597912" total="21037056" percent="26">
      <mem type="soa" free="4545240" total="19984384" percent="22" />
      <mem type="loa" free="1052672" total="1052672" percent="100" />
    </mem>
    <remembered-set count="5432" />
  </mem-info>
</gc-start>
<allocation-stats totalBytes="3829184" >
  <allocated-bytes non-tlh="352544" tlh="3476640" />
  <largest-consumer threadName="main" threadId="0000000000025900" bytes="3829184" />
</allocation-stats>
<gc-op id="391" type="scavenge" timems="1.081" contextid="388" timestamp="2022-10-25T12:52:42.946">
  <scavenger-info tenureage="4" tenuremask="7ff0" tiltratio="70" />
  <memory-copied type="nursery" objects="26565" bytes="1022352" bytesdiscarded="27896" />
  <finalization candidates="1" enqueued="0" />
  <ownableSynchronizers candidates="5" cleared="1" />
  <references type="soft" candidates="3325" cleared="0" enqueued="0" dynamicThreshold="9" maxThreshold="32" />
  <references type="weak" candidates="718" cleared="303" enqueued="303" />
  <references type="phantom" candidates="32" cleared="30" enqueued="30" />
  <object-monitors candidates="1" cleared="0"  />
</gc-op>
<gc-end id="392" type="scavenge" contextid="388" durationms="1.175" usertimems="7.413" systemtimems="0.703" stalltimems="1.106" timestamp="2022-10-25T12:52:42.946" activeThreads="4">
  <mem-info id="393" free="7822872" total="26411008" percent="29">
    <mem type="nursery" free="2224960" total="5373952" percent="41">
      <mem type="allocate" free="2224960" total="3276800" percent="67" />
      <mem type="survivor" free="0" total="2097152" percent="0" />
    </mem>
    <mem type="tenure" free="5597912" total="21037056" percent="26">
      <mem type="soa" free="4545240" total="19984384" percent="22" />
      <mem type="loa" free="1052672" total="1052672" percent="100" />
    </mem>
    <pending-finalizers system="0" default="0" reference="333" classloader="0" />
    <remembered-set count="5179" />
  </mem-info>
</gc-end>
<cycle-end id="394" type="scavenge" contextid="388" timestamp="2022-10-25T12:52:42.946" />
<allocation-satisfied id="395" threadId="0000000000025900" bytesRequested="160" />
<af-end id="396" timestamp="2022-10-25T12:52:42.946" threadId="0000000000026348" success="true" from="nursery"/>
<exclusive-end id="397" timestamp="2022-10-25T12:52:42.946" durationms="1.354" />

<exclusive-start id="398" timestamp="2022-10-25T12:52:42.981" intervalms="36.347">
  <response-info timems="0.034" idlems="0.034" threads="0" lastid="0000000000025900" lastname="main" />
</exclusive-start>
<af-start id="399" threadId="0000000000026348" totalBytesRequested="3088" timestamp="2022-10-25T12:52:42.981" intervalms="36.361" type="nursery" />
<cycle-start id="400" type="scavenge" contextid="0" timestamp="2022-10-25T12:52:42.981" intervalms="36.363" />
<gc-start id="401" type="scavenge" contextid="400" timestamp="2022-10-25T12:52:42.981">
  <mem-info id="402" free="5573256" total="26411008" percent="21">
    <mem type="nursery" free="0" total="5373952" percent="0">
      <mem type="allocate" free="0" total="3276800" percent="0" />
      <mem type="survivor" free="0" total="2097152" percent="0" />
    </mem>
    <mem type="tenure" free="5573256" total="21037056" percent="26">
      <mem type="soa" free="4520584" total="19984384" percent="22" />
      <mem type="loa" free="1052672" total="1052672" percent="100" />
    </mem>
    <remembered-set count="5426" />
  </mem-info>
</gc-start>
<allocation-stats totalBytes="2238864" >
  <allocated-bytes non-tlh="225472" tlh="2013392" />
  <largest-consumer threadName="main" threadId="0000000000025900" bytes="2238864" />
</allocation-stats>
<gc-op id="403" type="scavenge" timems="0.920" contextid="400" timestamp="2022-10-25T12:52:42.982">
  <scavenger-info tenureage="3" tenuremask="7ff8" tiltratio="60" />
  <memory-copied type="nursery" objects="25650" bytes="995200" bytesdiscarded="137832" />
  <memory-copied type="tenure" objects="1212" bytes="59888" bytesdiscarded="32" />
  <finalization candidates="1" enqueued="0" />
  <ownableSynchronizers candidates="4" cleared="0" />
  <references type="soft" candidates="3312" cleared="0" enqueued="0" dynamicThreshold="9" maxThreshold="32" />
  <references type="weak" candidates="572" cleared="124" enqueued="124" />
  <references type="phantom" candidates="25" cleared="22" enqueued="22" />
  <object-monitors candidates="1" cleared="0"  />
</gc-op>
<gc-end id="404" type="scavenge" contextid="400" durationms="1.015" usertimems="3.676" systemtimems="0.334" stalltimems="0.918" timestamp="2022-10-25T12:52:42.982" activeThreads="5">
  <mem-info id="405" free="7933504" total="26411008" percent="30">
    <mem type="nursery" free="2666680" total="5373952" percent="49">
      <mem type="allocate" free="2666680" total="3801088" percent="70" />
      <mem type="survivor" free="0" total="1572864" percent="0" />
    </mem>
    <mem type="tenure" free="5266824" total="21037056" percent="25">
      <mem type="soa" free="4214152" total="19984384" percent="21" />
      <mem type="loa" free="1052672" total="1052672" percent="100" />
    </mem>
    <pending-finalizers system="0" default="0" reference="146" classloader="0" />
    <remembered-set count="4574" />
  </mem-info>
</gc-end>
<cycle-end id="406" type="scavenge" contextid="400" timestamp="2022-10-25T12:52:42.982" />
<allocation-satisfied id="407" threadId="0000000000025900" bytesRequested="3088" />
<af-end id="408" timestamp="2022-10-25T12:52:42.982" threadId="0000000000026348" success="true" from="nursery"/>
<exclusive-end id="409" timestamp="2022-10-25T12:52:42.982" durationms="1.247" />

<exclusive-start id="410" timestamp="2022-10-25T12:52:43.032" intervalms="51.741">
  <response-info timems="0.013" idlems="0.013" threads="0" lastid="0000000000025900" lastname="main" />
</exclusive-start>
<af-start id="411" threadId="0000000000026348" totalBytesRequested="48" timestamp="2022-10-25T12:52:43.032" intervalms="51.719" type="nursery" />
<cycle-start id="412" type="scavenge" contextid="0" timestamp="2022-10-25T12:52:43.033" intervalms="51.716" />
<gc-start id="413" type="scavenge" contextid="412" timestamp="2022-10-25T12:52:43.033">
  <mem-info id="414" free="5116432" total="26411008" percent="19">
    <mem type="nursery" free="0" total="5373952" percent="0">
      <mem type="allocate" free="0" total="3801088" percent="0" />
      <mem type="survivor" free="0" total="1572864" percent="0" />
    </mem>
    <mem type="tenure" free="5116432" total="21037056" percent="24">
      <mem type="soa" free="4063760" total="19984384" percent="20" />
      <mem type="loa" free="1052672" total="1052672" percent="100" />
    </mem>
    <remembered-set count="5760" />
  </mem-info>
</gc-start>
<allocation-stats totalBytes="2814344" >
  <allocated-bytes non-tlh="153480" tlh="2660864" />
  <largest-consumer threadName="main" threadId="0000000000025900" bytes="2814344" />
</allocation-stats>
<gc-op id="415" type="scavenge" timems="0.985" contextid="412" timestamp="2022-10-25T12:52:43.034">
  <scavenger-info tenureage="3" tenuremask="7ff8" tiltratio="70" />
  <memory-copied type="nursery" objects="25365" bytes="978032" bytesdiscarded="154872" />
  <memory-copied type="tenure" objects="4190" bytes="156752" bytesdiscarded="136" />
  <finalization candidates="1" enqueued="0" />
  <ownableSynchronizers candidates="7" cleared="2" />
  <references type="soft" candidates="3282" cleared="0" enqueued="0" dynamicThreshold="9" maxThreshold="32" />
  <references type="weak" candidates="675" cleared="226" enqueued="226" />
  <references type="phantom" candidates="56" cleared="56" enqueued="56" />
  <object-monitors candidates="1" cleared="0"  />
</gc-op>
<gc-end id="416" type="scavenge" contextid="412" durationms="1.049" usertimems="7.206" systemtimems="0.622" stalltimems="1.225" timestamp="2022-10-25T12:52:43.034" activeThreads="6">
  <mem-info id="417" free="7616520" total="26411008" percent="28">
    <mem type="nursery" free="2796536" total="5373952" percent="52">
      <mem type="allocate" free="2796536" total="3932160" percent="71" />
      <mem type="survivor" free="0" total="1441792" percent="0" />
    </mem>
    <mem type="tenure" free="4819984" total="21037056" percent="22">
      <mem type="soa" free="3767312" total="19984384" percent="18" />
      <mem type="loa" free="1052672" total="1052672" percent="100" />
    </mem>
    <pending-finalizers system="0" default="0" reference="282" classloader="0" />
    <remembered-set count="1850" />
  </mem-info>
</gc-end>
<cycle-end id="418" type="scavenge" contextid="412" timestamp="2022-10-25T12:52:43.034" />
<allocation-satisfied id="419" threadId="0000000000025900" bytesRequested="48" />
<af-end id="420" timestamp="2022-10-25T12:52:43.034" threadId="0000000000026348" success="true" from="nursery"/>
<exclusive-end id="421" timestamp="2022-10-25T12:52:43.034" durationms="1.203" />

<exclusive-start id="422" timestamp="2022-10-25T12:52:43.067" intervalms="34.799">
  <response-info timems="0.013" idlems="0.013" threads="0" lastid="0000000000025900" lastname="main" />
</exclusive-start>
<af-start id="423" threadId="0000000000026348" totalBytesRequested="4064" timestamp="2022-10-25T12:52:43.067" intervalms="34.801" type="nursery" />
<cycle-start id="424" type="scavenge" contextid="0" timestamp="2022-10-25T12:52:43.067" intervalms="34.800" />
<gc-start id="425" type="scavenge" contextid="424" timestamp="2022-10-25T12:52:43.067">
  <mem-info id="426" free="4743744" total="26411008" percent="17">
    <mem type="nursery" free="0" total="5373952" percent="0">
      <mem type="allocate" free="0" total="3932160" percent="0" />
      <mem type="survivor" free="0" total="1441792" percent="0" />
    </mem>
    <mem type="tenure" free="4743744" total="21037056" percent="22">
      <mem type="soa" free="3691072" total="19984384" percent="18" />
      <mem type="loa" free="1052672" total="1052672" percent="100" />
    </mem>
    <remembered-set count="2492" />
  </mem-info>
</gc-start>
<allocation-stats totalBytes="2842560" >
  <allocated-bytes non-tlh="76288" tlh="2766272" />
  <largest-consumer threadName="main" threadId="0000000000025900" bytes="2842560" />
</allocation-stats>
<gc-op id="427" type="scavenge" timems="1.157" contextid="424" timestamp="2022-10-25T12:52:43.069">
  <scavenger-info tenureage="3" tenuremask="7ff8" tiltratio="73" />
  <memory-copied type="nursery" objects="7060" bytes="280632" bytesdiscarded="87296" />
  <memory-copied type="tenure" objects="20147" bytes="769272" bytesdiscarded="616" />
  <finalization candidates="1" enqueued="0" />
  <ownableSynchronizers candidates="4" cleared="0" />
  <references type="soft" candidates="85" cleared="0" enqueued="0" dynamicThreshold="9" maxThreshold="32" />
  <references type="weak" candidates="426" cleared="206" enqueued="206" />
  <references type="phantom" candidates="63" cleared="62" enqueued="62" />
  <object-monitors candidates="1" cleared="0"  />
</gc-op>
<gc-end id="428" type="scavenge" contextid="424" durationms="1.223" usertimems="6.885" systemtimems="0.580" stalltimems="3.639" timestamp="2022-10-25T12:52:43.069" activeThreads="7">
  <mem-info id="429" free="7602328" total="26411008" percent="28">
    <mem type="nursery" free="3626752" total="5373952" percent="67">
      <mem type="allocate" free="3626752" total="3997696" percent="90" />
      <mem type="survivor" free="0" total="1376256" percent="0" />
    </mem>
    <mem type="tenure" free="3975576" total="21037056" percent="18">
      <mem type="soa" free="2922904" total="19984384" percent="14" />
      <mem type="loa" free="1052672" total="1052672" percent="100" />
    </mem>
    <pending-finalizers system="0" default="0" reference="268" classloader="0" />
    <remembered-set count="2029" />
  </mem-info>
</gc-end>
<cycle-end id="430" type="scavenge" contextid="424" timestamp="2022-10-25T12:52:43.069" />
<allocation-satisfied id="431" threadId="0000000000025900" bytesRequested="4064" />
<af-end id="432" timestamp="2022-10-25T12:52:43.069" threadId="0000000000026348" success="true" from="nursery"/>
<exclusive-end id="433" timestamp="2022-10-25T12:52:43.069" durationms="1.368" />

<exclusive-start id="434" timestamp="2022-10-25T12:52:43.108" intervalms="40.300">
  <response-info timems="0.023" idlems="0.023" threads="0" lastid="0000000000025900" lastname="main" />
</exclusive-start>
<af-start id="435" threadId="0000000000026348" totalBytesRequested="49896" timestamp="2022-10-25T12:52:43.108" intervalms="40.306" type="nursery" />
<cycle-start id="436" type="scavenge" contextid="0" timestamp="2022-10-25T12:52:43.108" intervalms="40.315" />
<gc-start id="437" type="scavenge" contextid="436" timestamp="2022-10-25T12:52:43.108">
  <mem-info id="438" free="3913224" total="26411008" percent="14">
    <mem type="nursery" free="0" total="5373952" percent="0">
      <mem type="allocate" free="0" total="3997696" percent="0" />
      <mem type="survivor" free="0" total="1376256" percent="0" />
    </mem>
    <mem type="tenure" free="3913224" total="21037056" percent="18">
      <mem type="soa" free="2860552" total="19984384" percent="14" />
      <mem type="loa" free="1052672" total="1052672" percent="100" />
    </mem>
    <remembered-set count="2624" />
  </mem-info>
</gc-start>
<allocation-stats totalBytes="3654712" >
  <allocated-bytes non-tlh="188160" tlh="3466552" />
  <largest-consumer threadName="main" threadId="0000000000025900" bytes="3654712" />
</allocation-stats>
<gc-op id="439" type="scavenge" timems="0.769" contextid="436" timestamp="2022-10-25T12:52:43.108">
  <scavenger-info tenureage="4" tenuremask="7ff0" tiltratio="74" />
  <memory-copied type="nursery" objects="8504" bytes="332240" bytesdiscarded="56896" />
  <ownableSynchronizers candidates="1" cleared="0" />
  <references type="soft" candidates="87" cleared="0" enqueued="0" dynamicThreshold="9" maxThreshold="32" />
  <references type="weak" candidates="618" cleared="381" enqueued="381" />
  <references type="phantom" candidates="13" cleared="11" enqueued="11" />
  <object-monitors candidates="1" cleared="0"  />
</gc-op>
<gc-end id="440" type="scavenge" contextid="436" durationms="0.821" usertimems="3.560" systemtimems="0.289" stalltimems="2.456" timestamp="2022-10-25T12:52:43.108" activeThreads="7">
  <mem-info id="441" free="7715640" total="26411008" percent="29">
    <mem type="nursery" free="3802416" total="5373952" percent="70">
      <mem type="allocate" free="3802416" total="4194304" percent="90" />
      <mem type="survivor" free="0" total="1179648" percent="0" />
    </mem>
    <mem type="tenure" free="3913224" total="21037056" percent="18">
      <mem type="soa" free="2860552" total="19984384" percent="14" />
      <mem type="loa" free="1052672" total="1052672" percent="100" />
    </mem>
    <pending-finalizers system="0" default="0" reference="392" classloader="0" />
    <remembered-set count="1614" />
  </mem-info>
</gc-end>
<cycle-end id="442" type="scavenge" contextid="436" timestamp="2022-10-25T12:52:43.109" />
<allocation-satisfied id="443" threadId="0000000000025900" bytesRequested="49896" />
<af-end id="444" timestamp="2022-10-25T12:52:43.109" threadId="0000000000026348" success="true" from="nursery"/>
<exclusive-end id="445" timestamp="2022-10-25T12:52:43.109" durationms="0.988" />

<exclusive-start id="446" timestamp="2022-10-25T12:52:43.153" intervalms="45.877">
  <response-info timems="0.023" idlems="0.023" threads="0" lastid="0000000000025900" lastname="main" />
</exclusive-start>
<af-start id="447" threadId="0000000000026348" totalBytesRequested="65552" timestamp="2022-10-25T12:52:43.153" intervalms="45.893" type="nursery" />
<cycle-start id="448" type="scavenge" contextid="0" timestamp="2022-10-25T12:52:43.154" intervalms="45.884" />
<gc-start id="449" type="scavenge" contextid="448" timestamp="2022-10-25T12:52:43.154">
  <mem-info id="450" free="3820456" total="26411008" percent="14">
    <mem type="nursery" free="0" total="5373952" percent="0">
      <mem type="allocate" free="0" total="4194304" percent="0" />
      <mem type="survivor" free="0" total="1179648" percent="0" />
    </mem>
    <mem type="tenure" free="3820456" total="21037056" percent="18">
      <mem type="soa" free="2767784" total="19984384" percent="13" />
      <mem type="loa" free="1052672" total="1052672" percent="100" />
    </mem>
    <remembered-set count="2472" />
  </mem-info>
</gc-start>
<allocation-stats totalBytes="3884128" >
  <allocated-bytes non-tlh="192560" tlh="3691568" />
  <largest-consumer threadName="main" threadId="0000000000025900" bytes="3884128" />
</allocation-stats>
<gc-op id="451" type="scavenge" timems="0.613" contextid="448" timestamp="2022-10-25T12:52:43.154">
  <scavenger-info tenureage="3" tenuremask="7fe8" tiltratio="78" />
  <memory-copied type="nursery" objects="7776" bytes="387944" bytesdiscarded="61520" />
  <memory-copied type="tenure" objects="3561" bytes="130232" bytesdiscarded="640" />
  <ownableSynchronizers candidates="3" cleared="2" />
  <references type="soft" candidates="114" cleared="0" enqueued="0" dynamicThreshold="9" maxThreshold="32" />
  <references type="weak" candidates="629" cleared="414" enqueued="414" />
  <references type="phantom" candidates="16" cleared="11" enqueued="11" />
  <object-monitors candidates="1" cleared="0"  />
</gc-op>
<gc-end id="452" type="scavenge" contextid="448" durationms="0.691" usertimems="6.764" systemtimems="0.000" stalltimems="1.019" timestamp="2022-10-25T12:52:43.154" activeThreads="6">
  <mem-info id="453" free="7594376" total="26411008" percent="28">
    <mem type="nursery" free="3809248" total="5373952" percent="70">
      <mem type="allocate" free="3809248" total="4259840" percent="89" />
      <mem type="survivor" free="0" total="1114112" percent="0" />
    </mem>
    <mem type="tenure" free="3785128" total="21037056" percent="17">
      <mem type="soa" free="2732456" total="19984384" percent="13" />
      <mem type="loa" free="1052672" total="1052672" percent="100" />
    </mem>
    <pending-finalizers system="0" default="0" reference="425" classloader="0" />
    <remembered-set count="1900" />
  </mem-info>
</gc-end>
<cycle-end id="454" type="scavenge" contextid="448" timestamp="2022-10-25T12:52:43.154" />
<allocation-satisfied id="455" threadId="0000000000025900" bytesRequested="65552" />
<af-end id="456" timestamp="2022-10-25T12:52:43.154" threadId="0000000000026348" success="true" from="nursery"/>
<exclusive-end id="457" timestamp="2022-10-25T12:52:43.154" durationms="0.857" />

<exclusive-start id="458" timestamp="2022-10-25T12:52:43.243" intervalms="89.735">
  <response-info timems="0.025" idlems="0.025" threads="0" lastid="0000000000025900" lastname="main" />
</exclusive-start>
<af-start id="459" threadId="0000000000026348" totalBytesRequested="2056" timestamp="2022-10-25T12:52:43.243" intervalms="89.731" type="nursery" />
<cycle-start id="460" type="scavenge" contextid="0" timestamp="2022-10-25T12:52:43.243" intervalms="89.751" />
<gc-start id="461" type="scavenge" contextid="460" timestamp="2022-10-25T12:52:43.243">
  <mem-info id="462" free="3624192" total="26411008" percent="13">
    <mem type="nursery" free="0" total="5373952" percent="0">
      <mem type="allocate" free="0" total="4259840" percent="0" />
      <mem type="survivor" free="0" total="1114112" percent="0" />
    </mem>
    <mem type="tenure" free="3624192" total="21037056" percent="17">
      <mem type="soa" free="2571520" total="19984384" percent="12" />
      <mem type="loa" free="1052672" total="1052672" percent="100" />
    </mem>
    <remembered-set count="3766" />
  </mem-info>
</gc-start>
<allocation-stats totalBytes="3941072" >
  <allocated-bytes non-tlh="226488" tlh="3714584" />
  <largest-consumer threadName="main" threadId="0000000000025900" bytes="3941072" />
</allocation-stats>
<gc-op id="463" type="scavenge" timems="1.110" contextid="460" timestamp="2022-10-25T12:52:43.244">
  <scavenger-info tenureage="3" tenuremask="7fe8" tiltratio="79" />
  <memory-copied type="nursery" objects="12042" bytes="537624" bytesdiscarded="56168" />
  <memory-copied type="tenure" objects="2766" bytes="118152" bytesdiscarded="120" />
  <ownableSynchronizers candidates="6" cleared="2" />
  <references type="soft" candidates="72" cleared="0" enqueued="0" dynamicThreshold="9" maxThreshold="32" />
  <references type="weak" candidates="830" cleared="370" enqueued="370" />
  <references type="phantom" candidates="31" cleared="24" enqueued="24" />
  <object-monitors candidates="1" cleared="0"  />
</gc-op>
<gc-end id="464" type="scavenge" contextid="460" durationms="1.171" usertimems="7.339" systemtimems="0.538" stalltimems="2.809" timestamp="2022-10-25T12:52:43.244" activeThreads="6">
  <mem-info id="465" free="7228864" total="26411008" percent="27">
    <mem type="nursery" free="3730624" total="5373952" percent="69">
      <mem type="allocate" free="3730624" total="4325376" percent="86" />
      <mem type="survivor" free="0" total="1048576" percent="0" />
    </mem>
    <mem type="tenure" free="3498240" total="21037056" percent="16">
      <mem type="soa" free="2445568" total="19984384" percent="12" />
      <mem type="loa" free="1052672" total="1052672" percent="100" />
    </mem>
    <pending-finalizers system="0" default="0" reference="394" classloader="0" />
    <remembered-set count="3008" />
  </mem-info>
</gc-end>
<cycle-end id="466" type="scavenge" contextid="460" timestamp="2022-10-25T12:52:43.245" />
<allocation-satisfied id="467" threadId="0000000000025900" bytesRequested="2056" />
<af-end id="468" timestamp="2022-10-25T12:52:43.245" threadId="0000000000026348" success="true" from="nursery"/>
<exclusive-end id="469" timestamp="2022-10-25T12:52:43.245" durationms="1.359" />

<exclusive-start id="470" timestamp="2022-10-25T12:52:43.300" intervalms="56.917">
  <response-info timems="0.013" idlems="0.013" threads="0" lastid="0000000000025900" lastname="main" />
</exclusive-start>
<af-start id="471" threadId="0000000000026348" totalBytesRequested="160" timestamp="2022-10-25T12:52:43.300" intervalms="56.929" type="nursery" />
<cycle-start id="472" type="scavenge" contextid="0" timestamp="2022-10-25T12:52:43.300" intervalms="56.910" />
<gc-start id="473" type="scavenge" contextid="472" timestamp="2022-10-25T12:52:43.300">
  <mem-info id="474" free="3391080" total="26411008" percent="12">
    <mem type="nursery" free="0" total="5373952" percent="0">
      <mem type="allocate" free="0" total="4325376" percent="0" />
      <mem type="survivor" free="0" total="1048576" percent="0" />
    </mem>
    <mem type="tenure" free="3391080" total="21037056" percent="16">
      <mem type="soa" free="2338408" total="19984384" percent="11" />
      <mem type="loa" free="1052672" total="1052672" percent="100" />
    </mem>
    <remembered-set count="4155" />
  </mem-info>
</gc-start>
<allocation-stats totalBytes="3835024" >
  <allocated-bytes non-tlh="109216" tlh="3725808" />
  <largest-consumer threadName="main" threadId="0000000000025900" bytes="3830928" />
</allocation-stats>
<gc-op id="475" type="scavenge" timems="1.082" contextid="472" timestamp="2022-10-25T12:52:43.301">
  <scavenger-info tenureage="3" tenuremask="7fc8" tiltratio="80" />
  <memory-copied type="nursery" objects="14575" bytes="709736" bytesdiscarded="86944" />
  <memory-copied type="tenure" objects="970" bytes="34616" bytesdiscarded="0" />
  <ownableSynchronizers candidates="13" cleared="9" />
  <references type="soft" candidates="226" cleared="0" enqueued="0" dynamicThreshold="9" maxThreshold="32" />
  <references type="weak" candidates="859" cleared="336" enqueued="336" />
  <references type="phantom" candidates="24" cleared="19" enqueued="19" />
  <object-monitors candidates="1" cleared="0"  />
</gc-op>
<gc-end id="476" type="scavenge" contextid="472" durationms="1.153" usertimems="7.075" systemtimems="0.531" stalltimems="2.748" timestamp="2022-10-25T12:52:43.301" activeThreads="6">
  <mem-info id="477" free="6853232" total="26411008" percent="25">
    <mem type="nursery" free="3462152" total="5373952" percent="64">
      <mem type="allocate" free="3462152" total="4259840" percent="81" />
      <mem type="survivor" free="0" total="1114112" percent="0" />
    </mem>
    <mem type="tenure" free="3391080" total="21037056" percent="16">
      <mem type="soa" free="2338408" total="19984384" percent="11" />
      <mem type="loa" free="1052672" total="1052672" percent="100" />
    </mem>
    <pending-finalizers system="0" default="0" reference="355" classloader="0" />
    <remembered-set count="3413" />
  </mem-info>
</gc-end>
<cycle-end id="478" type="scavenge" contextid="472" timestamp="2022-10-25T12:52:43.301" />
<allocation-satisfied id="479" threadId="0000000000025900" bytesRequested="160" />
<af-end id="480" timestamp="2022-10-25T12:52:43.301" threadId="0000000000026348" success="true" from="nursery"/>
<exclusive-end id="481" timestamp="2022-10-25T12:52:43.301" durationms="1.366" />

<exclusive-start id="482" timestamp="2022-10-25T12:52:43.347" intervalms="46.818">
  <response-info timems="0.018" idlems="0.018" threads="0" lastid="0000000000025900" lastname="main" />
</exclusive-start>
<af-start id="483" threadId="0000000000026348" totalBytesRequested="24" timestamp="2022-10-25T12:52:43.347" intervalms="46.803" type="nursery" />
<cycle-start id="484" type="scavenge" contextid="0" timestamp="2022-10-25T12:52:43.347" intervalms="46.803" />
<gc-start id="485" type="scavenge" contextid="484" timestamp="2022-10-25T12:52:43.347">
  <mem-info id="486" free="3294936" total="26411008" percent="12">
    <mem type="nursery" free="0" total="5373952" percent="0">
      <mem type="allocate" free="0" total="4259840" percent="0" />
      <mem type="survivor" free="0" total="1114112" percent="0" />
    </mem>
    <mem type="tenure" free="3294936" total="21037056" percent="15">
      <mem type="soa" free="2242264" total="19984384" percent="11" />
      <mem type="loa" free="1052672" total="1052672" percent="100" />
    </mem>
    <remembered-set count="4371" />
  </mem-info>
</gc-start>
<allocation-stats totalBytes="3556800" >
  <allocated-bytes non-tlh="96304" tlh="3460496" />
  <largest-consumer threadName="main" threadId="0000000000025900" bytes="3536048" />
</allocation-stats>
<gc-op id="487" type="scavenge" timems="1.049" contextid="484" timestamp="2022-10-25T12:52:43.348">
  <scavenger-info tenureage="3" tenuremask="ffe8" tiltratio="79" />
  <memory-copied type="nursery" objects="22071" bytes="1065736" bytesdiscarded="47552" />
  <memory-copied type="tenure" objects="2801" bytes="120280" bytesdiscarded="120" />
  <copy-failed type="nursery" objects="334" bytes="19984" />
  <ownableSynchronizers candidates="20" cleared="13" />
  <references type="soft" candidates="196" cleared="0" enqueued="0" dynamicThreshold="9" maxThreshold="32" />
  <references type="weak" candidates="929" cleared="218" enqueued="218" />
  <references type="phantom" candidates="10" cleared="6" enqueued="6" />
  <object-monitors candidates="2" cleared="1"  />
</gc-op>
<gc-end id="488" type="scavenge" contextid="484" durationms="1.144" usertimems="4.441" systemtimems="0.326" stalltimems="2.318" timestamp="2022-10-25T12:52:43.348" activeThreads="6">
  <mem-info id="489" free="5586904" total="26411008" percent="21">
    <mem type="nursery" free="2424832" total="5373952" percent="45">
      <mem type="allocate" free="2424832" total="3538944" percent="68" />
      <mem type="survivor" free="0" total="1835008" percent="0" />
    </mem>
    <mem type="tenure" free="3162072" total="21037056" percent="15">
      <mem type="soa" free="2109400" total="19984384" percent="10" />
      <mem type="loa" free="1052672" total="1052672" percent="100" />
    </mem>
    <pending-finalizers system="0" default="0" reference="224" classloader="0" />
    <remembered-set count="2471" />
  </mem-info>
</gc-end>
<cycle-end id="490" type="scavenge" contextid="484" timestamp="2022-10-25T12:52:43.348" />
<allocation-satisfied id="491" threadId="0000000000025900" bytesRequested="24" />
<af-end id="492" timestamp="2022-10-25T12:52:43.348" threadId="0000000000026348" success="true" from="nursery"/>
<exclusive-end id="493" timestamp="2022-10-25T12:52:43.348" durationms="1.308" />

<exclusive-start id="494" timestamp="2022-10-25T12:52:43.372" intervalms="25.570">
  <response-info timems="0.039" idlems="0.039" threads="0" lastid="0000000000025900" lastname="main" />
</exclusive-start>
<af-start id="495" threadId="0000000000026348" totalBytesRequested="24" timestamp="2022-10-25T12:52:43.373" intervalms="25.554" type="nursery" />
<cycle-start id="496" type="scavenge" contextid="0" timestamp="2022-10-25T12:52:43.373" intervalms="25.552" />
<gc-start id="497" type="scavenge" contextid="496" timestamp="2022-10-25T12:52:43.373">
  <mem-info id="498" free="3128384" total="26411008" percent="11">
    <mem type="nursery" free="0" total="5373952" percent="0">
      <mem type="allocate" free="0" total="3538944" percent="0" />
      <mem type="survivor" free="0" total="1835008" percent="0" />
    </mem>
    <mem type="tenure" free="3128384" total="21037056" percent="14">
      <mem type="soa" free="2075712" total="19984384" percent="10" />
      <mem type="loa" free="1052672" total="1052672" percent="100" />
    </mem>
    <remembered-set count="2814" />
  </mem-info>
</gc-start>
<allocation-stats totalBytes="2456528" >
  <allocated-bytes non-tlh="33712" tlh="2422816" />
  <largest-consumer threadName="main" threadId="0000000000025900" bytes="2456528" />
</allocation-stats>
<gc-op id="499" type="scavenge" timems="0.955" contextid="496" timestamp="2022-10-25T12:52:43.374">
  <scavenger-info tenureage="5" tenuremask="ffe0" tiltratio="65" />
  <memory-copied type="nursery" objects="18478" bytes="906976" bytesdiscarded="127632" />
  <ownableSynchronizers candidates="25" cleared="9" />
  <references type="soft" candidates="210" cleared="0" enqueued="0" dynamicThreshold="9" maxThreshold="32" />
  <references type="weak" candidates="1283" cleared="262" enqueued="262" />
  <references type="phantom" candidates="17" cleared="10" enqueued="10" />
  <object-monitors candidates="1" cleared="0"  />
</gc-op>
<gc-end id="500" type="scavenge" contextid="496" durationms="1.017" usertimems="4.093" systemtimems="0.294" stalltimems="2.534" timestamp="2022-10-25T12:52:43.374" activeThreads="6">
  <mem-info id="501" free="5697312" total="26411008" percent="21">
    <mem type="nursery" free="2568928" total="5373952" percent="47">
      <mem type="allocate" free="2568928" total="3604480" percent="71" />
      <mem type="survivor" free="0" total="1769472" percent="0" />
    </mem>
    <mem type="tenure" free="3128384" total="21037056" percent="14">
      <mem type="soa" free="2075712" total="19984384" percent="10" />
      <mem type="loa" free="1052672" total="1052672" percent="100" />
    </mem>
    <pending-finalizers system="0" default="0" reference="272" classloader="0" />
    <remembered-set count="1988" />
  </mem-info>
</gc-end>
<cycle-end id="502" type="scavenge" contextid="496" timestamp="2022-10-25T12:52:43.374" />
<allocation-satisfied id="503" threadId="0000000000025900" bytesRequested="24" />
<af-end id="504" timestamp="2022-10-25T12:52:43.374" threadId="0000000000026348" success="true" from="nursery"/>
<exclusive-end id="505" timestamp="2022-10-25T12:52:43.374" durationms="1.157" />

<exclusive-start id="506" timestamp="2022-10-25T12:52:43.385" intervalms="12.580">
  <response-info timems="0.014" idlems="0.014" threads="0" lastid="0000000000025900" lastname="main" />
</exclusive-start>
<af-start id="507" threadId="0000000000026348" totalBytesRequested="352" timestamp="2022-10-25T12:52:43.385" intervalms="12.568" type="nursery" />
<cycle-start id="508" type="scavenge" contextid="0" timestamp="2022-10-25T12:52:43.385" intervalms="12.565" />
<gc-start id="509" type="scavenge" contextid="508" timestamp="2022-10-25T12:52:43.385">
  <mem-info id="510" free="3128384" total="26411008" percent="11">
    <mem type="nursery" free="0" total="5373952" percent="0">
      <mem type="allocate" free="0" total="3604480" percent="0" />
      <mem type="survivor" free="0" total="1769472" percent="0" />
    </mem>
    <mem type="tenure" free="3128384" total="21037056" percent="14">
      <mem type="soa" free="2075712" total="19984384" percent="10" />
      <mem type="loa" free="1052672" total="1052672" percent="100" />
    </mem>
    <remembered-set count="1992" />
  </mem-info>
</gc-start>
<allocation-stats totalBytes="2568072" >
  <allocated-bytes non-tlh="24" tlh="2568048" />
  <largest-consumer threadName="main" threadId="0000000000025900" bytes="2568072" />
</allocation-stats>
<gc-op id="511" type="scavenge" timems="0.965" contextid="508" timestamp="2022-10-25T12:52:43.386">
  <scavenger-info tenureage="3" tenuremask="fff8" tiltratio="67" />
  <memory-copied type="nursery" objects="9655" bytes="362008" bytesdiscarded="179512" />
  <memory-copied type="tenure" objects="10240" bytes="455896" bytesdiscarded="128" />
  <ownableSynchronizers candidates="32" cleared="16" />
  <references type="soft" candidates="35" cleared="0" enqueued="0" dynamicThreshold="9" maxThreshold="32" />
  <references type="weak" candidates="733" cleared="106" enqueued="106" />
  <references type="phantom" candidates="5" cleared="0" enqueued="0" />
  <object-monitors candidates="1" cleared="0"  />
</gc-op>
<heap-resize id="512" type="expand" space="nursery" amount="262144" count="1" timems="0.012" reason="excessive time being spent scavenging" timestamp="2022-10-25T12:52:43.386" />
<gc-end id="513" type="scavenge" contextid="508" durationms="1.042" usertimems="5.767" systemtimems="0.415" stalltimems="2.101" timestamp="2022-10-25T12:52:43.386" activeThreads="6">
  <mem-info id="514" free="5952984" total="26673152" percent="22">
    <mem type="nursery" free="3324880" total="5636096" percent="58">
      <mem type="allocate" free="3324880" total="3866624" percent="85" />
      <mem type="survivor" free="0" total="1769472" percent="0" />
    </mem>
    <mem type="tenure" free="2628104" total="21037056" percent="12">
      <mem type="soa" free="1575432" total="19984384" percent="7" />
      <mem type="loa" free="1052672" total="1052672" percent="100" />
    </mem>
    <pending-finalizers system="0" default="0" reference="106" classloader="0" />
    <remembered-set count="903" />
  </mem-info>
</gc-end>
<cycle-end id="515" type="scavenge" contextid="508" timestamp="2022-10-25T12:52:43.386" />
<allocation-satisfied id="516" threadId="0000000000025900" bytesRequested="352" />
<af-end id="517" timestamp="2022-10-25T12:52:43.386" threadId="0000000000026348" success="true" from="nursery"/>
<exclusive-end id="518" timestamp="2022-10-25T12:52:43.386" durationms="1.151" />

<concurrent-kickoff id="519" timestamp="2022-10-25T12:52:43.398">
  <kickoff reason="threshold reached" targetBytes="3843326" thresholdFreeBytes="530611"  remainingFree="474064" tenureFreeBytes="2627776" nurseryFreeBytes="474064" />
</concurrent-kickoff>
<exclusive-start id="520" timestamp="2022-10-25T12:52:43.398" intervalms="12.610">
  <response-info timems="0.013" idlems="0.013" threads="0" lastid="0000000000025900" lastname="main" />
</exclusive-start>
<cycle-start id="521" type="global" contextid="0" timestamp="2022-10-25T12:52:43.398" intervalms="677.656" />
<concurrent-start id="522" type="global mark" contextid="521" timestamp="2022-10-25T12:52:43.398">
</concurrent-start>
<exclusive-end id="523" timestamp="2022-10-25T12:52:43.398" durationms="0.013" />

<concurrent-end id="524" type="global mark" contextid="521" timestamp="2022-10-25T12:52:43.402">
<gc-op id="525" type="trace" timems="4.512" contextid="521" timestamp="2022-10-25T12:52:43.402">
  <trace bytesTraced="2839112" workStackOverflowCount="0" />
  <card-cleaning reason="card cleaning threshold reached" bytesTraced="7192" cardsCleaned="9" />
</gc-op>
</concurrent-end>

<exclusive-start id="526" timestamp="2022-10-25T12:52:43.402" intervalms="4.569">
  <response-info timems="0.011" idlems="0.011" threads="0" lastid="0000000000025900" lastname="main" />
</exclusive-start>
<concurrent-global-final id="527" timestamp="2022-10-25T12:52:43.402" contextid="521" intervalms="676.240" >
  <concurrent-trace-info reason="card cleaning threshold reached" tracedByMutators="17952" tracedByHelpers="2828352" cardsCleaned="9" workStackOverflowCount="0" />
</concurrent-global-final>
<gc-start id="528" type="global" contextid="521" timestamp="2022-10-25T12:52:43.402">
  <mem-info id="529" free="2627664" total="26673152" percent="9">
    <mem type="nursery" free="0" total="5636096" percent="0">
      <mem type="allocate" free="0" total="3866624" percent="0" />
      <mem type="survivor" free="0" total="1769472" percent="0" />
    </mem>
    <mem type="tenure" free="2627664" total="21037056" percent="12">
      <mem type="soa" free="1574992" total="19984384" percent="7" />
      <mem type="loa" free="1052672" total="1052672" percent="100" />
    </mem>
    <remembered-set count="926" />
  </mem-info>
</gc-start>
<allocation-stats totalBytes="3324296" >
  <allocated-bytes non-tlh="792" tlh="3323504" />
  <largest-consumer threadName="main" threadId="0000000000025900" bytes="3324296" />
</allocation-stats>
<gc-op id="530" type="rs-scan" timems="0.344" contextid="521" timestamp="2022-10-25T12:52:43.403">
  <scan objectsFound="8198" bytesTraced="289080" workStackOverflowCount="0" />
</gc-op>
<gc-op id="531" type="card-cleaning" timems="0.181" contextid="521" timestamp="2022-10-25T12:52:43.403">
  <card-cleaning cardsCleaned="4" bytesTraced="1648" workStackOverflowCount="0" />
</gc-op>
<gc-op id="532" type="mark" timems="1.467" contextid="521" timestamp="2022-10-25T12:52:43.404">
  <trace-info objectcount="1078" scancount="997" scanbytes="32332" />
  <finalization candidates="1" enqueued="0" />
  <ownableSynchronizers candidates="50" cleared="20" />
  <references type="soft" candidates="3705" cleared="0" enqueued="0" dynamicThreshold="9" maxThreshold="32" />
  <references type="weak" candidates="1928" cleared="110" enqueued="110" />
  <references type="phantom" candidates="815" cleared="0" enqueued="0" />
  <stringconstants candidates="10814" cleared="12"  />
  <object-monitors candidates="1" cleared="0"  />
</gc-op>
<gc-op id="533" type="classunload" timems="0.004" contextid="521" timestamp="2022-10-25T12:52:43.404">
  <classunload-info classloadercandidates="4" classloadersunloaded="0" classesunloaded="0" anonymousclassesunloaded="0" quiescems="0.000" setupms="0.002" scanms="0.002" postms="0.000" />
</gc-op>
<gc-op id="534" type="sweep" timems="0.196" contextid="521" timestamp="2022-10-25T12:52:43.405" />
<heap-resize id="535" type="expand" space="tenure" amount="4718592" count="1" timems="0.246" reason="insufficient free space following gc" timestamp="2022-10-25T12:52:43.405" />
<gc-end id="536" type="global" contextid="521" durationms="2.535" usertimems="12.635" systemtimems="0.911" stalltimems="13.438" timestamp="2022-10-25T12:52:43.405" activeThreads="12">
  <mem-info id="537" free="10711544" total="31391744" percent="34">
    <mem type="nursery" free="2963488" total="5636096" percent="52">
      <mem type="allocate" free="2963488" total="3866624" percent="76" />
      <mem type="survivor" free="0" total="1769472" percent="0" />
    </mem>
    <mem type="tenure" free="7748056" total="25755648" percent="30" micro-fragmented="125308" macro-fragmented="0">
      <mem type="soa" free="6459864" total="24467456" percent="26" />
      <mem type="loa" free="1288192" total="1288192" percent="100" />
    </mem>
    <pending-finalizers system="0" default="0" reference="110" classloader="0" />
    <remembered-set count="899" />
  </mem-info>
</gc-end>
<cycle-end id="538" type="global" contextid="521" timestamp="2022-10-25T12:52:43.405" />
<exclusive-end id="539" timestamp="2022-10-25T12:52:43.405" durationms="2.642" />

<exclusive-start id="540" timestamp="2022-10-25T12:52:43.422" intervalms="19.847">
  <response-info timems="0.012" idlems="0.012" threads="0" lastid="0000000000025900" lastname="main" />
</exclusive-start>
<af-start id="541" threadId="0000000000026348" totalBytesRequested="1040" timestamp="2022-10-25T12:52:43.422" intervalms="37.036" type="nursery" />
<cycle-start id="542" type="scavenge" contextid="0" timestamp="2022-10-25T12:52:43.422" intervalms="37.039" />
<gc-start id="543" type="scavenge" contextid="542" timestamp="2022-10-25T12:52:43.422">
  <mem-info id="544" free="7728552" total="31391744" percent="24">
    <mem type="nursery" free="0" total="5636096" percent="0">
      <mem type="allocate" free="0" total="3866624" percent="0" />
      <mem type="survivor" free="0" total="1769472" percent="0" />
    </mem>
    <mem type="tenure" free="7728552" total="25755648" percent="30">
      <mem type="soa" free="6440360" total="24467456" percent="26" />
      <mem type="loa" free="1288192" total="1288192" percent="100" />
    </mem>
    <remembered-set count="1100" />
  </mem-info>
</gc-start>
<allocation-stats totalBytes="2967840" >
  <allocated-bytes non-tlh="115968" tlh="2851872" />
  <largest-consumer threadName="main" threadId="0000000000025900" bytes="2967840" />
</allocation-stats>
<gc-op id="545" type="scavenge" timems="0.627" contextid="542" timestamp="2022-10-25T12:52:43.423">
  <scavenger-info tenureage="6" tenuremask="7fc0" tiltratio="68" />
  <memory-copied type="nursery" objects="9867" bytes="359280" bytesdiscarded="74728" />
  <ownableSynchronizers candidates="76" cleared="64" />
  <references type="soft" candidates="38" cleared="0" enqueued="0" dynamicThreshold="9" maxThreshold="32" />
  <references type="weak" candidates="819" cleared="171" enqueued="171" />
  <references type="phantom" candidates="42" cleared="38" enqueued="38" />
  <object-monitors candidates="1" cleared="0"  />
</gc-op>
<gc-end id="546" type="scavenge" contextid="542" durationms="0.685" usertimems="3.355" systemtimems="0.000" stalltimems="1.646" timestamp="2022-10-25T12:52:43.423" activeThreads="6">
  <mem-info id="547" free="11553672" total="31391744" percent="36">
    <mem type="nursery" free="3825120" total="5636096" percent="67">
      <mem type="allocate" free="3825120" total="4259840" percent="89" />
      <mem type="survivor" free="0" total="1376256" percent="0" />
    </mem>
    <mem type="tenure" free="7728552" total="25755648" percent="30">
      <mem type="soa" free="6440360" total="24467456" percent="26" />
      <mem type="loa" free="1288192" total="1288192" percent="100" />
    </mem>
    <pending-finalizers system="0" default="0" reference="209" classloader="0" />
    <remembered-set count="871" />
  </mem-info>
</gc-end>
<cycle-end id="548" type="scavenge" contextid="542" timestamp="2022-10-25T12:52:43.423" />
<allocation-satisfied id="549" threadId="0000000000025900" bytesRequested="1040" />
<af-end id="550" timestamp="2022-10-25T12:52:43.423" threadId="0000000000026348" success="true" from="nursery"/>
<exclusive-end id="551" timestamp="2022-10-25T12:52:43.423" durationms="0.808" />

<exclusive-start id="552" timestamp="2022-10-25T12:52:43.454" intervalms="31.850">
  <response-info timems="0.012" idlems="0.012" threads="0" lastid="0000000000025900" lastname="main" />
</exclusive-start>
<af-start id="553" threadId="0000000000026348" totalBytesRequested="1624" timestamp="2022-10-25T12:52:43.454" intervalms="31.850" type="nursery" />
<cycle-start id="554" type="scavenge" contextid="0" timestamp="2022-10-25T12:52:43.454" intervalms="31.851" />
<gc-start id="555" type="scavenge" contextid="554" timestamp="2022-10-25T12:52:43.454">
  <mem-info id="556" free="7690992" total="31391744" percent="24">
    <mem type="nursery" free="0" total="5636096" percent="0">
      <mem type="allocate" free="0" total="4259840" percent="0" />
      <mem type="survivor" free="0" total="1376256" percent="0" />
    </mem>
    <mem type="tenure" free="7690992" total="25755648" percent="29">
      <mem type="soa" free="6402800" total="24467456" percent="26" />
      <mem type="loa" free="1288192" total="1288192" percent="100" />
    </mem>
    <remembered-set count="1257" />
  </mem-info>
</gc-start>
<allocation-stats totalBytes="3805904" >
  <allocated-bytes non-tlh="781072" tlh="3024832" />
  <largest-consumer threadName="main" threadId="0000000000025900" bytes="3805904" />
</allocation-stats>
<gc-op id="557" type="scavenge" timems="0.697" contextid="554" timestamp="2022-10-25T12:52:43.455">
  <scavenger-info tenureage="7" tenuremask="7f80" tiltratio="75" />
  <memory-copied type="nursery" objects="11418" bytes="428960" bytesdiscarded="103968" />
  <finalization candidates="1" enqueued="0" />
  <ownableSynchronizers candidates="13" cleared="0" />
  <references type="soft" candidates="57" cleared="0" enqueued="0" dynamicThreshold="9" maxThreshold="32" />
  <references type="weak" candidates="891" cleared="185" enqueued="185" />
  <references type="phantom" candidates="40" cleared="30" enqueued="30" />
  <object-monitors candidates="1" cleared="0"  />
</gc-op>
<gc-end id="558" type="scavenge" contextid="554" durationms="0.779" usertimems="0.000" systemtimems="2.708" stalltimems="2.031" timestamp="2022-10-25T12:52:43.455" activeThreads="6">
  <mem-info id="559" free="11548080" total="31391744" percent="36">
    <mem type="nursery" free="3857088" total="5636096" percent="68">
      <mem type="allocate" free="3857088" total="4390912" percent="87" />
      <mem type="survivor" free="0" total="1245184" percent="0" />
    </mem>
    <mem type="tenure" free="7690992" total="25755648" percent="29">
      <mem type="soa" free="6402800" total="24467456" percent="26" />
      <mem type="loa" free="1288192" total="1288192" percent="100" />
    </mem>
    <pending-finalizers system="0" default="0" reference="215" classloader="0" />
    <remembered-set count="1236" />
  </mem-info>
</gc-end>
<cycle-end id="560" type="scavenge" contextid="554" timestamp="2022-10-25T12:52:43.455" />
<allocation-satisfied id="561" threadId="0000000000025900" bytesRequested="1624" />
<af-end id="562" timestamp="2022-10-25T12:52:43.455" threadId="0000000000026348" success="true" from="nursery"/>
<exclusive-end id="563" timestamp="2022-10-25T12:52:43.455" durationms="0.915" />

<exclusive-start id="564" timestamp="2022-10-25T12:52:43.487" intervalms="33.225">
  <response-info timems="0.012" idlems="0.012" threads="0" lastid="0000000000025900" lastname="main" />
</exclusive-start>
<af-start id="565" threadId="0000000000026348" totalBytesRequested="3088" timestamp="2022-10-25T12:52:43.487" intervalms="33.225" type="nursery" />
<cycle-start id="566" type="scavenge" contextid="0" timestamp="2022-10-25T12:52:43.487" intervalms="33.237" />
<gc-start id="567" type="scavenge" contextid="566" timestamp="2022-10-25T12:52:43.487">
  <mem-info id="568" free="7632272" total="31391744" percent="24">
    <mem type="nursery" free="0" total="5636096" percent="0">
      <mem type="allocate" free="0" total="4390912" percent="0" />
      <mem type="survivor" free="0" total="1245184" percent="0" />
    </mem>
    <mem type="tenure" free="7632272" total="25755648" percent="29">
      <mem type="soa" free="6344080" total="24467456" percent="25" />
      <mem type="loa" free="1288192" total="1288192" percent="100" />
    </mem>
    <remembered-set count="1880" />
  </mem-info>
</gc-start>
<allocation-stats totalBytes="3907680" >
  <allocated-bytes non-tlh="59600" tlh="3848080" />
  <largest-consumer threadName="main" threadId="0000000000025900" bytes="3907680" />
</allocation-stats>
<gc-op id="569" type="scavenge" timems="0.909" contextid="566" timestamp="2022-10-25T12:52:43.488">
  <scavenger-info tenureage="3" tenuremask="7f38" tiltratio="77" />
  <memory-copied type="nursery" objects="8055" bytes="316072" bytesdiscarded="197784" />
  <memory-copied type="tenure" objects="6021" bytes="224104" bytesdiscarded="1280" />
  <finalization candidates="1" enqueued="0" />
  <ownableSynchronizers candidates="18" cleared="0" />
  <references type="soft" candidates="43" cleared="0" enqueued="0" dynamicThreshold="9" maxThreshold="32" />
  <references type="weak" candidates="509" cleared="286" enqueued="286" />
  <references type="phantom" candidates="75" cleared="69" enqueued="69" />
  <object-monitors candidates="1" cleared="0"  />
</gc-op>
<gc-end id="570" type="scavenge" contextid="566" durationms="0.971" usertimems="2.896" systemtimems="0.205" stalltimems="2.689" timestamp="2022-10-25T12:52:43.488" activeThreads="6">
  <mem-info id="571" free="11299152" total="31391744" percent="35">
    <mem type="nursery" free="4006656" total="5636096" percent="71">
      <mem type="allocate" free="4006656" total="4521984" percent="88" />
      <mem type="survivor" free="0" total="1114112" percent="0" />
    </mem>
    <mem type="tenure" free="7292496" total="25755648" percent="28">
      <mem type="soa" free="6004304" total="24467456" percent="24" />
      <mem type="loa" free="1288192" total="1288192" percent="100" />
    </mem>
    <pending-finalizers system="0" default="0" reference="355" classloader="0" />
    <remembered-set count="1811" />
  </mem-info>
</gc-end>
<cycle-end id="572" type="scavenge" contextid="566" timestamp="2022-10-25T12:52:43.488" />
<allocation-satisfied id="573" threadId="0000000000025900" bytesRequested="3088" />
<af-end id="574" timestamp="2022-10-25T12:52:43.488" threadId="0000000000026348" success="true" from="nursery"/>
<exclusive-end id="575" timestamp="2022-10-25T12:52:43.488" durationms="1.147" />

<exclusive-start id="576" timestamp="2022-10-25T12:52:43.513" intervalms="25.770">
  <response-info timems="0.015" idlems="0.015" threads="0" lastid="0000000000025900" lastname="main" />
</exclusive-start>
<af-start id="577" threadId="0000000000026348" totalBytesRequested="8216" timestamp="2022-10-25T12:52:43.513" intervalms="25.770" type="nursery" />
<cycle-start id="578" type="scavenge" contextid="0" timestamp="2022-10-25T12:52:43.513" intervalms="25.757" />
<gc-start id="579" type="scavenge" contextid="578" timestamp="2022-10-25T12:52:43.513">
  <mem-info id="580" free="7266352" total="31391744" percent="23">
    <mem type="nursery" free="0" total="5636096" percent="0">
      <mem type="allocate" free="0" total="4521984" percent="0" />
      <mem type="survivor" free="0" total="1114112" percent="0" />
    </mem>
    <mem type="tenure" free="7266352" total="25755648" percent="28">
      <mem type="soa" free="5978160" total="24467456" percent="24" />
      <mem type="loa" free="1288192" total="1288192" percent="100" />
    </mem>
    <remembered-set count="2089" />
  </mem-info>
</gc-start>
<allocation-stats totalBytes="4029208" >
  <allocated-bytes non-tlh="435696" tlh="3593512" />
  <largest-consumer threadName="main" threadId="0000000000025900" bytes="4029208" />
</allocation-stats>
<gc-op id="581" type="scavenge" timems="0.671" contextid="578" timestamp="2022-10-25T12:52:43.514">
  <scavenger-info tenureage="3" tenuremask="7e08" tiltratio="80" />
  <memory-copied type="nursery" objects="6497" bytes="311144" bytesdiscarded="76120" />
  <memory-copied type="tenure" objects="3351" bytes="118984" bytesdiscarded="24" />
  <finalization candidates="2" enqueued="0" />
  <ownableSynchronizers candidates="24" cleared="10" />
  <references type="soft" candidates="42" cleared="0" enqueued="0" dynamicThreshold="9" maxThreshold="32" />
  <references type="weak" candidates="459" cleared="236" enqueued="236" />
  <references type="phantom" candidates="22" cleared="16" enqueued="16" />
  <object-monitors candidates="1" cleared="0"  />
</gc-op>
<gc-end id="582" type="scavenge" contextid="578" durationms="0.728" usertimems="2.208" systemtimems="0.131" stalltimems="2.022" timestamp="2022-10-25T12:52:43.514" activeThreads="6">
  <mem-info id="583" free="11373752" total="31391744" percent="36">
    <mem type="nursery" free="4264840" total="5636096" percent="75">
      <mem type="allocate" free="4264840" total="4653056" percent="91" />
      <mem type="survivor" free="0" total="983040" percent="0" />
    </mem>
    <mem type="tenure" free="7108912" total="25755648" percent="27">
      <mem type="soa" free="5820720" total="24467456" percent="23" />
      <mem type="loa" free="1288192" total="1288192" percent="100" />
    </mem>
    <pending-finalizers system="0" default="0" reference="252" classloader="0" />
    <remembered-set count="1178" />
  </mem-info>
</gc-end>
<cycle-end id="584" type="scavenge" contextid="578" timestamp="2022-10-25T12:52:43.514" />
<allocation-satisfied id="585" threadId="0000000000025900" bytesRequested="8216" />
<af-end id="586" timestamp="2022-10-25T12:52:43.514" threadId="0000000000026348" success="true" from="nursery"/>
<exclusive-end id="587" timestamp="2022-10-25T12:52:43.514" durationms="0.858" />

<exclusive-start id="588" timestamp="2022-10-25T12:52:43.537" intervalms="23.624">
  <response-info timems="0.011" idlems="0.011" threads="0" lastid="0000000000025900" lastname="main" />
</exclusive-start>
<af-start id="589" threadId="0000000000026348" totalBytesRequested="5712" timestamp="2022-10-25T12:52:43.537" intervalms="23.622" type="nursery" />
<cycle-start id="590" type="scavenge" contextid="0" timestamp="2022-10-25T12:52:43.537" intervalms="23.621" />
<gc-start id="591" type="scavenge" contextid="590" timestamp="2022-10-25T12:52:43.537">
  <mem-info id="592" free="7085632" total="31391744" percent="22">
    <mem type="nursery" free="0" total="5636096" percent="0">
      <mem type="allocate" free="0" total="4653056" percent="0" />
      <mem type="survivor" free="0" total="983040" percent="0" />
    </mem>
    <mem type="tenure" free="7085632" total="25755648" percent="27">
      <mem type="soa" free="5797440" total="24467456" percent="23" />
      <mem type="loa" free="1288192" total="1288192" percent="100" />
    </mem>
    <remembered-set count="1450" />
  </mem-info>
</gc-start>
<allocation-stats totalBytes="4266648" >
  <allocated-bytes non-tlh="96240" tlh="4170408" />
  <largest-consumer threadName="main" threadId="0000000000025900" bytes="4266648" />
</allocation-stats>
<gc-op id="593" type="scavenge" timems="0.865" contextid="590" timestamp="2022-10-25T12:52:43.538">
  <scavenger-info tenureage="3" tenuremask="7c08" tiltratio="82" />
  <memory-copied type="nursery" objects="6248" bytes="230448" bytesdiscarded="75160" />
  <memory-copied type="tenure" objects="1194" bytes="52808" bytesdiscarded="16" />
  <finalization candidates="2" enqueued="0" />
  <ownableSynchronizers candidates="31" cleared="16" />
  <references type="soft" candidates="30" cleared="0" enqueued="0" dynamicThreshold="9" maxThreshold="32" />
  <references type="weak" candidates="453" cleared="251" enqueued="251" />
  <references type="phantom" candidates="15" cleared="15" enqueued="15" />
  <object-monitors candidates="1" cleared="0"  />
</gc-op>
<gc-end id="594" type="scavenge" contextid="590" durationms="0.951" usertimems="2.570" systemtimems="0.183" stalltimems="2.402" timestamp="2022-10-25T12:52:43.538" activeThreads="5">
  <mem-info id="595" free="11492672" total="31391744" percent="36">
    <mem type="nursery" free="4477696" total="5636096" percent="79">
      <mem type="allocate" free="4477696" total="4784128" percent="93" />
      <mem type="survivor" free="0" total="851968" percent="0" />
    </mem>
    <mem type="tenure" free="7014976" total="25755648" percent="27">
      <mem type="soa" free="5726784" total="24467456" percent="23" />
      <mem type="loa" free="1288192" total="1288192" percent="100" />
    </mem>
    <pending-finalizers system="0" default="0" reference="266" classloader="0" />
    <remembered-set count="917" />
  </mem-info>
</gc-end>
<cycle-end id="596" type="scavenge" contextid="590" timestamp="2022-10-25T12:52:43.538" />
<allocation-satisfied id="597" threadId="0000000000025900" bytesRequested="5712" />
<af-end id="598" timestamp="2022-10-25T12:52:43.538" threadId="0000000000026348" success="true" from="nursery"/>
<exclusive-end id="599" timestamp="2022-10-25T12:52:43.538" durationms="1.077" />

<exclusive-start id="600" timestamp="2022-10-25T12:52:43.571" intervalms="34.500">
  <response-info timems="0.013" idlems="0.013" threads="0" lastid="0000000000025900" lastname="main" />
</exclusive-start>
<af-start id="601" threadId="0000000000026348" totalBytesRequested="7184" timestamp="2022-10-25T12:52:43.571" intervalms="34.495" type="nursery" />
<cycle-start id="602" type="scavenge" contextid="0" timestamp="2022-10-25T12:52:43.571" intervalms="34.495" />
<gc-start id="603" type="scavenge" contextid="602" timestamp="2022-10-25T12:52:43.571">
  <mem-info id="604" free="6930344" total="31391744" percent="22">
    <mem type="nursery" free="0" total="5636096" percent="0">
      <mem type="allocate" free="0" total="4784128" percent="0" />
      <mem type="survivor" free="0" total="851968" percent="0" />
    </mem>
    <mem type="tenure" free="6930344" total="25755648" percent="26">
      <mem type="soa" free="5642152" total="24467456" percent="23" />
      <mem type="loa" free="1288192" total="1288192" percent="100" />
    </mem>
    <remembered-set count="1686" />
  </mem-info>
</gc-start>
<allocation-stats totalBytes="4503664" >
  <allocated-bytes non-tlh="155896" tlh="4347768" />
  <largest-consumer threadName="main" threadId="0000000000025900" bytes="4503664" />
</allocation-stats>
<gc-op id="605" type="scavenge" timems="0.756" contextid="602" timestamp="2022-10-25T12:52:43.572">
  <scavenger-info tenureage="3" tenuremask="7808" tiltratio="84" />
  <memory-copied type="nursery" objects="9028" bytes="529144" bytesdiscarded="37032" />
  <memory-copied type="tenure" objects="2313" bytes="97208" bytesdiscarded="48" />
  <finalization candidates="41" enqueued="0" />
  <ownableSynchronizers candidates="22" cleared="2" />
  <references type="soft" candidates="69" cleared="0" enqueued="0" dynamicThreshold="9" maxThreshold="32" />
  <references type="weak" candidates="577" cleared="507" enqueued="507" />
  <references type="phantom" candidates="5" cleared="3" enqueued="3" />
  <object-monitors candidates="1" cleared="0"  />
</gc-op>
<gc-end id="606" type="scavenge" contextid="602" durationms="0.810" usertimems="2.084" systemtimems="0.000" stalltimems="1.276" timestamp="2022-10-25T12:52:43.572" activeThreads="4">
  <mem-info id="607" free="10769136" total="31391744" percent="34">
    <mem type="nursery" free="4020808" total="5636096" percent="71">
      <mem type="allocate" free="4020808" total="4587520" percent="87" />
      <mem type="survivor" free="0" total="1048576" percent="0" />
    </mem>
    <mem type="tenure" free="6748328" total="25755648" percent="26">
      <mem type="soa" free="5460136" total="24467456" percent="22" />
      <mem type="loa" free="1288192" total="1288192" percent="100" />
    </mem>
    <pending-finalizers system="0" default="0" reference="510" classloader="0" />
    <remembered-set count="1256" />
  </mem-info>
</gc-end>
<cycle-end id="608" type="scavenge" contextid="602" timestamp="2022-10-25T12:52:43.572" />
<allocation-satisfied id="609" threadId="0000000000025900" bytesRequested="7184" />
<af-end id="610" timestamp="2022-10-25T12:52:43.572" threadId="0000000000026348" success="true" from="nursery"/>
<exclusive-end id="611" timestamp="2022-10-25T12:52:43.572" durationms="0.926" />

<exclusive-start id="612" timestamp="2022-10-25T12:52:43.610" intervalms="38.701">
  <response-info timems="0.017" idlems="0.017" threads="0" lastid="0000000000025900" lastname="main" />
</exclusive-start>
<af-start id="613" threadId="0000000000026348" totalBytesRequested="1040" timestamp="2022-10-25T12:52:43.610" intervalms="38.713" type="nursery" />
<cycle-start id="614" type="scavenge" contextid="0" timestamp="2022-10-25T12:52:43.610" intervalms="38.715" />
<gc-start id="615" type="scavenge" contextid="614" timestamp="2022-10-25T12:52:43.610">
  <mem-info id="616" free="6673056" total="31391744" percent="21">
    <mem type="nursery" free="0" total="5636096" percent="0">
      <mem type="allocate" free="0" total="4587520" percent="0" />
      <mem type="survivor" free="0" total="1048576" percent="0" />
    </mem>
    <mem type="tenure" free="6673056" total="25755648" percent="25">
      <mem type="soa" free="5384864" total="24467456" percent="22" />
      <mem type="loa" free="1288192" total="1288192" percent="100" />
    </mem>
    <remembered-set count="2091" />
  </mem-info>
</gc-start>
<allocation-stats totalBytes="4076656" >
  <allocated-bytes non-tlh="82456" tlh="3994200" />
  <largest-consumer threadName="main" threadId="0000000000025900" bytes="3953712" />
</allocation-stats>
<gc-op id="617" type="scavenge" timems="0.797" contextid="614" timestamp="2022-10-25T12:52:43.611">
  <scavenger-info tenureage="11" tenuremask="7800" tiltratio="81" />
  <memory-copied type="nursery" objects="15275" bytes="898824" bytesdiscarded="37816" />
  <finalization candidates="113" enqueued="0" />
  <ownableSynchronizers candidates="39" cleared="4" />
  <references type="soft" candidates="203" cleared="0" enqueued="0" dynamicThreshold="9" maxThreshold="32" />
  <references type="weak" candidates="505" cleared="347" enqueued="347" />
  <references type="phantom" candidates="26" cleared="23" enqueued="23" />
  <object-monitors candidates="2" cleared="0"  />
</gc-op>
<gc-end id="618" type="scavenge" contextid="614" durationms="0.855" usertimems="4.180" systemtimems="0.000" stalltimems="0.524" timestamp="2022-10-25T12:52:43.611" activeThreads="4">
  <mem-info id="619" free="9863840" total="31391744" percent="31">
    <mem type="nursery" free="3190784" total="5636096" percent="56">
      <mem type="allocate" free="3190784" total="4128768" percent="77" />
      <mem type="survivor" free="0" total="1507328" percent="0" />
    </mem>
    <mem type="tenure" free="6673056" total="25755648" percent="25">
      <mem type="soa" free="5384864" total="24467456" percent="22" />
      <mem type="loa" free="1288192" total="1288192" percent="100" />
    </mem>
    <pending-finalizers system="0" default="0" reference="370" classloader="0" />
    <remembered-set count="1919" />
  </mem-info>
</gc-end>
<cycle-end id="620" type="scavenge" contextid="614" timestamp="2022-10-25T12:52:43.611" />
<allocation-satisfied id="621" threadId="0000000000025900" bytesRequested="1040" />
<af-end id="622" timestamp="2022-10-25T12:52:43.611" threadId="0000000000026348" success="true" from="nursery"/>
<exclusive-end id="623" timestamp="2022-10-25T12:52:43.611" durationms="1.007" />

<exclusive-start id="624" timestamp="2022-10-25T12:52:43.635" intervalms="25.472">
  <response-info timems="0.013" idlems="0.013" threads="0" lastid="0000000000025900" lastname="main" />
</exclusive-start>
<af-start id="625" threadId="0000000000026348" totalBytesRequested="40912" timestamp="2022-10-25T12:52:43.635" intervalms="25.487" type="nursery" />
<cycle-start id="626" type="scavenge" contextid="0" timestamp="2022-10-25T12:52:43.635" intervalms="25.488" />
<gc-start id="627" type="scavenge" contextid="626" timestamp="2022-10-25T12:52:43.635">
  <mem-info id="628" free="6634160" total="31391744" percent="21">
    <mem type="nursery" free="0" total="5636096" percent="0">
      <mem type="allocate" free="0" total="4128768" percent="0" />
      <mem type="survivor" free="0" total="1507328" percent="0" />
    </mem>
    <mem type="tenure" free="6634160" total="25755648" percent="25">
      <mem type="soa" free="5345968" total="24467456" percent="21" />
      <mem type="loa" free="1288192" total="1288192" percent="100" />
    </mem>
    <remembered-set count="2311" />
  </mem-info>
</gc-start>
<allocation-stats totalBytes="3175544" >
  <allocated-bytes non-tlh="194400" tlh="2981144" />
  <largest-consumer threadName="main" threadId="0000000000025900" bytes="3175544" />
</allocation-stats>
<gc-op id="629" type="scavenge" timems="0.763" contextid="626" timestamp="2022-10-25T12:52:43.636">
  <scavenger-info tenureage="11" tenuremask="7800" tiltratio="73" />
  <memory-copied type="nursery" objects="16101" bytes="1008648" bytesdiscarded="185312" />
  <finalization candidates="113" enqueued="0" />
  <ownableSynchronizers candidates="49" cleared="0" />
  <references type="soft" candidates="225" cleared="0" enqueued="0" dynamicThreshold="9" maxThreshold="32" />
  <references type="weak" candidates="465" cleared="258" enqueued="258" />
  <references type="phantom" candidates="15" cleared="12" enqueued="12" />
  <object-monitors candidates="2" cleared="0"  />
</gc-op>
<gc-end id="630" type="scavenge" contextid="626" durationms="0.825" usertimems="2.855" systemtimems="0.000" stalltimems="1.021" timestamp="2022-10-25T12:52:43.636" activeThreads="5">
  <mem-info id="631" free="9633208" total="31391744" percent="30">
    <mem type="nursery" free="2999048" total="5636096" percent="53">
      <mem type="allocate" free="2999048" total="4194304" percent="71" />
      <mem type="survivor" free="0" total="1441792" percent="0" />
    </mem>
    <mem type="tenure" free="6634160" total="25755648" percent="25">
      <mem type="soa" free="5345968" total="24467456" percent="21" />
      <mem type="loa" free="1288192" total="1288192" percent="100" />
    </mem>
    <pending-finalizers system="0" default="0" reference="270" classloader="0" />
    <remembered-set count="1814" />
  </mem-info>
</gc-end>
<cycle-end id="632" type="scavenge" contextid="626" timestamp="2022-10-25T12:52:43.636" />
<allocation-satisfied id="633" threadId="0000000000025900" bytesRequested="40912" />
<af-end id="634" timestamp="2022-10-25T12:52:43.636" threadId="0000000000026348" success="true" from="nursery"/>
<exclusive-end id="635" timestamp="2022-10-25T12:52:43.636" durationms="1.002" />

<exclusive-start id="636" timestamp="2022-10-25T12:52:43.663" intervalms="28.241">
  <response-info timems="0.014" idlems="0.014" threads="0" lastid="0000000000025900" lastname="main" />
</exclusive-start>
<af-start id="637" threadId="0000000000026348" totalBytesRequested="1040" timestamp="2022-10-25T12:52:43.664" intervalms="28.234" type="nursery" />
<cycle-start id="638" type="scavenge" contextid="0" timestamp="2022-10-25T12:52:43.664" intervalms="28.234" />
<gc-start id="639" type="scavenge" contextid="638" timestamp="2022-10-25T12:52:43.664">
  <mem-info id="640" free="6599728" total="31391744" percent="21">
    <mem type="nursery" free="0" total="5636096" percent="0">
      <mem type="allocate" free="0" total="4194304" percent="0" />
      <mem type="survivor" free="0" total="1441792" percent="0" />
    </mem>
    <mem type="tenure" free="6599728" total="25755648" percent="25">
      <mem type="soa" free="5311536" total="24467456" percent="21" />
      <mem type="loa" free="1288192" total="1288192" percent="100" />
    </mem>
    <remembered-set count="2208" />
  </mem-info>
</gc-start>
<allocation-stats totalBytes="3003816" >
  <allocated-bytes non-tlh="411648" tlh="2592168" />
  <largest-consumer threadName="main" threadId="0000000000025900" bytes="3003816" />
</allocation-stats>
<gc-op id="641" type="scavenge" timems="1.147" contextid="638" timestamp="2022-10-25T12:52:43.665">
  <scavenger-info tenureage="3" tenuremask="7818" tiltratio="74" />
  <memory-copied type="nursery" objects="11206" bytes="582592" bytesdiscarded="88760" />
  <memory-copied type="tenure" objects="6331" bytes="410248" bytesdiscarded="720" />
  <finalization candidates="115" enqueued="0" />
  <ownableSynchronizers candidates="78" cleared="0" />
  <references type="soft" candidates="163" cleared="0" enqueued="0" dynamicThreshold="9" maxThreshold="32" />
  <references type="weak" candidates="404" cleared="167" enqueued="167" />
  <references type="phantom" candidates="38" cleared="35" enqueued="35" />
  <object-monitors candidates="3" cleared="0"  />
</gc-op>
<gc-end id="642" type="scavenge" contextid="638" durationms="1.211" usertimems="4.803" systemtimems="0.000" stalltimems="3.745" timestamp="2022-10-25T12:52:43.665" activeThreads="6">
  <mem-info id="643" free="9735144" total="31391744" percent="31">
    <mem type="nursery" free="3587296" total="5636096" percent="63">
      <mem type="allocate" free="3587296" total="4259840" percent="84" />
      <mem type="survivor" free="0" total="1376256" percent="0" />
    </mem>
    <mem type="tenure" free="6147848" total="25755648" percent="23">
      <mem type="soa" free="4859656" total="24467456" percent="19" />
      <mem type="loa" free="1288192" total="1288192" percent="100" />
    </mem>
    <pending-finalizers system="0" default="0" reference="202" classloader="0" />
    <remembered-set count="1258" />
  </mem-info>
</gc-end>
<cycle-end id="644" type="scavenge" contextid="638" timestamp="2022-10-25T12:52:43.665" />
<allocation-satisfied id="645" threadId="0000000000025900" bytesRequested="1040" />
<af-end id="646" timestamp="2022-10-25T12:52:43.665" threadId="0000000000026348" success="true" from="nursery"/>
<exclusive-end id="647" timestamp="2022-10-25T12:52:43.665" durationms="1.361" />

<exclusive-start id="648" timestamp="2022-10-25T12:52:43.698" intervalms="34.236">
  <response-info timems="0.014" idlems="0.014" threads="0" lastid="0000000000025900" lastname="main" />
</exclusive-start>
<af-start id="649" threadId="0000000000026348" totalBytesRequested="39384" timestamp="2022-10-25T12:52:43.698" intervalms="34.228" type="nursery" />
<cycle-start id="650" type="scavenge" contextid="0" timestamp="2022-10-25T12:52:43.698" intervalms="34.231" />
<gc-start id="651" type="scavenge" contextid="650" timestamp="2022-10-25T12:52:43.698">
  <mem-info id="652" free="6107152" total="31391744" percent="19">
    <mem type="nursery" free="0" total="5636096" percent="0">
      <mem type="allocate" free="0" total="4259840" percent="0" />
      <mem type="survivor" free="0" total="1376256" percent="0" />
    </mem>
    <mem type="tenure" free="6107152" total="25755648" percent="23">
      <mem type="soa" free="4818960" total="24467456" percent="19" />
      <mem type="loa" free="1288192" total="1288192" percent="100" />
    </mem>
    <remembered-set count="1736" />
  </mem-info>
</gc-start>
<allocation-stats totalBytes="3528168" >
  <allocated-bytes non-tlh="41736" tlh="3486432" />
  <largest-consumer threadName="main" threadId="0000000000025900" bytes="3282728" />
</allocation-stats>
<gc-op id="653" type="scavenge" timems="0.876" contextid="650" timestamp="2022-10-25T12:52:43.699">
  <scavenger-info tenureage="3" tenuremask="7808" tiltratio="75" />
  <memory-copied type="nursery" objects="5981" bytes="239168" bytesdiscarded="115544" />
  <memory-copied type="tenure" objects="6733" bytes="405136" bytesdiscarded="752" />
  <finalization candidates="75" enqueued="0" />
  <ownableSynchronizers candidates="73" cleared="2" />
  <references type="soft" candidates="47" cleared="0" enqueued="0" dynamicThreshold="9" maxThreshold="32" />
  <references type="weak" candidates="442" cleared="238" enqueued="238" />
  <references type="phantom" candidates="30" cleared="25" enqueued="25" />
  <object-monitors candidates="8" cleared="5"  />
</gc-op>
<gc-end id="654" type="scavenge" contextid="650" durationms="0.947" usertimems="3.058" systemtimems="0.000" stalltimems="1.636" timestamp="2022-10-25T12:52:43.699" activeThreads="5">
  <mem-info id="655" free="9731816" total="31391744" percent="31">
    <mem type="nursery" free="4035328" total="5636096" percent="71">
      <mem type="allocate" free="4035328" total="4390912" percent="91" />
      <mem type="survivor" free="0" total="1245184" percent="0" />
    </mem>
    <mem type="tenure" free="5696488" total="25755648" percent="22">
      <mem type="soa" free="4408296" total="24467456" percent="18" />
      <mem type="loa" free="1288192" total="1288192" percent="100" />
    </mem>
    <pending-finalizers system="0" default="0" reference="263" classloader="0" />
    <remembered-set count="1260" />
  </mem-info>
</gc-end>
<cycle-end id="656" type="scavenge" contextid="650" timestamp="2022-10-25T12:52:43.699" />
<allocation-satisfied id="657" threadId="0000000000025900" bytesRequested="39384" />
<af-end id="658" timestamp="2022-10-25T12:52:43.699" threadId="0000000000026348" success="true" from="nursery"/>
<exclusive-end id="659" timestamp="2022-10-25T12:52:43.699" durationms="1.131" />

<exclusive-start id="660" timestamp="2022-10-25T12:52:43.739" intervalms="41.668">
  <response-info timems="0.013" idlems="0.013" threads="0" lastid="0000000000025900" lastname="main" />
</exclusive-start>
<af-start id="661" threadId="0000000000026348" totalBytesRequested="8208" timestamp="2022-10-25T12:52:43.739" intervalms="41.679" type="nursery" />
<cycle-start id="662" type="scavenge" contextid="0" timestamp="2022-10-25T12:52:43.739" intervalms="41.675" />
<gc-start id="663" type="scavenge" contextid="662" timestamp="2022-10-25T12:52:43.739">
  <mem-info id="664" free="5612864" total="31391744" percent="17">
    <mem type="nursery" free="0" total="5636096" percent="0">
      <mem type="allocate" free="0" total="4390912" percent="0" />
      <mem type="survivor" free="0" total="1245184" percent="0" />
    </mem>
    <mem type="tenure" free="5612864" total="25755648" percent="21">
      <mem type="soa" free="4324672" total="24467456" percent="17" />
      <mem type="loa" free="1288192" total="1288192" percent="100" />
    </mem>
    <remembered-set count="2246" />
  </mem-info>
</gc-start>
<allocation-stats totalBytes="4070680" >
  <allocated-bytes non-tlh="162392" tlh="3908288" />
  <largest-consumer threadName="main" threadId="0000000000025900" bytes="4070680" />
</allocation-stats>
<gc-op id="665" type="scavenge" timems="0.552" contextid="662" timestamp="2022-10-25T12:52:43.740">
  <scavenger-info tenureage="7" tenuremask="7080" tiltratio="77" />
  <memory-copied type="nursery" objects="9928" bytes="504320" bytesdiscarded="76360" />
  <memory-copied type="tenure" objects="1085" bytes="37856" bytesdiscarded="24" />
  <finalization candidates="3" enqueued="0" />
  <ownableSynchronizers candidates="54" cleared="0" />
  <references type="soft" candidates="57" cleared="0" enqueued="0" dynamicThreshold="9" maxThreshold="32" />
  <references type="weak" candidates="522" cleared="307" enqueued="307" />
  <references type="phantom" candidates="25" cleared="20" enqueued="20" />
  <object-monitors candidates="3" cleared="0"  />
</gc-op>
<gc-end id="666" type="scavenge" contextid="662" durationms="0.642" usertimems="2.162" systemtimems="0.145" stalltimems="0.725" timestamp="2022-10-25T12:52:43.740" activeThreads="5">
  <mem-info id="667" free="9351312" total="31391744" percent="29">
    <mem type="nursery" free="3804496" total="5636096" percent="67">
      <mem type="allocate" free="3804496" total="4390912" percent="86" />
      <mem type="survivor" free="0" total="1245184" percent="0" />
    </mem>
    <mem type="tenure" free="5546816" total="25755648" percent="21">
      <mem type="soa" free="4258624" total="24467456" percent="17" />
      <mem type="loa" free="1288192" total="1288192" percent="100" />
    </mem>
    <pending-finalizers system="0" default="0" reference="327" classloader="0" />
    <remembered-set count="1888" />
  </mem-info>
</gc-end>
<cycle-end id="668" type="scavenge" contextid="662" timestamp="2022-10-25T12:52:43.740" />
<allocation-satisfied id="669" threadId="0000000000025900" bytesRequested="8208" />
<af-end id="670" timestamp="2022-10-25T12:52:43.740" threadId="0000000000026348" success="true" from="nursery"/>
<exclusive-end id="671" timestamp="2022-10-25T12:52:43.740" durationms="0.804" />

<exclusive-start id="672" timestamp="2022-10-25T12:52:43.779" intervalms="39.494">
  <response-info timems="0.019" idlems="0.019" threads="0" lastid="0000000000025900" lastname="main" />
</exclusive-start>
<af-start id="673" threadId="0000000000026348" totalBytesRequested="16" timestamp="2022-10-25T12:52:43.779" intervalms="39.491" type="nursery" />
<cycle-start id="674" type="scavenge" contextid="0" timestamp="2022-10-25T12:52:43.779" intervalms="39.504" />
<gc-start id="675" type="scavenge" contextid="674" timestamp="2022-10-25T12:52:43.779">
  <mem-info id="676" free="5475352" total="31391744" percent="17">
    <mem type="nursery" free="0" total="5636096" percent="0">
      <mem type="allocate" free="0" total="4390912" percent="0" />
      <mem type="survivor" free="0" total="1245184" percent="0" />
    </mem>
    <mem type="tenure" free="5475352" total="25755648" percent="21">
      <mem type="soa" free="4187160" total="24467456" percent="17" />
      <mem type="loa" free="1288192" total="1288192" percent="100" />
    </mem>
    <remembered-set count="2689" />
  </mem-info>
</gc-start>
<allocation-stats totalBytes="3870672" >
  <allocated-bytes non-tlh="79672" tlh="3791000" />
  <largest-consumer threadName="main" threadId="0000000000025900" bytes="3766256" />
</allocation-stats>
<gc-op id="677" type="scavenge" timems="0.895" contextid="674" timestamp="2022-10-25T12:52:43.780">
  <scavenger-info tenureage="4" tenuremask="7010" tiltratio="77" />
  <memory-copied type="nursery" objects="15253" bytes="1039720" bytesdiscarded="47368" />
  <memory-copied type="tenure" objects="1131" bytes="49184" bytesdiscarded="672" />
  <finalization candidates="2" enqueued="0" />
  <ownableSynchronizers candidates="69" cleared="18" />
  <references type="soft" candidates="58" cleared="0" enqueued="0" dynamicThreshold="9" maxThreshold="32" />
  <references type="weak" candidates="540" cleared="285" enqueued="285" />
  <references type="phantom" candidates="31" cleared="26" enqueued="26" />
  <object-monitors candidates="3" cleared="0"  />
</gc-op>
<gc-end id="678" type="scavenge" contextid="674" durationms="0.964" usertimems="3.497" systemtimems="0.235" stalltimems="1.236" timestamp="2022-10-25T12:52:43.780" activeThreads="5">
  <mem-info id="679" free="8140512" total="31391744" percent="25">
    <mem type="nursery" free="2706632" total="5636096" percent="48">
      <mem type="allocate" free="2706632" total="3801088" percent="71" />
      <mem type="survivor" free="0" total="1835008" percent="0" />
    </mem>
    <mem type="tenure" free="5433880" total="25755648" percent="21">
      <mem type="soa" free="4145688" total="24467456" percent="16" />
      <mem type="loa" free="1288192" total="1288192" percent="100" />
    </mem>
    <pending-finalizers system="0" default="0" reference="311" classloader="0" />
    <remembered-set count="2280" />
  </mem-info>
</gc-end>
<cycle-end id="680" type="scavenge" contextid="674" timestamp="2022-10-25T12:52:43.780" />
<allocation-satisfied id="681" threadId="0000000000025900" bytesRequested="16" />
<af-end id="682" timestamp="2022-10-25T12:52:43.780" threadId="0000000000026348" success="true" from="nursery"/>
<exclusive-end id="683" timestamp="2022-10-25T12:52:43.780" durationms="1.139" />

<exclusive-start id="684" timestamp="2022-10-25T12:52:43.797" intervalms="17.665">
  <response-info timems="0.019" idlems="0.019" threads="0" lastid="0000000000025900" lastname="main" />
</exclusive-start>
<af-start id="685" threadId="0000000000026348" totalBytesRequested="64" timestamp="2022-10-25T12:52:43.797" intervalms="17.659" type="nursery" />
<cycle-start id="686" type="scavenge" contextid="0" timestamp="2022-10-25T12:52:43.797" intervalms="17.648" />
<gc-start id="687" type="scavenge" contextid="686" timestamp="2022-10-25T12:52:43.797">
  <mem-info id="688" free="5426128" total="31391744" percent="17">
    <mem type="nursery" free="0" total="5636096" percent="0">
      <mem type="allocate" free="0" total="3801088" percent="0" />
      <mem type="survivor" free="0" total="1835008" percent="0" />
    </mem>
    <mem type="tenure" free="5426128" total="25755648" percent="21">
      <mem type="soa" free="4137936" total="24467456" percent="16" />
      <mem type="loa" free="1288192" total="1288192" percent="100" />
    </mem>
    <remembered-set count="2395" />
  </mem-info>
</gc-start>
<allocation-stats totalBytes="2713352" >
  <allocated-bytes non-tlh="7768" tlh="2705584" />
  <largest-consumer threadName="main" threadId="0000000000025900" bytes="2713352" />
</allocation-stats>
<gc-op id="689" type="scavenge" timems="0.961" contextid="686" timestamp="2022-10-25T12:52:43.798">
  <scavenger-info tenureage="4" tenuremask="7010" tiltratio="67" />
  <memory-copied type="nursery" objects="24341" bytes="1783232" bytesdiscarded="43848" />
  <memory-copied type="tenure" objects="1700" bytes="69440" bytesdiscarded="40" />
  <copy-failed type="nursery" objects="81" bytes="5336" />
  <finalization candidates="4" enqueued="0" />
  <ownableSynchronizers candidates="43" cleared="6" />
  <references type="soft" candidates="53" cleared="0" enqueued="0" dynamicThreshold="9" maxThreshold="32" />
  <references type="weak" candidates="282" cleared="81" enqueued="81" />
  <references type="phantom" candidates="11" cleared="8" enqueued="8" />
  <object-monitors candidates="3" cleared="0"  />
</gc-op>
<gc-end id="690" type="scavenge" contextid="686" durationms="1.022" usertimems="3.823" systemtimems="0.254" stalltimems="2.217" timestamp="2022-10-25T12:52:43.798" activeThreads="6">
  <mem-info id="691" free="6295504" total="31391744" percent="20">
    <mem type="nursery" free="983040" total="5636096" percent="17">
      <mem type="allocate" free="983040" total="2818048" percent="34" />
      <mem type="survivor" free="0" total="2818048" percent="0" />
    </mem>
    <mem type="tenure" free="5312464" total="25755648" percent="20">
      <mem type="soa" free="4024272" total="24467456" percent="16" />
      <mem type="loa" free="1288192" total="1288192" percent="100" />
    </mem>
    <pending-finalizers system="0" default="0" reference="89" classloader="0" />
    <remembered-set count="1533" />
  </mem-info>
</gc-end>
<cycle-end id="692" type="scavenge" contextid="686" timestamp="2022-10-25T12:52:43.798" />
<allocation-satisfied id="693" threadId="0000000000025900" bytesRequested="64" />
<af-end id="694" timestamp="2022-10-25T12:52:43.798" threadId="0000000000026348" success="true" from="nursery"/>
<exclusive-end id="695" timestamp="2022-10-25T12:52:43.798" durationms="1.178" />

<exclusive-start id="696" timestamp="2022-10-25T12:52:43.802" intervalms="5.286">
  <response-info timems="0.015" idlems="0.015" threads="0" lastid="0000000000025900" lastname="main" />
</exclusive-start>
<af-start id="697" threadId="0000000000026348" totalBytesRequested="2160" timestamp="2022-10-25T12:52:43.802" intervalms="5.271" type="nursery" />
<cycle-start id="698" type="scavenge" contextid="0" timestamp="2022-10-25T12:52:43.802" intervalms="5.268" />
<gc-start id="699" type="scavenge" contextid="698" timestamp="2022-10-25T12:52:43.802">
  <mem-info id="700" free="5312464" total="31391744" percent="16">
    <mem type="nursery" free="0" total="5636096" percent="0">
      <mem type="allocate" free="0" total="2818048" percent="0" />
      <mem type="survivor" free="0" total="2818048" percent="0" />
    </mem>
    <mem type="tenure" free="5312464" total="25755648" percent="20">
      <mem type="soa" free="4024272" total="24467456" percent="16" />
      <mem type="loa" free="1288192" total="1288192" percent="100" />
    </mem>
    <remembered-set count="1546" />
  </mem-info>
</gc-start>
<allocation-stats totalBytes="976312" >
  <allocated-bytes non-tlh="64" tlh="976248" />
  <largest-consumer threadName="main" threadId="0000000000025900" bytes="976312" />
</allocation-stats>
<gc-op id="701" type="scavenge" timems="0.704" contextid="698" timestamp="2022-10-25T12:52:43.803">
  <scavenger-info tenureage="3" tenuremask="7818" tiltratio="50" />
  <memory-copied type="nursery" objects="12224" bytes="1163416" bytesdiscarded="57896" />
  <memory-copied type="tenure" objects="6067" bytes="348496" bytesdiscarded="328" />
  <finalization candidates="2" enqueued="0" />
  <ownableSynchronizers candidates="16" cleared="8" />
  <references type="soft" candidates="23" cleared="0" enqueued="0" dynamicThreshold="9" maxThreshold="32" />
  <references type="weak" candidates="169" cleared="70" enqueued="70" />
  <references type="phantom" candidates="1" cleared="0" enqueued="0" />
  <object-monitors candidates="3" cleared="0"  />
</gc-op>
<heap-resize id="702" type="expand" space="nursery" amount="524288" count="1" timems="0.014" reason="excessive time being spent scavenging" timestamp="2022-10-25T12:52:43.803" />
<gc-end id="703" type="scavenge" contextid="698" durationms="0.771" usertimems="3.143" systemtimems="0.000" stalltimems="1.436" timestamp="2022-10-25T12:52:43.803" activeThreads="6">
  <mem-info id="704" free="6743400" total="31916032" percent="21">
    <mem type="nursery" free="1856056" total="6160384" percent="30">
      <mem type="allocate" free="1856056" total="3080192" percent="60" />
      <mem type="survivor" free="0" total="3080192" percent="0" />
    </mem>
    <mem type="tenure" free="4887344" total="25755648" percent="18">
      <mem type="soa" free="3599152" total="24467456" percent="14" />
      <mem type="loa" free="1288192" total="1288192" percent="100" />
    </mem>
    <pending-finalizers system="0" default="0" reference="70" classloader="0" />
    <remembered-set count="882" />
  </mem-info>
</gc-end>
<cycle-end id="705" type="scavenge" contextid="698" timestamp="2022-10-25T12:52:43.803" />
<allocation-satisfied id="706" threadId="0000000000025900" bytesRequested="2160" />
<af-end id="707" timestamp="2022-10-25T12:52:43.803" threadId="0000000000026348" success="true" from="nursery"/>
<exclusive-end id="708" timestamp="2022-10-25T12:52:43.803" durationms="0.881" />

<exclusive-start id="709" timestamp="2022-10-25T12:52:43.810" intervalms="8.355">
  <response-info timems="0.014" idlems="0.014" threads="0" lastid="0000000000025900" lastname="main" />
</exclusive-start>
<af-start id="710" threadId="0000000000026348" totalBytesRequested="1040" timestamp="2022-10-25T12:52:43.810" intervalms="8.355" type="nursery" />
<cycle-start id="711" type="scavenge" contextid="0" timestamp="2022-10-25T12:52:43.810" intervalms="8.360" />
<gc-start id="712" type="scavenge" contextid="711" timestamp="2022-10-25T12:52:43.810">
  <mem-info id="713" free="4885920" total="31916032" percent="15">
    <mem type="nursery" free="0" total="6160384" percent="0">
      <mem type="allocate" free="0" total="3080192" percent="0" />
      <mem type="survivor" free="0" total="3080192" percent="0" />
    </mem>
    <mem type="tenure" free="4885920" total="25755648" percent="18">
      <mem type="soa" free="3597728" total="24467456" percent="14" />
      <mem type="loa" free="1288192" total="1288192" percent="100" />
    </mem>
    <remembered-set count="922" />
  </mem-info>
</gc-start>
<allocation-stats totalBytes="1856384" >
  <allocated-bytes non-tlh="3584" tlh="1852800" />
  <largest-consumer threadName="main" threadId="0000000000025900" bytes="1856384" />
</allocation-stats>
<gc-op id="714" type="scavenge" timems="0.817" contextid="711" timestamp="2022-10-25T12:52:43.811">
  <scavenger-info tenureage="3" tenuremask="7c08" tiltratio="50" />
  <memory-copied type="nursery" objects="5523" bytes="430664" bytesdiscarded="183456" />
  <memory-copied type="tenure" objects="6468" bytes="578280" bytesdiscarded="2184" />
  <finalization candidates="2" enqueued="0" />
  <ownableSynchronizers candidates="17" cleared="12" />
  <references type="soft" candidates="1" cleared="0" enqueued="0" dynamicThreshold="9" maxThreshold="32" />
  <references type="weak" candidates="128" cleared="112" enqueued="112" />
  <references type="phantom" candidates="3" cleared="3" enqueued="3" />
  <object-monitors candidates="3" cleared="0"  />
</gc-op>
<heap-resize id="715" type="expand" space="nursery" amount="393216" count="1" timems="0.036" reason="excessive time being spent scavenging" timestamp="2022-10-25T12:52:43.811" />
<gc-end id="716" type="scavenge" contextid="711" durationms="0.913" usertimems="3.770" systemtimems="0.000" stalltimems="2.401" timestamp="2022-10-25T12:52:43.811" activeThreads="7">
  <mem-info id="717" free="7313552" total="32309248" percent="22">
    <mem type="nursery" free="3054928" total="6553600" percent="46">
      <mem type="allocate" free="3054928" total="3670016" percent="83" />
      <mem type="survivor" free="0" total="2883584" percent="0" />
    </mem>
    <mem type="tenure" free="4258624" total="25755648" percent="16">
      <mem type="soa" free="2970432" total="24467456" percent="12" />
      <mem type="loa" free="1288192" total="1288192" percent="100" />
    </mem>
    <pending-finalizers system="0" default="0" reference="115" classloader="0" />
    <remembered-set count="562" />
  </mem-info>
</gc-end>
<cycle-end id="718" type="scavenge" contextid="711" timestamp="2022-10-25T12:52:43.811" />
<allocation-satisfied id="719" threadId="0000000000025900" bytesRequested="1040" />
<af-end id="720" timestamp="2022-10-25T12:52:43.811" threadId="0000000000026348" success="true" from="nursery"/>
<exclusive-end id="721" timestamp="2022-10-25T12:52:43.811" durationms="1.030" />

<exclusive-start id="722" timestamp="2022-10-25T12:52:43.832" intervalms="21.829">
  <response-info timems="0.021" idlems="0.021" threads="0" lastid="0000000000025900" lastname="main" />
</exclusive-start>
<af-start id="723" threadId="0000000000026348" totalBytesRequested="224" timestamp="2022-10-25T12:52:43.832" intervalms="21.852" type="nursery" />
<cycle-start id="724" type="scavenge" contextid="0" timestamp="2022-10-25T12:52:43.832" intervalms="21.851" />
<gc-start id="725" type="scavenge" contextid="724" timestamp="2022-10-25T12:52:43.832">
  <mem-info id="726" free="4220240" total="32309248" percent="13">
    <mem type="nursery" free="0" total="6553600" percent="0">
      <mem type="allocate" free="0" total="3670016" percent="0" />
      <mem type="survivor" free="0" total="2883584" percent="0" />
    </mem>
    <mem type="tenure" free="4220240" total="25755648" percent="16">
      <mem type="soa" free="2932048" total="24467456" percent="11" />
      <mem type="loa" free="1288192" total="1288192" percent="100" />
    </mem>
    <remembered-set count="1054" />
  </mem-info>
</gc-start>
<allocation-stats totalBytes="3082752" >
  <allocated-bytes non-tlh="260592" tlh="2822160" />
  <largest-consumer threadName="main" threadId="0000000000025900" bytes="1775056" />
</allocation-stats>
<gc-op id="727" type="scavenge" timems="0.571" contextid="724" timestamp="2022-10-25T12:52:43.833">
  <scavenger-info tenureage="10" tenuremask="7c00" tiltratio="56" />
  <memory-copied type="nursery" objects="7782" bytes="520640" bytesdiscarded="89168" />
  <finalization candidates="3" enqueued="0" />
  <ownableSynchronizers candidates="16" cleared="0" />
  <references type="soft" candidates="13" cleared="0" enqueued="0" dynamicThreshold="9" maxThreshold="32" />
  <references type="weak" candidates="322" cleared="206" enqueued="206" />
  <references type="phantom" candidates="51" cleared="48" enqueued="48" />
  <object-monitors candidates="6" cleared="1"  />
</gc-op>
<gc-end id="728" type="scavenge" contextid="724" durationms="0.660" usertimems="2.527" systemtimems="0.169" stalltimems="1.740" timestamp="2022-10-25T12:52:43.833" activeThreads="7">
  <mem-info id="729" free="7868592" total="32309248" percent="24">
    <mem type="nursery" free="3648352" total="6553600" percent="55">
      <mem type="allocate" free="3648352" total="4259840" percent="85" />
      <mem type="survivor" free="0" total="2293760" percent="0" />
    </mem>
    <mem type="tenure" free="4220240" total="25755648" percent="16">
      <mem type="soa" free="2932048" total="24467456" percent="11" />
      <mem type="loa" free="1288192" total="1288192" percent="100" />
    </mem>
    <pending-finalizers system="0" default="0" reference="254" classloader="0" />
    <remembered-set count="1035" />
  </mem-info>
</gc-end>
<cycle-end id="730" type="scavenge" contextid="724" timestamp="2022-10-25T12:52:43.833" />
<allocation-satisfied id="731" threadId="0000000000025900" bytesRequested="224" />
<af-end id="732" timestamp="2022-10-25T12:52:43.833" threadId="0000000000026348" success="true" from="nursery"/>
<exclusive-end id="733" timestamp="2022-10-25T12:52:43.833" durationms="0.818" />

<exclusive-start id="734" timestamp="2022-10-25T12:52:43.887" intervalms="55.361">
  <response-info timems="0.021" idlems="0.021" threads="0" lastid="0000000000E82300" lastname="executor-heartbeater" />
</exclusive-start>
<af-start id="735" threadId="0000000000E82D48" totalBytesRequested="24" timestamp="2022-10-25T12:52:43.887" intervalms="55.391" type="nursery" />
<cycle-start id="736" type="scavenge" contextid="0" timestamp="2022-10-25T12:52:43.887" intervalms="55.394" />
<gc-start id="737" type="scavenge" contextid="736" timestamp="2022-10-25T12:52:43.888">
  <mem-info id="738" free="4125136" total="32309248" percent="12">
    <mem type="nursery" free="0" total="6553600" percent="0">
      <mem type="allocate" free="0" total="4259840" percent="0" />
      <mem type="survivor" free="0" total="2293760" percent="0" />
    </mem>
    <mem type="tenure" free="4125136" total="25755648" percent="16">
      <mem type="soa" free="2836944" total="24467456" percent="11" />
      <mem type="loa" free="1288192" total="1288192" percent="100" />
    </mem>
    <remembered-set count="2196" />
  </mem-info>
</gc-start>
<allocation-stats totalBytes="3742296" >
  <allocated-bytes non-tlh="463568" tlh="3278728" />
  <largest-consumer threadName="main" threadId="0000000000025900" bytes="3701264" />
</allocation-stats>
<gc-op id="739" type="scavenge" timems="1.075" contextid="736" timestamp="2022-10-25T12:52:43.889">
  <scavenger-info tenureage="4" tenuremask="7c10" tiltratio="65" />
  <memory-copied type="nursery" objects="13527" bytes="509464" bytesdiscarded="72448" />
  <memory-copied type="tenure" objects="3760" bytes="376528" bytesdiscarded="2848" />
  <finalization candidates="3" enqueued="0" />
  <ownableSynchronizers candidates="29" cleared="0" />
  <references type="soft" candidates="448" cleared="0" enqueued="0" dynamicThreshold="9" maxThreshold="32" />
  <references type="weak" candidates="676" cleared="199" enqueued="199" />
  <references type="phantom" candidates="39" cleared="36" enqueued="36" />
  <object-monitors candidates="6" cleared="0"  />
</gc-op>
<gc-end id="740" type="scavenge" contextid="736" durationms="1.159" usertimems="4.302" systemtimems="0.194" stalltimems="3.080" timestamp="2022-10-25T12:52:43.889" activeThreads="6">
  <mem-info id="741" free="7863968" total="32309248" percent="24">
    <mem type="nursery" free="4004336" total="6553600" percent="61">
      <mem type="allocate" free="4004336" total="4587520" percent="87" />
      <mem type="survivor" free="0" total="1966080" percent="0" />
    </mem>
    <mem type="tenure" free="3859632" total="25755648" percent="14">
      <mem type="soa" free="2571440" total="24467456" percent="10" />
      <mem type="loa" free="1288192" total="1288192" percent="100" />
    </mem>
    <pending-finalizers system="0" default="0" reference="235" classloader="0" />
    <remembered-set count="2190" />
  </mem-info>
</gc-end>
<cycle-end id="742" type="scavenge" contextid="736" timestamp="2022-10-25T12:52:43.889" />
<allocation-satisfied id="743" threadId="0000000000E82300" bytesRequested="24" />
<af-end id="744" timestamp="2022-10-25T12:52:43.889" threadId="0000000000E82D48" success="true" from="nursery"/>
<exclusive-end id="745" timestamp="2022-10-25T12:52:43.889" durationms="1.379" />

<exclusive-start id="746" timestamp="2022-10-25T12:52:43.916" intervalms="28.396">
  <response-info timems="0.023" idlems="0.023" threads="0" lastid="0000000000865400" lastname="rpc-boss-3-1" />
</exclusive-start>
<af-start id="747" threadId="0000000000865E48" totalBytesRequested="3280" timestamp="2022-10-25T12:52:43.916" intervalms="28.399" type="nursery" />
<cycle-start id="748" type="scavenge" contextid="0" timestamp="2022-10-25T12:52:43.916" intervalms="28.395" />
<gc-start id="749" type="scavenge" contextid="748" timestamp="2022-10-25T12:52:43.916">
  <mem-info id="750" free="3823640" total="32309248" percent="11">
    <mem type="nursery" free="0" total="6553600" percent="0">
      <mem type="allocate" free="0" total="4587520" percent="0" />
      <mem type="survivor" free="0" total="1966080" percent="0" />
    </mem>
    <mem type="tenure" free="3823640" total="25755648" percent="14">
      <mem type="soa" free="2535448" total="24467456" percent="10" />
      <mem type="loa" free="1288192" total="1288192" percent="100" />
    </mem>
    <remembered-set count="2603" />
  </mem-info>
</gc-start>
<allocation-stats totalBytes="3992616" >
  <allocated-bytes non-tlh="60608" tlh="3932008" />
  <largest-consumer threadName="main" threadId="0000000000025900" bytes="2828960" />
</allocation-stats>
<gc-op id="751" type="scavenge" timems="1.107" contextid="748" timestamp="2022-10-25T12:52:43.917">
  <scavenger-info tenureage="10" tenuremask="7c00" tiltratio="70" />
  <memory-copied type="nursery" objects="16153" bytes="611776" bytesdiscarded="116992" />
  <finalization candidates="1" enqueued="0" />
  <ownableSynchronizers candidates="46" cleared="12" />
  <references type="soft" candidates="548" cleared="0" enqueued="0" dynamicThreshold="9" maxThreshold="32" />
  <references type="weak" candidates="819" cleared="306" enqueued="306" />
  <references type="phantom" candidates="27" cleared="24" enqueued="24" />
  <object-monitors candidates="7" cleared="0"  />
</gc-op>
<gc-end id="752" type="scavenge" contextid="748" durationms="1.186" usertimems="3.994" systemtimems="0.258" stalltimems="3.488" timestamp="2022-10-25T12:52:43.917" activeThreads="6">
  <mem-info id="753" free="7877624" total="32309248" percent="24">
    <mem type="nursery" free="4053984" total="6553600" percent="61">
      <mem type="allocate" free="4053984" total="4784128" percent="84" />
      <mem type="survivor" free="0" total="1769472" percent="0" />
    </mem>
    <mem type="tenure" free="3823640" total="25755648" percent="14">
      <mem type="soa" free="2535448" total="24467456" percent="10" />
      <mem type="loa" free="1288192" total="1288192" percent="100" />
    </mem>
    <pending-finalizers system="0" default="0" reference="330" classloader="0" />
    <remembered-set count="2325" />
  </mem-info>
</gc-end>
<cycle-end id="754" type="scavenge" contextid="748" timestamp="2022-10-25T12:52:43.917" />
<allocation-satisfied id="755" threadId="0000000000865400" bytesRequested="3280" />
<af-end id="756" timestamp="2022-10-25T12:52:43.917" threadId="0000000000865E48" success="true" from="nursery"/>
<exclusive-end id="757" timestamp="2022-10-25T12:52:43.917" durationms="1.403" />

<exclusive-start id="758" timestamp="2022-10-25T12:52:43.961" intervalms="45.486">
  <response-info timems="0.017" idlems="0.017" threads="0" lastid="0000000000025900" lastname="main" />
</exclusive-start>
<af-start id="759" threadId="0000000000026348" totalBytesRequested="18712" timestamp="2022-10-25T12:52:43.961" intervalms="45.473" type="nursery" />
<cycle-start id="760" type="scavenge" contextid="0" timestamp="2022-10-25T12:52:43.961" intervalms="45.476" />
<gc-start id="761" type="scavenge" contextid="760" timestamp="2022-10-25T12:52:43.961">
  <mem-info id="762" free="3764880" total="32309248" percent="11">
    <mem type="nursery" free="0" total="6553600" percent="0">
      <mem type="allocate" free="0" total="4784128" percent="0" />
      <mem type="survivor" free="0" total="1769472" percent="0" />
    </mem>
    <mem type="tenure" free="3764880" total="25755648" percent="14">
      <mem type="soa" free="2476688" total="24467456" percent="10" />
      <mem type="loa" free="1288192" total="1288192" percent="100" />
    </mem>
    <remembered-set count="3045" />
  </mem-info>
</gc-start>
<allocation-stats totalBytes="4046048" >
  <allocated-bytes non-tlh="199992" tlh="3846056" />
  <largest-consumer threadName="main" threadId="0000000000025900" bytes="2553864" />
</allocation-stats>
<gc-op id="763" type="scavenge" timems="0.756" contextid="760" timestamp="2022-10-25T12:52:43.962">
  <scavenger-info tenureage="3" tenuremask="7c08" tiltratio="73" />
  <memory-copied type="nursery" objects="16798" bytes="1022928" bytesdiscarded="231464" />
  <memory-copied type="tenure" objects="1591" bytes="64320" bytesdiscarded="32" />
  <finalization candidates="3" enqueued="0" />
  <ownableSynchronizers candidates="66" cleared="10" />
  <references type="soft" candidates="584" cleared="0" enqueued="0" dynamicThreshold="9" maxThreshold="32" />
  <references type="weak" candidates="866" cleared="331" enqueued="331" />
  <references type="phantom" candidates="31" cleared="27" enqueued="27" />
  <object-monitors candidates="11" cleared="3"  />
</gc-op>
<gc-end id="764" type="scavenge" contextid="760" durationms="0.857" usertimems="5.434" systemtimems="0.000" stalltimems="0.736" timestamp="2022-10-25T12:52:43.962" activeThreads="6">
  <mem-info id="765" free="7081568" total="32309248" percent="21">
    <mem type="nursery" free="3462608" total="6553600" percent="52">
      <mem type="allocate" free="3462608" total="4718592" percent="73" />
      <mem type="survivor" free="0" total="1835008" percent="0" />
    </mem>
    <mem type="tenure" free="3618960" total="25755648" percent="14">
      <mem type="soa" free="2330768" total="24467456" percent="9" />
      <mem type="loa" free="1288192" total="1288192" percent="100" />
    </mem>
    <pending-finalizers system="0" default="0" reference="358" classloader="0" />
    <remembered-set count="2053" />
  </mem-info>
</gc-end>
<cycle-end id="766" type="scavenge" contextid="760" timestamp="2022-10-25T12:52:43.962" />
<allocation-satisfied id="767" threadId="0000000000025900" bytesRequested="18712" />
<af-end id="768" timestamp="2022-10-25T12:52:43.962" threadId="0000000000026348" success="true" from="nursery"/>
<exclusive-end id="769" timestamp="2022-10-25T12:52:43.962" durationms="1.057" />

<exclusive-start id="770" timestamp="2022-10-25T12:52:43.981" intervalms="19.429">
  <response-info timems="0.015" idlems="0.015" threads="0" lastid="0000000000025900" lastname="main" />
</exclusive-start>
<af-start id="771" threadId="0000000000026348" totalBytesRequested="40" timestamp="2022-10-25T12:52:43.981" intervalms="19.392" type="nursery" />
<cycle-start id="772" type="scavenge" contextid="0" timestamp="2022-10-25T12:52:43.981" intervalms="19.388" />
<gc-start id="773" type="scavenge" contextid="772" timestamp="2022-10-25T12:52:43.981">
  <mem-info id="774" free="3592512" total="32309248" percent="11">
    <mem type="nursery" free="0" total="6553600" percent="0">
      <mem type="allocate" free="0" total="4718592" percent="0" />
      <mem type="survivor" free="0" total="1835008" percent="0" />
    </mem>
    <mem type="tenure" free="3592512" total="25755648" percent="13">
      <mem type="soa" free="2304320" total="24467456" percent="9" />
      <mem type="loa" free="1288192" total="1288192" percent="100" />
    </mem>
    <remembered-set count="2277" />
  </mem-info>
</gc-start>
<allocation-stats totalBytes="3487832" >
  <allocated-bytes non-tlh="189160" tlh="3298672" />
  <largest-consumer threadName="main" threadId="0000000000025900" bytes="3487832" />
</allocation-stats>
<gc-op id="775" type="scavenge" timems="1.028" contextid="772" timestamp="2022-10-25T12:52:43.982">
  <scavenger-info tenureage="3" tenuremask="7c48" tiltratio="72" />
  <memory-copied type="nursery" objects="6964" bytes="653168" bytesdiscarded="137024" />
  <memory-copied type="tenure" objects="9833" bytes="374632" bytesdiscarded="160" />
  <finalization candidates="2" enqueued="0" />
  <ownableSynchronizers candidates="40" cleared="0" />
  <references type="soft" candidates="151" cleared="0" enqueued="0" dynamicThreshold="9" maxThreshold="32" />
  <references type="weak" candidates="352" cleared="188" enqueued="188" />
  <references type="phantom" candidates="4" cleared="0" enqueued="0" />
  <object-monitors candidates="8" cleared="0"  />
</gc-op>
<gc-end id="776" type="scavenge" contextid="772" durationms="1.087" usertimems="6.001" systemtimems="0.388" stalltimems="4.171" timestamp="2022-10-25T12:52:43.982" activeThreads="8">
  <mem-info id="777" free="7285800" total="32309248" percent="22">
    <mem type="nursery" free="4058856" total="6553600" percent="61">
      <mem type="allocate" free="4058856" total="4849664" percent="83" />
      <mem type="survivor" free="0" total="1703936" percent="0" />
    </mem>
    <mem type="tenure" free="3226944" total="25755648" percent="12">
      <mem type="soa" free="1938752" total="24467456" percent="7" />
      <mem type="loa" free="1288192" total="1288192" percent="100" />
    </mem>
    <pending-finalizers system="0" default="0" reference="188" classloader="0" />
    <remembered-set count="1957" />
  </mem-info>
</gc-end>
<cycle-end id="778" type="scavenge" contextid="772" timestamp="2022-10-25T12:52:43.982" />
<allocation-satisfied id="779" threadId="0000000000025900" bytesRequested="40" />
<af-end id="780" timestamp="2022-10-25T12:52:43.982" threadId="0000000000026348" success="true" from="nursery"/>
<exclusive-end id="781" timestamp="2022-10-25T12:52:43.982" durationms="1.216" />

<exclusive-start id="782" timestamp="2022-10-25T12:52:44.004" intervalms="23.731">
  <response-info timems="0.017" idlems="0.017" threads="0" lastid="0000000000025900" lastname="main" />
</exclusive-start>
<af-start id="783" threadId="0000000000026348" totalBytesRequested="11448" timestamp="2022-10-25T12:52:44.004" intervalms="23.742" type="nursery" />
<cycle-start id="784" type="scavenge" contextid="0" timestamp="2022-10-25T12:52:44.004" intervalms="23.742" />
<gc-start id="785" type="scavenge" contextid="784" timestamp="2022-10-25T12:52:44.005">
  <mem-info id="786" free="3178856" total="32309248" percent="9">
    <mem type="nursery" free="0" total="6553600" percent="0">
      <mem type="allocate" free="0" total="4849664" percent="0" />
      <mem type="survivor" free="0" total="1703936" percent="0" />
    </mem>
    <mem type="tenure" free="3178856" total="25755648" percent="12">
      <mem type="soa" free="1890664" total="24467456" percent="7" />
      <mem type="loa" free="1288192" total="1288192" percent="100" />
    </mem>
    <remembered-set count="2392" />
  </mem-info>
</gc-start>
<allocation-stats totalBytes="3771808" >
  <allocated-bytes non-tlh="48128" tlh="3723680" />
  <largest-consumer threadName="main" threadId="0000000000025900" bytes="3771808" />
</allocation-stats>
<gc-op id="787" type="scavenge" timems="0.878" contextid="784" timestamp="2022-10-25T12:52:44.005">
  <scavenger-info tenureage="3" tenuremask="7c48" tiltratio="74" />
  <memory-copied type="nursery" objects="4818" bytes="599928" bytesdiscarded="149184" />
  <memory-copied type="tenure" objects="2876" bytes="108592" bytesdiscarded="472" />
  <finalization candidates="2" enqueued="0" />
  <ownableSynchronizers candidates="27" cleared="0" />
  <references type="soft" candidates="58" cleared="0" enqueued="0" dynamicThreshold="9" maxThreshold="32" />
  <references type="weak" candidates="391" cleared="262" enqueued="262" />
  <references type="phantom" candidates="5" cleared="0" enqueued="0" />
  <object-monitors candidates="8" cleared="0"  />
</gc-op>
<gc-end id="788" type="scavenge" contextid="784" durationms="0.949" usertimems="3.777" systemtimems="0.000" stalltimems="2.908" timestamp="2022-10-25T12:52:44.005" activeThreads="7">
  <mem-info id="789" free="7353624" total="32309248" percent="22">
    <mem type="nursery" free="4296664" total="6553600" percent="65">
      <mem type="allocate" free="4296664" total="5046272" percent="85" />
      <mem type="survivor" free="0" total="1507328" percent="0" />
    </mem>
    <mem type="tenure" free="3056960" total="25755648" percent="11">
      <mem type="soa" free="1768768" total="24467456" percent="7" />
      <mem type="loa" free="1288192" total="1288192" percent="100" />
    </mem>
    <pending-finalizers system="0" default="0" reference="262" classloader="0" />
    <remembered-set count="1282" />
  </mem-info>
</gc-end>
<cycle-end id="790" type="scavenge" contextid="784" timestamp="2022-10-25T12:52:44.005" />
<allocation-satisfied id="791" threadId="0000000000025900" bytesRequested="11448" />
<af-end id="792" timestamp="2022-10-25T12:52:44.005" threadId="0000000000026348" success="true" from="nursery"/>
<exclusive-end id="793" timestamp="2022-10-25T12:52:44.005" durationms="1.100" />

<exclusive-start id="794" timestamp="2022-10-25T12:52:44.029" intervalms="24.287">
  <response-info timems="0.016" idlems="0.016" threads="0" lastid="0000000001041000" lastname="spark-listener-group-executorManagement" />
</exclusive-start>
<af-start id="795" threadId="0000000001041A48" totalBytesRequested="6368" timestamp="2022-10-25T12:52:44.029" intervalms="24.312" type="nursery" />
<cycle-start id="796" type="scavenge" contextid="0" timestamp="2022-10-25T12:52:44.029" intervalms="24.314" />
<gc-start id="797" type="scavenge" contextid="796" timestamp="2022-10-25T12:52:44.029">
  <mem-info id="798" free="3009848" total="32309248" percent="9">
    <mem type="nursery" free="0" total="6553600" percent="0">
      <mem type="allocate" free="0" total="5046272" percent="0" />
      <mem type="survivor" free="0" total="1507328" percent="0" />
    </mem>
    <mem type="tenure" free="3009848" total="25755648" percent="11">
      <mem type="soa" free="1721656" total="24467456" percent="7" />
      <mem type="loa" free="1288192" total="1288192" percent="100" />
    </mem>
    <remembered-set count="1752" />
  </mem-info>
</gc-start>
<allocation-stats totalBytes="4287256" >
  <allocated-bytes non-tlh="250280" tlh="4036976" />
  <largest-consumer threadName="main" threadId="0000000000025900" bytes="3993392" />
</allocation-stats>
<gc-op id="799" type="scavenge" timems="0.569" contextid="796" timestamp="2022-10-25T12:52:44.029">
  <scavenger-info tenureage="3" tenuremask="7c08" tiltratio="77" />
  <memory-copied type="nursery" objects="3287" bytes="163008" bytesdiscarded="95128" />
  <memory-copied type="tenure" objects="3013" bytes="497128" bytesdiscarded="3448" />
  <finalization candidates="2" enqueued="0" />
  <ownableSynchronizers candidates="27" cleared="0" />
  <references type="soft" candidates="10" cleared="0" enqueued="0" dynamicThreshold="9" maxThreshold="32" />
  <references type="weak" candidates="340" cleared="292" enqueued="292" />
  <references type="phantom" candidates="27" cleared="25" enqueued="25" />
  <object-monitors candidates="17" cleared="8"  />
</gc-op>
<gc-end id="800" type="scavenge" contextid="796" durationms="0.662" usertimems="2.686" systemtimems="0.054" stalltimems="0.988" timestamp="2022-10-25T12:52:44.029" activeThreads="6">
  <mem-info id="801" free="7519072" total="32309248" percent="23">
    <mem type="nursery" free="4918496" total="6553600" percent="75">
      <mem type="allocate" free="4918496" total="5177344" percent="95" />
      <mem type="survivor" free="0" total="1376256" percent="0" />
    </mem>
    <mem type="tenure" free="2600576" total="25755648" percent="10">
      <mem type="soa" free="1312384" total="24467456" percent="5" />
      <mem type="loa" free="1288192" total="1288192" percent="100" />
    </mem>
    <pending-finalizers system="0" default="0" reference="317" classloader="0" />
    <remembered-set count="1330" />
  </mem-info>
</gc-end>
<cycle-end id="802" type="scavenge" contextid="796" timestamp="2022-10-25T12:52:44.030" />
<allocation-satisfied id="803" threadId="0000000001041000" bytesRequested="6368" />
<af-end id="804" timestamp="2022-10-25T12:52:44.030" threadId="0000000001041A48" success="true" from="nursery"/>
<exclusive-end id="805" timestamp="2022-10-25T12:52:44.030" durationms="0.852" />

<exclusive-start id="806" timestamp="2022-10-25T12:52:44.054" intervalms="25.050">
  <response-info timems="0.017" idlems="0.017" threads="0" lastid="0000000000025900" lastname="main" />
</exclusive-start>
<sys-start reason="explicit" id="807" timestamp="2022-10-25T12:52:44.054" intervalms="1568.560" />
<cycle-start id="808" type="global" contextid="0" timestamp="2022-10-25T12:52:44.054" intervalms="656.138" />
<gc-start id="809" type="global" contextid="808" timestamp="2022-10-25T12:52:44.054">
  <mem-info id="810" free="3393504" total="32309248" percent="10">
    <mem type="nursery" free="860336" total="6553600" percent="13">
      <mem type="allocate" free="860336" total="5177344" percent="16" />
      <mem type="survivor" free="0" total="1376256" percent="0" />
    </mem>
    <mem type="tenure" free="2533168" total="25755648" percent="9">
      <mem type="soa" free="1244976" total="24467456" percent="5" />
      <mem type="loa" free="1288192" total="1288192" percent="100" />
    </mem>
    <remembered-set count="2082" />
  </mem-info>
</gc-start>
<allocation-stats totalBytes="4104152" >
  <allocated-bytes non-tlh="193408" tlh="3910744" />
  <largest-consumer threadName="main" threadId="0000000000025900" bytes="2111392" />
</allocation-stats>
<gc-op id="811" type="mark" timems="2.772" contextid="808" timestamp="2022-10-25T12:52:44.057">
  <trace-info objectcount="185528" scancount="152522" scanbytes="6271988" />
  <finalization candidates="122" enqueued="1" />
  <ownableSynchronizers candidates="182" cleared="1" />
  <references type="soft" candidates="4686" cleared="0" enqueued="0" dynamicThreshold="9" maxThreshold="32" />
  <references type="weak" candidates="3650" cleared="393" enqueued="393" />
  <references type="phantom" candidates="887" cleared="51" enqueued="51" />
  <stringconstants candidates="15837" cleared="25"  />
  <object-monitors candidates="18" cleared="9"  />
</gc-op>
<gc-op id="812" type="classunload" timems="0.010" contextid="808" timestamp="2022-10-25T12:52:44.057">
  <classunload-info classloadercandidates="5" classloadersunloaded="0" classesunloaded="0" anonymousclassesunloaded="0" quiescems="0.000" setupms="0.008" scanms="0.002" postms="0.000" />
</gc-op>
<gc-op id="813" type="sweep" timems="0.255" contextid="808" timestamp="2022-10-25T12:52:44.057" />
<mem-info id="814" free="7633848" total="32309248" percent="23">
  <mem type="nursery" free="4650040" total="6553600" percent="70">
    <mem type="allocate" free="4650040" total="5177344" percent="89" />
    <mem type="survivor" free="0" total="1376256" percent="0" />
  </mem>
  <mem type="tenure" free="2983808" total="25755648" percent="11" micro-fragmented="265204" macro-fragmented="0">
    <mem type="soa" free="1695616" total="24467456" percent="6" />
    <mem type="loa" free="1288192" total="1288192" percent="100" />
  </mem>
  <pending-finalizers system="0" default="1" reference="444" classloader="0" />
  <remembered-set count="2032" />
</mem-info>
<gc-op id="815" type="compact" timems="43.561" contextid="808" timestamp="2022-10-25T12:52:44.101">
  <compact-info movecount="185125" movebytes="22851488" reason="compact on aggressive collection" />
</gc-op>
<heap-resize id="816" type="expand" space="tenure" amount="6488064" count="1" timems="0.309" reason="insufficient free space following gc" timestamp="2022-10-25T12:52:44.101" />
<gc-end id="817" type="global" contextid="808" durationms="47.109" usertimems="91.697" systemtimems="0.000" stalltimems="18.613" timestamp="2022-10-25T12:52:44.101" activeThreads="15">
  <mem-info id="818" free="14540400" total="38797312" percent="37">
    <mem type="nursery" free="4855560" total="6553600" percent="74">
      <mem type="allocate" free="4855560" total="5177344" percent="93" />
      <mem type="survivor" free="0" total="1376256" percent="0" />
    </mem>
    <mem type="tenure" free="9684840" total="32243712" percent="30">
      <mem type="soa" free="8072040" total="30630912" percent="26" />
      <mem type="loa" free="1612800" total="1612800" percent="100" />
    </mem>
    <pending-finalizers system="0" default="1" reference="444" classloader="0" />
    <remembered-set count="2032" />
  </mem-info>
</gc-end>
<cycle-end id="819" type="global" contextid="808" timestamp="2022-10-25T12:52:44.101" />
<sys-end id="820" timestamp="2022-10-25T12:52:44.101" />
<exclusive-end id="821" timestamp="2022-10-25T12:52:44.101" durationms="47.286" />

<exclusive-start id="822" timestamp="2022-10-25T12:52:44.147" intervalms="93.574">
  <response-info timems="0.027" idlems="0.027" threads="0" lastid="0000000000025900" lastname="main" />
</exclusive-start>
<af-start id="823" threadId="0000000000026348" totalBytesRequested="2064" timestamp="2022-10-25T12:52:44.147" intervalms="118.642" type="nursery" />
<cycle-start id="824" type="scavenge" contextid="0" timestamp="2022-10-25T12:52:44.147" intervalms="118.645" />
<gc-start id="825" type="scavenge" contextid="824" timestamp="2022-10-25T12:52:44.147">
  <mem-info id="826" free="9676552" total="38797312" percent="24">
    <mem type="nursery" free="0" total="6553600" percent="0">
      <mem type="allocate" free="0" total="5177344" percent="0" />
      <mem type="survivor" free="0" total="1376256" percent="0" />
    </mem>
    <mem type="tenure" free="9676552" total="32243712" percent="30">
      <mem type="soa" free="8063752" total="30630912" percent="26" />
      <mem type="loa" free="1612800" total="1612800" percent="100" />
    </mem>
    <remembered-set count="2147" />
  </mem-info>
</gc-start>
<allocation-stats totalBytes="4858360" >
  <allocated-bytes non-tlh="8288" tlh="4850072" />
  <largest-consumer threadName="main" threadId="0000000000025900" bytes="4796728" />
</allocation-stats>
<gc-op id="827" type="scavenge" timems="0.989" contextid="824" timestamp="2022-10-25T12:52:44.148">
  <scavenger-info tenureage="11" tenuremask="7800" tiltratio="79" />
  <memory-copied type="nursery" objects="19933" bytes="678520" bytesdiscarded="62840" />
  <ownableSynchronizers candidates="364" cleared="358" />
  <references type="soft" candidates="86" cleared="0" enqueued="0" dynamicThreshold="9" maxThreshold="32" />
  <references type="weak" candidates="215" cleared="63" enqueued="63" />
  <references type="phantom" candidates="5" cleared="2" enqueued="2" />
  <object-monitors candidates="9" cleared="0"  />
</gc-op>
<gc-end id="828" type="scavenge" contextid="824" durationms="1.067" usertimems="4.445" systemtimems="0.276" stalltimems="2.734" timestamp="2022-10-25T12:52:44.149" activeThreads="7">
  <mem-info id="829" free="14111480" total="38797312" percent="36">
    <mem type="nursery" free="4434928" total="6553600" percent="67">
      <mem type="allocate" free="4434928" total="5177344" percent="85" />
      <mem type="survivor" free="0" total="1376256" percent="0" />
    </mem>
    <mem type="tenure" free="9676552" total="32243712" percent="30">
      <mem type="soa" free="8063752" total="30630912" percent="26" />
      <mem type="loa" free="1612800" total="1612800" percent="100" />
    </mem>
    <pending-finalizers system="0" default="0" reference="65" classloader="0" />
    <remembered-set count="1801" />
  </mem-info>
</gc-end>
<cycle-end id="830" type="scavenge" contextid="824" timestamp="2022-10-25T12:52:44.149" />
<allocation-satisfied id="831" threadId="0000000000025900" bytesRequested="2064" />
<af-end id="832" timestamp="2022-10-25T12:52:44.149" threadId="0000000000026348" success="true" from="nursery"/>
<exclusive-end id="833" timestamp="2022-10-25T12:52:44.149" durationms="1.334" />

<exclusive-start id="834" timestamp="2022-10-25T12:52:44.161" intervalms="13.613">
  <response-info timems="0.033" idlems="0.033" threads="0" lastid="0000000000025900" lastname="main" />
</exclusive-start>
<af-start id="835" threadId="0000000000026348" totalBytesRequested="24" timestamp="2022-10-25T12:52:44.161" intervalms="13.577" type="nursery" />
<cycle-start id="836" type="scavenge" contextid="0" timestamp="2022-10-25T12:52:44.161" intervalms="13.575" />
<gc-start id="837" type="scavenge" contextid="836" timestamp="2022-10-25T12:52:44.161">
  <mem-info id="838" free="9676552" total="38797312" percent="24">
    <mem type="nursery" free="0" total="6553600" percent="0">
      <mem type="allocate" free="0" total="5177344" percent="0" />
      <mem type="survivor" free="0" total="1376256" percent="0" />
    </mem>
    <mem type="tenure" free="9676552" total="32243712" percent="30">
      <mem type="soa" free="8063752" total="30630912" percent="26" />
      <mem type="loa" free="1612800" total="1612800" percent="100" />
    </mem>
    <remembered-set count="1803" />
  </mem-info>
</gc-start>
<allocation-stats totalBytes="4430800" >
  <allocated-bytes non-tlh="2064" tlh="4428736" />
  <largest-consumer threadName="main" threadId="0000000000025900" bytes="4430800" />
</allocation-stats>
<gc-op id="839" type="scavenge" timems="0.912" contextid="836" timestamp="2022-10-25T12:52:44.162">
  <scavenger-info tenureage="11" tenuremask="7800" tiltratio="79" />
  <memory-copied type="nursery" objects="32676" bytes="1033824" bytesdiscarded="66288" />
  <ownableSynchronizers candidates="6" cleared="0" />
  <references type="soft" candidates="86" cleared="0" enqueued="0" dynamicThreshold="9" maxThreshold="32" />
  <references type="weak" candidates="152" cleared="0" enqueued="0" />
  <references type="phantom" candidates="3" cleared="0" enqueued="0" />
  <object-monitors candidates="9" cleared="0"  />
</gc-op>
<heap-resize id="840" type="expand" space="nursery" amount="393216" count="1" timems="0.015" reason="excessive time being spent scavenging" timestamp="2022-10-25T12:52:44.162" />
<gc-end id="841" type="scavenge" contextid="836" durationms="1.000" usertimems="4.260" systemtimems="0.269" stalltimems="2.022" timestamp="2022-10-25T12:52:44.162" activeThreads="7">
  <mem-info id="842" free="13687208" total="39190528" percent="34">
    <mem type="nursery" free="4010656" total="6946816" percent="57">
      <mem type="allocate" free="4010656" total="5111808" percent="78" />
      <mem type="survivor" free="0" total="1835008" percent="0" />
    </mem>
    <mem type="tenure" free="9676552" total="32243712" percent="30">
      <mem type="soa" free="8063752" total="30630912" percent="26" />
      <mem type="loa" free="1612800" total="1612800" percent="100" />
    </mem>
    <remembered-set count="1561" />
  </mem-info>
</gc-end>
<cycle-end id="843" type="scavenge" contextid="836" timestamp="2022-10-25T12:52:44.162" />
<allocation-satisfied id="844" threadId="0000000000025900" bytesRequested="24" />
<af-end id="845" timestamp="2022-10-25T12:52:44.162" threadId="0000000000026348" success="true" from="nursery"/>
<exclusive-end id="846" timestamp="2022-10-25T12:52:44.162" durationms="1.197" />

<exclusive-start id="847" timestamp="2022-10-25T12:52:44.170" intervalms="8.638">
  <response-info timems="0.017" idlems="0.017" threads="0" lastid="0000000000025900" lastname="main" />
</exclusive-start>
<af-start id="848" threadId="0000000000026348" totalBytesRequested="48" timestamp="2022-10-25T12:52:44.170" intervalms="8.622" type="nursery" />
<cycle-start id="849" type="scavenge" contextid="0" timestamp="2022-10-25T12:52:44.170" intervalms="8.625" />
<gc-start id="850" type="scavenge" contextid="849" timestamp="2022-10-25T12:52:44.170">
  <mem-info id="851" free="9676552" total="39190528" percent="24">
    <mem type="nursery" free="0" total="6946816" percent="0">
      <mem type="allocate" free="0" total="5111808" percent="0" />
      <mem type="survivor" free="0" total="1835008" percent="0" />
    </mem>
    <mem type="tenure" free="9676552" total="32243712" percent="30">
      <mem type="soa" free="8063752" total="30630912" percent="26" />
      <mem type="loa" free="1612800" total="1612800" percent="100" />
    </mem>
    <remembered-set count="1561" />
  </mem-info>
</gc-start>
<allocation-stats totalBytes="4007016" >
  <allocated-bytes non-tlh="24" tlh="4006992" />
  <largest-consumer threadName="main" threadId="0000000000025900" bytes="4007016" />
</allocation-stats>
<gc-op id="852" type="scavenge" timems="1.284" contextid="849" timestamp="2022-10-25T12:52:44.171">
  <scavenger-info tenureage="3" tenuremask="7818" tiltratio="73" />
  <memory-copied type="nursery" objects="42319" bytes="1249768" bytesdiscarded="54224" />
  <memory-copied type="tenure" objects="1914" bytes="107696" bytesdiscarded="656" />
  <ownableSynchronizers candidates="6" cleared="0" />
  <references type="soft" candidates="78" cleared="0" enqueued="0" dynamicThreshold="9" maxThreshold="32" />
  <references type="weak" candidates="105" cleared="0" enqueued="0" />
  <references type="phantom" candidates="1" cleared="0" enqueued="0" />
  <object-monitors candidates="9" cleared="0"  />
</gc-op>
<heap-resize id="853" type="expand" space="nursery" amount="524288" count="1" timems="0.008" reason="excessive time being spent scavenging" timestamp="2022-10-25T12:52:44.171" />
<gc-end id="854" type="scavenge" contextid="849" durationms="1.354" usertimems="9.893" systemtimems="0.000" stalltimems="3.723" timestamp="2022-10-25T12:52:44.171" activeThreads="7">
  <mem-info id="855" free="13573608" total="39714816" percent="34">
    <mem type="nursery" free="4134896" total="7471104" percent="55">
      <mem type="allocate" free="4134896" total="5439488" percent="76" />
      <mem type="survivor" free="0" total="2031616" percent="0" />
    </mem>
    <mem type="tenure" free="9438712" total="32243712" percent="29">
      <mem type="soa" free="7825912" total="30630912" percent="25" />
      <mem type="loa" free="1612800" total="1612800" percent="100" />
    </mem>
    <remembered-set count="863" />
  </mem-info>
</gc-end>
<cycle-end id="856" type="scavenge" contextid="849" timestamp="2022-10-25T12:52:44.171" />
<allocation-satisfied id="857" threadId="0000000000025900" bytesRequested="48" />
<af-end id="858" timestamp="2022-10-25T12:52:44.171" threadId="0000000000026348" success="true" from="nursery"/>
<exclusive-end id="859" timestamp="2022-10-25T12:52:44.171" durationms="1.505" />

<exclusive-start id="860" timestamp="2022-10-25T12:52:44.177" intervalms="7.037">
  <response-info timems="0.072" idlems="0.072" threads="0" lastid="0000000000025900" lastname="main" />
</exclusive-start>
<af-start id="861" threadId="0000000000026348" totalBytesRequested="48" timestamp="2022-10-25T12:52:44.177" intervalms="7.031" type="nursery" />
<cycle-start id="862" type="scavenge" contextid="0" timestamp="2022-10-25T12:52:44.177" intervalms="7.023" />
<gc-start id="863" type="scavenge" contextid="862" timestamp="2022-10-25T12:52:44.177">
  <mem-info id="864" free="9438712" total="39714816" percent="23">
    <mem type="nursery" free="0" total="7471104" percent="0">
      <mem type="allocate" free="0" total="5439488" percent="0" />
      <mem type="survivor" free="0" total="2031616" percent="0" />
    </mem>
    <mem type="tenure" free="9438712" total="32243712" percent="29">
      <mem type="soa" free="7825912" total="30630912" percent="25" />
      <mem type="loa" free="1612800" total="1612800" percent="100" />
    </mem>
    <remembered-set count="863" />
  </mem-info>
</gc-start>
<allocation-stats totalBytes="4131184" >
  <allocated-bytes non-tlh="48" tlh="4131136" />
  <largest-consumer threadName="main" threadId="0000000000025900" bytes="4131184" />
</allocation-stats>
<gc-op id="865" type="scavenge" timems="1.034" contextid="862" timestamp="2022-10-25T12:52:44.178">
  <scavenger-info tenureage="3" tenuremask="7808" tiltratio="72" />
  <memory-copied type="nursery" objects="36950" bytes="1035488" bytesdiscarded="77336" />
  <memory-copied type="tenure" objects="17470" bytes="547280" bytesdiscarded="488" />
  <ownableSynchronizers candidates="3" cleared="0" />
  <references type="soft" candidates="2" cleared="0" enqueued="0" dynamicThreshold="9" maxThreshold="32" />
  <object-monitors candidates="9" cleared="0"  />
</gc-op>
<heap-resize id="866" type="expand" space="nursery" amount="655360" count="1" timems="0.010" reason="excessive time being spent scavenging" timestamp="2022-10-25T12:52:44.178" />
<gc-end id="867" type="scavenge" contextid="862" durationms="1.109" usertimems="5.786" systemtimems="0.000" stalltimems="2.236" timestamp="2022-10-25T12:52:44.178" activeThreads="7">
  <mem-info id="868" free="13799912" total="40370176" percent="34">
    <mem type="nursery" free="5047552" total="8126464" percent="62">
      <mem type="allocate" free="5047552" total="6160384" percent="81" />
      <mem type="survivor" free="0" total="1966080" percent="0" />
    </mem>
    <mem type="tenure" free="8752360" total="32243712" percent="27">
      <mem type="soa" free="7139560" total="30630912" percent="23" />
      <mem type="loa" free="1612800" total="1612800" percent="100" />
    </mem>
    <remembered-set count="484" />
  </mem-info>
</gc-end>
<cycle-end id="869" type="scavenge" contextid="862" timestamp="2022-10-25T12:52:44.178" />
<allocation-satisfied id="870" threadId="0000000000025900" bytesRequested="48" />
<af-end id="871" timestamp="2022-10-25T12:52:44.178" threadId="0000000000026348" success="true" from="nursery"/>
<exclusive-end id="872" timestamp="2022-10-25T12:52:44.178" durationms="1.229" />

<exclusive-start id="873" timestamp="2022-10-25T12:52:44.184" intervalms="7.252">
  <response-info timems="0.018" idlems="0.018" threads="0" lastid="0000000000025900" lastname="main" />
</exclusive-start>
<af-start id="874" threadId="0000000000026348" totalBytesRequested="2064" timestamp="2022-10-25T12:52:44.184" intervalms="7.249" type="nursery" />
<cycle-start id="875" type="scavenge" contextid="0" timestamp="2022-10-25T12:52:44.184" intervalms="7.248" />
<gc-start id="876" type="scavenge" contextid="875" timestamp="2022-10-25T12:52:44.184">
  <mem-info id="877" free="8752360" total="40370176" percent="21">
    <mem type="nursery" free="0" total="8126464" percent="0">
      <mem type="allocate" free="0" total="6160384" percent="0" />
      <mem type="survivor" free="0" total="1966080" percent="0" />
    </mem>
    <mem type="tenure" free="8752360" total="32243712" percent="27">
      <mem type="soa" free="7139560" total="30630912" percent="23" />
      <mem type="loa" free="1612800" total="1612800" percent="100" />
    </mem>
    <remembered-set count="484" />
  </mem-info>
</gc-start>
<allocation-stats totalBytes="5042840" >
  <allocated-bytes non-tlh="48" tlh="5042792" />
  <largest-consumer threadName="main" threadId="0000000000025900" bytes="5042840" />
</allocation-stats>
<gc-op id="878" type="scavenge" timems="0.666" contextid="875" timestamp="2022-10-25T12:52:44.185">
  <scavenger-info tenureage="2" tenuremask="788c" tiltratio="75" />
  <memory-copied type="nursery" objects="26765" bytes="753080" bytesdiscarded="115304" />
  <memory-copied type="tenure" objects="24836" bytes="688488" bytesdiscarded="256" />
  <object-monitors candidates="9" cleared="0"  />
</gc-op>
<heap-resize id="879" type="expand" space="nursery" amount="393216" count="1" timems="0.011" reason="excessive time being spent scavenging" timestamp="2022-10-25T12:52:44.185" />
<gc-end id="880" type="scavenge" contextid="875" durationms="0.728" usertimems="4.019" systemtimems="0.000" stalltimems="1.201" timestamp="2022-10-25T12:52:44.185" activeThreads="8">
  <mem-info id="881" free="13772232" total="40763392" percent="33">
    <mem type="nursery" free="5816288" total="8519680" percent="68">
      <mem type="allocate" free="5816288" total="6684672" percent="87" />
      <mem type="survivor" free="0" total="1835008" percent="0" />
    </mem>
    <mem type="tenure" free="7955944" total="32243712" percent="24">
      <mem type="soa" free="6343144" total="30630912" percent="20" />
      <mem type="loa" free="1612800" total="1612800" percent="100" />
    </mem>
    <remembered-set count="374" />
  </mem-info>
</gc-end>
<cycle-end id="882" type="scavenge" contextid="875" timestamp="2022-10-25T12:52:44.185" />
<allocation-satisfied id="883" threadId="0000000000025900" bytesRequested="2064" />
<af-end id="884" timestamp="2022-10-25T12:52:44.185" threadId="0000000000026348" success="true" from="nursery"/>
<exclusive-end id="885" timestamp="2022-10-25T12:52:44.185" durationms="0.845" />

<exclusive-start id="886" timestamp="2022-10-25T12:52:44.191" intervalms="7.231">
  <response-info timems="0.020" idlems="0.020" threads="0" lastid="0000000000025900" lastname="main" />
</exclusive-start>
<af-start id="887" threadId="0000000000026348" totalBytesRequested="24" timestamp="2022-10-25T12:52:44.191" intervalms="7.239" type="nursery" />
<cycle-start id="888" type="scavenge" contextid="0" timestamp="2022-10-25T12:52:44.191" intervalms="7.243" />
<gc-start id="889" type="scavenge" contextid="888" timestamp="2022-10-25T12:52:44.191">
  <mem-info id="890" free="7955944" total="40763392" percent="19">
    <mem type="nursery" free="0" total="8519680" percent="0">
      <mem type="allocate" free="0" total="6684672" percent="0" />
      <mem type="survivor" free="0" total="1835008" percent="0" />
    </mem>
    <mem type="tenure" free="7955944" total="32243712" percent="24">
      <mem type="soa" free="6343144" total="30630912" percent="20" />
      <mem type="loa" free="1612800" total="1612800" percent="100" />
    </mem>
    <remembered-set count="374" />
  </mem-info>
</gc-start>
<allocation-stats totalBytes="5811896" >
  <allocated-bytes non-tlh="2064" tlh="5809832" />
  <largest-consumer threadName="main" threadId="0000000000025900" bytes="5811896" />
</allocation-stats>
<gc-op id="891" type="scavenge" timems="0.661" contextid="888" timestamp="2022-10-25T12:52:44.192">
  <scavenger-info tenureage="2" tenuremask="7804" tiltratio="78" />
  <memory-copied type="nursery" objects="31665" bytes="890952" bytesdiscarded="102616" />
  <memory-copied type="tenure" objects="12103" bytes="332840" bytesdiscarded="120" />
  <object-monitors candidates="9" cleared="0"  />
</gc-op>
<heap-resize id="892" type="expand" space="nursery" amount="393216" count="1" timems="0.010" reason="excessive time being spent scavenging" timestamp="2022-10-25T12:52:44.192" />
<gc-end id="893" type="scavenge" contextid="888" durationms="0.727" usertimems="4.100" systemtimems="0.000" stalltimems="1.600" timestamp="2022-10-25T12:52:44.192" activeThreads="9">
  <mem-info id="894" free="13852616" total="41156608" percent="33">
    <mem type="nursery" free="6215392" total="8912896" percent="69">
      <mem type="allocate" free="6215392" total="7208960" percent="86" />
      <mem type="survivor" free="0" total="1703936" percent="0" />
    </mem>
    <mem type="tenure" free="7637224" total="32243712" percent="23">
      <mem type="soa" free="6024424" total="30630912" percent="19" />
      <mem type="loa" free="1612800" total="1612800" percent="100" />
    </mem>
    <remembered-set count="370" />
  </mem-info>
</gc-end>
<cycle-end id="895" type="scavenge" contextid="888" timestamp="2022-10-25T12:52:44.192" />
<allocation-satisfied id="896" threadId="0000000000025900" bytesRequested="24" />
<af-end id="897" timestamp="2022-10-25T12:52:44.192" threadId="0000000000026348" success="true" from="nursery"/>
<exclusive-end id="898" timestamp="2022-10-25T12:52:44.192" durationms="0.861" />

<exclusive-start id="899" timestamp="2022-10-25T12:52:44.198" intervalms="6.573">
  <response-info timems="0.019" idlems="0.019" threads="0" lastid="0000000000025900" lastname="main" />
</exclusive-start>
<af-start id="900" threadId="0000000000026348" totalBytesRequested="24" timestamp="2022-10-25T12:52:44.198" intervalms="6.575" type="nursery" />
<cycle-start id="901" type="scavenge" contextid="0" timestamp="2022-10-25T12:52:44.198" intervalms="6.576" />
<gc-start id="902" type="scavenge" contextid="901" timestamp="2022-10-25T12:52:44.198">
  <mem-info id="903" free="7637224" total="41156608" percent="18">
    <mem type="nursery" free="0" total="8912896" percent="0">
      <mem type="allocate" free="0" total="7208960" percent="0" />
      <mem type="survivor" free="0" total="1703936" percent="0" />
    </mem>
    <mem type="tenure" free="7637224" total="32243712" percent="23">
      <mem type="soa" free="6024424" total="30630912" percent="19" />
      <mem type="loa" free="1612800" total="1612800" percent="100" />
    </mem>
    <remembered-set count="370" />
  </mem-info>
</gc-start>
<allocation-stats totalBytes="6209464" >
  <allocated-bytes non-tlh="24" tlh="6209440" />
  <largest-consumer threadName="main" threadId="0000000000025900" bytes="6209464" />
</allocation-stats>
<gc-op id="904" type="scavenge" timems="0.649" contextid="901" timestamp="2022-10-25T12:52:44.198">
  <scavenger-info tenureage="2" tenuremask="7804" tiltratio="80" />
  <memory-copied type="nursery" objects="34926" bytes="990056" bytesdiscarded="109376" />
  <memory-copied type="tenure" objects="14657" bytes="402848" bytesdiscarded="312" />
  <object-monitors candidates="9" cleared="0"  />
</gc-op>
<heap-resize id="905" type="expand" space="nursery" amount="524288" count="1" timems="0.009" reason="excessive time being spent scavenging" timestamp="2022-10-25T12:52:44.198" />
<gc-end id="906" type="scavenge" contextid="901" durationms="0.713" usertimems="4.196" systemtimems="0.000" stalltimems="1.707" timestamp="2022-10-25T12:52:44.198" activeThreads="9">
  <mem-info id="907" free="13901632" total="41680896" percent="33">
    <mem type="nursery" free="6633816" total="9437184" percent="70">
      <mem type="allocate" free="6633816" total="7733248" percent="85" />
      <mem type="survivor" free="0" total="1703936" percent="0" />
    </mem>
    <mem type="tenure" free="7267816" total="32243712" percent="22">
      <mem type="soa" free="5655016" total="30630912" percent="18" />
      <mem type="loa" free="1612800" total="1612800" percent="100" />
    </mem>
    <remembered-set count="370" />
  </mem-info>
</gc-end>
<cycle-end id="908" type="scavenge" contextid="901" timestamp="2022-10-25T12:52:44.198" />
<allocation-satisfied id="909" threadId="0000000000025900" bytesRequested="24" />
<af-end id="910" timestamp="2022-10-25T12:52:44.198" threadId="0000000000026348" success="true" from="nursery"/>
<exclusive-end id="911" timestamp="2022-10-25T12:52:44.198" durationms="0.849" />

<exclusive-start id="912" timestamp="2022-10-25T12:52:44.203" intervalms="5.541">
  <response-info timems="0.017" idlems="0.017" threads="0" lastid="0000000000025900" lastname="main" />
</exclusive-start>
<af-start id="913" threadId="0000000000026348" totalBytesRequested="56" timestamp="2022-10-25T12:52:44.203" intervalms="5.526" type="nursery" />
<cycle-start id="914" type="scavenge" contextid="0" timestamp="2022-10-25T12:52:44.203" intervalms="5.522" />
<gc-start id="915" type="scavenge" contextid="914" timestamp="2022-10-25T12:52:44.203">
  <mem-info id="916" free="7267816" total="41680896" percent="17">
    <mem type="nursery" free="0" total="9437184" percent="0">
      <mem type="allocate" free="0" total="7733248" percent="0" />
      <mem type="survivor" free="0" total="1703936" percent="0" />
    </mem>
    <mem type="tenure" free="7267816" total="32243712" percent="22">
      <mem type="soa" free="5655016" total="30630912" percent="18" />
      <mem type="loa" free="1612800" total="1612800" percent="100" />
    </mem>
    <remembered-set count="370" />
  </mem-info>
</gc-start>
<allocation-stats totalBytes="6628432" >
  <allocated-bytes non-tlh="24" tlh="6628408" />
  <largest-consumer threadName="main" threadId="0000000000025900" bytes="6628432" />
</allocation-stats>
<gc-op id="917" type="scavenge" timems="0.836" contextid="914" timestamp="2022-10-25T12:52:44.204">
  <scavenger-info tenureage="2" tenuremask="7804" tiltratio="81" />
  <memory-copied type="nursery" objects="37285" bytes="1054384" bytesdiscarded="289272" />
  <memory-copied type="tenure" objects="16997" bytes="468504" bytesdiscarded="312" />
  <object-monitors candidates="9" cleared="0"  />
</gc-op>
<heap-resize id="918" type="expand" space="nursery" amount="786432" count="1" timems="0.008" reason="excessive time being spent scavenging" timestamp="2022-10-25T12:52:44.204" />
<gc-end id="919" type="scavenge" contextid="914" durationms="0.902" usertimems="5.396" systemtimems="0.000" stalltimems="2.748" timestamp="2022-10-25T12:52:44.204" activeThreads="10">
  <mem-info id="920" free="14173248" total="42467328" percent="33">
    <mem type="nursery" free="7307096" total="10223616" percent="71">
      <mem type="allocate" free="7307096" total="8650752" percent="84" />
      <mem type="survivor" free="0" total="1572864" percent="0" />
    </mem>
    <mem type="tenure" free="6866152" total="32243712" percent="21">
      <mem type="soa" free="5253352" total="30630912" percent="17" />
      <mem type="loa" free="1612800" total="1612800" percent="100" />
    </mem>
    <remembered-set count="371" />
  </mem-info>
</gc-end>
<cycle-end id="921" type="scavenge" contextid="914" timestamp="2022-10-25T12:52:44.204" />
<allocation-satisfied id="922" threadId="0000000000025900" bytesRequested="56" />
<af-end id="923" timestamp="2022-10-25T12:52:44.204" threadId="0000000000026348" success="true" from="nursery"/>
<exclusive-end id="924" timestamp="2022-10-25T12:52:44.204" durationms="1.005" />

<exclusive-start id="925" timestamp="2022-10-25T12:52:44.209" intervalms="5.361">
  <response-info timems="0.014" idlems="0.014" threads="0" lastid="0000000000025900" lastname="main" />
</exclusive-start>
<af-start id="926" threadId="0000000000026348" totalBytesRequested="144" timestamp="2022-10-25T12:52:44.209" intervalms="5.359" type="nursery" />
<cycle-start id="927" type="scavenge" contextid="0" timestamp="2022-10-25T12:52:44.209" intervalms="5.358" />
<gc-start id="928" type="scavenge" contextid="927" timestamp="2022-10-25T12:52:44.209">
  <mem-info id="929" free="6866152" total="42467328" percent="16">
    <mem type="nursery" free="0" total="10223616" percent="0">
      <mem type="allocate" free="0" total="8650752" percent="0" />
      <mem type="survivor" free="0" total="1572864" percent="0" />
    </mem>
    <mem type="tenure" free="6866152" total="32243712" percent="21">
      <mem type="soa" free="5253352" total="30630912" percent="17" />
      <mem type="loa" free="1612800" total="1612800" percent="100" />
    </mem>
    <remembered-set count="371" />
  </mem-info>
</gc-start>
<allocation-stats totalBytes="7301600" >
  <allocated-bytes non-tlh="56" tlh="7301544" />
  <largest-consumer threadName="main" threadId="0000000000025900" bytes="7301600" />
</allocation-stats>
<gc-op id="930" type="scavenge" timems="0.593" contextid="927" timestamp="2022-10-25T12:52:44.209">
  <scavenger-info tenureage="2" tenuremask="7804" tiltratio="84" />
  <memory-copied type="nursery" objects="40472" bytes="1154368" bytesdiscarded="124984" />
  <memory-copied type="tenure" objects="17913" bytes="493584" bytesdiscarded="240" />
  <object-monitors candidates="9" cleared="0"  />
</gc-op>
<heap-resize id="931" type="expand" space="nursery" amount="655360" count="1" timems="0.009" reason="excessive time being spent scavenging" timestamp="2022-10-25T12:52:44.209" />
<gc-end id="932" type="scavenge" contextid="927" durationms="0.647" usertimems="4.579" systemtimems="0.000" stalltimems="2.033" timestamp="2022-10-25T12:52:44.209" activeThreads="11">
  <mem-info id="933" free="14224240" total="43122688" percent="32">
    <mem type="nursery" free="7895688" total="10878976" percent="72">
      <mem type="allocate" free="7895688" total="9175040" percent="86" />
      <mem type="survivor" free="0" total="1703936" percent="0" />
    </mem>
    <mem type="tenure" free="6328552" total="32243712" percent="19">
      <mem type="soa" free="4715752" total="30630912" percent="15" />
      <mem type="loa" free="1612800" total="1612800" percent="100" />
    </mem>
    <remembered-set count="372" />
  </mem-info>
</gc-end>
<cycle-end id="934" type="scavenge" contextid="927" timestamp="2022-10-25T12:52:44.209" />
<allocation-satisfied id="935" threadId="0000000000025900" bytesRequested="144" />
<af-end id="936" timestamp="2022-10-25T12:52:44.209" threadId="0000000000026348" success="true" from="nursery"/>
<exclusive-end id="937" timestamp="2022-10-25T12:52:44.209" durationms="0.745" />

<exclusive-start id="938" timestamp="2022-10-25T12:52:44.214" intervalms="5.261">
  <response-info timems="0.014" idlems="0.014" threads="0" lastid="0000000000025900" lastname="main" />
</exclusive-start>
<af-start id="939" threadId="0000000000026348" totalBytesRequested="1472" timestamp="2022-10-25T12:52:44.214" intervalms="5.259" type="nursery" />
<cycle-start id="940" type="scavenge" contextid="0" timestamp="2022-10-25T12:52:44.214" intervalms="5.259" />
<gc-start id="941" type="scavenge" contextid="940" timestamp="2022-10-25T12:52:44.214">
  <mem-info id="942" free="6328552" total="43122688" percent="14">
    <mem type="nursery" free="0" total="10878976" percent="0">
      <mem type="allocate" free="0" total="9175040" percent="0" />
      <mem type="survivor" free="0" total="1703936" percent="0" />
    </mem>
    <mem type="tenure" free="6328552" total="32243712" percent="19">
      <mem type="soa" free="4715752" total="30630912" percent="15" />
      <mem type="loa" free="1612800" total="1612800" percent="100" />
    </mem>
    <remembered-set count="372" />
  </mem-info>
</gc-start>
<allocation-stats totalBytes="7883488" >
  <allocated-bytes non-tlh="144" tlh="7883344" />
  <largest-consumer threadName="main" threadId="0000000000025900" bytes="7883488" />
</allocation-stats>
<gc-op id="943" type="scavenge" timems="0.676" contextid="940" timestamp="2022-10-25T12:52:44.215">
  <scavenger-info tenureage="2" tenuremask="7804" tiltratio="84" />
  <memory-copied type="nursery" objects="44009" bytes="1250112" bytesdiscarded="133688" />
  <memory-copied type="tenure" objects="19360" bytes="532800" bytesdiscarded="152" />
  <object-monitors candidates="9" cleared="0"  />
</gc-op>
<heap-resize id="944" type="expand" space="nursery" amount="655360" count="1" timems="0.008" reason="excessive time being spent scavenging" timestamp="2022-10-25T12:52:44.215" />
<gc-end id="945" type="scavenge" contextid="940" durationms="0.746" usertimems="2.707" systemtimems="2.246" stalltimems="2.145" timestamp="2022-10-25T12:52:44.215" activeThreads="11">
  <mem-info id="946" free="14187120" total="43778048" percent="32">
    <mem type="nursery" free="8315528" total="11534336" percent="72">
      <mem type="allocate" free="8315528" total="9699328" percent="85" />
      <mem type="survivor" free="0" total="1835008" percent="0" />
    </mem>
    <mem type="tenure" free="5871592" total="32243712" percent="18">
      <mem type="soa" free="4258792" total="30630912" percent="13" />
      <mem type="loa" free="1612800" total="1612800" percent="100" />
    </mem>
    <remembered-set count="371" />
  </mem-info>
</gc-end>
<cycle-end id="947" type="scavenge" contextid="940" timestamp="2022-10-25T12:52:44.215" />
<allocation-satisfied id="948" threadId="0000000000025900" bytesRequested="1472" />
<af-end id="949" timestamp="2022-10-25T12:52:44.215" threadId="0000000000026348" success="true" from="nursery"/>
<exclusive-end id="950" timestamp="2022-10-25T12:52:44.215" durationms="0.841" />

<exclusive-start id="951" timestamp="2022-10-25T12:52:44.220" intervalms="5.779">
  <response-info timems="0.017" idlems="0.017" threads="0" lastid="0000000000025900" lastname="main" />
</exclusive-start>
<af-start id="952" threadId="0000000000026348" totalBytesRequested="2064" timestamp="2022-10-25T12:52:44.220" intervalms="5.788" type="nursery" />
<cycle-start id="953" type="scavenge" contextid="0" timestamp="2022-10-25T12:52:44.220" intervalms="5.789" />
<gc-start id="954" type="scavenge" contextid="953" timestamp="2022-10-25T12:52:44.220">
  <mem-info id="955" free="5871592" total="43778048" percent="13">
    <mem type="nursery" free="0" total="11534336" percent="0">
      <mem type="allocate" free="0" total="9699328" percent="0" />
      <mem type="survivor" free="0" total="1835008" percent="0" />
    </mem>
    <mem type="tenure" free="5871592" total="32243712" percent="18">
      <mem type="soa" free="4258792" total="30630912" percent="13" />
      <mem type="loa" free="1612800" total="1612800" percent="100" />
    </mem>
    <remembered-set count="371" />
  </mem-info>
</gc-start>
<allocation-stats totalBytes="8308536" >
  <allocated-bytes non-tlh="1472" tlh="8307064" />
  <largest-consumer threadName="main" threadId="0000000000025900" bytes="8308536" />
</allocation-stats>
<gc-op id="956" type="scavenge" timems="0.910" contextid="953" timestamp="2022-10-25T12:52:44.221">
  <scavenger-info tenureage="2" tenuremask="7804" tiltratio="84" />
  <memory-copied type="nursery" objects="46988" bytes="1349944" bytesdiscarded="178544" />
  <memory-copied type="tenure" objects="21106" bytes="581440" bytesdiscarded="176" />
  <object-monitors candidates="9" cleared="0"  />
</gc-op>
<heap-resize id="957" type="expand" space="nursery" amount="917504" count="1" timems="0.020" reason="excessive time being spent scavenging" timestamp="2022-10-25T12:52:44.221" />
<gc-end id="958" type="scavenge" contextid="953" durationms="1.046" usertimems="5.727" systemtimems="0.357" stalltimems="3.982" timestamp="2022-10-25T12:52:44.221" activeThreads="11">
  <mem-info id="959" free="14175296" total="44695552" percent="31">
    <mem type="nursery" free="8957272" total="12451840" percent="71">
      <mem type="allocate" free="8957272" total="10485760" percent="85" />
      <mem type="survivor" free="0" total="1966080" percent="0" />
    </mem>
    <mem type="tenure" free="5218024" total="32243712" percent="16">
      <mem type="soa" free="3605224" total="30630912" percent="11" />
      <mem type="loa" free="1612800" total="1612800" percent="100" />
    </mem>
    <remembered-set count="369" />
  </mem-info>
</gc-end>
<cycle-end id="960" type="scavenge" contextid="953" timestamp="2022-10-25T12:52:44.221" />
<allocation-satisfied id="961" threadId="0000000000025900" bytesRequested="2064" />
<af-end id="962" timestamp="2022-10-25T12:52:44.221" threadId="0000000000026348" success="true" from="nursery"/>
<exclusive-end id="963" timestamp="2022-10-25T12:52:44.221" durationms="1.234" />

<exclusive-start id="964" timestamp="2022-10-25T12:52:44.226" intervalms="6.540">
  <response-info timems="0.019" idlems="0.019" threads="0" lastid="0000000000025900" lastname="main" />
</exclusive-start>
<af-start id="965" threadId="0000000000026348" totalBytesRequested="624" timestamp="2022-10-25T12:52:44.226" intervalms="6.537" type="nursery" />
<cycle-start id="966" type="scavenge" contextid="0" timestamp="2022-10-25T12:52:44.226" intervalms="6.538" />
<gc-start id="967" type="scavenge" contextid="966" timestamp="2022-10-25T12:52:44.226">
  <mem-info id="968" free="5218024" total="44695552" percent="11">
    <mem type="nursery" free="0" total="12451840" percent="0">
      <mem type="allocate" free="0" total="10485760" percent="0" />
      <mem type="survivor" free="0" total="1966080" percent="0" />
    </mem>
    <mem type="tenure" free="5218024" total="32243712" percent="16">
      <mem type="soa" free="3605224" total="30630912" percent="11" />
      <mem type="loa" free="1612800" total="1612800" percent="100" />
    </mem>
    <remembered-set count="369" />
  </mem-info>
</gc-start>
<allocation-stats totalBytes="8950784" >
  <allocated-bytes non-tlh="2064" tlh="8948720" />
  <largest-consumer threadName="main" threadId="0000000000025900" bytes="8950784" />
</allocation-stats>
<gc-op id="969" type="scavenge" timems="1.127" contextid="966" timestamp="2022-10-25T12:52:44.227">
  <scavenger-info tenureage="2" tenuremask="7804" tiltratio="84" />
  <memory-copied type="nursery" objects="50228" bytes="1440368" bytesdiscarded="92728" />
  <memory-copied type="tenure" objects="22899" bytes="629656" bytesdiscarded="288" />
  <object-monitors candidates="9" cleared="0"  />
</gc-op>
<heap-resize id="970" type="expand" space="nursery" amount="1048576" count="1" timems="0.011" reason="excessive time being spent scavenging" timestamp="2022-10-25T12:52:44.227" />
<gc-end id="971" type="scavenge" contextid="966" durationms="1.199" usertimems="9.302" systemtimems="0.577" stalltimems="2.367" timestamp="2022-10-25T12:52:44.227" activeThreads="11">
  <mem-info id="972" free="14344000" total="45744128" percent="31">
    <mem type="nursery" free="9870168" total="13500416" percent="73">
      <mem type="allocate" free="9870168" total="11403264" percent="86" />
      <mem type="survivor" free="0" total="2097152" percent="0" />
    </mem>
    <mem type="tenure" free="4473832" total="32243712" percent="13">
      <mem type="soa" free="2861032" total="30630912" percent="9" />
      <mem type="loa" free="1612800" total="1612800" percent="100" />
    </mem>
    <remembered-set count="369" />
  </mem-info>
</gc-end>
<cycle-end id="973" type="scavenge" contextid="966" timestamp="2022-10-25T12:52:44.227" />
<allocation-satisfied id="974" threadId="0000000000025900" bytesRequested="624" />
<af-end id="975" timestamp="2022-10-25T12:52:44.227" threadId="0000000000026348" success="true" from="nursery"/>
<exclusive-end id="976" timestamp="2022-10-25T12:52:44.227" durationms="1.321" />

<exclusive-start id="977" timestamp="2022-10-25T12:52:44.234" intervalms="7.577">
  <response-info timems="0.016" idlems="0.016" threads="0" lastid="0000000000025900" lastname="main" />
</exclusive-start>
<af-start id="978" threadId="0000000000026348" totalBytesRequested="2064" timestamp="2022-10-25T12:52:44.234" intervalms="7.577" type="nursery" />
<cycle-start id="979" type="scavenge" contextid="0" timestamp="2022-10-25T12:52:44.234" intervalms="7.576" />
<gc-start id="980" type="scavenge" contextid="979" timestamp="2022-10-25T12:52:44.234">
  <mem-info id="981" free="4473832" total="45744128" percent="9">
    <mem type="nursery" free="0" total="13500416" percent="0">
      <mem type="allocate" free="0" total="11403264" percent="0" />
      <mem type="survivor" free="0" total="2097152" percent="0" />
    </mem>
    <mem type="tenure" free="4473832" total="32243712" percent="13">
      <mem type="soa" free="2861032" total="30630912" percent="9" />
      <mem type="loa" free="1612800" total="1612800" percent="100" />
    </mem>
    <remembered-set count="369" />
  </mem-info>
</gc-start>
<allocation-stats totalBytes="9856792" >
  <allocated-bytes non-tlh="624" tlh="9856168" />
  <largest-consumer threadName="main" threadId="0000000000025900" bytes="9852696" />
</allocation-stats>
<gc-op id="982" type="scavenge" timems="0.678" contextid="979" timestamp="2022-10-25T12:52:44.234">
  <scavenger-info tenureage="2" tenuremask="7804" tiltratio="84" />
  <memory-copied type="nursery" objects="54878" bytes="1511904" bytesdiscarded="150048" />
  <memory-copied type="tenure" objects="24085" bytes="719792" bytesdiscarded="216" />
  <object-monitors candidates="9" cleared="0"  />
</gc-op>
<heap-resize id="983" type="expand" space="nursery" amount="655360" count="1" timems="0.009" reason="excessive time being spent scavenging" timestamp="2022-10-25T12:52:44.234" />
<gc-end id="984" type="scavenge" contextid="979" durationms="0.741" usertimems="6.632" systemtimems="0.000" stalltimems="2.085" timestamp="2022-10-25T12:52:44.235" activeThreads="13">
  <mem-info id="985" free="14050880" total="46399488" percent="30">
    <mem type="nursery" free="10396672" total="14155776" percent="73">
      <mem type="allocate" free="10396672" total="12058624" percent="86" />
      <mem type="survivor" free="0" total="2097152" percent="0" />
    </mem>
    <mem type="tenure" free="3654208" total="32243712" percent="11">
      <mem type="soa" free="2041408" total="30630912" percent="6" />
      <mem type="loa" free="1612800" total="1612800" percent="100" />
    </mem>
    <remembered-set count="369" />
  </mem-info>
</gc-end>
<cycle-end id="986" type="scavenge" contextid="979" timestamp="2022-10-25T12:52:44.235" />
<allocation-satisfied id="987" threadId="0000000000025900" bytesRequested="2064" />
<af-end id="988" timestamp="2022-10-25T12:52:44.235" threadId="0000000000026348" success="true" from="nursery"/>
<exclusive-end id="989" timestamp="2022-10-25T12:52:44.235" durationms="0.860" />

<exclusive-start id="990" timestamp="2022-10-25T12:52:44.241" intervalms="6.903">
  <response-info timems="0.016" idlems="0.016" threads="0" lastid="0000000000025900" lastname="main" />
</exclusive-start>
<af-start id="991" threadId="0000000000026348" totalBytesRequested="24" timestamp="2022-10-25T12:52:44.241" intervalms="6.908" type="nursery" />
<cycle-start id="992" type="scavenge" contextid="0" timestamp="2022-10-25T12:52:44.241" intervalms="6.910" />
<gc-start id="993" type="scavenge" contextid="992" timestamp="2022-10-25T12:52:44.241">
  <mem-info id="994" free="3654208" total="46399488" percent="7">
    <mem type="nursery" free="0" total="14155776" percent="0">
      <mem type="allocate" free="0" total="12058624" percent="0" />
      <mem type="survivor" free="0" total="2097152" percent="0" />
    </mem>
    <mem type="tenure" free="3654208" total="32243712" percent="11">
      <mem type="soa" free="2041408" total="30630912" percent="6" />
      <mem type="loa" free="1612800" total="1612800" percent="100" />
    </mem>
    <remembered-set count="369" />
  </mem-info>
</gc-start>
<allocation-stats totalBytes="10388464" >
  <allocated-bytes non-tlh="2064" tlh="10386400" />
  <largest-consumer threadName="main" threadId="0000000000025900" bytes="10388464" />
</allocation-stats>
<gc-op id="995" type="scavenge" timems="0.812" contextid="992" timestamp="2022-10-25T12:52:44.242">
  <scavenger-info tenureage="2" tenuremask="7804" tiltratio="85" />
  <memory-copied type="nursery" objects="59192" bytes="1632464" bytesdiscarded="173104" />
  <memory-copied type="tenure" objects="26140" bytes="719536" bytesdiscarded="424" />
  <object-monitors candidates="9" cleared="0"  />
</gc-op>
<heap-resize id="996" type="expand" space="nursery" amount="786432" count="1" timems="0.012" reason="excessive time being spent scavenging" timestamp="2022-10-25T12:52:44.242" />
<gc-end id="997" type="scavenge" contextid="992" durationms="0.888" usertimems="8.273" systemtimems="0.000" stalltimems="3.238" timestamp="2022-10-25T12:52:44.242" activeThreads="15">
  <mem-info id="998" free="13838912" total="47185920" percent="29">
    <mem type="nursery" free="10842880" total="14942208" percent="72">
      <mem type="allocate" free="10842880" total="12648448" percent="85" />
      <mem type="survivor" free="0" total="2293760" percent="0" />
    </mem>
    <mem type="tenure" free="2996032" total="32243712" percent="9">
      <mem type="soa" free="1383232" total="30630912" percent="4" />
      <mem type="loa" free="1612800" total="1612800" percent="100" />
    </mem>
    <remembered-set count="369" />
  </mem-info>
</gc-end>
<cycle-end id="999" type="scavenge" contextid="992" timestamp="2022-10-25T12:52:44.242" />
<allocation-satisfied id="1000" threadId="0000000000025900" bytesRequested="24" />
<af-end id="1001" timestamp="2022-10-25T12:52:44.242" threadId="0000000000026348" success="true" from="nursery"/>
<exclusive-end id="1002" timestamp="2022-10-25T12:52:44.242" durationms="1.014" />

<concurrent-kickoff id="1003" timestamp="2022-10-25T12:52:44.251">
  <kickoff reason="threshold reached" targetBytes="5539894" thresholdFreeBytes="769326"  remainingFree="690576" tenureFreeBytes="2996032" nurseryFreeBytes="690576" />
</concurrent-kickoff>
<exclusive-start id="1004" timestamp="2022-10-25T12:52:44.251" intervalms="10.848">
  <response-info timems="0.027" idlems="0.027" threads="0" lastid="0000000000025900" lastname="main" />
</exclusive-start>
<cycle-start id="1005" type="global" contextid="0" timestamp="2022-10-25T12:52:44.251" intervalms="197.666" />
<concurrent-start id="1006" type="global mark" contextid="1005" timestamp="2022-10-25T12:52:44.251">
</concurrent-start>
<exclusive-end id="1007" timestamp="2022-10-25T12:52:44.251" durationms="0.037" />

<concurrent-end id="1008" type="global mark" contextid="1005" timestamp="2022-10-25T12:52:44.264">
<gc-op id="1009" type="trace" timems="12.531" contextid="1005" timestamp="2022-10-25T12:52:44.264">
  <trace bytesTraced="6265432" workStackOverflowCount="0" />
  <card-cleaning reason="card cleaning threshold reached" bytesTraced="988" cardsCleaned="2" />
</gc-op>
</concurrent-end>

<exclusive-start id="1010" timestamp="2022-10-25T12:52:44.264" intervalms="12.613">
  <response-info timems="0.034" idlems="0.034" threads="0" lastid="0000000000025900" lastname="main" />
</exclusive-start>
<concurrent-global-final id="1011" timestamp="2022-10-25T12:52:44.264" contextid="1005" intervalms="861.852" >
  <concurrent-trace-info reason="card cleaning threshold reached" tracedByMutators="1863960" tracedByHelpers="4402460" cardsCleaned="2" workStackOverflowCount="0" />
</concurrent-global-final>
<gc-start id="1012" type="global" contextid="1005" timestamp="2022-10-25T12:52:44.264">
  <mem-info id="1013" free="2996032" total="47185920" percent="6">
    <mem type="nursery" free="0" total="14942208" percent="0">
      <mem type="allocate" free="0" total="12648448" percent="0" />
      <mem type="survivor" free="0" total="2293760" percent="0" />
    </mem>
    <mem type="tenure" free="2996032" total="32243712" percent="9">
      <mem type="soa" free="1383232" total="30630912" percent="4" />
      <mem type="loa" free="1612800" total="1612800" percent="100" />
    </mem>
    <remembered-set count="369" />
  </mem-info>
</gc-start>
<allocation-stats totalBytes="10833016" >
  <allocated-bytes non-tlh="84360" tlh="10748656" />
  <largest-consumer threadName="main" threadId="0000000000025900" bytes="10833016" />
</allocation-stats>
<gc-op id="1014" type="rs-scan" timems="2.306" contextid="1005" timestamp="2022-10-25T12:52:44.267">
  <scan objectsFound="232598" bytesTraced="5091140" workStackOverflowCount="0" />
</gc-op>
<gc-op id="1015" type="card-cleaning" timems="0.421" contextid="1005" timestamp="2022-10-25T12:52:44.267">
  <card-cleaning cardsCleaned="1" bytesTraced="508" workStackOverflowCount="0" />
</gc-op>
<gc-op id="1016" type="mark" timems="3.989" contextid="1005" timestamp="2022-10-25T12:52:44.271">
  <trace-info objectcount="391" scancount="353" scanbytes="10732" />
  <finalization candidates="121" enqueued="0" />
  <ownableSynchronizers candidates="183" cleared="0" />
  <references type="soft" candidates="4713" cleared="0" enqueued="0" dynamicThreshold="9" maxThreshold="32" />
  <references type="weak" candidates="3290" cleared="0" enqueued="0" />
  <references type="phantom" candidates="837" cleared="0" enqueued="0" />
  <stringconstants candidates="15843" cleared="0"  />
  <object-monitors candidates="9" cleared="0"  />
</gc-op>
<gc-op id="1017" type="classunload" timems="0.018" contextid="1005" timestamp="2022-10-25T12:52:44.271">
  <classunload-info classloadercandidates="5" classloadersunloaded="0" classesunloaded="0" anonymousclassesunloaded="0" quiescems="0.000" setupms="0.012" scanms="0.006" postms="0.000" />
</gc-op>
<gc-op id="1018" type="sweep" timems="0.848" contextid="1005" timestamp="2022-10-25T12:52:44.272" />
<heap-resize id="1019" type="expand" space="tenure" amount="8847360" count="1" timems="0.373" reason="insufficient free space following gc" timestamp="2022-10-25T12:52:44.272" />
<gc-end id="1020" type="global" contextid="1005" durationms="8.255" usertimems="50.290" systemtimems="13.407" stalltimems="64.184" timestamp="2022-10-25T12:52:44.272" activeThreads="20">
  <mem-info id="1021" free="18197104" total="56033280" percent="32">
    <mem type="nursery" free="5846048" total="14942208" percent="39">
      <mem type="allocate" free="5846048" total="12648448" percent="46" />
      <mem type="survivor" free="0" total="2293760" percent="0" />
    </mem>
    <mem type="tenure" free="12351056" total="41091072" percent="30" micro-fragmented="11270" macro-fragmented="0">
      <mem type="soa" free="10295888" total="39035904" percent="26" />
      <mem type="loa" free="2055168" total="2055168" percent="100" />
    </mem>
    <remembered-set count="368" />
  </mem-info>
</gc-end>
<cycle-end id="1022" type="global" contextid="1005" timestamp="2022-10-25T12:52:44.273" />
<exclusive-end id="1023" timestamp="2022-10-25T12:52:44.273" durationms="8.476" />

<exclusive-start id="1024" timestamp="2022-10-25T12:52:44.281" intervalms="17.013">
  <response-info timems="0.030" idlems="0.030" threads="0" lastid="0000000000025900" lastname="main" />
</exclusive-start>
<af-start id="1025" threadId="0000000000026348" totalBytesRequested="16" timestamp="2022-10-25T12:52:44.281" intervalms="40.502" type="nursery" />
<cycle-start id="1026" type="scavenge" contextid="0" timestamp="2022-10-25T12:52:44.281" intervalms="40.517" />
<gc-start id="1027" type="scavenge" contextid="1026" timestamp="2022-10-25T12:52:44.281">
  <mem-info id="1028" free="12351056" total="56033280" percent="22">
    <mem type="nursery" free="0" total="14942208" percent="0">
      <mem type="allocate" free="0" total="12648448" percent="0" />
      <mem type="survivor" free="0" total="2293760" percent="0" />
    </mem>
    <mem type="tenure" free="12351056" total="41091072" percent="30">
      <mem type="soa" free="10295888" total="39035904" percent="26" />
      <mem type="loa" free="2055168" total="2055168" percent="100" />
    </mem>
    <remembered-set count="368" />
  </mem-info>
</gc-start>
<allocation-stats totalBytes="5709800" >
  <allocated-bytes non-tlh="10320" tlh="5699480" />
  <largest-consumer threadName="main" threadId="0000000000025900" bytes="5709800" />
</allocation-stats>
<gc-op id="1029" type="scavenge" timems="2.016" contextid="1026" timestamp="2022-10-25T12:52:44.283">
  <scavenger-info tenureage="2" tenuremask="7804" tiltratio="84" />
  <memory-copied type="nursery" objects="76152" bytes="2186688" bytesdiscarded="107072" />
  <memory-copied type="tenure" objects="30762" bytes="844192" bytesdiscarded="1160" />
  <copy-failed type="nursery" objects="2028" bytes="52456" />
  <ownableSynchronizers candidates="366" cleared="366" />
  <object-monitors candidates="9" cleared="0"  />
</gc-op>
<gc-end id="1030" type="scavenge" contextid="1026" durationms="2.159" usertimems="23.108" systemtimems="0.000" stalltimems="8.545" timestamp="2022-10-25T12:52:44.283" activeThreads="16">
  <mem-info id="1031" free="20472768" total="56033280" percent="36">
    <mem type="nursery" free="9109504" total="14942208" percent="60">
      <mem type="allocate" free="9109504" total="11403264" percent="79" />
      <mem type="survivor" free="0" total="3538944" percent="0" />
    </mem>
    <mem type="tenure" free="11363264" total="41091072" percent="27">
      <mem type="soa" free="9308096" total="39035904" percent="23" />
      <mem type="loa" free="2055168" total="2055168" percent="100" />
    </mem>
    <remembered-set count="404" />
  </mem-info>
</gc-end>
<cycle-end id="1032" type="scavenge" contextid="1026" timestamp="2022-10-25T12:52:44.283" />
<allocation-satisfied id="1033" threadId="0000000000025900" bytesRequested="16" />
<af-end id="1034" timestamp="2022-10-25T12:52:44.283" threadId="0000000000026348" success="true" from="nursery"/>
<exclusive-end id="1035" timestamp="2022-10-25T12:52:44.284" durationms="2.423" />

<exclusive-start id="1036" timestamp="2022-10-25T12:52:44.293" intervalms="11.755">
  <response-info timems="0.023" idlems="0.023" threads="0" lastid="0000000000025900" lastname="main" />
</exclusive-start>
<af-start id="1037" threadId="0000000000026348" totalBytesRequested="2064" timestamp="2022-10-25T12:52:44.293" intervalms="11.728" type="nursery" />
<cycle-start id="1038" type="scavenge" contextid="0" timestamp="2022-10-25T12:52:44.293" intervalms="11.717" />
<gc-start id="1039" type="scavenge" contextid="1038" timestamp="2022-10-25T12:52:44.293">
  <mem-info id="1040" free="11363264" total="56033280" percent="20">
    <mem type="nursery" free="0" total="14942208" percent="0">
      <mem type="allocate" free="0" total="11403264" percent="0" />
      <mem type="survivor" free="0" total="3538944" percent="0" />
    </mem>
    <mem type="tenure" free="11363264" total="41091072" percent="27">
      <mem type="soa" free="9308096" total="39035904" percent="23" />
      <mem type="loa" free="2055168" total="2055168" percent="100" />
    </mem>
    <remembered-set count="404" />
  </mem-info>
</gc-start>
<allocation-stats totalBytes="9097968" >
  <allocated-bytes non-tlh="16" tlh="9097952" />
  <largest-consumer threadName="main" threadId="0000000000025900" bytes="9097968" />
</allocation-stats>
<gc-op id="1041" type="scavenge" timems="1.526" contextid="1038" timestamp="2022-10-25T12:52:44.294">
  <scavenger-info tenureage="2" tenuremask="7804" tiltratio="76" />
  <memory-copied type="nursery" objects="72319" bytes="2080608" bytesdiscarded="295440" />
  <memory-copied type="tenure" objects="30448" bytes="837672" bytesdiscarded="536" />
  <object-monitors candidates="9" cleared="0"  />
</gc-op>
<heap-resize id="1042" type="expand" space="nursery" amount="1179648" count="1" timems="0.043" reason="excessive time being spent scavenging" timestamp="2022-10-25T12:52:44.295" />
<gc-end id="1043" type="scavenge" contextid="1038" durationms="1.780" usertimems="17.758" systemtimems="0.000" stalltimems="10.440" timestamp="2022-10-25T12:52:44.295" activeThreads="19">
  <mem-info id="1044" free="20387664" total="57212928" percent="35">
    <mem type="nursery" free="10075792" total="16121856" percent="62">
      <mem type="allocate" free="10075792" total="12451840" percent="80" />
      <mem type="survivor" free="0" total="3670016" percent="0" />
    </mem>
    <mem type="tenure" free="10311872" total="41091072" percent="25">
      <mem type="soa" free="8256704" total="39035904" percent="21" />
      <mem type="loa" free="2055168" total="2055168" percent="100" />
    </mem>
    <remembered-set count="404" />
  </mem-info>
</gc-end>
<cycle-end id="1045" type="scavenge" contextid="1038" timestamp="2022-10-25T12:52:44.295" />
<allocation-satisfied id="1046" threadId="0000000000025900" bytesRequested="2064" />
<af-end id="1047" timestamp="2022-10-25T12:52:44.295" threadId="0000000000026348" success="true" from="nursery"/>
<exclusive-end id="1048" timestamp="2022-10-25T12:52:44.295" durationms="2.030" />

<exclusive-start id="1049" timestamp="2022-10-25T12:52:44.319" intervalms="26.204">
  <response-info timems="0.041" idlems="0.041" threads="0" lastid="0000000000025900" lastname="main" />
</exclusive-start>
<af-start id="1050" threadId="0000000000026348" totalBytesRequested="2064" timestamp="2022-10-25T12:52:44.319" intervalms="26.258" type="nursery" />
<cycle-start id="1051" type="scavenge" contextid="0" timestamp="2022-10-25T12:52:44.319" intervalms="26.282" />
<gc-start id="1052" type="scavenge" contextid="1051" timestamp="2022-10-25T12:52:44.319">
  <mem-info id="1053" free="10311872" total="57212928" percent="18">
    <mem type="nursery" free="0" total="16121856" percent="0">
      <mem type="allocate" free="0" total="12451840" percent="0" />
      <mem type="survivor" free="0" total="3670016" percent="0" />
    </mem>
    <mem type="tenure" free="10311872" total="41091072" percent="25">
      <mem type="soa" free="8256704" total="39035904" percent="21" />
      <mem type="loa" free="2055168" total="2055168" percent="100" />
    </mem>
    <remembered-set count="404" />
  </mem-info>
</gc-start>
<allocation-stats totalBytes="10067544" >
  <allocated-bytes non-tlh="2064" tlh="10065480" />
  <largest-consumer threadName="main" threadId="0000000000025900" bytes="10067544" />
</allocation-stats>
<gc-op id="1054" type="scavenge" timems="2.306" contextid="1051" timestamp="2022-10-25T12:52:44.322">
  <scavenger-info tenureage="2" tenuremask="7804" tiltratio="77" />
  <memory-copied type="nursery" objects="56067" bytes="1543920" bytesdiscarded="246288" />
  <memory-copied type="tenure" objects="45691" bytes="1345992" bytesdiscarded="664" />
  <object-monitors candidates="9" cleared="0"  />
</gc-op>
<heap-resize id="1055" type="expand" space="nursery" amount="655360" count="1" timems="0.028" reason="excessive time being spent scavenging" timestamp="2022-10-25T12:52:44.322" />
<gc-end id="1056" type="scavenge" contextid="1051" durationms="2.517" usertimems="28.335" systemtimems="1.796" stalltimems="13.547" timestamp="2022-10-25T12:52:44.322" activeThreads="19">
  <mem-info id="1057" free="20529488" total="57868288" percent="35">
    <mem type="nursery" free="11579136" total="16777216" percent="69">
      <mem type="allocate" free="11579136" total="13369344" percent="86" />
      <mem type="survivor" free="0" total="3407872" percent="0" />
    </mem>
    <mem type="tenure" free="8950352" total="41091072" percent="21">
      <mem type="soa" free="6895184" total="39035904" percent="17" />
      <mem type="loa" free="2055168" total="2055168" percent="100" />
    </mem>
    <remembered-set count="371" />
  </mem-info>
</gc-end>
<cycle-end id="1058" type="scavenge" contextid="1051" timestamp="2022-10-25T12:52:44.322" />
<allocation-satisfied id="1059" threadId="0000000000025900" bytesRequested="2064" />
<af-end id="1060" timestamp="2022-10-25T12:52:44.322" threadId="0000000000026348" success="true" from="nursery"/>
<exclusive-end id="1061" timestamp="2022-10-25T12:52:44.322" durationms="2.843" />

<exclusive-start id="1062" timestamp="2022-10-25T12:52:44.342" intervalms="22.807">
  <response-info timems="0.041" idlems="0.041" threads="0" lastid="0000000000025900" lastname="main" />
</exclusive-start>
<af-start id="1063" threadId="0000000000026348" totalBytesRequested="752" timestamp="2022-10-25T12:52:44.342" intervalms="22.786" type="nursery" />
<cycle-start id="1064" type="scavenge" contextid="0" timestamp="2022-10-25T12:52:44.342" intervalms="22.787" />
<gc-start id="1065" type="scavenge" contextid="1064" timestamp="2022-10-25T12:52:44.342">
  <mem-info id="1066" free="8950352" total="57868288" percent="15">
    <mem type="nursery" free="0" total="16777216" percent="0">
      <mem type="allocate" free="0" total="13369344" percent="0" />
      <mem type="survivor" free="0" total="3407872" percent="0" />
    </mem>
    <mem type="tenure" free="8950352" total="41091072" percent="21">
      <mem type="soa" free="6895184" total="39035904" percent="17" />
      <mem type="loa" free="2055168" total="2055168" percent="100" />
    </mem>
    <remembered-set count="371" />
  </mem-info>
</gc-start>
<allocation-stats totalBytes="11568888" >
  <allocated-bytes non-tlh="2064" tlh="11566824" />
  <largest-consumer threadName="main" threadId="0000000000025900" bytes="11564792" />
</allocation-stats>
<gc-op id="1067" type="scavenge" timems="2.645" contextid="1064" timestamp="2022-10-25T12:52:44.345">
  <scavenger-info tenureage="1" tenuremask="7806" tiltratio="79" />
  <memory-copied type="nursery" objects="33667" bytes="926200" bytesdiscarded="279560" />
  <memory-copied type="tenure" objects="56063" bytes="1543416" bytesdiscarded="808" />
  <object-monitors candidates="9" cleared="0"  />
</gc-op>
<heap-resize id="1068" type="expand" space="nursery" amount="917504" count="1" timems="0.031" reason="excessive time being spent scavenging" timestamp="2022-10-25T12:52:44.345" />
<gc-end id="1069" type="scavenge" contextid="1064" durationms="2.864" usertimems="13.472" systemtimems="14.979" stalltimems="24.620" timestamp="2022-10-25T12:52:44.345" activeThreads="20">
  <mem-info id="1070" free="20697424" total="58785792" percent="35">
    <mem type="nursery" free="13277696" total="17694720" percent="75">
      <mem type="allocate" free="13277696" total="14483456" percent="91" />
      <mem type="survivor" free="0" total="3211264" percent="0" />
    </mem>
    <mem type="tenure" free="7419728" total="41091072" percent="18">
      <mem type="soa" free="5364560" total="39035904" percent="13" />
      <mem type="loa" free="2055168" total="2055168" percent="100" />
    </mem>
    <remembered-set count="369" />
  </mem-info>
</gc-end>
<cycle-end id="1071" type="scavenge" contextid="1064" timestamp="2022-10-25T12:52:44.345" />
<allocation-satisfied id="1072" threadId="0000000000025900" bytesRequested="752" />
<af-end id="1073" timestamp="2022-10-25T12:52:44.345" threadId="0000000000026348" success="true" from="nursery"/>
<exclusive-end id="1074" timestamp="2022-10-25T12:52:44.345" durationms="3.191" />

<exclusive-start id="1075" timestamp="2022-10-25T12:52:44.366" intervalms="24.158">
  <response-info timems="0.031" idlems="0.031" threads="0" lastid="0000000000025900" lastname="main" />
</exclusive-start>
<af-start id="1076" threadId="0000000000026348" totalBytesRequested="2064" timestamp="2022-10-25T12:52:44.366" intervalms="24.146" type="nursery" />
<cycle-start id="1077" type="scavenge" contextid="0" timestamp="2022-10-25T12:52:44.366" intervalms="24.134" />
<gc-start id="1078" type="scavenge" contextid="1077" timestamp="2022-10-25T12:52:44.366">
  <mem-info id="1079" free="7419728" total="58785792" percent="12">
    <mem type="nursery" free="0" total="17694720" percent="0">
      <mem type="allocate" free="0" total="14483456" percent="0" />
      <mem type="survivor" free="0" total="3211264" percent="0" />
    </mem>
    <mem type="tenure" free="7419728" total="41091072" percent="18">
      <mem type="soa" free="5364560" total="39035904" percent="13" />
      <mem type="loa" free="2055168" total="2055168" percent="100" />
    </mem>
    <remembered-set count="369" />
  </mem-info>
</gc-start>
<allocation-stats totalBytes="13267008" >
  <allocated-bytes non-tlh="127240" tlh="13139768" />
  <largest-consumer threadName="main" threadId="0000000000025900" bytes="13267008" />
</allocation-stats>
<gc-op id="1080" type="scavenge" timems="1.427" contextid="1077" timestamp="2022-10-25T12:52:44.368">
  <scavenger-info tenureage="1" tenuremask="7002" tiltratio="81" />
  <memory-copied type="nursery" objects="38250" bytes="1181984" bytesdiscarded="293880" />
  <memory-copied type="tenure" objects="33666" bytes="926176" bytesdiscarded="528" />
  <object-monitors candidates="9" cleared="0"  />
</gc-op>
<gc-end id="1081" type="scavenge" contextid="1077" durationms="1.555" usertimems="12.966" systemtimems="4.845" stalltimems="10.398" timestamp="2022-10-25T12:52:44.368" activeThreads="19">
  <mem-info id="1082" free="20010552" total="58785792" percent="34">
    <mem type="nursery" free="13466344" total="17694720" percent="76">
      <mem type="allocate" free="13466344" total="14942208" percent="90" />
      <mem type="survivor" free="0" total="2752512" percent="0" />
    </mem>
    <mem type="tenure" free="6544208" total="41091072" percent="15">
      <mem type="soa" free="4489040" total="39035904" percent="11" />
      <mem type="loa" free="2055168" total="2055168" percent="100" />
    </mem>
    <remembered-set count="369" />
  </mem-info>
</gc-end>
<cycle-end id="1083" type="scavenge" contextid="1077" timestamp="2022-10-25T12:52:44.368" />
<allocation-satisfied id="1084" threadId="0000000000025900" bytesRequested="2064" />
<af-end id="1085" timestamp="2022-10-25T12:52:44.368" threadId="0000000000026348" success="true" from="nursery"/>
<exclusive-end id="1086" timestamp="2022-10-25T12:52:44.368" durationms="1.824" />

<exclusive-start id="1087" timestamp="2022-10-25T12:52:44.380" intervalms="14.365">
  <response-info timems="0.018" idlems="0.018" threads="0" lastid="0000000000025900" lastname="main" />
</exclusive-start>
<af-start id="1088" threadId="0000000000026348" totalBytesRequested="24" timestamp="2022-10-25T12:52:44.380" intervalms="14.345" type="nursery" />
<cycle-start id="1089" type="scavenge" contextid="0" timestamp="2022-10-25T12:52:44.380" intervalms="14.330" />
<gc-start id="1090" type="scavenge" contextid="1089" timestamp="2022-10-25T12:52:44.380">
  <mem-info id="1091" free="6544208" total="58785792" percent="11">
    <mem type="nursery" free="0" total="17694720" percent="0">
      <mem type="allocate" free="0" total="14942208" percent="0" />
      <mem type="survivor" free="0" total="2752512" percent="0" />
    </mem>
    <mem type="tenure" free="6544208" total="41091072" percent="15">
      <mem type="soa" free="4489040" total="39035904" percent="11" />
      <mem type="loa" free="2055168" total="2055168" percent="100" />
    </mem>
    <remembered-set count="369" />
  </mem-info>
</gc-start>
<allocation-stats totalBytes="13454656" >
  <allocated-bytes non-tlh="2064" tlh="13452592" />
  <largest-consumer threadName="main" threadId="0000000000025900" bytes="13454656" />
</allocation-stats>
<gc-op id="1092" type="scavenge" timems="1.163" contextid="1089" timestamp="2022-10-25T12:52:44.382">
  <scavenger-info tenureage="1" tenuremask="6002" tiltratio="84" />
  <memory-copied type="nursery" objects="39292" bytes="1083824" bytesdiscarded="165712" />
  <memory-copied type="tenure" objects="38246" bytes="1181528" bytesdiscarded="584" />
  <object-monitors candidates="9" cleared="0"  />
</gc-op>
<heap-resize id="1093" type="expand" space="nursery" amount="917504" count="1" timems="0.014" reason="excessive time being spent scavenging" timestamp="2022-10-25T12:52:44.382" />
<gc-end id="1094" type="scavenge" contextid="1089" durationms="1.254" usertimems="10.734" systemtimems="0.719" stalltimems="9.725" timestamp="2022-10-25T12:52:44.382" activeThreads="18">
  <mem-info id="1095" free="20149816" total="59703296" percent="33">
    <mem type="nursery" free="14741248" total="18612224" percent="79">
      <mem type="allocate" free="14741248" total="15990784" percent="92" />
      <mem type="survivor" free="0" total="2621440" percent="0" />
    </mem>
    <mem type="tenure" free="5408568" total="41091072" percent="13">
      <mem type="soa" free="3353400" total="39035904" percent="8" />
      <mem type="loa" free="2055168" total="2055168" percent="100" />
    </mem>
    <remembered-set count="369" />
  </mem-info>
</gc-end>
<cycle-end id="1096" type="scavenge" contextid="1089" timestamp="2022-10-25T12:52:44.382" />
<allocation-satisfied id="1097" threadId="0000000000025900" bytesRequested="24" />
<af-end id="1098" timestamp="2022-10-25T12:52:44.382" threadId="0000000000026348" success="true" from="nursery"/>
<exclusive-end id="1099" timestamp="2022-10-25T12:52:44.382" durationms="1.401" />

<exclusive-start id="1100" timestamp="2022-10-25T12:52:44.391" intervalms="10.162">
  <response-info timems="0.018" idlems="0.018" threads="0" lastid="0000000000025900" lastname="main" />
</exclusive-start>
<af-start id="1101" threadId="0000000000026348" totalBytesRequested="56" timestamp="2022-10-25T12:52:44.391" intervalms="10.159" type="nursery" />
<cycle-start id="1102" type="scavenge" contextid="0" timestamp="2022-10-25T12:52:44.391" intervalms="10.156" />
<gc-start id="1103" type="scavenge" contextid="1102" timestamp="2022-10-25T12:52:44.391">
  <mem-info id="1104" free="5408568" total="59703296" percent="9">
    <mem type="nursery" free="0" total="18612224" percent="0">
      <mem type="allocate" free="0" total="15990784" percent="0" />
      <mem type="survivor" free="0" total="2621440" percent="0" />
    </mem>
    <mem type="tenure" free="5408568" total="41091072" percent="13">
      <mem type="soa" free="3353400" total="39035904" percent="8" />
      <mem type="loa" free="2055168" total="2055168" percent="100" />
    </mem>
    <remembered-set count="369" />
  </mem-info>
</gc-start>
<allocation-stats totalBytes="14732936" >
  <allocated-bytes non-tlh="24" tlh="14732912" />
  <largest-consumer threadName="main" threadId="0000000000025900" bytes="14732936" />
</allocation-stats>
<gc-op id="1105" type="scavenge" timems="0.903" contextid="1102" timestamp="2022-10-25T12:52:44.392">
  <scavenger-info tenureage="1" tenuremask="4002" tiltratio="85" />
  <memory-copied type="nursery" objects="42871" bytes="1184112" bytesdiscarded="316560" />
  <memory-copied type="tenure" objects="39279" bytes="1080672" bytesdiscarded="904" />
  <object-monitors candidates="9" cleared="0"  />
</gc-op>
<heap-resize id="1106" type="expand" space="nursery" amount="786432" count="1" timems="0.013" reason="excessive time being spent scavenging" timestamp="2022-10-25T12:52:44.392" />
<gc-end id="1107" type="scavenge" contextid="1102" durationms="0.973" usertimems="10.057" systemtimems="0.438" stalltimems="4.709" timestamp="2022-10-25T12:52:44.392" activeThreads="17">
  <mem-info id="1108" free="19698744" total="60489728" percent="32">
    <mem type="nursery" free="15407616" total="19398656" percent="79">
      <mem type="allocate" free="15407616" total="16908288" percent="91" />
      <mem type="survivor" free="0" total="2490368" percent="0" />
    </mem>
    <mem type="tenure" free="4291128" total="41091072" percent="10">
      <mem type="soa" free="2235960" total="39035904" percent="5" />
      <mem type="loa" free="2055168" total="2055168" percent="100" />
    </mem>
    <remembered-set count="370" />
  </mem-info>
</gc-end>
<cycle-end id="1109" type="scavenge" contextid="1102" timestamp="2022-10-25T12:52:44.392" />
<allocation-satisfied id="1110" threadId="0000000000025900" bytesRequested="56" />
<af-end id="1111" timestamp="2022-10-25T12:52:44.392" threadId="0000000000026348" success="true" from="nursery"/>
<exclusive-end id="1112" timestamp="2022-10-25T12:52:44.392" durationms="1.107" />

<concurrent-kickoff id="1113" timestamp="2022-10-25T12:52:44.399">
  <kickoff reason="threshold reached" targetBytes="7207490" thresholdFreeBytes="1002947"  remainingFree="989696" tenureFreeBytes="4291128" nurseryFreeBytes="989696" />
</concurrent-kickoff>
<exclusive-start id="1114" timestamp="2022-10-25T12:52:44.400" intervalms="9.141">
  <response-info timems="0.278" idlems="0.278" threads="0" lastid="0000000000025900" lastname="main" />
</exclusive-start>
<cycle-start id="1115" type="global" contextid="0" timestamp="2022-10-25T12:52:44.400" intervalms="148.216" />
<concurrent-start id="1116" type="global mark" contextid="1115" timestamp="2022-10-25T12:52:44.400">
</concurrent-start>
<exclusive-end id="1117" timestamp="2022-10-25T12:52:44.400" durationms="0.019" />

<exclusive-start id="1118" timestamp="2022-10-25T12:52:44.409" intervalms="8.888">
  <response-info timems="0.026" idlems="0.026" threads="0" lastid="0000000000025900" lastname="main" />
</exclusive-start>
<af-start id="1119" threadId="0000000000026348" totalBytesRequested="48" timestamp="2022-10-25T12:52:44.409" intervalms="18.049" type="nursery" />
<cycle-start id="1120" type="scavenge" contextid="0" timestamp="2022-10-25T12:52:44.409" intervalms="18.056" />
<gc-start id="1121" type="scavenge" contextid="1120" timestamp="2022-10-25T12:52:44.409">
  <mem-info id="1122" free="4291128" total="60489728" percent="7">
    <mem type="nursery" free="0" total="19398656" percent="0">
      <mem type="allocate" free="0" total="16908288" percent="0" />
      <mem type="survivor" free="0" total="2490368" percent="0" />
    </mem>
    <mem type="tenure" free="4291128" total="41091072" percent="10">
      <mem type="soa" free="2235960" total="39035904" percent="5" />
      <mem type="loa" free="2055168" total="2055168" percent="100" />
    </mem>
    <remembered-set count="370" />
  </mem-info>
</gc-start>
<allocation-stats totalBytes="15397632" >
  <allocated-bytes non-tlh="56" tlh="15397576" />
  <largest-consumer threadName="main" threadId="0000000000025900" bytes="15397632" />
</allocation-stats>
<gc-op id="1123" type="scavenge" timems="1.303" contextid="1120" timestamp="2022-10-25T12:52:44.410">
  <scavenger-info tenureage="1" tenuremask="4002" tiltratio="87" />
  <memory-copied type="nursery" objects="45061" bytes="1243072" bytesdiscarded="203840" />
  <memory-copied type="tenure" objects="42856" bytes="1180672" bytesdiscarded="368" />
  <object-monitors candidates="9" cleared="0"  />
</gc-op>
<gc-end id="1124" type="scavenge" contextid="1120" durationms="1.386" usertimems="12.485" systemtimems="0.617" stalltimems="11.007" timestamp="2022-10-25T12:52:44.410" activeThreads="18">
  <mem-info id="1125" free="18861368" total="60489728" percent="31">
    <mem type="nursery" free="15789056" total="19398656" percent="81">
      <mem type="allocate" free="15789056" total="17235968" percent="91" />
      <mem type="survivor" free="0" total="2162688" percent="0" />
    </mem>
    <mem type="tenure" free="3072312" total="41091072" percent="7">
      <mem type="soa" free="1017144" total="39035904" percent="2" />
      <mem type="loa" free="2055168" total="2055168" percent="100" />
    </mem>
    <remembered-set count="372" />
  </mem-info>
</gc-end>
<cycle-end id="1126" type="scavenge" contextid="1120" timestamp="2022-10-25T12:52:44.410" />
<allocation-satisfied id="1127" threadId="0000000000025900" bytesRequested="48" />
<af-end id="1128" timestamp="2022-10-25T12:52:44.410" threadId="0000000000026348" success="true" from="nursery"/>
<exclusive-end id="1129" timestamp="2022-10-25T12:52:44.410" durationms="1.600" />

<concurrent-end id="1130" type="global mark" contextid="1115" timestamp="2022-10-25T12:52:44.411">
<gc-op id="1131" type="trace" timems="11.440" contextid="1115" timestamp="2022-10-25T12:52:44.411">
  <trace bytesTraced="15367552" workStackOverflowCount="0" />
  <card-cleaning reason="card cleaning threshold reached" bytesTraced="16644" cardsCleaned="6" />
</gc-op>
</concurrent-end>

<exclusive-start id="1132" timestamp="2022-10-25T12:52:44.411" intervalms="2.586">
  <response-info timems="0.013" idlems="0.013" threads="0" lastid="0000000000025900" lastname="main" />
</exclusive-start>
<concurrent-global-final id="1133" timestamp="2022-10-25T12:52:44.411" contextid="1115" intervalms="147.051" >
  <concurrent-trace-info reason="card cleaning threshold reached" tracedByMutators="6276104" tracedByHelpers="9108092" cardsCleaned="6" workStackOverflowCount="0" />
</concurrent-global-final>
<gc-start id="1134" type="global" contextid="1115" timestamp="2022-10-25T12:52:44.411">
  <mem-info id="1135" free="18652424" total="60489728" percent="30">
    <mem type="nursery" free="15580112" total="19398656" percent="80">
      <mem type="allocate" free="15580112" total="17235968" percent="90" />
      <mem type="survivor" free="0" total="2162688" percent="0" />
    </mem>
    <mem type="tenure" free="3072312" total="41091072" percent="7">
      <mem type="soa" free="1017144" total="39035904" percent="2" />
      <mem type="loa" free="2055168" total="2055168" percent="100" />
    </mem>
    <remembered-set count="372" />
  </mem-info>
</gc-start>
<allocation-stats totalBytes="207960" >
  <allocated-bytes non-tlh="48" tlh="207912" />
  <largest-consumer threadName="main" threadId="0000000000025900" bytes="207960" />
</allocation-stats>
<gc-op id="1136" type="rs-scan" timems="0.296" contextid="1115" timestamp="2022-10-25T12:52:44.412">
  <scan objectsFound="19" bytesTraced="14832" workStackOverflowCount="0" />
</gc-op>
<gc-op id="1137" type="card-cleaning" timems="0.290" contextid="1115" timestamp="2022-10-25T12:52:44.412">
  <card-cleaning cardsCleaned="2" bytesTraced="877804" workStackOverflowCount="0" />
</gc-op>
<gc-op id="1138" type="mark" timems="1.051" contextid="1115" timestamp="2022-10-25T12:52:44.413">
  <trace-info objectcount="379" scancount="345" scanbytes="10516" />
  <finalization candidates="121" enqueued="0" />
  <ownableSynchronizers candidates="183" cleared="0" />
  <references type="soft" candidates="4713" cleared="0" enqueued="0" dynamicThreshold="9" maxThreshold="32" />
  <references type="weak" candidates="3290" cleared="0" enqueued="0" />
  <references type="phantom" candidates="837" cleared="0" enqueued="0" />
  <stringconstants candidates="15843" cleared="0"  />
  <object-monitors candidates="9" cleared="0"  />
</gc-op>
<gc-op id="1139" type="sweep" timems="0.419" contextid="1115" timestamp="2022-10-25T12:52:44.413" />
<heap-resize id="1140" type="expand" space="tenure" amount="12648448" count="1" timems="0.237" reason="insufficient free space following gc" timestamp="2022-10-25T12:52:44.414" />
<gc-end id="1141" type="global" contextid="1115" durationms="2.389" usertimems="20.458" systemtimems="0.963" stalltimems="12.728" timestamp="2022-10-25T12:52:44.414" activeThreads="20">
  <mem-info id="1142" free="32061880" total="73138176" percent="43">
    <mem type="nursery" free="15923912" total="19398656" percent="82">
      <mem type="allocate" free="15923912" total="17235968" percent="92" />
      <mem type="survivor" free="0" total="2162688" percent="0" />
    </mem>
    <mem type="tenure" free="16137968" total="53739520" percent="30" micro-fragmented="16647" macro-fragmented="0">
      <mem type="soa" free="13450992" total="51052544" percent="26" />
      <mem type="loa" free="2686976" total="2686976" percent="100" />
    </mem>
    <remembered-set count="372" />
  </mem-info>
</gc-end>
<cycle-end id="1143" type="global" contextid="1115" timestamp="2022-10-25T12:52:44.414" />
<exclusive-end id="1144" timestamp="2022-10-25T12:52:44.414" durationms="2.489" />

<exclusive-start id="1145" timestamp="2022-10-25T12:52:44.422" intervalms="11.144">
  <response-info timems="0.015" idlems="0.015" threads="0" lastid="0000000000025900" lastname="main" />
</exclusive-start>
<af-start id="1146" threadId="0000000000026348" totalBytesRequested="48" timestamp="2022-10-25T12:52:44.422" intervalms="13.712" type="nursery" />
<cycle-start id="1147" type="scavenge" contextid="0" timestamp="2022-10-25T12:52:44.422" intervalms="13.707" />
<gc-start id="1148" type="scavenge" contextid="1147" timestamp="2022-10-25T12:52:44.422">
  <mem-info id="1149" free="16137968" total="73138176" percent="22">
    <mem type="nursery" free="0" total="19398656" percent="0">
      <mem type="allocate" free="0" total="17235968" percent="0" />
      <mem type="survivor" free="0" total="2162688" percent="0" />
    </mem>
    <mem type="tenure" free="16137968" total="53739520" percent="30">
      <mem type="soa" free="13450992" total="51052544" percent="26" />
      <mem type="loa" free="2686976" total="2686976" percent="100" />
    </mem>
    <remembered-set count="372" />
  </mem-info>
</gc-start>
<allocation-stats totalBytes="15910896" >
  <allocated-bytes non-tlh="2064" tlh="15908832" />
  <largest-consumer threadName="main" threadId="0000000000025900" bytes="15910896" />
</allocation-stats>
<gc-op id="1150" type="scavenge" timems="0.796" contextid="1147" timestamp="2022-10-25T12:52:44.423">
  <scavenger-info tenureage="1" tenuremask="4002" tiltratio="88" />
  <memory-copied type="nursery" objects="46852" bytes="1295416" bytesdiscarded="161480" />
  <memory-copied type="tenure" objects="45052" bytes="1240040" bytesdiscarded="696" />
  <ownableSynchronizers candidates="366" cleared="366" />
  <object-monitors candidates="9" cleared="0"  />
</gc-op>
<heap-resize id="1151" type="expand" space="nursery" amount="786432" count="1" timems="0.011" reason="excessive time being spent scavenging" timestamp="2022-10-25T12:52:44.423" />
<gc-end id="1152" type="scavenge" contextid="1147" durationms="0.867" usertimems="8.756" systemtimems="0.286" stalltimems="4.195" timestamp="2022-10-25T12:52:44.423" activeThreads="17">
  <mem-info id="1153" free="31197376" total="73924608" percent="42">
    <mem type="nursery" free="16499968" total="20185088" percent="81">
      <mem type="allocate" free="16499968" total="17956864" percent="91" />
      <mem type="survivor" free="0" total="2228224" percent="0" />
    </mem>
    <mem type="tenure" free="14697408" total="53739520" percent="27">
      <mem type="soa" free="12010432" total="51052544" percent="23" />
      <mem type="loa" free="2686976" total="2686976" percent="100" />
    </mem>
    <remembered-set count="370" />
  </mem-info>
</gc-end>
<cycle-end id="1154" type="scavenge" contextid="1147" timestamp="2022-10-25T12:52:44.423" />
<allocation-satisfied id="1155" threadId="0000000000025900" bytesRequested="48" />
<af-end id="1156" timestamp="2022-10-25T12:52:44.423" threadId="0000000000026348" success="true" from="nursery"/>
<exclusive-end id="1157" timestamp="2022-10-25T12:52:44.423" durationms="0.991" />

<exclusive-start id="1158" timestamp="2022-10-25T12:52:44.432" intervalms="9.872">
  <response-info timems="0.017" idlems="0.017" threads="0" lastid="0000000000025900" lastname="main" />
</exclusive-start>
<af-start id="1159" threadId="0000000000026348" totalBytesRequested="2064" timestamp="2022-10-25T12:52:44.432" intervalms="9.871" type="nursery" />
<cycle-start id="1160" type="scavenge" contextid="0" timestamp="2022-10-25T12:52:44.432" intervalms="9.869" />
<gc-start id="1161" type="scavenge" contextid="1160" timestamp="2022-10-25T12:52:44.432">
  <mem-info id="1162" free="14697408" total="73924608" percent="19">
    <mem type="nursery" free="0" total="20185088" percent="0">
      <mem type="allocate" free="0" total="17956864" percent="0" />
      <mem type="survivor" free="0" total="2228224" percent="0" />
    </mem>
    <mem type="tenure" free="14697408" total="53739520" percent="27">
      <mem type="soa" free="12010432" total="51052544" percent="23" />
      <mem type="loa" free="2686976" total="2686976" percent="100" />
    </mem>
    <remembered-set count="370" />
  </mem-info>
</gc-start>
<allocation-stats totalBytes="16483968" >
  <allocated-bytes non-tlh="189776" tlh="16294192" />
  <largest-consumer threadName="main" threadId="0000000000025900" bytes="16479872" />
</allocation-stats>
<gc-op id="1163" type="scavenge" timems="1.004" contextid="1160" timestamp="2022-10-25T12:52:44.433">
  <scavenger-info tenureage="1" tenuremask="4002" tiltratio="88" />
  <memory-copied type="nursery" objects="47420" bytes="1494664" bytesdiscarded="293272" />
  <memory-copied type="tenure" objects="46838" bytes="1292368" bytesdiscarded="872" />
  <object-monitors candidates="9" cleared="0"  />
</gc-op>
<heap-resize id="1164" type="expand" space="nursery" amount="917504" count="1" timems="0.011" reason="excessive time being spent scavenging" timestamp="2022-10-25T12:52:44.433" />
<gc-end id="1165" type="scavenge" contextid="1160" durationms="1.076" usertimems="9.501" systemtimems="0.632" stalltimems="6.731" timestamp="2022-10-25T12:52:44.433" activeThreads="18">
  <mem-info id="1166" free="30492064" total="74842112" percent="40">
    <mem type="nursery" free="17086432" total="21102592" percent="80">
      <mem type="allocate" free="17086432" total="18874368" percent="90" />
      <mem type="survivor" free="0" total="2228224" percent="0" />
    </mem>
    <mem type="tenure" free="13405632" total="53739520" percent="24">
      <mem type="soa" free="10718656" total="51052544" percent="20" />
      <mem type="loa" free="2686976" total="2686976" percent="100" />
    </mem>
    <remembered-set count="372" />
  </mem-info>
</gc-end>
<cycle-end id="1167" type="scavenge" contextid="1160" timestamp="2022-10-25T12:52:44.433" />
<allocation-satisfied id="1168" threadId="0000000000025900" bytesRequested="2064" />
<af-end id="1169" timestamp="2022-10-25T12:52:44.433" threadId="0000000000026348" success="true" from="nursery"/>
<exclusive-end id="1170" timestamp="2022-10-25T12:52:44.433" durationms="1.197" />

<exclusive-start id="1171" timestamp="2022-10-25T12:52:44.443" intervalms="10.626">
  <response-info timems="0.015" idlems="0.015" threads="0" lastid="0000000000025900" lastname="main" />
</exclusive-start>
<af-start id="1172" threadId="0000000000026348" totalBytesRequested="16" timestamp="2022-10-25T12:52:44.443" intervalms="10.627" type="nursery" />
<cycle-start id="1173" type="scavenge" contextid="0" timestamp="2022-10-25T12:52:44.443" intervalms="10.626" />
<gc-start id="1174" type="scavenge" contextid="1173" timestamp="2022-10-25T12:52:44.443">
  <mem-info id="1175" free="13405632" total="74842112" percent="17">
    <mem type="nursery" free="0" total="21102592" percent="0">
      <mem type="allocate" free="0" total="18874368" percent="0" />
      <mem type="survivor" free="0" total="2228224" percent="0" />
    </mem>
    <mem type="tenure" free="13405632" total="53739520" percent="24">
      <mem type="soa" free="10718656" total="51052544" percent="20" />
      <mem type="loa" free="2686976" total="2686976" percent="100" />
    </mem>
    <remembered-set count="372" />
  </mem-info>
</gc-start>
<allocation-stats totalBytes="17073288" >
  <allocated-bytes non-tlh="2064" tlh="17071224" />
  <largest-consumer threadName="main" threadId="0000000000025900" bytes="17073288" />
</allocation-stats>
<gc-op id="1176" type="scavenge" timems="0.836" contextid="1173" timestamp="2022-10-25T12:52:44.444">
  <scavenger-info tenureage="1" tenuremask="4002" tiltratio="89" />
  <memory-copied type="nursery" objects="49734" bytes="1372848" bytesdiscarded="243024" />
  <memory-copied type="tenure" objects="47416" bytes="1494048" bytesdiscarded="944" />
  <object-monitors candidates="9" cleared="0"  />
</gc-op>
<gc-end id="1177" type="scavenge" contextid="1173" durationms="0.892" usertimems="9.047" systemtimems="0.502" stalltimems="4.866" timestamp="2022-10-25T12:52:44.444" activeThreads="18">
  <mem-info id="1178" free="29263520" total="74842112" percent="39">
    <mem type="nursery" free="17324032" total="21102592" percent="82">
      <mem type="allocate" free="17324032" total="18939904" percent="91" />
      <mem type="survivor" free="0" total="2162688" percent="0" />
    </mem>
    <mem type="tenure" free="11939488" total="53739520" percent="22">
      <mem type="soa" free="9252512" total="51052544" percent="18" />
      <mem type="loa" free="2686976" total="2686976" percent="100" />
    </mem>
    <remembered-set count="369" />
  </mem-info>
</gc-end>
<cycle-end id="1179" type="scavenge" contextid="1173" timestamp="2022-10-25T12:52:44.444" />
<allocation-satisfied id="1180" threadId="0000000000025900" bytesRequested="16" />
<af-end id="1181" timestamp="2022-10-25T12:52:44.444" threadId="0000000000026348" success="true" from="nursery"/>
<exclusive-end id="1182" timestamp="2022-10-25T12:52:44.444" durationms="1.010" />

<exclusive-start id="1183" timestamp="2022-10-25T12:52:44.453" intervalms="10.320">
  <response-info timems="0.016" idlems="0.016" threads="0" lastid="0000000000025900" lastname="main" />
</exclusive-start>
<af-start id="1184" threadId="0000000000026348" totalBytesRequested="48" timestamp="2022-10-25T12:52:44.453" intervalms="10.317" type="nursery" />
<cycle-start id="1185" type="scavenge" contextid="0" timestamp="2022-10-25T12:52:44.453" intervalms="10.317" />
<gc-start id="1186" type="scavenge" contextid="1185" timestamp="2022-10-25T12:52:44.453">
  <mem-info id="1187" free="11939488" total="74842112" percent="15">
    <mem type="nursery" free="0" total="21102592" percent="0">
      <mem type="allocate" free="0" total="18939904" percent="0" />
      <mem type="survivor" free="0" total="2162688" percent="0" />
    </mem>
    <mem type="tenure" free="11939488" total="53739520" percent="22">
      <mem type="soa" free="9252512" total="51052544" percent="18" />
      <mem type="loa" free="2686976" total="2686976" percent="100" />
    </mem>
    <remembered-set count="369" />
  </mem-info>
</gc-start>
<allocation-stats totalBytes="17309928" >
  <allocated-bytes non-tlh="16" tlh="17309912" />
  <largest-consumer threadName="main" threadId="0000000000025900" bytes="17309928" />
</allocation-stats>
<gc-op id="1188" type="scavenge" timems="1.063" contextid="1185" timestamp="2022-10-25T12:52:44.454">
  <scavenger-info tenureage="1" tenuremask="4002" tiltratio="89" />
  <memory-copied type="nursery" objects="50385" bytes="1390312" bytesdiscarded="148760" />
  <memory-copied type="tenure" objects="49726" bytes="1369752" bytesdiscarded="1008" />
  <object-monitors candidates="9" cleared="0"  />
</gc-op>
<heap-resize id="1189" type="expand" space="nursery" amount="1441792" count="1" timems="0.013" reason="excessive time being spent scavenging" timestamp="2022-10-25T12:52:44.454" />
<gc-end id="1190" type="scavenge" contextid="1185" durationms="1.149" usertimems="0.118" systemtimems="12.081" stalltimems="5.166" timestamp="2022-10-25T12:52:44.454" activeThreads="19">
  <mem-info id="1191" free="29168544" total="76283904" percent="38">
    <mem type="nursery" free="18646016" total="22544384" percent="82">
      <mem type="allocate" free="18646016" total="20185088" percent="92" />
      <mem type="survivor" free="0" total="2359296" percent="0" />
    </mem>
    <mem type="tenure" free="10522528" total="53739520" percent="19">
      <mem type="soa" free="7835552" total="51052544" percent="15" />
      <mem type="loa" free="2686976" total="2686976" percent="100" />
    </mem>
    <remembered-set count="369" />
  </mem-info>
</gc-end>
<cycle-end id="1192" type="scavenge" contextid="1185" timestamp="2022-10-25T12:52:44.454" />
<allocation-satisfied id="1193" threadId="0000000000025900" bytesRequested="48" />
<af-end id="1194" timestamp="2022-10-25T12:52:44.454" threadId="0000000000026348" success="true" from="nursery"/>
<exclusive-end id="1195" timestamp="2022-10-25T12:52:44.454" durationms="1.278" />

<exclusive-start id="1196" timestamp="2022-10-25T12:52:44.465" intervalms="12.107">
  <response-info timems="0.017" idlems="0.017" threads="0" lastid="0000000000025900" lastname="main" />
</exclusive-start>
<af-start id="1197" threadId="0000000000026348" totalBytesRequested="24" timestamp="2022-10-25T12:52:44.465" intervalms="12.110" type="nursery" />
<cycle-start id="1198" type="scavenge" contextid="0" timestamp="2022-10-25T12:52:44.465" intervalms="12.112" />
<gc-start id="1199" type="scavenge" contextid="1198" timestamp="2022-10-25T12:52:44.465">
  <mem-info id="1200" free="10522528" total="76283904" percent="13">
    <mem type="nursery" free="0" total="22544384" percent="0">
      <mem type="allocate" free="0" total="20185088" percent="0" />
      <mem type="survivor" free="0" total="2359296" percent="0" />
    </mem>
    <mem type="tenure" free="10522528" total="53739520" percent="19">
      <mem type="soa" free="7835552" total="51052544" percent="15" />
      <mem type="loa" free="2686976" total="2686976" percent="100" />
    </mem>
    <remembered-set count="369" />
  </mem-info>
</gc-start>
<allocation-stats totalBytes="18629680" >
  <allocated-bytes non-tlh="48" tlh="18629632" />
  <largest-consumer threadName="main" threadId="0000000000025900" bytes="18629680" />
</allocation-stats>
<gc-op id="1201" type="scavenge" timems="0.963" contextid="1198" timestamp="2022-10-25T12:52:44.466">
  <scavenger-info tenureage="1" tenuremask="4002" tiltratio="89" />
  <memory-copied type="nursery" objects="54222" bytes="1495112" bytesdiscarded="134584" />
  <memory-copied type="tenure" objects="50371" bytes="1387144" bytesdiscarded="848" />
  <object-monitors candidates="9" cleared="0"  />
</gc-op>
<heap-resize id="1202" type="expand" space="nursery" amount="917504" count="1" timems="0.013" reason="excessive time being spent scavenging" timestamp="2022-10-25T12:52:44.466" />
<gc-end id="1203" type="scavenge" contextid="1198" durationms="1.048" usertimems="3.136" systemtimems="8.272" stalltimems="4.987" timestamp="2022-10-25T12:52:44.466" activeThreads="20">
  <mem-info id="1204" free="28498336" total="77201408" percent="36">
    <mem type="nursery" free="19407360" total="23461888" percent="82">
      <mem type="allocate" free="19407360" total="21037056" percent="92" />
      <mem type="survivor" free="0" total="2424832" percent="0" />
    </mem>
    <mem type="tenure" free="9090976" total="53739520" percent="16">
      <mem type="soa" free="6404000" total="51052544" percent="12" />
      <mem type="loa" free="2686976" total="2686976" percent="100" />
    </mem>
    <remembered-set count="371" />
  </mem-info>
</gc-end>
<cycle-end id="1205" type="scavenge" contextid="1198" timestamp="2022-10-25T12:52:44.466" />
<allocation-satisfied id="1206" threadId="0000000000025900" bytesRequested="24" />
<af-end id="1207" timestamp="2022-10-25T12:52:44.466" threadId="0000000000026348" success="true" from="nursery"/>
<exclusive-end id="1208" timestamp="2022-10-25T12:52:44.466" durationms="1.183" />

<exclusive-start id="1209" timestamp="2022-10-25T12:52:44.480" intervalms="15.225">
  <response-info timems="0.027" idlems="0.027" threads="0" lastid="0000000000025900" lastname="main" />
</exclusive-start>
<af-start id="1210" threadId="0000000000026348" totalBytesRequested="24" timestamp="2022-10-25T12:52:44.480" intervalms="15.242" type="nursery" />
<cycle-start id="1211" type="scavenge" contextid="0" timestamp="2022-10-25T12:52:44.481" intervalms="15.253" />
<gc-start id="1212" type="scavenge" contextid="1211" timestamp="2022-10-25T12:52:44.481">
  <mem-info id="1213" free="9090976" total="77201408" percent="11">
    <mem type="nursery" free="0" total="23461888" percent="0">
      <mem type="allocate" free="0" total="21037056" percent="0" />
      <mem type="survivor" free="0" total="2424832" percent="0" />
    </mem>
    <mem type="tenure" free="9090976" total="53739520" percent="16">
      <mem type="soa" free="6404000" total="51052544" percent="12" />
      <mem type="loa" free="2686976" total="2686976" percent="100" />
    </mem>
    <remembered-set count="371" />
  </mem-info>
</gc-start>
<allocation-stats totalBytes="19391592" >
  <allocated-bytes non-tlh="24" tlh="19391568" />
  <largest-consumer threadName="main" threadId="0000000000025900" bytes="19391592" />
</allocation-stats>
<gc-op id="1214" type="scavenge" timems="2.040" contextid="1211" timestamp="2022-10-25T12:52:44.483">
  <scavenger-info tenureage="1" tenuremask="4002" tiltratio="89" />
  <memory-copied type="nursery" objects="56366" bytes="1558216" bytesdiscarded="255800" />
  <memory-copied type="tenure" objects="54209" bytes="1492056" bytesdiscarded="592" />
  <object-monitors candidates="9" cleared="0"  />
</gc-op>
<heap-resize id="1215" type="expand" space="nursery" amount="1441792" count="1" timems="0.028" reason="excessive time being spent scavenging" timestamp="2022-10-25T12:52:44.483" />
<gc-end id="1216" type="scavenge" contextid="1211" durationms="2.216" usertimems="15.850" systemtimems="5.146" stalltimems="18.792" timestamp="2022-10-25T12:52:44.483" activeThreads="20">
  <mem-info id="1217" free="28125600" total="78643200" percent="35">
    <mem type="nursery" free="20533760" total="24903680" percent="82">
      <mem type="allocate" free="20533760" total="22347776" percent="91" />
      <mem type="survivor" free="0" total="2555904" percent="0" />
    </mem>
    <mem type="tenure" free="7591840" total="53739520" percent="14">
      <mem type="soa" free="4904864" total="51052544" percent="9" />
      <mem type="loa" free="2686976" total="2686976" percent="100" />
    </mem>
    <remembered-set count="371" />
  </mem-info>
</gc-end>
<cycle-end id="1218" type="scavenge" contextid="1211" timestamp="2022-10-25T12:52:44.483" />
<allocation-satisfied id="1219" threadId="0000000000025900" bytesRequested="24" />
<af-end id="1220" timestamp="2022-10-25T12:52:44.483" threadId="0000000000026348" success="true" from="nursery"/>
<exclusive-end id="1221" timestamp="2022-10-25T12:52:44.483" durationms="2.462" />

<exclusive-start id="1222" timestamp="2022-10-25T12:52:44.499" intervalms="18.209">
  <response-info timems="0.022" idlems="0.022" threads="0" lastid="0000000000025900" lastname="main" />
</exclusive-start>
<af-start id="1223" threadId="0000000000026348" totalBytesRequested="24" timestamp="2022-10-25T12:52:44.499" intervalms="18.194" type="nursery" />
<cycle-start id="1224" type="scavenge" contextid="0" timestamp="2022-10-25T12:52:44.499" intervalms="18.185" />
<gc-start id="1225" type="scavenge" contextid="1224" timestamp="2022-10-25T12:52:44.499">
  <mem-info id="1226" free="7591840" total="78643200" percent="9">
    <mem type="nursery" free="0" total="24903680" percent="0">
      <mem type="allocate" free="0" total="22347776" percent="0" />
      <mem type="survivor" free="0" total="2555904" percent="0" />
    </mem>
    <mem type="tenure" free="7591840" total="53739520" percent="14">
      <mem type="soa" free="4904864" total="51052544" percent="9" />
      <mem type="loa" free="2686976" total="2686976" percent="100" />
    </mem>
    <remembered-set count="371" />
  </mem-info>
</gc-start>
<allocation-stats totalBytes="20518992" >
  <allocated-bytes non-tlh="284600" tlh="20234392" />
  <largest-consumer threadName="main" threadId="0000000000025900" bytes="20518992" />
</allocation-stats>
<gc-op id="1227" type="scavenge" timems="0.968" contextid="1224" timestamp="2022-10-25T12:52:44.500">
  <scavenger-info tenureage="1" tenuremask="4002" tiltratio="89" />
  <memory-copied type="nursery" objects="58972" bytes="1912688" bytesdiscarded="184368" />
  <memory-copied type="tenure" objects="56354" bytes="1555256" bytesdiscarded="792" />
  <object-monitors candidates="9" cleared="0"  />
</gc-op>
<gc-end id="1228" type="scavenge" contextid="1224" durationms="1.023" usertimems="11.638" systemtimems="0.819" stalltimems="5.229" timestamp="2022-10-25T12:52:44.500" activeThreads="19">
  <mem-info id="1229" free="26041856" total="78643200" percent="33">
    <mem type="nursery" free="20119648" total="24903680" percent="80">
      <mem type="allocate" free="20119648" total="22216704" percent="90" />
      <mem type="survivor" free="0" total="2686976" percent="0" />
    </mem>
    <mem type="tenure" free="5922208" total="53739520" percent="11">
      <mem type="soa" free="3235232" total="51052544" percent="6" />
      <mem type="loa" free="2686976" total="2686976" percent="100" />
    </mem>
    <remembered-set count="370" />
  </mem-info>
</gc-end>
<cycle-end id="1230" type="scavenge" contextid="1224" timestamp="2022-10-25T12:52:44.500" />
<allocation-satisfied id="1231" threadId="0000000000025900" bytesRequested="24" />
<af-end id="1232" timestamp="2022-10-25T12:52:44.500" threadId="0000000000026348" success="true" from="nursery"/>
<exclusive-end id="1233" timestamp="2022-10-25T12:52:44.500" durationms="1.176" />

<concurrent-kickoff id="1234" timestamp="2022-10-25T12:52:44.510">
  <kickoff reason="threshold reached" targetBytes="11449346" thresholdFreeBytes="1589478"  remainingFree="1577032" tenureFreeBytes="5922208" nurseryFreeBytes="1577032" />
</concurrent-kickoff>
<exclusive-start id="1235" timestamp="2022-10-25T12:52:44.510" intervalms="11.406">
  <response-info timems="0.018" idlems="0.018" threads="0" lastid="0000000000025900" lastname="main" />
</exclusive-start>
<cycle-start id="1236" type="global" contextid="0" timestamp="2022-10-25T12:52:44.510" intervalms="110.380" />
<concurrent-start id="1237" type="global mark" contextid="1236" timestamp="2022-10-25T12:52:44.510">
</concurrent-start>
<exclusive-end id="1238" timestamp="2022-10-25T12:52:44.510" durationms="0.016" />

<concurrent-end id="1239" type="global mark" contextid="1236" timestamp="2022-10-25T12:52:44.515">
<gc-op id="1240" type="trace" timems="5.387" contextid="1236" timestamp="2022-10-25T12:52:44.515">
  <trace bytesTraced="6265432" workStackOverflowCount="0" />
  <card-cleaning reason="card cleaning threshold reached" bytesTraced="988" cardsCleaned="2" />
</gc-op>
</concurrent-end>

<exclusive-start id="1241" timestamp="2022-10-25T12:52:44.515" intervalms="5.426">
  <response-info timems="0.015" idlems="0.015" threads="0" lastid="0000000000025900" lastname="main" />
</exclusive-start>
<concurrent-global-final id="1242" timestamp="2022-10-25T12:52:44.516" contextid="1236" intervalms="104.346" >
  <concurrent-trace-info reason="card cleaning threshold reached" tracedByMutators="1022240" tracedByHelpers="5244180" cardsCleaned="2" workStackOverflowCount="0" />
</concurrent-global-final>
<gc-start id="1243" type="global" contextid="1236" timestamp="2022-10-25T12:52:44.516">
  <mem-info id="1244" free="6381056" total="78643200" percent="8">
    <mem type="nursery" free="458848" total="24903680" percent="1">
      <mem type="allocate" free="458848" total="22216704" percent="2" />
      <mem type="survivor" free="0" total="2686976" percent="0" />
    </mem>
    <mem type="tenure" free="5922208" total="53739520" percent="11">
      <mem type="soa" free="3235232" total="51052544" percent="6" />
      <mem type="loa" free="2686976" total="2686976" percent="100" />
    </mem>
    <remembered-set count="370" />
  </mem-info>
</gc-start>
<allocation-stats totalBytes="19645672" >
  <allocated-bytes non-tlh="24" tlh="19645648" />
  <largest-consumer threadName="main" threadId="0000000000025900" bytes="19645672" />
</allocation-stats>
<gc-op id="1245" type="rs-scan" timems="2.809" contextid="1236" timestamp="2022-10-25T12:52:44.518">
  <scan objectsFound="765747" bytesTraced="16734564" workStackOverflowCount="0" />
</gc-op>
<gc-op id="1246" type="card-cleaning" timems="0.236" contextid="1236" timestamp="2022-10-25T12:52:44.519">
  <card-cleaning cardsCleaned="1" bytesTraced="508" workStackOverflowCount="0" />
</gc-op>
<gc-op id="1247" type="mark" timems="1.611" contextid="1236" timestamp="2022-10-25T12:52:44.520">
  <trace-info objectcount="380" scancount="345" scanbytes="10516" />
  <finalization candidates="121" enqueued="0" />
  <ownableSynchronizers candidates="183" cleared="0" />
  <references type="soft" candidates="4713" cleared="0" enqueued="0" dynamicThreshold="9" maxThreshold="32" />
  <references type="weak" candidates="3290" cleared="0" enqueued="0" />
  <references type="phantom" candidates="837" cleared="0" enqueued="0" />
  <stringconstants candidates="15843" cleared="0"  />
  <object-monitors candidates="9" cleared="0"  />
</gc-op>
<gc-op id="1248" type="sweep" timems="0.882" contextid="1236" timestamp="2022-10-25T12:52:44.521" />
<heap-resize id="1249" type="expand" space="tenure" amount="13631488" count="1" timems="0.263" reason="insufficient free space following gc" timestamp="2022-10-25T12:52:44.522" />
<gc-end id="1250" type="global" contextid="1236" durationms="6.006" usertimems="68.754" systemtimems="1.122" stalltimems="27.713" timestamp="2022-10-25T12:52:44.522" activeThreads="20">
  <mem-info id="1251" free="31183360" total="92274688" percent="33">
    <mem type="nursery" free="10933944" total="24903680" percent="43">
      <mem type="allocate" free="10933944" total="22216704" percent="49" />
      <mem type="survivor" free="0" total="2686976" percent="0" />
    </mem>
    <mem type="tenure" free="20249416" total="67371008" percent="30" micro-fragmented="18442" macro-fragmented="0">
      <mem type="soa" free="16880456" total="64002048" percent="26" />
      <mem type="loa" free="3368960" total="3368960" percent="100" />
    </mem>
    <remembered-set count="369" />
  </mem-info>
</gc-end>
<cycle-end id="1252" type="global" contextid="1236" timestamp="2022-10-25T12:52:44.522" />
<exclusive-end id="1253" timestamp="2022-10-25T12:52:44.522" durationms="6.128" />

<exclusive-start id="1254" timestamp="2022-10-25T12:52:44.529" intervalms="13.595">
  <response-info timems="0.024" idlems="0.024" threads="0" lastid="0000000000025900" lastname="main" />
</exclusive-start>
<af-start id="1255" threadId="0000000000026348" totalBytesRequested="24" timestamp="2022-10-25T12:52:44.529" intervalms="30.439" type="nursery" />
<cycle-start id="1256" type="scavenge" contextid="0" timestamp="2022-10-25T12:52:44.529" intervalms="30.444" />
<gc-start id="1257" type="scavenge" contextid="1256" timestamp="2022-10-25T12:52:44.529">
  <mem-info id="1258" free="20249416" total="92274688" percent="21">
    <mem type="nursery" free="0" total="24903680" percent="0">
      <mem type="allocate" free="0" total="22216704" percent="0" />
      <mem type="survivor" free="0" total="2686976" percent="0" />
    </mem>
    <mem type="tenure" free="20249416" total="67371008" percent="30">
      <mem type="soa" free="16880456" total="64002048" percent="26" />
      <mem type="loa" free="3368960" total="3368960" percent="100" />
    </mem>
    <remembered-set count="369" />
  </mem-info>
</gc-start>
<allocation-stats totalBytes="10699360" >
  <allocated-bytes non-tlh="6192" tlh="10693168" />
  <largest-consumer threadName="main" threadId="0000000000025900" bytes="10696088" />
</allocation-stats>
<gc-op id="1259" type="scavenge" timems="2.147" contextid="1256" timestamp="2022-10-25T12:52:44.531">
  <scavenger-info tenureage="1" tenuremask="4002" tiltratio="89" />
  <memory-copied type="nursery" objects="88426" bytes="2437928" bytesdiscarded="249048" />
  <memory-copied type="tenure" objects="58958" bytes="1909624" bytesdiscarded="840" />
  <ownableSynchronizers candidates="366" cleared="366" />
  <object-monitors candidates="9" cleared="0"  />
</gc-op>
<heap-resize id="1260" type="expand" space="nursery" amount="1048576" count="1" timems="0.037" reason="excessive time being spent scavenging" timestamp="2022-10-25T12:52:44.531" />
<gc-end id="1261" type="scavenge" contextid="1256" durationms="2.348" usertimems="27.868" systemtimems="0.000" stalltimems="12.996" timestamp="2022-10-25T12:52:44.532" activeThreads="20">
  <mem-info id="1262" free="37583016" total="93323264" percent="40">
    <mem type="nursery" free="19595264" total="25952256" percent="75">
      <mem type="allocate" free="19595264" total="22282240" percent="87" />
      <mem type="survivor" free="0" total="3670016" percent="0" />
    </mem>
    <mem type="tenure" free="17987752" total="67371008" percent="26">
      <mem type="soa" free="14618792" total="64002048" percent="22" />
      <mem type="loa" free="3368960" total="3368960" percent="100" />
    </mem>
    <remembered-set count="371" />
  </mem-info>
</gc-end>
<cycle-end id="1263" type="scavenge" contextid="1256" timestamp="2022-10-25T12:52:44.532" />
<allocation-satisfied id="1264" threadId="0000000000025900" bytesRequested="24" />
<af-end id="1265" timestamp="2022-10-25T12:52:44.532" threadId="0000000000026348" success="true" from="nursery"/>
<exclusive-end id="1266" timestamp="2022-10-25T12:52:44.532" durationms="2.597" />

<exclusive-start id="1267" timestamp="2022-10-25T12:52:44.559" intervalms="30.024">
  <response-info timems="0.047" idlems="0.047" threads="0" lastid="0000000000025900" lastname="main" />
</exclusive-start>
<af-start id="1268" threadId="0000000000026348" totalBytesRequested="624" timestamp="2022-10-25T12:52:44.559" intervalms="30.061" type="nursery" />
<cycle-start id="1269" type="scavenge" contextid="0" timestamp="2022-10-25T12:52:44.559" intervalms="30.084" />
<gc-start id="1270" type="scavenge" contextid="1269" timestamp="2022-10-25T12:52:44.559">
  <mem-info id="1271" free="17987752" total="93323264" percent="19">
    <mem type="nursery" free="0" total="25952256" percent="0">
      <mem type="allocate" free="0" total="22282240" percent="0" />
      <mem type="survivor" free="0" total="3670016" percent="0" />
    </mem>
    <mem type="tenure" free="17987752" total="67371008" percent="26">
      <mem type="soa" free="14618792" total="64002048" percent="22" />
      <mem type="loa" free="3368960" total="3368960" percent="100" />
    </mem>
    <remembered-set count="371" />
  </mem-info>
</gc-start>
<allocation-stats totalBytes="19578736" >
  <allocated-bytes non-tlh="24" tlh="19578712" />
  <largest-consumer threadName="main" threadId="0000000000025900" bytes="19578736" />
</allocation-stats>
<gc-op id="1272" type="scavenge" timems="2.812" contextid="1269" timestamp="2022-10-25T12:52:44.562">
  <scavenger-info tenureage="1" tenuremask="4002" tiltratio="85" />
  <memory-copied type="nursery" objects="57010" bytes="1571656" bytesdiscarded="225464" />
  <memory-copied type="tenure" objects="88416" bytes="2435112" bytesdiscarded="1336" />
  <object-monitors candidates="9" cleared="0"  />
</gc-op>
<heap-resize id="1273" type="expand" space="nursery" amount="1179648" count="1" timems="0.031" reason="excessive time being spent scavenging" timestamp="2022-10-25T12:52:44.562" />
<gc-end id="1274" type="scavenge" contextid="1269" durationms="3.018" usertimems="36.288" systemtimems="3.888" stalltimems="17.188" timestamp="2022-10-25T12:52:44.562" activeThreads="20">
  <mem-info id="1275" free="37186728" total="94502912" percent="39">
    <mem type="nursery" free="21730304" total="27131904" percent="80">
      <mem type="allocate" free="21730304" total="23527424" percent="92" />
      <mem type="survivor" free="0" total="3604480" percent="0" />
    </mem>
    <mem type="tenure" free="15456424" total="67371008" percent="22">
      <mem type="soa" free="12087464" total="64002048" percent="18" />
      <mem type="loa" free="3368960" total="3368960" percent="100" />
    </mem>
    <remembered-set count="370" />
  </mem-info>
</gc-end>
<cycle-end id="1276" type="scavenge" contextid="1269" timestamp="2022-10-25T12:52:44.562" />
<allocation-satisfied id="1277" threadId="0000000000025900" bytesRequested="624" />
<af-end id="1278" timestamp="2022-10-25T12:52:44.562" threadId="0000000000026348" success="true" from="nursery"/>
<exclusive-end id="1279" timestamp="2022-10-25T12:52:44.562" durationms="3.365" />

<exclusive-start id="1280" timestamp="2022-10-25T12:52:44.594" intervalms="35.043">
  <response-info timems="0.025" idlems="0.025" threads="0" lastid="0000000000025900" lastname="main" />
</exclusive-start>
<af-start id="1281" threadId="0000000000026348" totalBytesRequested="24" timestamp="2022-10-25T12:52:44.594" intervalms="35.008" type="nursery" />
<cycle-start id="1282" type="scavenge" contextid="0" timestamp="2022-10-25T12:52:44.594" intervalms="34.992" />
<gc-start id="1283" type="scavenge" contextid="1282" timestamp="2022-10-25T12:52:44.594">
  <mem-info id="1284" free="15456424" total="94502912" percent="16">
    <mem type="nursery" free="0" total="27131904" percent="0">
      <mem type="allocate" free="0" total="23527424" percent="0" />
      <mem type="survivor" free="0" total="3604480" percent="0" />
    </mem>
    <mem type="tenure" free="15456424" total="67371008" percent="22">
      <mem type="soa" free="12087464" total="64002048" percent="18" />
      <mem type="loa" free="3368960" total="3368960" percent="100" />
    </mem>
    <remembered-set count="370" />
  </mem-info>
</gc-start>
<allocation-stats totalBytes="21714848" >
  <allocated-bytes non-tlh="624" tlh="21714224" />
  <largest-consumer threadName="main" threadId="0000000000025900" bytes="21714848" />
</allocation-stats>
<gc-op id="1285" type="scavenge" timems="2.582" contextid="1282" timestamp="2022-10-25T12:52:44.597">
  <scavenger-info tenureage="1" tenuremask="4002" tiltratio="86" />
  <memory-copied type="nursery" objects="63209" bytes="1745472" bytesdiscarded="163008" />
  <memory-copied type="tenure" objects="57009" bytes="1571632" bytesdiscarded="840" />
  <object-monitors candidates="9" cleared="0"  />
</gc-op>
<gc-end id="1286" type="scavenge" contextid="1282" durationms="2.780" usertimems="29.853" systemtimems="2.072" stalltimems="16.440" timestamp="2022-10-25T12:52:44.597" activeThreads="20">
  <mem-info id="1287" free="36143016" total="94502912" percent="38">
    <mem type="nursery" free="22012160" total="27131904" percent="81">
      <mem type="allocate" free="22012160" total="23920640" percent="92" />
      <mem type="survivor" free="0" total="3211264" percent="0" />
    </mem>
    <mem type="tenure" free="14130856" total="67371008" percent="20">
      <mem type="soa" free="10761896" total="64002048" percent="16" />
      <mem type="loa" free="3368960" total="3368960" percent="100" />
    </mem>
    <remembered-set count="369" />
  </mem-info>
</gc-end>
<cycle-end id="1288" type="scavenge" contextid="1282" timestamp="2022-10-25T12:52:44.597" />
<allocation-satisfied id="1289" threadId="0000000000025900" bytesRequested="24" />
<af-end id="1290" timestamp="2022-10-25T12:52:44.597" threadId="0000000000026348" success="true" from="nursery"/>
<exclusive-end id="1291" timestamp="2022-10-25T12:52:44.597" durationms="3.111" />

<exclusive-start id="1292" timestamp="2022-10-25T12:52:44.633" intervalms="39.235">
  <response-info timems="0.046" idlems="0.046" threads="0" lastid="0000000000025900" lastname="main" />
</exclusive-start>
<af-start id="1293" threadId="0000000000026348" totalBytesRequested="2064" timestamp="2022-10-25T12:52:44.633" intervalms="39.299" type="nursery" />
<cycle-start id="1294" type="scavenge" contextid="0" timestamp="2022-10-25T12:52:44.634" intervalms="39.321" />
<gc-start id="1295" type="scavenge" contextid="1294" timestamp="2022-10-25T12:52:44.634">
  <mem-info id="1296" free="14130856" total="94502912" percent="14">
    <mem type="nursery" free="0" total="27131904" percent="0">
      <mem type="allocate" free="0" total="23920640" percent="0" />
      <mem type="survivor" free="0" total="3211264" percent="0" />
    </mem>
    <mem type="tenure" free="14130856" total="67371008" percent="20">
      <mem type="soa" free="10761896" total="64002048" percent="16" />
      <mem type="loa" free="3368960" total="3368960" percent="100" />
    </mem>
    <remembered-set count="369" />
  </mem-info>
</gc-start>
<allocation-stats totalBytes="21995536" >
  <allocated-bytes non-tlh="24" tlh="21995512" />
  <largest-consumer threadName="main" threadId="0000000000025900" bytes="21991440" />
</allocation-stats>
<gc-op id="1297" type="scavenge" timems="2.879" contextid="1294" timestamp="2022-10-25T12:52:44.637">
  <scavenger-info tenureage="1" tenuremask="4002" tiltratio="88" />
  <memory-copied type="nursery" objects="64036" bytes="1765392" bytesdiscarded="153840" />
  <memory-copied type="tenure" objects="63197" bytes="1742344" bytesdiscarded="904" />
  <object-monitors candidates="9" cleared="0"  />
</gc-op>
<heap-resize id="1298" type="expand" space="nursery" amount="1310720" count="1" timems="0.037" reason="excessive time being spent scavenging" timestamp="2022-10-25T12:52:44.637" />
<gc-end id="1299" type="scavenge" contextid="1294" durationms="3.215" usertimems="31.450" systemtimems="7.500" stalltimems="17.949" timestamp="2022-10-25T12:52:44.637" activeThreads="20">
  <mem-info id="1300" free="35492264" total="95813632" percent="37">
    <mem type="nursery" free="23312128" total="28442624" percent="81">
      <mem type="allocate" free="23312128" total="25231360" percent="92" />
      <mem type="survivor" free="0" total="3211264" percent="0" />
    </mem>
    <mem type="tenure" free="12180136" total="67371008" percent="18">
      <mem type="soa" free="8811176" total="64002048" percent="13" />
      <mem type="loa" free="3368960" total="3368960" percent="100" />
    </mem>
    <remembered-set count="369" />
  </mem-info>
</gc-end>
<cycle-end id="1301" type="scavenge" contextid="1294" timestamp="2022-10-25T12:52:44.637" />
<allocation-satisfied id="1302" threadId="0000000000025900" bytesRequested="2064" />
<af-end id="1303" timestamp="2022-10-25T12:52:44.637" threadId="0000000000026348" success="true" from="nursery"/>
<exclusive-end id="1304" timestamp="2022-10-25T12:52:44.637" durationms="3.643" />

<exclusive-start id="1305" timestamp="2022-10-25T12:52:44.677" intervalms="43.680">
  <response-info timems="0.045" idlems="0.045" threads="0" lastid="0000000000025900" lastname="main" />
</exclusive-start>
<af-start id="1306" threadId="0000000000026348" totalBytesRequested="48" timestamp="2022-10-25T12:52:44.677" intervalms="43.678" type="nursery" />
<cycle-start id="1307" type="scavenge" contextid="0" timestamp="2022-10-25T12:52:44.677" intervalms="43.679" />
<gc-start id="1308" type="scavenge" contextid="1307" timestamp="2022-10-25T12:52:44.677">
  <mem-info id="1309" free="12178944" total="95813632" percent="12">
    <mem type="nursery" free="0" total="28442624" percent="0">
      <mem type="allocate" free="0" total="25231360" percent="0" />
      <mem type="survivor" free="0" total="3211264" percent="0" />
    </mem>
    <mem type="tenure" free="12178944" total="67371008" percent="18">
      <mem type="soa" free="8809984" total="64002048" percent="13" />
      <mem type="loa" free="3368960" total="3368960" percent="100" />
    </mem>
    <remembered-set count="401" />
  </mem-info>
</gc-start>
<allocation-stats totalBytes="23293592" >
  <allocated-bytes non-tlh="3256" tlh="23290336" />
  <largest-consumer threadName="main" threadId="0000000000025900" bytes="23194664" />
</allocation-stats>
<gc-op id="1310" type="scavenge" timems="3.837" contextid="1307" timestamp="2022-10-25T12:52:44.681">
  <scavenger-info tenureage="1" tenuremask="4002" tiltratio="88" />
  <memory-copied type="nursery" objects="67896" bytes="1875472" bytesdiscarded="169688" />
  <memory-copied type="tenure" objects="64032" bytes="1764840" bytesdiscarded="1064" />
  <references type="weak" candidates="9" cleared="4" enqueued="4" />
  <references type="phantom" candidates="2" cleared="2" enqueued="2" />
  <object-monitors candidates="9" cleared="0"  />
</gc-op>
<heap-resize id="1311" type="expand" space="nursery" amount="1179648" count="1" timems="0.033" reason="excessive time being spent scavenging" timestamp="2022-10-25T12:52:44.681" />
<gc-end id="1312" type="scavenge" contextid="1307" durationms="4.070" usertimems="41.748" systemtimems="1.552" stalltimems="35.911" timestamp="2022-10-25T12:52:44.681" activeThreads="20">
  <mem-info id="1313" free="35074816" total="96993280" percent="36">
    <mem type="nursery" free="24562432" total="29622272" percent="82">
      <mem type="allocate" free="24562432" total="26607616" percent="92" />
      <mem type="survivor" free="0" total="3014656" percent="0" />
    </mem>
    <mem type="tenure" free="10512384" total="67371008" percent="15">
      <mem type="soa" free="7143424" total="64002048" percent="11" />
      <mem type="loa" free="3368960" total="3368960" percent="100" />
    </mem>
    <pending-finalizers system="0" default="0" reference="6" classloader="0" />
    <remembered-set count="390" />
  </mem-info>
</gc-end>
<cycle-end id="1314" type="scavenge" contextid="1307" timestamp="2022-10-25T12:52:44.682" />
<allocation-satisfied id="1315" threadId="0000000000025900" bytesRequested="48" />
<af-end id="1316" timestamp="2022-10-25T12:52:44.682" threadId="0000000000026348" success="true" from="nursery"/>
<exclusive-end id="1317" timestamp="2022-10-25T12:52:44.682" durationms="4.571" />

<exclusive-start id="1318" timestamp="2022-10-25T12:52:44.710" intervalms="33.341">
  <response-info timems="0.018" idlems="0.018" threads="0" lastid="0000000000025900" lastname="main" />
</exclusive-start>
<af-start id="1319" threadId="0000000000026348" totalBytesRequested="2064" timestamp="2022-10-25T12:52:44.710" intervalms="33.272" type="nursery" />
<cycle-start id="1320" type="scavenge" contextid="0" timestamp="2022-10-25T12:52:44.710" intervalms="33.237" />
<gc-start id="1321" type="scavenge" contextid="1320" timestamp="2022-10-25T12:52:44.711">
  <mem-info id="1322" free="10512384" total="96993280" percent="10">
    <mem type="nursery" free="0" total="29622272" percent="0">
      <mem type="allocate" free="0" total="26607616" percent="0" />
      <mem type="survivor" free="0" total="3014656" percent="0" />
    </mem>
    <mem type="tenure" free="10512384" total="67371008" percent="15">
      <mem type="soa" free="7143424" total="64002048" percent="11" />
      <mem type="loa" free="3368960" total="3368960" percent="100" />
    </mem>
    <remembered-set count="392" />
  </mem-info>
</gc-start>
<allocation-stats totalBytes="24542624" >
  <allocated-bytes non-tlh="48" tlh="24542576" />
  <largest-consumer threadName="main" threadId="0000000000025900" bytes="24542624" />
</allocation-stats>
<gc-op id="1323" type="scavenge" timems="1.662" contextid="1320" timestamp="2022-10-25T12:52:44.712">
  <scavenger-info tenureage="1" tenuremask="4002" tiltratio="89" />
  <memory-copied type="nursery" objects="71599" bytes="1971864" bytesdiscarded="203112" />
  <memory-copied type="tenure" objects="67872" bytes="1871544" bytesdiscarded="672" />
  <object-monitors candidates="9" cleared="0"  />
</gc-op>
<gc-end id="1324" type="scavenge" contextid="1320" durationms="1.747" usertimems="18.985" systemtimems="1.318" stalltimems="9.622" timestamp="2022-10-25T12:52:44.712" activeThreads="19">
  <mem-info id="1325" free="32803072" total="96993280" percent="33">
    <mem type="nursery" free="24432640" total="29622272" percent="82">
      <mem type="allocate" free="24432640" total="26607616" percent="91" />
      <mem type="survivor" free="0" total="3014656" percent="0" />
    </mem>
    <mem type="tenure" free="8370432" total="67371008" percent="12">
      <mem type="soa" free="5001472" total="64002048" percent="7" />
      <mem type="loa" free="3368960" total="3368960" percent="100" />
    </mem>
    <remembered-set count="380" />
  </mem-info>
</gc-end>
<cycle-end id="1326" type="scavenge" contextid="1320" timestamp="2022-10-25T12:52:44.712" />
<allocation-satisfied id="1327" threadId="0000000000025900" bytesRequested="2064" />
<af-end id="1328" timestamp="2022-10-25T12:52:44.712" threadId="0000000000026348" success="true" from="nursery"/>
<exclusive-end id="1329" timestamp="2022-10-25T12:52:44.712" durationms="1.982" />

<exclusive-start id="1330" timestamp="2022-10-25T12:52:44.726" intervalms="15.255">
  <response-info timems="0.018" idlems="0.018" threads="0" lastid="0000000000025900" lastname="main" />
</exclusive-start>
<af-start id="1331" threadId="0000000000026348" totalBytesRequested="48" timestamp="2022-10-25T12:52:44.726" intervalms="15.250" type="nursery" />
<cycle-start id="1332" type="scavenge" contextid="0" timestamp="2022-10-25T12:52:44.726" intervalms="15.247" />
<gc-start id="1333" type="scavenge" contextid="1332" timestamp="2022-10-25T12:52:44.726">
  <mem-info id="1334" free="8370432" total="96993280" percent="8">
    <mem type="nursery" free="0" total="29622272" percent="0">
      <mem type="allocate" free="0" total="26607616" percent="0" />
      <mem type="survivor" free="0" total="3014656" percent="0" />
    </mem>
    <mem type="tenure" free="8370432" total="67371008" percent="12">
      <mem type="soa" free="5001472" total="64002048" percent="7" />
      <mem type="loa" free="3368960" total="3368960" percent="100" />
    </mem>
    <remembered-set count="380" />
  </mem-info>
</gc-start>
<allocation-stats totalBytes="24410288" >
  <allocated-bytes non-tlh="428920" tlh="23981368" />
  <largest-consumer threadName="main" threadId="0000000000025900" bytes="24410288" />
</allocation-stats>
<gc-op id="1335" type="scavenge" timems="2.048" contextid="1332" timestamp="2022-10-25T12:52:44.728">
  <scavenger-info tenureage="1" tenuremask="4002" tiltratio="89" />
  <memory-copied type="nursery" objects="70008" bytes="2356376" bytesdiscarded="256976" />
  <memory-copied type="tenure" objects="71595" bytes="1971344" bytesdiscarded="368" />
  <object-monitors candidates="9" cleared="0"  />
</gc-op>
<heap-resize id="1336" type="expand" space="nursery" amount="2228224" count="1" timems="0.016" reason="excessive time being spent scavenging" timestamp="2022-10-25T12:52:44.728" />
<gc-end id="1337" type="scavenge" contextid="1332" durationms="2.144" usertimems="21.058" systemtimems="0.000" stalltimems="20.101" timestamp="2022-10-25T12:52:44.728" activeThreads="20">
  <mem-info id="1338" free="32134552" total="99221504" percent="32">
    <mem type="nursery" free="25632664" total="31850496" percent="80">
      <mem type="allocate" free="25632664" total="28246016" percent="90" />
      <mem type="survivor" free="0" total="3604480" percent="0" />
    </mem>
    <mem type="tenure" free="6501888" total="67371008" percent="9">
      <mem type="soa" free="3132928" total="64002048" percent="4" />
      <mem type="loa" free="3368960" total="3368960" percent="100" />
    </mem>
    <remembered-set count="369" />
  </mem-info>
</gc-end>
<cycle-end id="1339" type="scavenge" contextid="1332" timestamp="2022-10-25T12:52:44.728" />
<allocation-satisfied id="1340" threadId="0000000000025900" bytesRequested="48" />
<af-end id="1341" timestamp="2022-10-25T12:52:44.728" threadId="0000000000026348" success="true" from="nursery"/>
<exclusive-end id="1342" timestamp="2022-10-25T12:52:44.728" durationms="2.307" />

<concurrent-kickoff id="1343" timestamp="2022-10-25T12:52:44.741">
  <kickoff reason="threshold reached" targetBytes="13017316" thresholdFreeBytes="1812448"  remainingFree="1777560" tenureFreeBytes="6501888" nurseryFreeBytes="1777560" />
</concurrent-kickoff>
<exclusive-start id="1344" timestamp="2022-10-25T12:52:44.742" intervalms="15.939">
  <response-info timems="0.017" idlems="0.017" threads="0" lastid="0000000000025900" lastname="main" />
</exclusive-start>
<cycle-start id="1345" type="global" contextid="0" timestamp="2022-10-25T12:52:44.742" intervalms="231.539" />
<concurrent-start id="1346" type="global mark" contextid="1345" timestamp="2022-10-25T12:52:44.742">
</concurrent-start>
<exclusive-end id="1347" timestamp="2022-10-25T12:52:44.742" durationms="0.020" />

<concurrent-end id="1348" type="global mark" contextid="1345" timestamp="2022-10-25T12:52:44.747">
<gc-op id="1349" type="trace" timems="5.674" contextid="1345" timestamp="2022-10-25T12:52:44.747">
  <trace bytesTraced="6262116" workStackOverflowCount="0" />
  <card-cleaning reason="card cleaning threshold reached" bytesTraced="988" cardsCleaned="2" />
</gc-op>
</concurrent-end>

<exclusive-start id="1350" timestamp="2022-10-25T12:52:44.747" intervalms="5.723">
  <response-info timems="0.018" idlems="0.018" threads="0" lastid="0000000000025900" lastname="main" />
</exclusive-start>
<concurrent-global-final id="1351" timestamp="2022-10-25T12:52:44.747" contextid="1345" intervalms="231.836" >
  <concurrent-trace-info reason="card cleaning threshold reached" tracedByMutators="1261900" tracedByHelpers="5001204" cardsCleaned="2" workStackOverflowCount="0" />
</concurrent-global-final>
<gc-start id="1352" type="global" contextid="1345" timestamp="2022-10-25T12:52:44.747">
  <mem-info id="1353" free="6968728" total="99221504" percent="7">
    <mem type="nursery" free="466840" total="31850496" percent="1">
      <mem type="allocate" free="466840" total="28246016" percent="1" />
      <mem type="survivor" free="0" total="3604480" percent="0" />
    </mem>
    <mem type="tenure" free="6501888" total="67371008" percent="9">
      <mem type="soa" free="3132928" total="64002048" percent="4" />
      <mem type="loa" free="3368960" total="3368960" percent="100" />
    </mem>
    <remembered-set count="369" />
  </mem-info>
</gc-start>
<allocation-stats totalBytes="25142288" >
  <allocated-bytes non-tlh="48" tlh="25142240" />
  <largest-consumer threadName="main" threadId="0000000000025900" bytes="25138192" />
</allocation-stats>
<gc-op id="1354" type="rs-scan" timems="3.094" contextid="1345" timestamp="2022-10-25T12:52:44.751">
  <scan objectsFound="1148790" bytesTraced="25098008" workStackOverflowCount="0" />
</gc-op>
<gc-op id="1355" type="card-cleaning" timems="0.220" contextid="1345" timestamp="2022-10-25T12:52:44.751">
  <card-cleaning cardsCleaned="1" bytesTraced="508" workStackOverflowCount="0" />
</gc-op>
<gc-op id="1356" type="mark" timems="1.248" contextid="1345" timestamp="2022-10-25T12:52:44.752">
  <trace-info objectcount="379" scancount="345" scanbytes="10516" />
  <finalization candidates="121" enqueued="0" />
  <ownableSynchronizers candidates="183" cleared="0" />
  <references type="soft" candidates="4713" cleared="7" enqueued="6" dynamicThreshold="9" maxThreshold="32" />
  <references type="weak" candidates="3295" cleared="1" enqueued="1" />
  <references type="phantom" candidates="837" cleared="0" enqueued="0" />
  <stringconstants candidates="15846" cleared="1"  />
  <object-monitors candidates="9" cleared="0"  />
</gc-op>
<gc-op id="1357" type="sweep" timems="0.653" contextid="1345" timestamp="2022-10-25T12:52:44.753" />
<heap-resize id="1358" type="expand" space="tenure" amount="18546688" count="1" timems="0.223" reason="insufficient free space following gc" timestamp="2022-10-25T12:52:44.753" />
<gc-end id="1359" type="global" contextid="1345" durationms="5.576" usertimems="78.029" systemtimems="0.000" stalltimems="19.082" timestamp="2022-10-25T12:52:44.753" activeThreads="20">
  <mem-info id="1360" free="39767360" total="117768192" percent="33">
    <mem type="nursery" free="13954448" total="31850496" percent="43">
      <mem type="allocate" free="13954448" total="28246016" percent="49" />
      <mem type="survivor" free="0" total="3604480" percent="0" />
    </mem>
    <mem type="tenure" free="25812912" total="85917696" percent="30" micro-fragmented="22023" macro-fragmented="0">
      <mem type="soa" free="21516208" total="81620992" percent="26" />
      <mem type="loa" free="4296704" total="4296704" percent="100" />
    </mem>
    <pending-finalizers system="0" default="0" reference="7" classloader="0" />
    <remembered-set count="368" />
  </mem-info>
</gc-end>
<cycle-end id="1361" type="global" contextid="1345" timestamp="2022-10-25T12:52:44.753" />
<exclusive-end id="1362" timestamp="2022-10-25T12:52:44.753" durationms="5.705" />

<exclusive-start id="1363" timestamp="2022-10-25T12:52:44.762" intervalms="14.266">
  <response-info timems="0.022" idlems="0.022" threads="0" lastid="0000000000025900" lastname="main" />
</exclusive-start>
<af-start id="1364" threadId="0000000000026348" totalBytesRequested="24" timestamp="2022-10-25T12:52:44.762" intervalms="35.938" type="nursery" />
<cycle-start id="1365" type="scavenge" contextid="0" timestamp="2022-10-25T12:52:44.762" intervalms="35.941" />
<gc-start id="1366" type="scavenge" contextid="1365" timestamp="2022-10-25T12:52:44.762">
  <mem-info id="1367" free="25812912" total="117768192" percent="21">
    <mem type="nursery" free="0" total="31850496" percent="0">
      <mem type="allocate" free="0" total="28246016" percent="0" />
      <mem type="survivor" free="0" total="3604480" percent="0" />
    </mem>
    <mem type="tenure" free="25812912" total="85917696" percent="30">
      <mem type="soa" free="21516208" total="81620992" percent="26" />
      <mem type="loa" free="4296704" total="4296704" percent="100" />
    </mem>
    <remembered-set count="379" />
  </mem-info>
</gc-start>
<allocation-stats totalBytes="13640720" >
  <allocated-bytes non-tlh="20640" tlh="13620080" />
  <largest-consumer threadName="main" threadId="0000000000025900" bytes="13640720" />
</allocation-stats>
<gc-op id="1368" type="scavenge" timems="1.915" contextid="1365" timestamp="2022-10-25T12:52:44.764">
  <scavenger-info tenureage="1" tenuremask="4002" tiltratio="88" />
  <memory-copied type="nursery" objects="112760" bytes="3105576" bytesdiscarded="168408" />
  <memory-copied type="tenure" objects="69994" bytes="2353192" bytesdiscarded="608" />
  <ownableSynchronizers candidates="366" cleared="366" />
  <object-monitors candidates="9" cleared="0"  />
</gc-op>
<gc-end id="1369" type="scavenge" contextid="1365" durationms="2.004" usertimems="24.995" systemtimems="0.000" stalltimems="8.585" timestamp="2022-10-25T12:52:44.764" activeThreads="19">
  <mem-info id="1370" free="47122808" total="117768192" percent="40">
    <mem type="nursery" free="24054528" total="31850496" percent="75">
      <mem type="allocate" free="24054528" total="27328512" percent="88" />
      <mem type="survivor" free="0" total="4521984" percent="0" />
    </mem>
    <mem type="tenure" free="23068280" total="85917696" percent="26">
      <mem type="soa" free="18771576" total="81620992" percent="22" />
      <mem type="loa" free="4296704" total="4296704" percent="100" />
    </mem>
    <remembered-set count="378" />
  </mem-info>
</gc-end>
<cycle-end id="1371" type="scavenge" contextid="1365" timestamp="2022-10-25T12:52:44.764" />
<allocation-satisfied id="1372" threadId="0000000000025900" bytesRequested="24" />
<af-end id="1373" timestamp="2022-10-25T12:52:44.764" threadId="0000000000026348" success="true" from="nursery"/>
<exclusive-end id="1374" timestamp="2022-10-25T12:52:44.764" durationms="2.181" />

<exclusive-start id="1375" timestamp="2022-10-25T12:52:44.777" intervalms="15.347">
  <response-info timems="0.027" idlems="0.027" threads="0" lastid="0000000000025900" lastname="main" />
</exclusive-start>
<af-start id="1376" threadId="0000000000026348" totalBytesRequested="2064" timestamp="2022-10-25T12:52:44.777" intervalms="15.368" type="nursery" />
<cycle-start id="1377" type="scavenge" contextid="0" timestamp="2022-10-25T12:52:44.777" intervalms="15.375" />
<gc-start id="1378" type="scavenge" contextid="1377" timestamp="2022-10-25T12:52:44.777">
  <mem-info id="1379" free="23068280" total="117768192" percent="19">
    <mem type="nursery" free="0" total="31850496" percent="0">
      <mem type="allocate" free="0" total="27328512" percent="0" />
      <mem type="survivor" free="0" total="4521984" percent="0" />
    </mem>
    <mem type="tenure" free="23068280" total="85917696" percent="26">
      <mem type="soa" free="18771576" total="81620992" percent="22" />
      <mem type="loa" free="4296704" total="4296704" percent="100" />
    </mem>
    <remembered-set count="378" />
  </mem-info>
</gc-start>
<allocation-stats totalBytes="24030160" >
  <allocated-bytes non-tlh="24" tlh="24030136" />
  <largest-consumer threadName="main" threadId="0000000000025900" bytes="24030160" />
</allocation-stats>
<gc-op id="1380" type="scavenge" timems="1.766" contextid="1377" timestamp="2022-10-25T12:52:44.779">
  <scavenger-info tenureage="1" tenuremask="4002" tiltratio="85" />
  <memory-copied type="nursery" objects="69931" bytes="1926096" bytesdiscarded="284208" />
  <memory-copied type="tenure" objects="112748" bytes="3102600" bytesdiscarded="960" />
  <object-monitors candidates="9" cleared="0"  />
</gc-op>
<heap-resize id="1381" type="expand" space="nursery" amount="2097152" count="1" timems="0.020" reason="excessive time being spent scavenging" timestamp="2022-10-25T12:52:44.779" />
<gc-end id="1382" type="scavenge" contextid="1377" durationms="1.888" usertimems="22.032" systemtimems="0.000" stalltimems="10.485" timestamp="2022-10-25T12:52:44.779" activeThreads="20">
  <mem-info id="1383" free="46715512" total="119865344" percent="38">
    <mem type="nursery" free="27018752" total="33947648" percent="79">
      <mem type="allocate" free="27018752" total="29229056" percent="92" />
      <mem type="survivor" free="0" total="4718592" percent="0" />
    </mem>
    <mem type="tenure" free="19696760" total="85917696" percent="22">
      <mem type="soa" free="15400056" total="81620992" percent="18" />
      <mem type="loa" free="4296704" total="4296704" percent="100" />
    </mem>
    <remembered-set count="377" />
  </mem-info>
</gc-end>
<cycle-end id="1384" type="scavenge" contextid="1377" timestamp="2022-10-25T12:52:44.779" />
<allocation-satisfied id="1385" threadId="0000000000025900" bytesRequested="2064" />
<af-end id="1386" timestamp="2022-10-25T12:52:44.779" threadId="0000000000026348" success="true" from="nursery"/>
<exclusive-end id="1387" timestamp="2022-10-25T12:52:44.779" durationms="2.146" />

<exclusive-start id="1388" timestamp="2022-10-25T12:52:44.795" intervalms="18.074">
  <response-info timems="0.030" idlems="0.030" threads="0" lastid="0000000000025900" lastname="main" />
</exclusive-start>
<af-start id="1389" threadId="0000000000026348" totalBytesRequested="720" timestamp="2022-10-25T12:52:44.795" intervalms="18.079" type="nursery" />
<cycle-start id="1390" type="scavenge" contextid="0" timestamp="2022-10-25T12:52:44.795" intervalms="18.079" />
<gc-start id="1391" type="scavenge" contextid="1390" timestamp="2022-10-25T12:52:44.795">
  <mem-info id="1392" free="19696760" total="119865344" percent="16">
    <mem type="nursery" free="0" total="33947648" percent="0">
      <mem type="allocate" free="0" total="29229056" percent="0" />
      <mem type="survivor" free="0" total="4718592" percent="0" />
    </mem>
    <mem type="tenure" free="19696760" total="85917696" percent="22">
      <mem type="soa" free="15400056" total="81620992" percent="18" />
      <mem type="loa" free="4296704" total="4296704" percent="100" />
    </mem>
    <remembered-set count="377" />
  </mem-info>
</gc-start>
<allocation-stats totalBytes="26997112" >
  <allocated-bytes non-tlh="2064" tlh="26995048" />
  <largest-consumer threadName="main" threadId="0000000000025900" bytes="26997112" />
</allocation-stats>
<gc-op id="1393" type="scavenge" timems="2.770" contextid="1390" timestamp="2022-10-25T12:52:44.798">
  <scavenger-info tenureage="1" tenuremask="4002" tiltratio="86" />
  <memory-copied type="nursery" objects="78708" bytes="2167936" bytesdiscarded="256640" />
  <memory-copied type="tenure" objects="69927" bytes="1925624" bytesdiscarded="792" />
  <object-monitors candidates="9" cleared="0"  />
</gc-op>
<heap-resize id="1394" type="expand" space="nursery" amount="2359296" count="1" timems="0.043" reason="excessive time being spent scavenging" timestamp="2022-10-25T12:52:44.798" />
<gc-end id="1395" type="scavenge" contextid="1390" durationms="3.051" usertimems="30.693" systemtimems="2.096" stalltimems="16.572" timestamp="2022-10-25T12:52:44.798" activeThreads="20">
  <mem-info id="1396" free="47580536" total="122224640" percent="38">
    <mem type="nursery" free="29425920" total="36306944" percent="81">
      <mem type="allocate" free="29425920" total="31850496" percent="92" />
      <mem type="survivor" free="0" total="4456448" percent="0" />
    </mem>
    <mem type="tenure" free="18154616" total="85917696" percent="21">
      <mem type="soa" free="13857912" total="81620992" percent="16" />
      <mem type="loa" free="4296704" total="4296704" percent="100" />
    </mem>
    <remembered-set count="369" />
  </mem-info>
</gc-end>
<cycle-end id="1397" type="scavenge" contextid="1390" timestamp="2022-10-25T12:52:44.798" />
<allocation-satisfied id="1398" threadId="0000000000025900" bytesRequested="720" />
<af-end id="1399" timestamp="2022-10-25T12:52:44.798" threadId="0000000000026348" success="true" from="nursery"/>
<exclusive-end id="1400" timestamp="2022-10-25T12:52:44.798" durationms="3.419" />

<exclusive-start id="1401" timestamp="2022-10-25T12:52:44.838" intervalms="43.257">
  <response-info timems="0.040" idlems="0.040" threads="0" lastid="0000000000025900" lastname="main" />
</exclusive-start>
<af-start id="1402" threadId="0000000000026348" totalBytesRequested="24" timestamp="2022-10-25T12:52:44.838" intervalms="43.312" type="nursery" />
<cycle-start id="1403" type="scavenge" contextid="0" timestamp="2022-10-25T12:52:44.838" intervalms="43.338" />
<gc-start id="1404" type="scavenge" contextid="1403" timestamp="2022-10-25T12:52:44.839">
  <mem-info id="1405" free="18154616" total="122224640" percent="14">
    <mem type="nursery" free="0" total="36306944" percent="0">
      <mem type="allocate" free="0" total="31850496" percent="0" />
      <mem type="survivor" free="0" total="4456448" percent="0" />
    </mem>
    <mem type="tenure" free="18154616" total="85917696" percent="21">
      <mem type="soa" free="13857912" total="81620992" percent="16" />
      <mem type="loa" free="4296704" total="4296704" percent="100" />
    </mem>
    <remembered-set count="369" />
  </mem-info>
</gc-start>
<allocation-stats totalBytes="29399000" >
  <allocated-bytes non-tlh="720" tlh="29398280" />
  <largest-consumer threadName="main" threadId="0000000000025900" bytes="29394904" />
</allocation-stats>
<gc-op id="1406" type="scavenge" timems="3.825" contextid="1403" timestamp="2022-10-25T12:52:44.842">
  <scavenger-info tenureage="1" tenuremask="4002" tiltratio="87" />
  <memory-copied type="nursery" objects="85631" bytes="2359056" bytesdiscarded="206064" />
  <memory-copied type="tenure" objects="78707" bytes="2167912" bytesdiscarded="976" />
  <object-monitors candidates="9" cleared="0"  />
</gc-op>
<heap-resize id="1407" type="expand" space="nursery" amount="1441792" count="1" timems="0.031" reason="excessive time being spent scavenging" timestamp="2022-10-25T12:52:44.843" />
<gc-end id="1408" type="scavenge" contextid="1403" durationms="4.062" usertimems="51.524" systemtimems="3.687" stalltimems="18.710" timestamp="2022-10-25T12:52:44.843" activeThreads="20">
  <mem-info id="1409" free="46983800" total="123666432" percent="37">
    <mem type="nursery" free="31054848" total="37748736" percent="82">
      <mem type="allocate" free="31054848" total="33619968" percent="92" />
      <mem type="survivor" free="0" total="4128768" percent="0" />
    </mem>
    <mem type="tenure" free="15928952" total="85917696" percent="18">
      <mem type="soa" free="11632248" total="81620992" percent="14" />
      <mem type="loa" free="4296704" total="4296704" percent="100" />
    </mem>
    <remembered-set count="369" />
  </mem-info>
</gc-end>
<cycle-end id="1410" type="scavenge" contextid="1403" timestamp="2022-10-25T12:52:44.843" />
<allocation-satisfied id="1411" threadId="0000000000025900" bytesRequested="24" />
<af-end id="1412" timestamp="2022-10-25T12:52:44.843" threadId="0000000000026348" success="true" from="nursery"/>
<exclusive-end id="1413" timestamp="2022-10-25T12:52:44.843" durationms="4.527" />

<exclusive-start id="1414" timestamp="2022-10-25T12:52:44.873" intervalms="34.383">
  <response-info timems="0.022" idlems="0.022" threads="0" lastid="0000000000025900" lastname="main" />
</exclusive-start>
<af-start id="1415" threadId="0000000000026348" totalBytesRequested="2064" timestamp="2022-10-25T12:52:44.873" intervalms="34.313" type="nursery" />
<cycle-start id="1416" type="scavenge" contextid="0" timestamp="2022-10-25T12:52:44.873" intervalms="34.282" />
<gc-start id="1417" type="scavenge" contextid="1416" timestamp="2022-10-25T12:52:44.873">
  <mem-info id="1418" free="15928952" total="123666432" percent="12">
    <mem type="nursery" free="0" total="37748736" percent="0">
      <mem type="allocate" free="0" total="33619968" percent="0" />
      <mem type="survivor" free="0" total="4128768" percent="0" />
    </mem>
    <mem type="tenure" free="15928952" total="85917696" percent="18">
      <mem type="soa" free="11632248" total="81620992" percent="14" />
      <mem type="loa" free="4296704" total="4296704" percent="100" />
    </mem>
    <remembered-set count="369" />
  </mem-info>
</gc-start>
<allocation-stats totalBytes="31027880" >
  <allocated-bytes non-tlh="24" tlh="31027856" />
  <largest-consumer threadName="main" threadId="0000000000025900" bytes="31027880" />
</allocation-stats>
<gc-op id="1419" type="scavenge" timems="3.622" contextid="1416" timestamp="2022-10-25T12:52:44.876">
  <scavenger-info tenureage="1" tenuremask="4002" tiltratio="89" />
  <memory-copied type="nursery" objects="90525" bytes="2492848" bytesdiscarded="179792" />
  <memory-copied type="tenure" objects="85623" bytes="2356288" bytesdiscarded="1440" />
  <object-monitors candidates="9" cleared="0"  />
</gc-op>
<heap-resize id="1420" type="expand" space="nursery" amount="1835008" count="1" timems="0.014" reason="excessive time being spent scavenging" timestamp="2022-10-25T12:52:44.876" />
<gc-end id="1421" type="scavenge" contextid="1416" durationms="3.738" usertimems="27.500" systemtimems="3.967" stalltimems="13.168" timestamp="2022-10-25T12:52:44.877" activeThreads="20">
  <mem-info id="1422" free="46544504" total="125501440" percent="37">
    <mem type="nursery" free="32913408" total="39583744" percent="83">
      <mem type="allocate" free="32913408" total="35586048" percent="92" />
      <mem type="survivor" free="0" total="3997696" percent="0" />
    </mem>
    <mem type="tenure" free="13631096" total="85917696" percent="15">
      <mem type="soa" free="9334392" total="81620992" percent="11" />
      <mem type="loa" free="4296704" total="4296704" percent="100" />
    </mem>
    <remembered-set count="370" />
  </mem-info>
</gc-end>
<cycle-end id="1423" type="scavenge" contextid="1416" timestamp="2022-10-25T12:52:44.877" />
<allocation-satisfied id="1424" threadId="0000000000025900" bytesRequested="2064" />
<af-end id="1425" timestamp="2022-10-25T12:52:44.877" threadId="0000000000026348" success="true" from="nursery"/>
<exclusive-end id="1426" timestamp="2022-10-25T12:52:44.877" durationms="3.970" />

<exclusive-start id="1427" timestamp="2022-10-25T12:52:44.895" intervalms="21.973">
  <response-info timems="0.024" idlems="0.024" threads="0" lastid="0000000000025900" lastname="main" />
</exclusive-start>
<af-start id="1428" threadId="0000000000026348" totalBytesRequested="48" timestamp="2022-10-25T12:52:44.895" intervalms="21.980" type="nursery" />
<cycle-start id="1429" type="scavenge" contextid="0" timestamp="2022-10-25T12:52:44.895" intervalms="21.982" />
<gc-start id="1430" type="scavenge" contextid="1429" timestamp="2022-10-25T12:52:44.895">
  <mem-info id="1431" free="13631096" total="125501440" percent="10">
    <mem type="nursery" free="0" total="39583744" percent="0">
      <mem type="allocate" free="0" total="35586048" percent="0" />
      <mem type="survivor" free="0" total="3997696" percent="0" />
    </mem>
    <mem type="tenure" free="13631096" total="85917696" percent="15">
      <mem type="soa" free="9334392" total="81620992" percent="11" />
      <mem type="loa" free="4296704" total="4296704" percent="100" />
    </mem>
    <remembered-set count="370" />
  </mem-info>
</gc-start>
<allocation-stats totalBytes="32891128" >
  <allocated-bytes non-tlh="2064" tlh="32889064" />
  <largest-consumer threadName="main" threadId="0000000000025900" bytes="32891128" />
</allocation-stats>
<gc-op id="1432" type="scavenge" timems="3.353" contextid="1429" timestamp="2022-10-25T12:52:44.898">
  <scavenger-info tenureage="1" tenuremask="4002" tiltratio="89" />
  <memory-copied type="nursery" objects="95909" bytes="2643456" bytesdiscarded="186624" />
  <memory-copied type="tenure" objects="90521" bytes="2492016" bytesdiscarded="1032" />
  <object-monitors candidates="9" cleared="0"  />
</gc-op>
<heap-resize id="1433" type="expand" space="nursery" amount="2883584" count="1" timems="0.023" reason="excessive time being spent scavenging" timestamp="2022-10-25T12:52:44.898" />
<gc-end id="1434" type="scavenge" contextid="1429" durationms="3.543" usertimems="25.675" systemtimems="5.540" stalltimems="12.378" timestamp="2022-10-25T12:52:44.898" activeThreads="20">
  <mem-info id="1435" free="46557560" total="128385024" percent="36">
    <mem type="nursery" free="35311872" total="42467328" percent="83">
      <mem type="allocate" free="35311872" total="38141952" percent="92" />
      <mem type="survivor" free="0" total="4325376" percent="0" />
    </mem>
    <mem type="tenure" free="11245688" total="85917696" percent="13">
      <mem type="soa" free="6948984" total="81620992" percent="8" />
      <mem type="loa" free="4296704" total="4296704" percent="100" />
    </mem>
    <remembered-set count="369" />
  </mem-info>
</gc-end>
<cycle-end id="1436" type="scavenge" contextid="1429" timestamp="2022-10-25T12:52:44.898" />
<allocation-satisfied id="1437" threadId="0000000000025900" bytesRequested="48" />
<af-end id="1438" timestamp="2022-10-25T12:52:44.898" threadId="0000000000026348" success="true" from="nursery"/>
<exclusive-end id="1439" timestamp="2022-10-25T12:52:44.898" durationms="3.833" />

<exclusive-start id="1440" timestamp="2022-10-25T12:52:44.926" intervalms="31.443">
  <response-info timems="0.023" idlems="0.023" threads="0" lastid="0000000000025900" lastname="main" />
</exclusive-start>
<af-start id="1441" threadId="0000000000026348" totalBytesRequested="48" timestamp="2022-10-25T12:52:44.926" intervalms="31.450" type="nursery" />
<cycle-start id="1442" type="scavenge" contextid="0" timestamp="2022-10-25T12:52:44.926" intervalms="31.453" />
<gc-start id="1443" type="scavenge" contextid="1442" timestamp="2022-10-25T12:52:44.926">
  <mem-info id="1444" free="11245688" total="128385024" percent="8">
    <mem type="nursery" free="0" total="42467328" percent="0">
      <mem type="allocate" free="0" total="38141952" percent="0" />
      <mem type="survivor" free="0" total="4325376" percent="0" />
    </mem>
    <mem type="tenure" free="11245688" total="85917696" percent="13">
      <mem type="soa" free="6948984" total="81620992" percent="8" />
      <mem type="loa" free="4296704" total="4296704" percent="100" />
    </mem>
    <remembered-set count="369" />
  </mem-info>
</gc-start>
<allocation-stats totalBytes="35279752" >
  <allocated-bytes non-tlh="48" tlh="35279704" />
  <largest-consumer threadName="main" threadId="0000000000025900" bytes="35279752" />
</allocation-stats>
<gc-op id="1445" type="scavenge" timems="4.266" contextid="1442" timestamp="2022-10-25T12:52:44.931">
  <scavenger-info tenureage="1" tenuremask="4002" tiltratio="89" />
  <memory-copied type="nursery" objects="102831" bytes="2836184" bytesdiscarded="289576" />
  <memory-copied type="tenure" objects="95895" bytes="2640280" bytesdiscarded="2144" />
  <object-monitors candidates="9" cleared="0"  />
</gc-op>
<heap-resize id="1446" type="expand" space="nursery" amount="2621440" count="1" timems="0.017" reason="excessive time being spent scavenging" timestamp="2022-10-25T12:52:44.931" />
<gc-end id="1447" type="scavenge" contextid="1442" durationms="4.402" usertimems="45.657" systemtimems="6.615" stalltimems="18.040" timestamp="2022-10-25T12:52:44.931" activeThreads="20">
  <mem-info id="1448" free="45707640" total="131006464" percent="34">
    <mem type="nursery" free="37441024" total="45088768" percent="83">
      <mem type="allocate" free="37441024" total="40566784" percent="92" />
      <mem type="survivor" free="0" total="4521984" percent="0" />
    </mem>
    <mem type="tenure" free="8266616" total="85917696" percent="9">
      <mem type="soa" free="3969912" total="81620992" percent="4" />
      <mem type="loa" free="4296704" total="4296704" percent="100" />
    </mem>
    <remembered-set count="371" />
  </mem-info>
</gc-end>
<cycle-end id="1449" type="scavenge" contextid="1442" timestamp="2022-10-25T12:52:44.931" />
<allocation-satisfied id="1450" threadId="0000000000025900" bytesRequested="48" />
<af-end id="1451" timestamp="2022-10-25T12:52:44.931" threadId="0000000000026348" success="true" from="nursery"/>
<exclusive-end id="1452" timestamp="2022-10-25T12:52:44.931" durationms="4.670" />

<concurrent-kickoff id="1453" timestamp="2022-10-25T12:52:44.951">
  <kickoff reason="threshold reached" targetBytes="14876967" thresholdFreeBytes="2078420"  remainingFree="2037944" tenureFreeBytes="8266616" nurseryFreeBytes="2037944" />
</concurrent-kickoff>
<exclusive-start id="1454" timestamp="2022-10-25T12:52:44.951" intervalms="24.913">
  <response-info timems="0.022" idlems="0.022" threads="0" lastid="0000000000025900" lastname="main" />
</exclusive-start>
<cycle-start id="1455" type="global" contextid="0" timestamp="2022-10-25T12:52:44.951" intervalms="209.391" />
<concurrent-start id="1456" type="global mark" contextid="1455" timestamp="2022-10-25T12:52:44.951">
</concurrent-start>
<exclusive-end id="1457" timestamp="2022-10-25T12:52:44.951" durationms="0.029" />

<concurrent-end id="1458" type="global mark" contextid="1455" timestamp="2022-10-25T12:52:44.957">
<gc-op id="1459" type="trace" timems="5.777" contextid="1455" timestamp="2022-10-25T12:52:44.957">
  <trace bytesTraced="6260156" workStackOverflowCount="0" />
  <card-cleaning reason="card cleaning threshold reached" bytesTraced="988" cardsCleaned="2" />
</gc-op>
</concurrent-end>

<exclusive-start id="1460" timestamp="2022-10-25T12:52:44.958" intervalms="6.747">
  <response-info timems="0.925" idlems="0.925" threads="0" lastid="0000000000025900" lastname="main" />
</exclusive-start>
<concurrent-global-final id="1461" timestamp="2022-10-25T12:52:44.958" contextid="1455" intervalms="210.408" >
  <concurrent-trace-info reason="card cleaning threshold reached" tracedByMutators="767288" tracedByHelpers="5493856" cardsCleaned="2" workStackOverflowCount="0" />
</concurrent-global-final>
<gc-start id="1462" type="global" contextid="1455" timestamp="2022-10-25T12:52:44.958">
  <mem-info id="1463" free="8941944" total="131006464" percent="6">
    <mem type="nursery" free="675328" total="45088768" percent="1">
      <mem type="allocate" free="675328" total="40566784" percent="1" />
      <mem type="survivor" free="0" total="4521984" percent="0" />
    </mem>
    <mem type="tenure" free="8266616" total="85917696" percent="9">
      <mem type="soa" free="3969912" total="81620992" percent="4" />
      <mem type="loa" free="4296704" total="4296704" percent="100" />
    </mem>
    <remembered-set count="371" />
  </mem-info>
</gc-start>
<allocation-stats totalBytes="36735760" >
  <allocated-bytes non-tlh="640328" tlh="36095432" />
  <largest-consumer threadName="main" threadId="0000000000025900" bytes="36731664" />
</allocation-stats>
<gc-op id="1464" type="rs-scan" timems="5.579" contextid="1455" timestamp="2022-10-25T12:52:44.963">
  <scan objectsFound="1662978" bytesTraced="36347572" workStackOverflowCount="0" />
</gc-op>
<gc-op id="1465" type="card-cleaning" timems="0.258" contextid="1455" timestamp="2022-10-25T12:52:44.964">
  <card-cleaning cardsCleaned="1" bytesTraced="508" workStackOverflowCount="0" />
</gc-op>
<gc-op id="1466" type="mark" timems="1.218" contextid="1455" timestamp="2022-10-25T12:52:44.965">
  <trace-info objectcount="377" scancount="344" scanbytes="10420" />
  <finalization candidates="121" enqueued="0" />
  <ownableSynchronizers candidates="183" cleared="0" />
  <references type="soft" candidates="4706" cleared="1" enqueued="0" dynamicThreshold="9" maxThreshold="32" />
  <references type="weak" candidates="3294" cleared="0" enqueued="0" />
  <references type="phantom" candidates="837" cleared="0" enqueued="0" />
  <stringconstants candidates="15845" cleared="0"  />
  <object-monitors candidates="9" cleared="0"  />
</gc-op>
<gc-op id="1467" type="sweep" timems="1.076" contextid="1455" timestamp="2022-10-25T12:52:44.966" />
<heap-resize id="1468" type="expand" space="tenure" amount="23658496" count="1" timems="1.067" reason="insufficient free space following gc" timestamp="2022-10-25T12:52:44.967" />
<gc-end id="1469" type="global" contextid="1455" durationms="9.377" usertimems="119.967" systemtimems="5.432" stalltimems="24.127" timestamp="2022-10-25T12:52:44.967" activeThreads="20">
  <mem-info id="1470" free="52805272" total="154664960" percent="34">
    <mem type="nursery" free="19902960" total="45088768" percent="44">
      <mem type="allocate" free="19902960" total="40566784" percent="49" />
      <mem type="survivor" free="0" total="4521984" percent="0" />
    </mem>
    <mem type="tenure" free="32902312" total="109576192" percent="30" micro-fragmented="39955" macro-fragmented="0">
      <mem type="soa" free="27422888" total="104096768" percent="26" />
      <mem type="loa" free="5479424" total="5479424" percent="100" />
    </mem>
    <remembered-set count="370" />
  </mem-info>
</gc-end>
<cycle-end id="1471" type="global" contextid="1455" timestamp="2022-10-25T12:52:44.967" />
<exclusive-end id="1472" timestamp="2022-10-25T12:52:44.967" durationms="9.530" />

<exclusive-start id="1473" timestamp="2022-10-25T12:52:44.979" intervalms="21.538">
  <response-info timems="0.027" idlems="0.027" threads="0" lastid="0000000000025900" lastname="main" />
</exclusive-start>
<af-start id="1474" threadId="0000000000026348" totalBytesRequested="24" timestamp="2022-10-25T12:52:44.979" intervalms="53.179" type="nursery" />
<cycle-start id="1475" type="scavenge" contextid="0" timestamp="2022-10-25T12:52:44.979" intervalms="53.174" />
<gc-start id="1476" type="scavenge" contextid="1475" timestamp="2022-10-25T12:52:44.979">
  <mem-info id="1477" free="32902312" total="154664960" percent="21">
    <mem type="nursery" free="0" total="45088768" percent="0">
      <mem type="allocate" free="0" total="40566784" percent="0" />
      <mem type="survivor" free="0" total="4521984" percent="0" />
    </mem>
    <mem type="tenure" free="32902312" total="109576192" percent="30">
      <mem type="soa" free="27422888" total="104096768" percent="26" />
      <mem type="loa" free="5479424" total="5479424" percent="100" />
    </mem>
    <remembered-set count="370" />
  </mem-info>
</gc-start>
<allocation-stats totalBytes="19451792" >
  <allocated-bytes non-tlh="24768" tlh="19427024" />
  <largest-consumer threadName="main" threadId="0000000000025900" bytes="19451792" />
</allocation-stats>
<gc-op id="1478" type="scavenge" timems="3.857" contextid="1475" timestamp="2022-10-25T12:52:44.983">
  <scavenger-info tenureage="1" tenuremask="4002" tiltratio="89" />
  <memory-copied type="nursery" objects="141454" bytes="4514176" bytesdiscarded="7808" />
  <memory-copied type="tenure" objects="123036" bytes="3413880" bytesdiscarded="2048" />
  <copy-failed type="nursery" objects="20218" bytes="581088" />
  <ownableSynchronizers candidates="366" cleared="366" />
  <object-monitors candidates="9" cleared="0"  />
</gc-op>
<gc-end id="1479" type="scavenge" contextid="1475" durationms="4.003" usertimems="52.921" systemtimems="1.182" stalltimems="25.331" timestamp="2022-10-25T12:52:44.983" activeThreads="20">
  <mem-info id="1480" free="60644568" total="154664960" percent="39">
    <mem type="nursery" free="31391744" total="45088768" percent="69">
      <mem type="allocate" free="31391744" total="35913728" percent="87" />
      <mem type="survivor" free="0" total="9175040" percent="0" />
    </mem>
    <mem type="tenure" free="29252824" total="109576192" percent="26">
      <mem type="soa" free="23773400" total="104096768" percent="22" />
      <mem type="loa" free="5479424" total="5479424" percent="100" />
    </mem>
    <remembered-set count="1163" />
  </mem-info>
</gc-end>
<cycle-end id="1481" type="scavenge" contextid="1475" timestamp="2022-10-25T12:52:44.983" />
<allocation-satisfied id="1482" threadId="0000000000025900" bytesRequested="24" />
<af-end id="1483" timestamp="2022-10-25T12:52:44.984" threadId="0000000000026348" success="true" from="nursery"/>
<exclusive-end id="1484" timestamp="2022-10-25T12:52:44.984" durationms="4.259" />

<exclusive-start id="1485" timestamp="2022-10-25T12:52:45.003" intervalms="23.370">
  <response-info timems="0.030" idlems="0.030" threads="0" lastid="0000000000025900" lastname="main" />
</exclusive-start>
<af-start id="1486" threadId="0000000000026348" totalBytesRequested="528" timestamp="2022-10-25T12:52:45.003" intervalms="23.415" type="nursery" />
<cycle-start id="1487" type="scavenge" contextid="0" timestamp="2022-10-25T12:52:45.003" intervalms="23.424" />
<gc-start id="1488" type="scavenge" contextid="1487" timestamp="2022-10-25T12:52:45.003">
  <mem-info id="1489" free="29252824" total="154664960" percent="18">
    <mem type="nursery" free="0" total="45088768" percent="0">
      <mem type="allocate" free="0" total="35913728" percent="0" />
      <mem type="survivor" free="0" total="9175040" percent="0" />
    </mem>
    <mem type="tenure" free="29252824" total="109576192" percent="26">
      <mem type="soa" free="23773400" total="104096768" percent="22" />
      <mem type="loa" free="5479424" total="5479424" percent="100" />
    </mem>
    <remembered-set count="1163" />
  </mem-info>
</gc-start>
<allocation-stats totalBytes="31368160" >
  <allocated-bytes non-tlh="24" tlh="31368136" />
  <largest-consumer threadName="main" threadId="0000000000025900" bytes="31368160" />
</allocation-stats>
<gc-op id="1490" type="scavenge" timems="5.953" contextid="1487" timestamp="2022-10-25T12:52:45.009">
  <scavenger-info tenureage="1" tenuremask="4002" tiltratio="79" />
  <memory-copied type="nursery" objects="91239" bytes="2512792" bytesdiscarded="262760" />
  <memory-copied type="tenure" objects="141442" bytes="4511152" bytesdiscarded="1600" />
  <object-monitors candidates="9" cleared="0"  />
</gc-op>
<heap-resize id="1491" type="expand" space="nursery" amount="5767168" count="1" timems="0.026" reason="excessive time being spent scavenging" timestamp="2022-10-25T12:52:45.009" />
<gc-end id="1492" type="scavenge" contextid="1487" durationms="6.135" usertimems="38.923" systemtimems="0.000" stalltimems="33.691" timestamp="2022-10-25T12:52:45.009" activeThreads="20">
  <mem-info id="1493" free="63020736" total="160432128" percent="39">
    <mem type="nursery" free="38381056" total="50855936" percent="75">
      <mem type="allocate" free="38381056" total="41156608" percent="93" />
      <mem type="survivor" free="0" total="9699328" percent="0" />
    </mem>
    <mem type="tenure" free="24639680" total="109576192" percent="22">
      <mem type="soa" free="19160256" total="104096768" percent="18" />
      <mem type="loa" free="5479424" total="5479424" percent="100" />
    </mem>
    <remembered-set count="370" />
  </mem-info>
</gc-end>
<cycle-end id="1494" type="scavenge" contextid="1487" timestamp="2022-10-25T12:52:45.009" />
<allocation-satisfied id="1495" threadId="0000000000025900" bytesRequested="528" />
<af-end id="1496" timestamp="2022-10-25T12:52:45.009" threadId="0000000000026348" success="true" from="nursery"/>
<exclusive-end id="1497" timestamp="2022-10-25T12:52:45.009" durationms="6.451" />

<exclusive-start id="1498" timestamp="2022-10-25T12:52:45.061" intervalms="58.749">
  <response-info timems="0.044" idlems="0.044" threads="0" lastid="0000000000025900" lastname="main" />
</exclusive-start>
<af-start id="1499" threadId="0000000000026348" totalBytesRequested="2064" timestamp="2022-10-25T12:52:45.061" intervalms="58.752" type="nursery" />
<cycle-start id="1500" type="scavenge" contextid="0" timestamp="2022-10-25T12:52:45.062" intervalms="58.762" />
<gc-start id="1501" type="scavenge" contextid="1500" timestamp="2022-10-25T12:52:45.062">
  <mem-info id="1502" free="24639680" total="160432128" percent="15">
    <mem type="nursery" free="0" total="50855936" percent="0">
      <mem type="allocate" free="0" total="41156608" percent="0" />
      <mem type="survivor" free="0" total="9699328" percent="0" />
    </mem>
    <mem type="tenure" free="24639680" total="109576192" percent="22">
      <mem type="soa" free="19160256" total="104096768" percent="18" />
      <mem type="loa" free="5479424" total="5479424" percent="100" />
    </mem>
    <remembered-set count="370" />
  </mem-info>
</gc-start>
<allocation-stats totalBytes="38344384" >
  <allocated-bytes non-tlh="528" tlh="38343856" />
  <largest-consumer threadName="main" threadId="0000000000025900" bytes="38340288" />
</allocation-stats>
<gc-op id="1503" type="scavenge" timems="7.611" contextid="1500" timestamp="2022-10-25T12:52:45.069">
  <scavenger-info tenureage="1" tenuremask="4002" tiltratio="80" />
  <memory-copied type="nursery" objects="111699" bytes="3077160" bytesdiscarded="287448" />
  <memory-copied type="tenure" objects="91238" bytes="2512768" bytesdiscarded="880" />
  <object-monitors candidates="9" cleared="0"  />
</gc-op>
<heap-resize id="1504" type="expand" space="nursery" amount="3014656" count="1" timems="0.028" reason="excessive time being spent scavenging" timestamp="2022-10-25T12:52:45.069" />
<gc-end id="1505" type="scavenge" contextid="1500" durationms="7.809" usertimems="65.328" systemtimems="1.754" stalltimems="39.705" timestamp="2022-10-25T12:52:45.069" activeThreads="20">
  <mem-info id="1506" free="64243136" total="163446784" percent="39">
    <mem type="nursery" free="42248448" total="53870592" percent="78">
      <mem type="allocate" free="42248448" total="45613056" percent="92" />
      <mem type="survivor" free="0" total="8257536" percent="0" />
    </mem>
    <mem type="tenure" free="21994688" total="109576192" percent="20">
      <mem type="soa" free="16515264" total="104096768" percent="15" />
      <mem type="loa" free="5479424" total="5479424" percent="100" />
    </mem>
    <remembered-set count="369" />
  </mem-info>
</gc-end>
<cycle-end id="1507" type="scavenge" contextid="1500" timestamp="2022-10-25T12:52:45.070" />
<allocation-satisfied id="1508" threadId="0000000000025900" bytesRequested="2064" />
<af-end id="1509" timestamp="2022-10-25T12:52:45.070" threadId="0000000000026348" success="true" from="nursery"/>
<exclusive-end id="1510" timestamp="2022-10-25T12:52:45.070" durationms="8.153" />

<exclusive-start id="1511" timestamp="2022-10-25T12:52:45.096" intervalms="34.461">
  <response-info timems="0.019" idlems="0.019" threads="0" lastid="0000000000025900" lastname="main" />
</exclusive-start>
<af-start id="1512" threadId="0000000000026348" totalBytesRequested="24" timestamp="2022-10-25T12:52:45.096" intervalms="34.414" type="nursery" />
<cycle-start id="1513" type="scavenge" contextid="0" timestamp="2022-10-25T12:52:45.096" intervalms="34.394" />
<gc-start id="1514" type="scavenge" contextid="1513" timestamp="2022-10-25T12:52:45.096">
  <mem-info id="1515" free="21994688" total="163446784" percent="13">
    <mem type="nursery" free="0" total="53870592" percent="0">
      <mem type="allocate" free="0" total="45613056" percent="0" />
      <mem type="survivor" free="0" total="8257536" percent="0" />
    </mem>
    <mem type="tenure" free="21994688" total="109576192" percent="20">
      <mem type="soa" free="16515264" total="104096768" percent="15" />
      <mem type="loa" free="5479424" total="5479424" percent="100" />
    </mem>
    <remembered-set count="369" />
  </mem-info>
</gc-start>
<allocation-stats totalBytes="42219240" >
  <allocated-bytes non-tlh="2064" tlh="42217176" />
  <largest-consumer threadName="main" threadId="0000000000025900" bytes="42219240" />
</allocation-stats>
<gc-op id="1516" type="scavenge" timems="5.494" contextid="1513" timestamp="2022-10-25T12:52:45.101">
  <scavenger-info tenureage="1" tenuremask="4002" tiltratio="84" />
  <memory-copied type="nursery" objects="123108" bytes="3396368" bytesdiscarded="140272" />
  <memory-copied type="tenure" objects="111695" bytes="3076408" bytesdiscarded="2920" />
  <object-monitors candidates="9" cleared="0"  />
</gc-op>
<heap-resize id="1517" type="expand" space="nursery" amount="4325376" count="1" timems="0.017" reason="excessive time being spent scavenging" timestamp="2022-10-25T12:52:45.102" />
<gc-end id="1518" type="scavenge" contextid="1513" durationms="5.612" usertimems="36.741" systemtimems="4.585" stalltimems="35.993" timestamp="2022-10-25T12:52:45.102" activeThreads="20">
  <mem-info id="1519" free="66084544" total="167772160" percent="39">
    <mem type="nursery" free="46926080" total="58195968" percent="80">
      <mem type="allocate" free="46926080" total="50462720" percent="92" />
      <mem type="survivor" free="0" total="7733248" percent="0" />
    </mem>
    <mem type="tenure" free="19158464" total="109576192" percent="17">
      <mem type="soa" free="13679040" total="104096768" percent="13" />
      <mem type="loa" free="5479424" total="5479424" percent="100" />
    </mem>
    <remembered-set count="369" />
  </mem-info>
</gc-end>
<cycle-end id="1520" type="scavenge" contextid="1513" timestamp="2022-10-25T12:52:45.102" />
<allocation-satisfied id="1521" threadId="0000000000025900" bytesRequested="24" />
<af-end id="1522" timestamp="2022-10-25T12:52:45.102" threadId="0000000000026348" success="true" from="nursery"/>
<exclusive-end id="1523" timestamp="2022-10-25T12:52:45.102" durationms="5.936" />

<exclusive-start id="1524" timestamp="2022-10-25T12:52:45.121" intervalms="25.531">
  <response-info timems="0.023" idlems="0.023" threads="0" lastid="0000000000025900" lastname="main" />
</exclusive-start>
<af-start id="1525" threadId="0000000000026348" totalBytesRequested="2064" timestamp="2022-10-25T12:52:45.121" intervalms="25.529" type="nursery" />
<cycle-start id="1526" type="scavenge" contextid="0" timestamp="2022-10-25T12:52:45.121" intervalms="25.529" />
<gc-start id="1527" type="scavenge" contextid="1526" timestamp="2022-10-25T12:52:45.122">
  <mem-info id="1528" free="19158464" total="167772160" percent="11">
    <mem type="nursery" free="0" total="58195968" percent="0">
      <mem type="allocate" free="0" total="50462720" percent="0" />
      <mem type="survivor" free="0" total="7733248" percent="0" />
    </mem>
    <mem type="tenure" free="19158464" total="109576192" percent="17">
      <mem type="soa" free="13679040" total="104096768" percent="13" />
      <mem type="loa" free="5479424" total="5479424" percent="100" />
    </mem>
    <remembered-set count="369" />
  </mem-info>
</gc-start>
<allocation-stats totalBytes="46888104" >
  <allocated-bytes non-tlh="24" tlh="46888080" />
  <largest-consumer threadName="main" threadId="0000000000025900" bytes="46888104" />
</allocation-stats>
<gc-op id="1529" type="scavenge" timems="6.070" contextid="1526" timestamp="2022-10-25T12:52:45.128">
  <scavenger-info tenureage="1" tenuremask="4002" tiltratio="86" />
  <memory-copied type="nursery" objects="136546" bytes="3764344" bytesdiscarded="289928" />
  <memory-copied type="tenure" objects="123095" bytes="3393160" bytesdiscarded="792" />
  <object-monitors candidates="9" cleared="0"  />
</gc-op>
<heap-resize id="1530" type="expand" space="nursery" amount="6553600" count="1" timems="0.018" reason="excessive time being spent scavenging" timestamp="2022-10-25T12:52:45.128" />
<gc-end id="1531" type="scavenge" contextid="1526" durationms="6.212" usertimems="38.775" systemtimems="11.393" stalltimems="26.957" timestamp="2022-10-25T12:52:45.128" activeThreads="20">
  <mem-info id="1532" free="68805312" total="174325760" percent="39">
    <mem type="nursery" free="53224192" total="64749568" percent="82">
      <mem type="allocate" free="53224192" total="57278464" percent="92" />
      <mem type="survivor" free="0" total="7471104" percent="0" />
    </mem>
    <mem type="tenure" free="15581120" total="109576192" percent="14">
      <mem type="soa" free="10101696" total="104096768" percent="9" />
      <mem type="loa" free="5479424" total="5479424" percent="100" />
    </mem>
    <remembered-set count="371" />
  </mem-info>
</gc-end>
<cycle-end id="1533" type="scavenge" contextid="1526" timestamp="2022-10-25T12:52:45.128" />
<allocation-satisfied id="1534" threadId="0000000000025900" bytesRequested="2064" />
<af-end id="1535" timestamp="2022-10-25T12:52:45.128" threadId="0000000000026348" success="true" from="nursery"/>
<exclusive-end id="1536" timestamp="2022-10-25T12:52:45.128" durationms="6.468" />

<exclusive-start id="1537" timestamp="2022-10-25T12:52:45.151" intervalms="29.916">
  <response-info timems="0.020" idlems="0.020" threads="0" lastid="0000000000025900" lastname="main" />
</exclusive-start>
<af-start id="1538" threadId="0000000000026348" totalBytesRequested="48" timestamp="2022-10-25T12:52:45.151" intervalms="29.959" type="nursery" />
<cycle-start id="1539" type="scavenge" contextid="0" timestamp="2022-10-25T12:52:45.151" intervalms="29.960" />
<gc-start id="1540" type="scavenge" contextid="1539" timestamp="2022-10-25T12:52:45.151">
  <mem-info id="1541" free="15581120" total="174325760" percent="8">
    <mem type="nursery" free="0" total="64749568" percent="0">
      <mem type="allocate" free="0" total="57278464" percent="0" />
      <mem type="survivor" free="0" total="7471104" percent="0" />
    </mem>
    <mem type="tenure" free="15581120" total="109576192" percent="14">
      <mem type="soa" free="10101696" total="104096768" percent="9" />
      <mem type="loa" free="5479424" total="5479424" percent="100" />
    </mem>
    <remembered-set count="371" />
  </mem-info>
</gc-start>
<allocation-stats totalBytes="53179056" >
  <allocated-bytes non-tlh="2064" tlh="53176992" />
  <largest-consumer threadName="main" threadId="0000000000025900" bytes="53174960" />
</allocation-stats>
<gc-op id="1542" type="scavenge" timems="4.212" contextid="1539" timestamp="2022-10-25T12:52:45.156">
  <scavenger-info tenureage="1" tenuremask="4002" tiltratio="88" />
  <memory-copied type="nursery" objects="155137" bytes="4278360" bytesdiscarded="470952" />
  <memory-copied type="tenure" objects="136542" bytes="3763848" bytesdiscarded="896" />
  <object-monitors candidates="9" cleared="0"  />
</gc-op>
<heap-resize id="1543" type="expand" space="nursery" amount="4587520" count="1" timems="0.024" reason="excessive time being spent scavenging" timestamp="2022-10-25T12:52:45.156" />
<gc-end id="1544" type="scavenge" contextid="1539" durationms="4.358" usertimems="48.186" systemtimems="0.602" stalltimems="23.619" timestamp="2022-10-25T12:52:45.156" activeThreads="20">
  <mem-info id="1545" free="69213120" total="178913280" percent="38">
    <mem type="nursery" free="57640960" total="69337088" percent="83">
      <mem type="allocate" free="57640960" total="62390272" percent="92" />
      <mem type="survivor" free="0" total="6946816" percent="0" />
    </mem>
    <mem type="tenure" free="11572160" total="109576192" percent="10">
      <mem type="soa" free="6092736" total="104096768" percent="5" />
      <mem type="loa" free="5479424" total="5479424" percent="100" />
    </mem>
    <remembered-set count="369" />
  </mem-info>
</gc-end>
<cycle-end id="1546" type="scavenge" contextid="1539" timestamp="2022-10-25T12:52:45.156" />
<allocation-satisfied id="1547" threadId="0000000000025900" bytesRequested="48" />
<af-end id="1548" timestamp="2022-10-25T12:52:45.156" threadId="0000000000026348" success="true" from="nursery"/>
<exclusive-end id="1549" timestamp="2022-10-25T12:52:45.156" durationms="4.624" />

<concurrent-kickoff id="1550" timestamp="2022-10-25T12:52:45.179">
  <kickoff reason="threshold reached" targetBytes="16784315" thresholdFreeBytes="2355309"  remainingFree="2328576" tenureFreeBytes="11572160" nurseryFreeBytes="2328576" />
</concurrent-kickoff>
<exclusive-start id="1551" timestamp="2022-10-25T12:52:45.179" intervalms="28.178">
  <response-info timems="0.020" idlems="0.020" threads="0" lastid="0000000000025900" lastname="main" />
</exclusive-start>
<cycle-start id="1552" type="global" contextid="0" timestamp="2022-10-25T12:52:45.179" intervalms="228.484" />
<concurrent-start id="1553" type="global mark" contextid="1552" timestamp="2022-10-25T12:52:45.179">
</concurrent-start>
<exclusive-end id="1554" timestamp="2022-10-25T12:52:45.179" durationms="0.023" />

<exclusive-start id="1555" timestamp="2022-10-25T12:52:45.194" intervalms="14.210">
  <response-info timems="0.022" idlems="0.022" threads="0" lastid="0000000000025900" lastname="main" />
</exclusive-start>
<af-start id="1556" threadId="0000000000026348" totalBytesRequested="48" timestamp="2022-10-25T12:52:45.194" intervalms="42.347" type="nursery" />
<cycle-start id="1557" type="scavenge" contextid="0" timestamp="2022-10-25T12:52:45.194" intervalms="42.346" />
<gc-start id="1558" type="scavenge" contextid="1557" timestamp="2022-10-25T12:52:45.194">
  <mem-info id="1559" free="11572160" total="178913280" percent="6">
    <mem type="nursery" free="0" total="69337088" percent="0">
      <mem type="allocate" free="0" total="62390272" percent="0" />
      <mem type="survivor" free="0" total="6946816" percent="0" />
    </mem>
    <mem type="tenure" free="11572160" total="109576192" percent="10">
      <mem type="soa" free="6092736" total="104096768" percent="5" />
      <mem type="loa" free="5479424" total="5479424" percent="100" />
    </mem>
    <remembered-set count="369" />
  </mem-info>
</gc-start>
<allocation-stats totalBytes="57594216" >
  <allocated-bytes non-tlh="48" tlh="57594168" />
  <largest-consumer threadName="main" threadId="0000000000025900" bytes="57594216" />
</allocation-stats>
<gc-op id="1560" type="scavenge" timems="5.007" contextid="1557" timestamp="2022-10-25T12:52:45.199">
  <scavenger-info tenureage="1" tenuremask="4002" tiltratio="89" />
  <memory-copied type="nursery" objects="168018" bytes="4627088" bytesdiscarded="228976" />
  <memory-copied type="tenure" objects="155125" bytes="4275208" bytesdiscarded="1112" />
  <object-monitors candidates="9" cleared="0"  />
</gc-op>
<heap-resize id="1561" type="expand" space="nursery" amount="3670016" count="1" timems="0.036" reason="excessive time being spent scavenging" timestamp="2022-10-25T12:52:45.199" />
<gc-end id="1562" type="scavenge" contextid="1557" durationms="5.163" usertimems="59.468" systemtimems="0.000" stalltimems="19.230" timestamp="2022-10-25T12:52:45.199" activeThreads="20">
  <mem-info id="1563" free="68033216" total="182583296" percent="37">
    <mem type="nursery" free="60811008" total="73007104" percent="83">
      <mem type="allocate" free="60811008" total="65667072" percent="92" />
      <mem type="survivor" free="0" total="7340032" percent="0" />
    </mem>
    <mem type="tenure" free="7222208" total="109576192" percent="6">
      <mem type="soa" free="1742784" total="104096768" percent="1" />
      <mem type="loa" free="5479424" total="5479424" percent="100" />
    </mem>
    <remembered-set count="371" />
  </mem-info>
</gc-end>
<cycle-end id="1564" type="scavenge" contextid="1557" timestamp="2022-10-25T12:52:45.199" />
<allocation-satisfied id="1565" threadId="0000000000025900" bytesRequested="48" />
<af-end id="1566" timestamp="2022-10-25T12:52:45.199" threadId="0000000000026348" success="true" from="nursery"/>
<exclusive-end id="1567" timestamp="2022-10-25T12:52:45.199" durationms="5.393" />

<concurrent-end id="1568" type="global mark" contextid="1552" timestamp="2022-10-25T12:52:45.212">
<gc-op id="1569" type="trace" timems="32.502" contextid="1552" timestamp="2022-10-25T12:52:45.212">
  <trace bytesTraced="54945352" workStackOverflowCount="0" />
  <card-cleaning reason="card cleaning threshold reached" bytesTraced="66080" cardsCleaned="6" />
</gc-op>
</concurrent-end>

<exclusive-start id="1570" timestamp="2022-10-25T12:52:45.212" intervalms="18.366">
  <response-info timems="0.026" idlems="0.026" threads="0" lastid="0000000000025900" lastname="main" />
</exclusive-start>
<concurrent-global-final id="1571" timestamp="2022-10-25T12:52:45.212" contextid="1552" intervalms="254.319" >
  <concurrent-trace-info reason="card cleaning threshold reached" tracedByMutators="24277872" tracedByHelpers="30733560" cardsCleaned="6" workStackOverflowCount="0" />
</concurrent-global-final>
<gc-start id="1572" type="global" contextid="1552" timestamp="2022-10-25T12:52:45.212">
  <mem-info id="1573" free="66923152" total="182583296" percent="36">
    <mem type="nursery" free="59700944" total="73007104" percent="81">
      <mem type="allocate" free="59700944" total="65667072" percent="90" />
      <mem type="survivor" free="0" total="7340032" percent="0" />
    </mem>
    <mem type="tenure" free="7222208" total="109576192" percent="6">
      <mem type="soa" free="1742784" total="104096768" percent="1" />
      <mem type="loa" free="5479424" total="5479424" percent="100" />
    </mem>
    <remembered-set count="371" />
  </mem-info>
</gc-start>
<allocation-stats totalBytes="1109504" >
  <allocated-bytes non-tlh="48" tlh="1109456" />
  <largest-consumer threadName="main" threadId="0000000000025900" bytes="1109504" />
</allocation-stats>
<gc-op id="1574" type="rs-scan" timems="0.440" contextid="1552" timestamp="2022-10-25T12:52:45.213">
  <scan objectsFound="15" bytesTraced="14748" workStackOverflowCount="0" />
</gc-op>
<gc-op id="1575" type="card-cleaning" timems="0.522" contextid="1552" timestamp="2022-10-25T12:52:45.213">
  <card-cleaning cardsCleaned="3" bytesTraced="3461892" workStackOverflowCount="0" />
</gc-op>
<gc-op id="1576" type="mark" timems="1.285" contextid="1552" timestamp="2022-10-25T12:52:45.214">
  <trace-info objectcount="396" scancount="357" scanbytes="10768" />
  <finalization candidates="121" enqueued="0" />
  <ownableSynchronizers candidates="183" cleared="0" />
  <references type="soft" candidates="4705" cleared="1" enqueued="0" dynamicThreshold="9" maxThreshold="32" />
  <references type="weak" candidates="3294" cleared="0" enqueued="0" />
  <references type="phantom" candidates="837" cleared="0" enqueued="0" />
  <stringconstants candidates="15845" cleared="4"  />
  <object-monitors candidates="9" cleared="0"  />
</gc-op>
<gc-op id="1577" type="sweep" timems="0.773" contextid="1552" timestamp="2022-10-25T12:52:45.215" />
<heap-resize id="1578" type="expand" space="tenure" amount="35651584" count="1" timems="0.844" reason="insufficient free space following gc" timestamp="2022-10-25T12:52:45.216" />
<gc-end id="1579" type="global" contextid="1552" durationms="4.004" usertimems="29.369" systemtimems="0.000" stalltimems="21.444" timestamp="2022-10-25T12:52:45.216" activeThreads="20">
  <mem-info id="1580" free="104178456" total="218234880" percent="47">
    <mem type="nursery" free="60578968" total="73007104" percent="82">
      <mem type="allocate" free="60578968" total="65667072" percent="92" />
      <mem type="survivor" free="0" total="7340032" percent="0" />
    </mem>
    <mem type="tenure" free="43599488" total="145227776" percent="30" micro-fragmented="52497" macro-fragmented="0">
      <mem type="soa" free="36337280" total="137965568" percent="26" />
      <mem type="loa" free="7262208" total="7262208" percent="100" />
    </mem>
    <remembered-set count="371" />
  </mem-info>
</gc-end>
<cycle-end id="1581" type="global" contextid="1552" timestamp="2022-10-25T12:52:45.216" />
<exclusive-end id="1582" timestamp="2022-10-25T12:52:45.216" durationms="4.150" />

<exclusive-start id="1583" timestamp="2022-10-25T12:52:45.243" intervalms="30.829">
  <response-info timems="0.027" idlems="0.027" threads="0" lastid="0000000000025900" lastname="main" />
</exclusive-start>
<af-start id="1584" threadId="0000000000026348" totalBytesRequested="2064" timestamp="2022-10-25T12:52:45.243" intervalms="49.210" type="nursery" />
<cycle-start id="1585" type="scavenge" contextid="0" timestamp="2022-10-25T12:52:45.243" intervalms="49.212" />
<gc-start id="1586" type="scavenge" contextid="1585" timestamp="2022-10-25T12:52:45.243">
  <mem-info id="1587" free="43599488" total="218234880" percent="19">
    <mem type="nursery" free="0" total="73007104" percent="0">
      <mem type="allocate" free="0" total="65667072" percent="0" />
      <mem type="survivor" free="0" total="7340032" percent="0" />
    </mem>
    <mem type="tenure" free="43599488" total="145227776" percent="30">
      <mem type="soa" free="36337280" total="137965568" percent="26" />
      <mem type="loa" free="7262208" total="7262208" percent="100" />
    </mem>
    <remembered-set count="371" />
  </mem-info>
</gc-start>
<allocation-stats totalBytes="60522368" >
  <allocated-bytes non-tlh="966600" tlh="59555768" />
  <largest-consumer threadName="main" threadId="0000000000025900" bytes="60518272" />
</allocation-stats>
<gc-op id="1588" type="scavenge" timems="6.957" contextid="1585" timestamp="2022-10-25T12:52:45.250">
  <scavenger-info tenureage="1" tenuremask="4002" tiltratio="89" />
  <memory-copied type="nursery" objects="176476" bytes="5818848" bytesdiscarded="240312" />
  <memory-copied type="tenure" objects="168008" bytes="4624176" bytesdiscarded="1264" />
  <ownableSynchronizers candidates="366" cleared="366" />
  <object-monitors candidates="9" cleared="0"  />
</gc-op>
<heap-resize id="1589" type="expand" space="nursery" amount="4587520" count="1" timems="0.295" reason="excessive time being spent scavenging" timestamp="2022-10-25T12:52:45.250" />
<gc-end id="1590" type="scavenge" contextid="1585" durationms="7.384" usertimems="45.591" systemtimems="8.483" stalltimems="22.326" timestamp="2022-10-25T12:52:45.250" activeThreads="20">
  <mem-info id="1591" free="100938832" total="222822400" percent="45">
    <mem type="nursery" free="62819176" total="77594624" percent="80">
      <mem type="allocate" free="62819176" total="68878336" percent="91" />
      <mem type="survivor" free="0" total="8716288" percent="0" />
    </mem>
    <mem type="tenure" free="38119656" total="145227776" percent="26">
      <mem type="soa" free="30857448" total="137965568" percent="22" />
      <mem type="loa" free="7262208" total="7262208" percent="100" />
    </mem>
    <remembered-set count="369" />
  </mem-info>
</gc-end>
<cycle-end id="1592" type="scavenge" contextid="1585" timestamp="2022-10-25T12:52:45.250" />
<allocation-satisfied id="1593" threadId="0000000000025900" bytesRequested="2064" />
<af-end id="1594" timestamp="2022-10-25T12:52:45.251" threadId="0000000000026348" success="true" from="nursery"/>
<exclusive-end id="1595" timestamp="2022-10-25T12:52:45.251" durationms="7.633" />

<exclusive-start id="1596" timestamp="2022-10-25T12:52:45.304" intervalms="61.497">
  <response-info timems="0.036" idlems="0.036" threads="0" lastid="0000000000025900" lastname="main" />
</exclusive-start>
<af-start id="1597" threadId="0000000000026348" totalBytesRequested="2064" timestamp="2022-10-25T12:52:45.304" intervalms="61.538" type="nursery" />
<cycle-start id="1598" type="scavenge" contextid="0" timestamp="2022-10-25T12:52:45.305" intervalms="61.560" />
<gc-start id="1599" type="scavenge" contextid="1598" timestamp="2022-10-25T12:52:45.305">
  <mem-info id="1600" free="38119656" total="222822400" percent="17">
    <mem type="nursery" free="0" total="77594624" percent="0">
      <mem type="allocate" free="0" total="68878336" percent="0" />
      <mem type="survivor" free="0" total="8716288" percent="0" />
    </mem>
    <mem type="tenure" free="38119656" total="145227776" percent="26">
      <mem type="soa" free="30857448" total="137965568" percent="22" />
      <mem type="loa" free="7262208" total="7262208" percent="100" />
    </mem>
    <remembered-set count="369" />
  </mem-info>
</gc-start>
<allocation-stats totalBytes="62762992" >
  <allocated-bytes non-tlh="2064" tlh="62760928" />
  <largest-consumer threadName="main" threadId="0000000000025900" bytes="62762992" />
</allocation-stats>
<gc-op id="1601" type="scavenge" timems="34.223" contextid="1598" timestamp="2022-10-25T12:52:45.339">
  <scavenger-info tenureage="1" tenuremask="4002" tiltratio="88" />
  <memory-copied type="nursery" objects="182958" bytes="5037664" bytesdiscarded="178592" />
  <memory-copied type="tenure" objects="176472" bytes="5818232" bytesdiscarded="1776" />
  <object-monitors candidates="9" cleared="0"  />
</gc-op>
<heap-resize id="1602" type="expand" space="nursery" amount="14548992" count="1" timems="0.053" reason="excessive time being spent scavenging" timestamp="2022-10-25T12:52:45.339" />
<gc-end id="1603" type="scavenge" contextid="1598" durationms="34.533" usertimems="99.141" systemtimems="46.779" stalltimems="394.509" timestamp="2022-10-25T12:52:45.339" activeThreads="20">
  <mem-info id="1604" free="110252368" total="237371392" percent="46">
    <mem type="nursery" free="77424640" total="92143616" percent="84">
      <mem type="allocate" free="77424640" total="82640896" percent="93" />
      <mem type="survivor" free="0" total="9502720" percent="0" />
    </mem>
    <mem type="tenure" free="32827728" total="145227776" percent="22">
      <mem type="soa" free="25565520" total="137965568" percent="18" />
      <mem type="loa" free="7262208" total="7262208" percent="100" />
    </mem>
    <remembered-set count="369" />
  </mem-info>
</gc-end>
<cycle-end id="1605" type="scavenge" contextid="1598" timestamp="2022-10-25T12:52:45.339" />
<allocation-satisfied id="1606" threadId="0000000000025900" bytesRequested="2064" />
<af-end id="1607" timestamp="2022-10-25T12:52:45.339" threadId="0000000000026348" success="true" from="nursery"/>
<exclusive-end id="1608" timestamp="2022-10-25T12:52:45.339" durationms="34.977" />

<exclusive-start id="1609" timestamp="2022-10-25T12:52:45.402" intervalms="97.437">
  <response-info timems="0.023" idlems="0.023" threads="0" lastid="0000000000025900" lastname="main" />
</exclusive-start>
<af-start id="1610" threadId="0000000000026348" totalBytesRequested="48" timestamp="2022-10-25T12:52:45.402" intervalms="97.437" type="nursery" />
<cycle-start id="1611" type="scavenge" contextid="0" timestamp="2022-10-25T12:52:45.402" intervalms="97.417" />
<gc-start id="1612" type="scavenge" contextid="1611" timestamp="2022-10-25T12:52:45.402">
  <mem-info id="1613" free="32827728" total="237371392" percent="13">
    <mem type="nursery" free="0" total="92143616" percent="0">
      <mem type="allocate" free="0" total="82640896" percent="0" />
      <mem type="survivor" free="0" total="9502720" percent="0" />
    </mem>
    <mem type="tenure" free="32827728" total="145227776" percent="22">
      <mem type="soa" free="25565520" total="137965568" percent="18" />
      <mem type="loa" free="7262208" total="7262208" percent="100" />
    </mem>
    <remembered-set count="369" />
  </mem-info>
</gc-start>
<allocation-stats totalBytes="77369560" >
  <allocated-bytes non-tlh="2064" tlh="77367496" />
  <largest-consumer threadName="main" threadId="0000000000025900" bytes="77365464" />
</allocation-stats>
<gc-op id="1614" type="scavenge" timems="5.409" contextid="1611" timestamp="2022-10-25T12:52:45.407">
  <scavenger-info tenureage="1" tenuremask="4002" tiltratio="89" />
  <memory-copied type="nursery" objects="225530" bytes="6213136" bytesdiscarded="230384" />
  <memory-copied type="tenure" objects="182954" bytes="5037048" bytesdiscarded="2328" />
  <object-monitors candidates="9" cleared="0"  />
</gc-op>
<gc-end id="1615" type="scavenge" contextid="1611" durationms="5.672" usertimems="66.451" systemtimems="8.307" stalltimems="21.013" timestamp="2022-10-25T12:52:45.408" activeThreads="19">
  <mem-info id="1616" free="104260688" total="237371392" percent="43">
    <mem type="nursery" free="76459520" total="92143616" percent="82">
      <mem type="allocate" free="76459520" total="82903040" percent="92" />
      <mem type="survivor" free="0" total="9240576" percent="0" />
    </mem>
    <mem type="tenure" free="27801168" total="145227776" percent="19">
      <mem type="soa" free="20538960" total="137965568" percent="14" />
      <mem type="loa" free="7262208" total="7262208" percent="100" />
    </mem>
    <remembered-set count="369" />
  </mem-info>
</gc-end>
<cycle-end id="1617" type="scavenge" contextid="1611" timestamp="2022-10-25T12:52:45.408" />
<allocation-satisfied id="1618" threadId="0000000000025900" bytesRequested="48" />
<af-end id="1619" timestamp="2022-10-25T12:52:45.408" threadId="0000000000026348" success="true" from="nursery"/>
<exclusive-end id="1620" timestamp="2022-10-25T12:52:45.408" durationms="5.987" />

<exclusive-start id="1621" timestamp="2022-10-25T12:52:45.473" intervalms="71.663">
  <response-info timems="0.026" idlems="0.026" threads="0" lastid="0000000000025900" lastname="main" />
</exclusive-start>
<af-start id="1622" threadId="0000000000026348" totalBytesRequested="2064" timestamp="2022-10-25T12:52:45.474" intervalms="71.632" type="nursery" />
<cycle-start id="1623" type="scavenge" contextid="0" timestamp="2022-10-25T12:52:45.474" intervalms="71.641" />
<gc-start id="1624" type="scavenge" contextid="1623" timestamp="2022-10-25T12:52:45.474">
  <mem-info id="1625" free="27801168" total="237371392" percent="11">
    <mem type="nursery" free="0" total="92143616" percent="0">
      <mem type="allocate" free="0" total="82903040" percent="0" />
      <mem type="survivor" free="0" total="9240576" percent="0" />
    </mem>
    <mem type="tenure" free="27801168" total="145227776" percent="19">
      <mem type="soa" free="20538960" total="137965568" percent="14" />
      <mem type="loa" free="7262208" total="7262208" percent="100" />
    </mem>
    <remembered-set count="369" />
  </mem-info>
</gc-start>
<allocation-stats totalBytes="76405192" >
  <allocated-bytes non-tlh="48" tlh="76405144" />
  <largest-consumer threadName="main" threadId="0000000000025900" bytes="76401096" />
</allocation-stats>
<gc-op id="1626" type="scavenge" timems="7.868" contextid="1623" timestamp="2022-10-25T12:52:45.482">
  <scavenger-info tenureage="1" tenuremask="4002" tiltratio="89" />
  <memory-copied type="nursery" objects="222705" bytes="6135064" bytesdiscarded="400616" />
  <memory-copied type="tenure" objects="225519" bytes="6210200" bytesdiscarded="2336" />
  <object-monitors candidates="9" cleared="0"  />
</gc-op>
<heap-resize id="1627" type="expand" space="nursery" amount="5898240" count="1" timems="0.059" reason="excessive time being spent scavenging" timestamp="2022-10-25T12:52:45.482" />
<gc-end id="1628" type="scavenge" contextid="1623" durationms="8.211" usertimems="117.365" systemtimems="2.963" stalltimems="28.744" timestamp="2022-10-25T12:52:45.482" activeThreads="20">
  <mem-info id="1629" free="103273808" total="243269632" percent="42">
    <mem type="nursery" free="81675776" total="98041856" percent="83">
      <mem type="allocate" free="81675776" total="88211456" percent="92" />
      <mem type="survivor" free="0" total="9830400" percent="0" />
    </mem>
    <mem type="tenure" free="21598032" total="145227776" percent="14">
      <mem type="soa" free="14335824" total="137965568" percent="10" />
      <mem type="loa" free="7262208" total="7262208" percent="100" />
    </mem>
    <remembered-set count="371" />
  </mem-info>
</gc-end>
<cycle-end id="1630" type="scavenge" contextid="1623" timestamp="2022-10-25T12:52:45.482" />
<allocation-satisfied id="1631" threadId="0000000000025900" bytesRequested="2064" />
<af-end id="1632" timestamp="2022-10-25T12:52:45.482" threadId="0000000000026348" success="true" from="nursery"/>
<exclusive-end id="1633" timestamp="2022-10-25T12:52:45.482" durationms="8.965" />

<exclusive-start id="1634" timestamp="2022-10-25T12:52:45.517" intervalms="43.851">
  <response-info timems="0.022" idlems="0.022" threads="0" lastid="0000000000025900" lastname="main" />
</exclusive-start>
<af-start id="1635" threadId="0000000000026348" totalBytesRequested="24" timestamp="2022-10-25T12:52:45.517" intervalms="43.848" type="nursery" />
<cycle-start id="1636" type="scavenge" contextid="0" timestamp="2022-10-25T12:52:45.517" intervalms="43.836" />
<gc-start id="1637" type="scavenge" contextid="1636" timestamp="2022-10-25T12:52:45.518">
  <mem-info id="1638" free="21598032" total="243269632" percent="8">
    <mem type="nursery" free="0" total="98041856" percent="0">
      <mem type="allocate" free="0" total="88211456" percent="0" />
      <mem type="survivor" free="0" total="9830400" percent="0" />
    </mem>
    <mem type="tenure" free="21598032" total="145227776" percent="14">
      <mem type="soa" free="14335824" total="137965568" percent="10" />
      <mem type="loa" free="7262208" total="7262208" percent="100" />
    </mem>
    <remembered-set count="371" />
  </mem-info>
</gc-start>
<allocation-stats totalBytes="81603056" >
  <allocated-bytes non-tlh="2064" tlh="81600992" />
  <largest-consumer threadName="main" threadId="0000000000025900" bytes="81603056" />
</allocation-stats>
<gc-op id="1639" type="scavenge" timems="5.849" contextid="1636" timestamp="2022-10-25T12:52:45.523">
  <scavenger-info tenureage="1" tenuremask="4002" tiltratio="89" />
  <memory-copied type="nursery" objects="237607" bytes="6549752" bytesdiscarded="310024" />
  <memory-copied type="tenure" objects="222701" bytes="6134328" bytesdiscarded="2408" />
  <object-monitors candidates="9" cleared="0"  />
</gc-op>
<heap-resize id="1640" type="expand" space="nursery" amount="6422528" count="1" timems="0.024" reason="excessive time being spent scavenging" timestamp="2022-10-25T12:52:45.523" />
<gc-end id="1641" type="scavenge" contextid="1636" durationms="5.994" usertimems="73.736" systemtimems="5.448" stalltimems="19.989" timestamp="2022-10-25T12:52:45.523" activeThreads="20">
  <mem-info id="1642" free="102505296" total="249692160" percent="41">
    <mem type="nursery" free="87118848" total="104464384" percent="83">
      <mem type="allocate" free="87118848" total="93978624" percent="92" />
      <mem type="survivor" free="0" total="10485760" percent="0" />
    </mem>
    <mem type="tenure" free="15386448" total="145227776" percent="10">
      <mem type="soa" free="8124240" total="137965568" percent="5" />
      <mem type="loa" free="7262208" total="7262208" percent="100" />
    </mem>
    <remembered-set count="369" />
  </mem-info>
</gc-end>
<cycle-end id="1643" type="scavenge" contextid="1636" timestamp="2022-10-25T12:52:45.524" />
<allocation-satisfied id="1644" threadId="0000000000025900" bytesRequested="24" />
<af-end id="1645" timestamp="2022-10-25T12:52:45.524" threadId="0000000000026348" success="true" from="nursery"/>
<exclusive-end id="1646" timestamp="2022-10-25T12:52:45.524" durationms="6.273" />

<concurrent-kickoff id="1647" timestamp="2022-10-25T12:52:45.584">
  <kickoff reason="threshold reached" targetBytes="31933447" thresholdFreeBytes="4451699"  remainingFree="4371432" tenureFreeBytes="15386448" nurseryFreeBytes="4371432" />
</concurrent-kickoff>
<exclusive-start id="1648" timestamp="2022-10-25T12:52:45.584" intervalms="66.993">
  <response-info timems="0.025" idlems="0.025" threads="0" lastid="0000000000025900" lastname="main" />
</exclusive-start>
<cycle-start id="1649" type="global" contextid="0" timestamp="2022-10-25T12:52:45.584" intervalms="404.849" />
<concurrent-start id="1650" type="global mark" contextid="1649" timestamp="2022-10-25T12:52:45.584">
</concurrent-start>
<exclusive-end id="1651" timestamp="2022-10-25T12:52:45.584" durationms="0.029" />

<exclusive-start id="1652" timestamp="2022-10-25T12:52:45.609" intervalms="24.905">
  <response-info timems="0.020" idlems="0.020" threads="0" lastid="0000000000025900" lastname="main" />
</exclusive-start>
<af-start id="1653" threadId="0000000000026348" totalBytesRequested="2064" timestamp="2022-10-25T12:52:45.609" intervalms="91.879" type="nursery" />
<cycle-start id="1654" type="scavenge" contextid="0" timestamp="2022-10-25T12:52:45.609" intervalms="91.880" />
<gc-start id="1655" type="scavenge" contextid="1654" timestamp="2022-10-25T12:52:45.609">
  <mem-info id="1656" free="15386448" total="249692160" percent="6">
    <mem type="nursery" free="0" total="104464384" percent="0">
      <mem type="allocate" free="0" total="93978624" percent="0" />
      <mem type="survivor" free="0" total="10485760" percent="0" />
    </mem>
    <mem type="tenure" free="15386448" total="145227776" percent="10">
      <mem type="soa" free="8124240" total="137965568" percent="5" />
      <mem type="loa" free="7262208" total="7262208" percent="100" />
    </mem>
    <remembered-set count="369" />
  </mem-info>
</gc-start>
<allocation-stats totalBytes="87053000" >
  <allocated-bytes non-tlh="24" tlh="87052976" />
  <largest-consumer threadName="main" threadId="0000000000025900" bytes="87048904" />
</allocation-stats>
<gc-op id="1657" type="scavenge" timems="5.932" contextid="1654" timestamp="2022-10-25T12:52:45.615">
  <scavenger-info tenureage="1" tenuremask="4002" tiltratio="89" />
  <memory-copied type="nursery" objects="253622" bytes="6990128" bytesdiscarded="146128" />
  <memory-copied type="tenure" objects="237597" bytes="6546984" bytesdiscarded="2056" />
  <object-monitors candidates="9" cleared="0"  />
</gc-op>
<gc-end id="1658" type="scavenge" contextid="1654" durationms="6.060" usertimems="80.799" systemtimems="10.222" stalltimems="21.534" timestamp="2022-10-25T12:52:45.615" activeThreads="20">
  <mem-info id="1659" free="95586384" total="249692160" percent="38">
    <mem type="nursery" free="86842368" total="104464384" percent="83">
      <mem type="allocate" free="86842368" total="93978624" percent="92" />
      <mem type="survivor" free="0" total="10485760" percent="0" />
    </mem>
    <mem type="tenure" free="8744016" total="145227776" percent="6">
      <mem type="soa" free="1481808" total="137965568" percent="1" />
      <mem type="loa" free="7262208" total="7262208" percent="100" />
    </mem>
    <remembered-set count="369" />
  </mem-info>
</gc-end>
<cycle-end id="1660" type="scavenge" contextid="1654" timestamp="2022-10-25T12:52:45.616" />
<allocation-satisfied id="1661" threadId="0000000000025900" bytesRequested="2064" />
<af-end id="1662" timestamp="2022-10-25T12:52:45.616" threadId="0000000000026348" success="true" from="nursery"/>
<exclusive-end id="1663" timestamp="2022-10-25T12:52:45.616" durationms="6.363" />

<concurrent-end id="1664" type="global mark" contextid="1649" timestamp="2022-10-25T12:52:45.632">
<gc-op id="1665" type="trace" timems="47.550" contextid="1649" timestamp="2022-10-25T12:52:45.632">
  <trace bytesTraced="75910248" workStackOverflowCount="0" />
  <card-cleaning reason="card cleaning threshold reached" bytesTraced="98344" cardsCleaned="6" />
</gc-op>
</concurrent-end>

<exclusive-start id="1666" timestamp="2022-10-25T12:52:45.632" intervalms="22.765">
  <response-info timems="0.041" idlems="0.041" threads="0" lastid="0000000000025900" lastname="main" />
</exclusive-start>
<concurrent-global-final id="1667" timestamp="2022-10-25T12:52:45.632" contextid="1649" intervalms="419.968" >
  <concurrent-trace-info reason="card cleaning threshold reached" tracedByMutators="35963696" tracedByHelpers="40044896" cardsCleaned="6" workStackOverflowCount="0" />
</concurrent-global-final>
<gc-start id="1668" type="global" contextid="1649" timestamp="2022-10-25T12:52:45.632">
  <mem-info id="1669" free="94486592" total="249692160" percent="37">
    <mem type="nursery" free="85742576" total="104464384" percent="82">
      <mem type="allocate" free="85742576" total="93978624" percent="91" />
      <mem type="survivor" free="0" total="10485760" percent="0" />
    </mem>
    <mem type="tenure" free="8744016" total="145227776" percent="6">
      <mem type="soa" free="1481808" total="137965568" percent="1" />
      <mem type="loa" free="7262208" total="7262208" percent="100" />
    </mem>
    <remembered-set count="369" />
  </mem-info>
</gc-start>
<allocation-stats totalBytes="1097520" >
  <allocated-bytes non-tlh="2064" tlh="1095456" />
  <largest-consumer threadName="main" threadId="0000000000025900" bytes="1097520" />
</allocation-stats>
<gc-op id="1670" type="rs-scan" timems="1.042" contextid="1649" timestamp="2022-10-25T12:52:45.633">
  <scan objectsFound="0" bytesTraced="14408" workStackOverflowCount="0" />
</gc-op>
<gc-op id="1671" type="card-cleaning" timems="1.651" contextid="1649" timestamp="2022-10-25T12:52:45.635">
  <card-cleaning cardsCleaned="3" bytesTraced="5196444" workStackOverflowCount="0" />
</gc-op>
<gc-op id="1672" type="mark" timems="2.496" contextid="1649" timestamp="2022-10-25T12:52:45.637">
  <trace-info objectcount="380" scancount="345" scanbytes="10516" />
  <finalization candidates="121" enqueued="0" />
  <ownableSynchronizers candidates="183" cleared="0" />
  <references type="soft" candidates="4704" cleared="2" enqueued="2" dynamicThreshold="9" maxThreshold="32" />
  <references type="weak" candidates="3294" cleared="0" enqueued="0" />
  <references type="phantom" candidates="837" cleared="0" enqueued="0" />
  <stringconstants candidates="15841" cleared="0"  />
  <object-monitors candidates="9" cleared="0"  />
</gc-op>
<gc-op id="1673" type="sweep" timems="1.623" contextid="1649" timestamp="2022-10-25T12:52:45.639" />
<heap-resize id="1674" type="expand" space="tenure" amount="48168960" count="1" timems="0.362" reason="insufficient free space following gc" timestamp="2022-10-25T12:52:45.640" />
<gc-end id="1675" type="global" contextid="1649" durationms="7.497" usertimems="58.086" systemtimems="0.000" stalltimems="46.286" timestamp="2022-10-25T12:52:45.640" activeThreads="20">
  <mem-info id="1676" free="144545824" total="297861120" percent="48">
    <mem type="nursery" free="86520216" total="104464384" percent="82">
      <mem type="allocate" free="86520216" total="93978624" percent="92" />
      <mem type="survivor" free="0" total="10485760" percent="0" />
    </mem>
    <mem type="tenure" free="58025608" total="193396736" percent="30" micro-fragmented="43027" macro-fragmented="0">
      <mem type="soa" free="48354952" total="183726080" percent="26" />
      <mem type="loa" free="9670656" total="9670656" percent="100" />
    </mem>
    <pending-finalizers system="0" default="0" reference="2" classloader="0" />
    <remembered-set count="369" />
  </mem-info>
</gc-end>
<cycle-end id="1677" type="global" contextid="1649" timestamp="2022-10-25T12:52:45.640" />
<exclusive-end id="1678" timestamp="2022-10-25T12:52:45.640" durationms="7.867" />

<exclusive-start id="1679" timestamp="2022-10-25T12:52:45.700" intervalms="68.454">
  <response-info timems="0.023" idlems="0.023" threads="0" lastid="0000000000025900" lastname="main" />
</exclusive-start>
<af-start id="1680" threadId="0000000000026348" totalBytesRequested="2064" timestamp="2022-10-25T12:52:45.701" intervalms="91.263" type="nursery" />
<cycle-start id="1681" type="scavenge" contextid="0" timestamp="2022-10-25T12:52:45.701" intervalms="91.262" />
<gc-start id="1682" type="scavenge" contextid="1681" timestamp="2022-10-25T12:52:45.701">
  <mem-info id="1683" free="58025608" total="297861120" percent="19">
    <mem type="nursery" free="0" total="104464384" percent="0">
      <mem type="allocate" free="0" total="93978624" percent="0" />
      <mem type="survivor" free="0" total="10485760" percent="0" />
    </mem>
    <mem type="tenure" free="58025608" total="193396736" percent="30">
      <mem type="soa" free="48354952" total="183726080" percent="26" />
      <mem type="loa" free="9670656" total="9670656" percent="100" />
    </mem>
    <remembered-set count="372" />
  </mem-info>
</gc-start>
<allocation-stats totalBytes="86445592" >
  <allocated-bytes non-tlh="0" tlh="86445592" />
  <largest-consumer threadName="main" threadId="0000000000025900" bytes="86440280" />
</allocation-stats>
<gc-op id="1684" type="scavenge" timems="8.237" contextid="1681" timestamp="2022-10-25T12:52:45.709">
  <scavenger-info tenureage="1" tenuremask="4002" tiltratio="89" />
  <memory-copied type="nursery" objects="255072" bytes="7024248" bytesdiscarded="296328" />
  <memory-copied type="tenure" objects="253618" bytes="6989264" bytesdiscarded="1432" />
  <ownableSynchronizers candidates="366" cleared="366" />
  <object-monitors candidates="9" cleared="0"  />
</gc-op>
<heap-resize id="1685" type="expand" space="nursery" amount="5242880" count="1" timems="0.041" reason="excessive time being spent scavenging" timestamp="2022-10-25T12:52:45.709" />
<gc-end id="1686" type="scavenge" contextid="1681" durationms="8.464" usertimems="87.562" systemtimems="0.000" stalltimems="18.983" timestamp="2022-10-25T12:52:45.709" activeThreads="20">
  <mem-info id="1687" free="142077864" total="303104000" percent="46">
    <mem type="nursery" free="91376640" total="109707264" percent="83">
      <mem type="allocate" free="91376640" total="98697216" percent="92" />
      <mem type="survivor" free="0" total="11010048" percent="0" />
    </mem>
    <mem type="tenure" free="50701224" total="193396736" percent="26">
      <mem type="soa" free="41030568" total="183726080" percent="22" />
      <mem type="loa" free="9670656" total="9670656" percent="100" />
    </mem>
    <remembered-set count="371" />
  </mem-info>
</gc-end>
<cycle-end id="1688" type="scavenge" contextid="1681" timestamp="2022-10-25T12:52:45.709" />
<allocation-satisfied id="1689" threadId="0000000000025900" bytesRequested="2064" />
<af-end id="1690" timestamp="2022-10-25T12:52:45.709" threadId="0000000000026348" success="true" from="nursery"/>
<exclusive-end id="1691" timestamp="2022-10-25T12:52:45.709" durationms="8.814" />

<exclusive-start id="1692" timestamp="2022-10-25T12:52:45.769" intervalms="68.452">
  <response-info timems="0.023" idlems="0.023" threads="0" lastid="0000000000025900" lastname="main" />
</exclusive-start>
<af-start id="1693" threadId="0000000000026348" totalBytesRequested="2064" timestamp="2022-10-25T12:52:45.769" intervalms="68.448" type="nursery" />
<cycle-start id="1694" type="scavenge" contextid="0" timestamp="2022-10-25T12:52:45.769" intervalms="68.452" />
<gc-start id="1695" type="scavenge" contextid="1694" timestamp="2022-10-25T12:52:45.769">
  <mem-info id="1696" free="50701224" total="303104000" percent="16">
    <mem type="nursery" free="0" total="109707264" percent="0">
      <mem type="allocate" free="0" total="98697216" percent="0" />
      <mem type="survivor" free="0" total="11010048" percent="0" />
    </mem>
    <mem type="tenure" free="50701224" total="193396736" percent="26">
      <mem type="soa" free="41030568" total="183726080" percent="22" />
      <mem type="loa" free="9670656" total="9670656" percent="100" />
    </mem>
    <remembered-set count="371" />
  </mem-info>
</gc-start>
<allocation-stats totalBytes="91303800" >
  <allocated-bytes non-tlh="1442664" tlh="89861136" />
  <largest-consumer threadName="main" threadId="0000000000025900" bytes="91299704" />
</allocation-stats>
<gc-op id="1697" type="scavenge" timems="8.272" contextid="1694" timestamp="2022-10-25T12:52:45.777">
  <scavenger-info tenureage="1" tenuremask="4002" tiltratio="89" />
  <memory-copied type="nursery" objects="261787" bytes="8648272" bytesdiscarded="193544" />
  <memory-copied type="tenure" objects="255068" bytes="7023536" bytesdiscarded="1488" />
  <object-monitors candidates="9" cleared="0"  />
</gc-op>
<heap-resize id="1698" type="expand" space="nursery" amount="6029312" count="1" timems="0.036" reason="excessive time being spent scavenging" timestamp="2022-10-25T12:52:45.777" />
<gc-end id="1699" type="scavenge" contextid="1694" durationms="8.482" usertimems="116.800" systemtimems="6.543" stalltimems="41.554" timestamp="2022-10-25T12:52:45.778" activeThreads="20">
  <mem-info id="1700" free="137563984" total="309133312" percent="44">
    <mem type="nursery" free="94246312" total="115736576" percent="81">
      <mem type="allocate" free="94246312" total="103088128" percent="91" />
      <mem type="survivor" free="0" total="12648448" percent="0" />
    </mem>
    <mem type="tenure" free="43317672" total="193396736" percent="22">
      <mem type="soa" free="33647016" total="183726080" percent="18" />
      <mem type="loa" free="9670656" total="9670656" percent="100" />
    </mem>
    <remembered-set count="371" />
  </mem-info>
</gc-end>
<cycle-end id="1701" type="scavenge" contextid="1694" timestamp="2022-10-25T12:52:45.778" />
<allocation-satisfied id="1702" threadId="0000000000025900" bytesRequested="2064" />
<af-end id="1703" timestamp="2022-10-25T12:52:45.778" threadId="0000000000026348" success="true" from="nursery"/>
<exclusive-end id="1704" timestamp="2022-10-25T12:52:45.778" durationms="8.899" />

<exclusive-start id="1705" timestamp="2022-10-25T12:52:45.851" intervalms="82.513">
  <response-info timems="0.023" idlems="0.023" threads="0" lastid="0000000000025900" lastname="main" />
</exclusive-start>
<af-start id="1706" threadId="0000000000026348" totalBytesRequested="2064" timestamp="2022-10-25T12:52:45.851" intervalms="82.485" type="nursery" />
<cycle-start id="1707" type="scavenge" contextid="0" timestamp="2022-10-25T12:52:45.851" intervalms="82.483" />
<gc-start id="1708" type="scavenge" contextid="1707" timestamp="2022-10-25T12:52:45.852">
  <mem-info id="1709" free="43317672" total="309133312" percent="14">
    <mem type="nursery" free="0" total="115736576" percent="0">
      <mem type="allocate" free="0" total="103088128" percent="0" />
      <mem type="survivor" free="0" total="12648448" percent="0" />
    </mem>
    <mem type="tenure" free="43317672" total="193396736" percent="22">
      <mem type="soa" free="33647016" total="183726080" percent="18" />
      <mem type="loa" free="9670656" total="9670656" percent="100" />
    </mem>
    <remembered-set count="371" />
  </mem-info>
</gc-start>
<allocation-stats totalBytes="94177728" >
  <allocated-bytes non-tlh="2064" tlh="94175664" />
  <largest-consumer threadName="main" threadId="0000000000025900" bytes="94173632" />
</allocation-stats>
<gc-op id="1710" type="scavenge" timems="8.587" contextid="1707" timestamp="2022-10-25T12:52:45.860">
  <scavenger-info tenureage="1" tenuremask="4002" tiltratio="89" />
  <memory-copied type="nursery" objects="274667" bytes="7563928" bytesdiscarded="174440" />
  <memory-copied type="tenure" objects="261783" bytes="8647536" bytesdiscarded="2304" />
  <object-monitors candidates="9" cleared="0"  />
</gc-op>
<heap-resize id="1711" type="expand" space="nursery" amount="5242880" count="1" timems="0.027" reason="excessive time being spent scavenging" timestamp="2022-10-25T12:52:45.860" />
<gc-end id="1712" type="scavenge" contextid="1707" durationms="8.782" usertimems="93.776" systemtimems="26.517" stalltimems="50.705" timestamp="2022-10-25T12:52:45.860" activeThreads="20">
  <mem-info id="1713" free="135957840" total="314376192" percent="43">
    <mem type="nursery" free="100985856" total="120979456" percent="83">
      <mem type="allocate" free="100985856" total="108724224" percent="92" />
      <mem type="survivor" free="0" total="12255232" percent="0" />
    </mem>
    <mem type="tenure" free="34971984" total="193396736" percent="18">
      <mem type="soa" free="25301328" total="183726080" percent="13" />
      <mem type="loa" free="9670656" total="9670656" percent="100" />
    </mem>
    <remembered-set count="369" />
  </mem-info>
</gc-end>
<cycle-end id="1714" type="scavenge" contextid="1707" timestamp="2022-10-25T12:52:45.860" />
<allocation-satisfied id="1715" threadId="0000000000025900" bytesRequested="2064" />
<af-end id="1716" timestamp="2022-10-25T12:52:45.860" threadId="0000000000026348" success="true" from="nursery"/>
<exclusive-end id="1717" timestamp="2022-10-25T12:52:45.860" durationms="9.078" />

<exclusive-start id="1718" timestamp="2022-10-25T12:52:45.930" intervalms="78.522">
  <response-info timems="0.023" idlems="0.023" threads="0" lastid="0000000000025900" lastname="main" />
</exclusive-start>
<af-start id="1719" threadId="0000000000026348" totalBytesRequested="2064" timestamp="2022-10-25T12:52:45.930" intervalms="78.551" type="nursery" />
<cycle-start id="1720" type="scavenge" contextid="0" timestamp="2022-10-25T12:52:45.930" intervalms="78.550" />
<gc-start id="1721" type="scavenge" contextid="1720" timestamp="2022-10-25T12:52:45.930">
  <mem-info id="1722" free="34971984" total="314376192" percent="11">
    <mem type="nursery" free="0" total="120979456" percent="0">
      <mem type="allocate" free="0" total="108724224" percent="0" />
      <mem type="survivor" free="0" total="12255232" percent="0" />
    </mem>
    <mem type="tenure" free="34971984" total="193396736" percent="18">
      <mem type="soa" free="25301328" total="183726080" percent="13" />
      <mem type="loa" free="9670656" total="9670656" percent="100" />
    </mem>
    <remembered-set count="369" />
  </mem-info>
</gc-start>
<allocation-stats totalBytes="100905624" >
  <allocated-bytes non-tlh="2064" tlh="100903560" />
  <largest-consumer threadName="main" threadId="0000000000025900" bytes="100905624" />
</allocation-stats>
<gc-op id="1723" type="scavenge" timems="8.851" contextid="1720" timestamp="2022-10-25T12:52:45.939">
  <scavenger-info tenureage="1" tenuremask="4002" tiltratio="89" />
  <memory-copied type="nursery" objects="294204" bytes="8102256" bytesdiscarded="170640" />
  <memory-copied type="tenure" objects="274663" bytes="7563072" bytesdiscarded="4192" />
  <object-monitors candidates="9" cleared="0"  />
</gc-op>
<heap-resize id="1724" type="expand" space="nursery" amount="6029312" count="1" timems="0.046" reason="excessive time being spent scavenging" timestamp="2022-10-25T12:52:45.939" />
<gc-end id="1725" type="scavenge" contextid="1720" durationms="9.115" usertimems="115.400" systemtimems="14.153" stalltimems="29.841" timestamp="2022-10-25T12:52:45.939" activeThreads="20">
  <mem-info id="1726" free="133421904" total="320405504" percent="41">
    <mem type="nursery" free="105956352" total="127008768" percent="83">
      <mem type="allocate" free="105956352" total="114229248" percent="92" />
      <mem type="survivor" free="0" total="12779520" percent="0" />
    </mem>
    <mem type="tenure" free="27465552" total="193396736" percent="14">
      <mem type="soa" free="17794896" total="183726080" percent="9" />
      <mem type="loa" free="9670656" total="9670656" percent="100" />
    </mem>
    <remembered-set count="369" />
  </mem-info>
</gc-end>
<cycle-end id="1727" type="scavenge" contextid="1720" timestamp="2022-10-25T12:52:45.939" />
<allocation-satisfied id="1728" threadId="0000000000025900" bytesRequested="2064" />
<af-end id="1729" timestamp="2022-10-25T12:52:45.939" threadId="0000000000026348" success="true" from="nursery"/>
<exclusive-end id="1730" timestamp="2022-10-25T12:52:45.939" durationms="9.497" />

<concurrent-kickoff id="1731" timestamp="2022-10-25T12:52:45.981">
  <kickoff reason="threshold reached" targetBytes="53799252" thresholdFreeBytes="7466237"  remainingFree="7390208" tenureFreeBytes="27465552" nurseryFreeBytes="7390208" />
</concurrent-kickoff>
<exclusive-start id="1732" timestamp="2022-10-25T12:52:45.982" intervalms="52.503">
  <response-info timems="0.021" idlems="0.021" threads="0" lastid="0000000000025900" lastname="main" />
</exclusive-start>
<cycle-start id="1733" type="global" contextid="0" timestamp="2022-10-25T12:52:45.982" intervalms="398.111" />
<concurrent-start id="1734" type="global mark" contextid="1733" timestamp="2022-10-25T12:52:45.982">
</concurrent-start>
<exclusive-end id="1735" timestamp="2022-10-25T12:52:45.982" durationms="0.021" />

<exclusive-start id="1736" timestamp="2022-10-25T12:52:46.018" intervalms="35.986">
  <response-info timems="0.023" idlems="0.023" threads="0" lastid="0000000000025900" lastname="main" />
</exclusive-start>
<af-start id="1737" threadId="0000000000026348" totalBytesRequested="2064" timestamp="2022-10-25T12:52:46.018" intervalms="88.446" type="nursery" />
<cycle-start id="1738" type="scavenge" contextid="0" timestamp="2022-10-25T12:52:46.018" intervalms="88.443" />
<gc-start id="1739" type="scavenge" contextid="1738" timestamp="2022-10-25T12:52:46.019">
  <mem-info id="1740" free="27465552" total="320405504" percent="8">
    <mem type="nursery" free="0" total="127008768" percent="0">
      <mem type="allocate" free="0" total="114229248" percent="0" />
      <mem type="survivor" free="0" total="12779520" percent="0" />
    </mem>
    <mem type="tenure" free="27465552" total="193396736" percent="14">
      <mem type="soa" free="17794896" total="183726080" percent="9" />
      <mem type="loa" free="9670656" total="9670656" percent="100" />
    </mem>
    <remembered-set count="369" />
  </mem-info>
</gc-start>
<allocation-stats totalBytes="105872312" >
  <allocated-bytes non-tlh="2064" tlh="105870248" />
  <largest-consumer threadName="main" threadId="0000000000025900" bytes="105868216" />
</allocation-stats>
<gc-op id="1741" type="scavenge" timems="11.032" contextid="1738" timestamp="2022-10-25T12:52:46.030">
  <scavenger-info tenureage="1" tenuremask="4002" tiltratio="89" />
  <memory-copied type="nursery" objects="308510" bytes="8500848" bytesdiscarded="263568" />
  <memory-copied type="tenure" objects="294200" bytes="8101648" bytesdiscarded="3352" />
  <object-monitors candidates="9" cleared="0"  />
</gc-op>
<heap-resize id="1742" type="expand" space="nursery" amount="6946816" count="1" timems="0.038" reason="excessive time being spent scavenging" timestamp="2022-10-25T12:52:46.030" />
<gc-end id="1743" type="scavenge" contextid="1738" durationms="11.177" usertimems="93.834" systemtimems="10.097" stalltimems="86.046" timestamp="2022-10-25T12:52:46.030" activeThreads="20">
  <mem-info id="1744" free="131130192" total="327352320" percent="40">
    <mem type="nursery" free="111756288" total="133955584" percent="83">
      <mem type="allocate" free="111756288" total="120520704" percent="92" />
      <mem type="survivor" free="0" total="13434880" percent="0" />
    </mem>
    <mem type="tenure" free="19373904" total="193396736" percent="10">
      <mem type="soa" free="9703248" total="183726080" percent="5" />
      <mem type="loa" free="9670656" total="9670656" percent="100" />
    </mem>
    <remembered-set count="369" />
  </mem-info>
</gc-end>
<cycle-end id="1745" type="scavenge" contextid="1738" timestamp="2022-10-25T12:52:46.030" />
<allocation-satisfied id="1746" threadId="0000000000025900" bytesRequested="2064" />
<af-end id="1747" timestamp="2022-10-25T12:52:46.030" threadId="0000000000026348" success="true" from="nursery"/>
<exclusive-end id="1748" timestamp="2022-10-25T12:52:46.030" durationms="11.448" />

<concurrent-end id="1749" type="global mark" contextid="1733" timestamp="2022-10-25T12:52:46.040">
<gc-op id="1750" type="trace" timems="57.343" contextid="1733" timestamp="2022-10-25T12:52:46.040">
  <trace bytesTraced="99366296" workStackOverflowCount="0" />
  <card-cleaning reason="card cleaning threshold reached" bytesTraced="133128" cardsCleaned="6" />
</gc-op>
</concurrent-end>

<exclusive-start id="1751" timestamp="2022-10-25T12:52:46.040" intervalms="21.419">
  <response-info timems="0.025" idlems="0.025" threads="0" lastid="0000000000025900" lastname="main" />
</exclusive-start>
<concurrent-global-final id="1752" timestamp="2022-10-25T12:52:46.040" contextid="1733" intervalms="407.820" >
  <concurrent-trace-info reason="card cleaning threshold reached" tracedByMutators="48446748" tracedByHelpers="51052676" cardsCleaned="6" workStackOverflowCount="0" />
</concurrent-global-final>
<gc-start id="1753" type="global" contextid="1733" timestamp="2022-10-25T12:52:46.040">
  <mem-info id="1754" free="130251584" total="327352320" percent="39">
    <mem type="nursery" free="110877680" total="133955584" percent="82">
      <mem type="allocate" free="110877680" total="120520704" percent="91" />
      <mem type="survivor" free="0" total="13434880" percent="0" />
    </mem>
    <mem type="tenure" free="19373904" total="193396736" percent="10">
      <mem type="soa" free="9703248" total="183726080" percent="5" />
      <mem type="loa" free="9670656" total="9670656" percent="100" />
    </mem>
    <remembered-set count="369" />
  </mem-info>
</gc-start>
<allocation-stats totalBytes="876624" >
  <allocated-bytes non-tlh="2064" tlh="874560" />
  <largest-consumer threadName="main" threadId="0000000000025900" bytes="876624" />
</allocation-stats>
<gc-op id="1755" type="rs-scan" timems="0.483" contextid="1733" timestamp="2022-10-25T12:52:46.040">
  <scan objectsFound="0" bytesTraced="14408" workStackOverflowCount="0" />
</gc-op>
<gc-op id="1756" type="card-cleaning" timems="1.254" contextid="1733" timestamp="2022-10-25T12:52:46.042">
  <card-cleaning cardsCleaned="2" bytesTraced="6573280" workStackOverflowCount="0" />
</gc-op>
<gc-op id="1757" type="mark" timems="2.336" contextid="1733" timestamp="2022-10-25T12:52:46.044">
  <trace-info objectcount="634" scancount="595" scanbytes="20228" />
  <finalization candidates="121" enqueued="0" />
  <ownableSynchronizers candidates="183" cleared="0" />
  <references type="soft" candidates="4701" cleared="299" enqueued="209" dynamicThreshold="9" maxThreshold="32" />
  <references type="weak" candidates="3294" cleared="13" enqueued="13" />
  <references type="phantom" candidates="837" cleared="0" enqueued="0" />
  <stringconstants candidates="15841" cleared="8"  />
  <object-monitors candidates="9" cleared="0"  />
</gc-op>
<gc-op id="1758" type="sweep" timems="1.245" contextid="1733" timestamp="2022-10-25T12:52:46.045" />
<heap-resize id="1759" type="expand" space="tenure" amount="53346304" count="1" timems="0.322" reason="insufficient free space following gc" timestamp="2022-10-25T12:52:46.046" />
<gc-end id="1760" type="global" contextid="1733" durationms="5.892" usertimems="49.401" systemtimems="0.000" stalltimems="38.049" timestamp="2022-10-25T12:52:46.046" activeThreads="20">
  <mem-info id="1761" free="185705080" total="380698624" percent="48">
    <mem type="nursery" free="111645272" total="133955584" percent="83">
      <mem type="allocate" free="111645272" total="120520704" percent="92" />
      <mem type="survivor" free="0" total="13434880" percent="0" />
    </mem>
    <mem type="tenure" free="74059808" total="246743040" percent="30" micro-fragmented="82717" macro-fragmented="0">
      <mem type="soa" free="61722656" total="234405888" percent="26" />
      <mem type="loa" free="12337152" total="12337152" percent="100" />
    </mem>
    <pending-finalizers system="0" default="0" reference="222" classloader="0" />
    <remembered-set count="369" />
  </mem-info>
</gc-end>
<cycle-end id="1762" type="global" contextid="1733" timestamp="2022-10-25T12:52:46.046" />
<exclusive-end id="1763" timestamp="2022-10-25T12:52:46.046" durationms="6.060" />

<exclusive-start id="1764" timestamp="2022-10-25T12:52:46.135" intervalms="95.153">
  <response-info timems="0.025" idlems="0.025" threads="0" lastid="0000000000025900" lastname="main" />
</exclusive-start>
<af-start id="1765" threadId="0000000000026348" totalBytesRequested="48" timestamp="2022-10-25T12:52:46.135" intervalms="116.619" type="nursery" />
<cycle-start id="1766" type="scavenge" contextid="0" timestamp="2022-10-25T12:52:46.135" intervalms="116.624" />
<gc-start id="1767" type="scavenge" contextid="1766" timestamp="2022-10-25T12:52:46.135">
  <mem-info id="1768" free="74059808" total="380698624" percent="19">
    <mem type="nursery" free="0" total="133955584" percent="0">
      <mem type="allocate" free="0" total="120520704" percent="0" />
      <mem type="survivor" free="0" total="13434880" percent="0" />
    </mem>
    <mem type="tenure" free="74059808" total="246743040" percent="30">
      <mem type="soa" free="61722656" total="234405888" percent="26" />
      <mem type="loa" free="12337152" total="12337152" percent="100" />
    </mem>
    <remembered-set count="657" />
  </mem-info>
</gc-start>
<allocation-stats totalBytes="111545192" >
  <allocated-bytes non-tlh="0" tlh="111545192" />
  <largest-consumer threadName="main" threadId="0000000000025900" bytes="111538248" />
</allocation-stats>
<gc-op id="1769" type="scavenge" timems="8.281" contextid="1766" timestamp="2022-10-25T12:52:46.143">
  <scavenger-info tenureage="1" tenuremask="4002" tiltratio="89" />
  <memory-copied type="nursery" objects="327388" bytes="9027224" bytesdiscarded="181096" />
  <memory-copied type="tenure" objects="308506" bytes="8500120" bytesdiscarded="3344" />
  <ownableSynchronizers candidates="366" cleared="366" />
  <object-monitors candidates="9" cleared="0"  />
</gc-op>
<gc-end id="1770" type="scavenge" contextid="1766" durationms="8.419" usertimems="123.008" systemtimems="8.227" stalltimems="23.787" timestamp="2022-10-25T12:52:46.144" activeThreads="20">
  <mem-info id="1771" free="176440144" total="380698624" percent="46">
    <mem type="nursery" free="111312384" total="133955584" percent="83">
      <mem type="allocate" free="111312384" total="120520704" percent="92" />
      <mem type="survivor" free="0" total="13434880" percent="0" />
    </mem>
    <mem type="tenure" free="65127760" total="246743040" percent="26">
      <mem type="soa" free="52790608" total="234405888" percent="22" />
      <mem type="loa" free="12337152" total="12337152" percent="100" />
    </mem>
    <remembered-set count="595" />
  </mem-info>
</gc-end>
<cycle-end id="1772" type="scavenge" contextid="1766" timestamp="2022-10-25T12:52:46.144" />
<allocation-satisfied id="1773" threadId="0000000000025900" bytesRequested="48" />
<af-end id="1774" timestamp="2022-10-25T12:52:46.144" threadId="0000000000026348" success="true" from="nursery"/>
<exclusive-end id="1775" timestamp="2022-10-25T12:52:46.144" durationms="8.736" />

<exclusive-start id="1776" timestamp="2022-10-25T12:52:46.223" intervalms="87.740">
  <response-info timems="0.024" idlems="0.024" threads="0" lastid="0000000000025900" lastname="main" />
</exclusive-start>
<af-start id="1777" threadId="0000000000026348" totalBytesRequested="24" timestamp="2022-10-25T12:52:46.223" intervalms="87.739" type="nursery" />
<cycle-start id="1778" type="scavenge" contextid="0" timestamp="2022-10-25T12:52:46.223" intervalms="87.737" />
<gc-start id="1779" type="scavenge" contextid="1778" timestamp="2022-10-25T12:52:46.223">
  <mem-info id="1780" free="65127760" total="380698624" percent="17">
    <mem type="nursery" free="0" total="133955584" percent="0">
      <mem type="allocate" free="0" total="120520704" percent="0" />
      <mem type="survivor" free="0" total="13434880" percent="0" />
    </mem>
    <mem type="tenure" free="65127760" total="246743040" percent="26">
      <mem type="soa" free="52790608" total="234405888" percent="22" />
      <mem type="loa" free="12337152" total="12337152" percent="100" />
    </mem>
    <remembered-set count="595" />
  </mem-info>
</gc-start>
<allocation-stats totalBytes="111222336" >
  <allocated-bytes non-tlh="48" tlh="111222288" />
  <largest-consumer threadName="main" threadId="0000000000025900" bytes="111218240" />
</allocation-stats>
<gc-op id="1781" type="scavenge" timems="9.390" contextid="1778" timestamp="2022-10-25T12:52:46.232">
  <scavenger-info tenureage="1" tenuremask="4002" tiltratio="89" />
  <memory-copied type="nursery" objects="324155" bytes="8925472" bytesdiscarded="195296" />
  <memory-copied type="tenure" objects="327378" bytes="9024200" bytesdiscarded="1552" />
  <object-monitors candidates="9" cleared="0"  />
</gc-op>
<heap-resize id="1782" type="expand" space="nursery" amount="8257536" count="1" timems="0.043" reason="excessive time being spent scavenging" timestamp="2022-10-25T12:52:46.232" />
<gc-end id="1783" type="scavenge" contextid="1778" durationms="9.631" usertimems="128.411" systemtimems="8.329" stalltimems="39.626" timestamp="2022-10-25T12:52:46.233" activeThreads="20">
  <mem-info id="1784" free="174827856" total="388956160" percent="44">
    <mem type="nursery" free="118805504" total="142213120" percent="83">
      <mem type="allocate" free="118805504" total="127926272" percent="92" />
      <mem type="survivor" free="0" total="14286848" percent="0" />
    </mem>
    <mem type="tenure" free="56022352" total="246743040" percent="22">
      <mem type="soa" free="43685200" total="234405888" percent="18" />
      <mem type="loa" free="12337152" total="12337152" percent="100" />
    </mem>
    <remembered-set count="591" />
  </mem-info>
</gc-end>
<cycle-end id="1785" type="scavenge" contextid="1778" timestamp="2022-10-25T12:52:46.233" />
<allocation-satisfied id="1786" threadId="0000000000025900" bytesRequested="24" />
<af-end id="1787" timestamp="2022-10-25T12:52:46.233" threadId="0000000000026348" success="true" from="nursery"/>
<exclusive-end id="1788" timestamp="2022-10-25T12:52:46.233" durationms="9.985" />

<exclusive-start id="1789" timestamp="2022-10-25T12:52:46.301" intervalms="78.742">
  <response-info timems="0.027" idlems="0.027" threads="0" lastid="0000000000025900" lastname="main" />
</exclusive-start>
<af-start id="1790" threadId="0000000000026348" totalBytesRequested="48" timestamp="2022-10-25T12:52:46.302" intervalms="78.745" type="nursery" />
<cycle-start id="1791" type="scavenge" contextid="0" timestamp="2022-10-25T12:52:46.302" intervalms="78.746" />
<gc-start id="1792" type="scavenge" contextid="1791" timestamp="2022-10-25T12:52:46.302">
  <mem-info id="1793" free="56022352" total="388956160" percent="14">
    <mem type="nursery" free="0" total="142213120" percent="0">
      <mem type="allocate" free="0" total="127926272" percent="0" />
      <mem type="survivor" free="0" total="14286848" percent="0" />
    </mem>
    <mem type="tenure" free="56022352" total="246743040" percent="22">
      <mem type="soa" free="43685200" total="234405888" percent="18" />
      <mem type="loa" free="12337152" total="12337152" percent="100" />
    </mem>
    <remembered-set count="591" />
  </mem-info>
</gc-start>
<allocation-stats totalBytes="118720600" >
  <allocated-bytes non-tlh="24" tlh="118720576" />
  <largest-consumer threadName="main" threadId="0000000000025900" bytes="118716504" />
</allocation-stats>
<gc-op id="1794" type="scavenge" timems="8.558" contextid="1791" timestamp="2022-10-25T12:52:46.310">
  <scavenger-info tenureage="1" tenuremask="4002" tiltratio="89" />
  <memory-copied type="nursery" objects="346199" bytes="9534384" bytesdiscarded="194640" />
  <memory-copied type="tenure" objects="324142" bytes="8922168" bytesdiscarded="5344" />
  <object-monitors candidates="9" cleared="0"  />
</gc-op>
<heap-resize id="1795" type="expand" space="nursery" amount="6946816" count="1" timems="0.025" reason="excessive time being spent scavenging" timestamp="2022-10-25T12:52:46.310" />
<gc-end id="1796" type="scavenge" contextid="1791" durationms="8.707" usertimems="127.232" systemtimems="6.859" stalltimems="21.800" timestamp="2022-10-25T12:52:46.310" activeThreads="20">
  <mem-info id="1797" free="171576912" total="395902976" percent="43">
    <mem type="nursery" free="124488704" total="149159936" percent="83">
      <mem type="allocate" free="124488704" total="134217728" percent="92" />
      <mem type="survivor" free="0" total="14942208" percent="0" />
    </mem>
    <mem type="tenure" free="47088208" total="246743040" percent="19">
      <mem type="soa" free="34751056" total="234405888" percent="14" />
      <mem type="loa" free="12337152" total="12337152" percent="100" />
    </mem>
    <remembered-set count="371" />
  </mem-info>
</gc-end>
<cycle-end id="1798" type="scavenge" contextid="1791" timestamp="2022-10-25T12:52:46.310" />
<allocation-satisfied id="1799" threadId="0000000000025900" bytesRequested="48" />
<af-end id="1800" timestamp="2022-10-25T12:52:46.310" threadId="0000000000026348" success="true" from="nursery"/>
<exclusive-end id="1801" timestamp="2022-10-25T12:52:46.310" durationms="9.014" />

<exclusive-start id="1802" timestamp="2022-10-25T12:52:46.366" intervalms="64.625">
  <response-info timems="0.023" idlems="0.023" threads="0" lastid="0000000000025900" lastname="main" />
</exclusive-start>
<af-start id="1803" threadId="0000000000026348" totalBytesRequested="48" timestamp="2022-10-25T12:52:46.366" intervalms="64.588" type="nursery" />
<cycle-start id="1804" type="scavenge" contextid="0" timestamp="2022-10-25T12:52:46.366" intervalms="64.588" />
<gc-start id="1805" type="scavenge" contextid="1804" timestamp="2022-10-25T12:52:46.366">
  <mem-info id="1806" free="47088208" total="395902976" percent="11">
    <mem type="nursery" free="0" total="149159936" percent="0">
      <mem type="allocate" free="0" total="134217728" percent="0" />
      <mem type="survivor" free="0" total="14942208" percent="0" />
    </mem>
    <mem type="tenure" free="47088208" total="246743040" percent="19">
      <mem type="soa" free="34751056" total="234405888" percent="14" />
      <mem type="loa" free="12337152" total="12337152" percent="100" />
    </mem>
    <remembered-set count="371" />
  </mem-info>
</gc-start>
<allocation-stats totalBytes="124387040" >
  <allocated-bytes non-tlh="48" tlh="124386992" />
  <largest-consumer threadName="main" threadId="0000000000025900" bytes="124382944" />
</allocation-stats>
<gc-op id="1807" type="scavenge" timems="14.471" contextid="1804" timestamp="2022-10-25T12:52:46.381">
  <scavenger-info tenureage="1" tenuremask="4002" tiltratio="89" />
  <memory-copied type="nursery" objects="362364" bytes="9983736" bytesdiscarded="146952" />
  <memory-copied type="tenure" objects="346189" bytes="9531456" bytesdiscarded="3552" />
  <object-monitors candidates="9" cleared="0"  />
</gc-op>
<heap-resize id="1808" type="expand" space="nursery" amount="14417920" count="1" timems="0.359" reason="excessive time being spent scavenging" timestamp="2022-10-25T12:52:46.381" />
<gc-end id="1809" type="scavenge" contextid="1804" durationms="14.961" usertimems="96.799" systemtimems="3.278" stalltimems="23.689" timestamp="2022-10-25T12:52:46.381" activeThreads="20">
  <mem-info id="1810" free="174856272" total="410320896" percent="42">
    <mem type="nursery" free="137063168" total="163577856" percent="83">
      <mem type="allocate" free="137063168" total="147193856" percent="93" />
      <mem type="survivor" free="0" total="16384000" percent="0" />
    </mem>
    <mem type="tenure" free="37793104" total="246743040" percent="15">
      <mem type="soa" free="25455952" total="234405888" percent="10" />
      <mem type="loa" free="12337152" total="12337152" percent="100" />
    </mem>
    <remembered-set count="370" />
  </mem-info>
</gc-end>
<cycle-end id="1811" type="scavenge" contextid="1804" timestamp="2022-10-25T12:52:46.381" />
<allocation-satisfied id="1812" threadId="0000000000025900" bytesRequested="48" />
<af-end id="1813" timestamp="2022-10-25T12:52:46.381" threadId="0000000000026348" success="true" from="nursery"/>
<exclusive-end id="1814" timestamp="2022-10-25T12:52:46.381" durationms="15.373" />

<exclusive-start id="1815" timestamp="2022-10-25T12:52:46.437" intervalms="70.763">
  <response-info timems="0.029" idlems="0.029" threads="0" lastid="0000000000025900" lastname="main" />
</exclusive-start>
<af-start id="1816" threadId="0000000000026348" totalBytesRequested="48" timestamp="2022-10-25T12:52:46.437" intervalms="70.767" type="nursery" />
<cycle-start id="1817" type="scavenge" contextid="0" timestamp="2022-10-25T12:52:46.437" intervalms="70.766" />
<gc-start id="1818" type="scavenge" contextid="1817" timestamp="2022-10-25T12:52:46.437">
  <mem-info id="1819" free="37793104" total="410320896" percent="9">
    <mem type="nursery" free="0" total="163577856" percent="0">
      <mem type="allocate" free="0" total="147193856" percent="0" />
      <mem type="survivor" free="0" total="16384000" percent="0" />
    </mem>
    <mem type="tenure" free="37793104" total="246743040" percent="15">
      <mem type="soa" free="25455952" total="234405888" percent="10" />
      <mem type="loa" free="12337152" total="12337152" percent="100" />
    </mem>
    <remembered-set count="370" />
  </mem-info>
</gc-start>
<allocation-stats totalBytes="136950776" >
  <allocated-bytes non-tlh="2160936" tlh="134789840" />
  <largest-consumer threadName="main" threadId="0000000000025900" bytes="136950776" />
</allocation-stats>
<gc-op id="1820" type="scavenge" timems="11.603" contextid="1817" timestamp="2022-10-25T12:52:46.449">
  <scavenger-info tenureage="1" tenuremask="4002" tiltratio="89" />
  <memory-copied type="nursery" objects="393048" bytes="12996760" bytesdiscarded="211808" />
  <memory-copied type="tenure" objects="362354" bytes="9980696" bytesdiscarded="2320" />
  <object-monitors candidates="9" cleared="0"  />
</gc-op>
<heap-resize id="1821" type="expand" space="nursery" amount="12976128" count="1" timems="0.024" reason="excessive time being spent scavenging" timestamp="2022-10-25T12:52:46.449" />
<gc-end id="1822" type="scavenge" contextid="1817" durationms="11.754" usertimems="143.777" systemtimems="7.475" stalltimems="49.488" timestamp="2022-10-25T12:52:46.449" activeThreads="20">
  <mem-info id="1823" free="171188568" total="423297024" percent="40">
    <mem type="nursery" free="143422472" total="176553984" percent="81">
      <mem type="allocate" free="143422472" total="156631040" percent="91" />
      <mem type="survivor" free="0" total="19922944" percent="0" />
    </mem>
    <mem type="tenure" free="27766096" total="246743040" percent="11">
      <mem type="soa" free="15428944" total="234405888" percent="6" />
      <mem type="loa" free="12337152" total="12337152" percent="100" />
    </mem>
    <remembered-set count="369" />
  </mem-info>
</gc-end>
<cycle-end id="1824" type="scavenge" contextid="1817" timestamp="2022-10-25T12:52:46.449" />
<allocation-satisfied id="1825" threadId="0000000000025900" bytesRequested="48" />
<af-end id="1826" timestamp="2022-10-25T12:52:46.449" threadId="0000000000026348" success="true" from="nursery"/>
<exclusive-end id="1827" timestamp="2022-10-25T12:52:46.449" durationms="12.020" />

<concurrent-kickoff id="1828" timestamp="2022-10-25T12:52:46.527">
  <kickoff reason="threshold reached" targetBytes="80296602" thresholdFreeBytes="11119060"  remainingFree="11039752" tenureFreeBytes="27766096" nurseryFreeBytes="11039752" />
</concurrent-kickoff>
<exclusive-start id="1829" timestamp="2022-10-25T12:52:46.529" intervalms="91.847">
  <response-info timems="0.023" idlems="0.023" threads="0" lastid="0000000000025900" lastname="main" />
</exclusive-start>
<cycle-start id="1830" type="global" contextid="0" timestamp="2022-10-25T12:52:46.529" intervalms="546.275" />
<concurrent-start id="1831" type="global mark" contextid="1830" timestamp="2022-10-25T12:52:46.529">
</concurrent-start>
<exclusive-end id="1832" timestamp="2022-10-25T12:52:46.529" durationms="0.050" />

<concurrent-end id="1833" type="global mark" contextid="1830" timestamp="2022-10-25T12:52:46.536">
<gc-op id="1834" type="trace" timems="7.132" contextid="1830" timestamp="2022-10-25T12:52:46.536">
  <trace bytesTraced="5678536" workStackOverflowCount="0" />
  <card-cleaning reason="card cleaning threshold reached" bytesTraced="988" cardsCleaned="2" />
</gc-op>
</concurrent-end>

<exclusive-start id="1835" timestamp="2022-10-25T12:52:46.536" intervalms="7.188">
  <response-info timems="0.016" idlems="0.016" threads="0" lastid="0000000000025900" lastname="main" />
</exclusive-start>
<concurrent-global-final id="1836" timestamp="2022-10-25T12:52:46.536" contextid="1830" intervalms="496.055" >
  <concurrent-trace-info reason="card cleaning threshold reached" tracedByMutators="419688" tracedByHelpers="5259836" cardsCleaned="2" workStackOverflowCount="0" />
</concurrent-global-final>
<gc-start id="1837" type="global" contextid="1830" timestamp="2022-10-25T12:52:46.536">
  <mem-info id="1838" free="31990104" total="423297024" percent="7">
    <mem type="nursery" free="4224008" total="176553984" percent="2">
      <mem type="allocate" free="4224008" total="156631040" percent="2" />
      <mem type="survivor" free="0" total="19922944" percent="0" />
    </mem>
    <mem type="tenure" free="27766096" total="246743040" percent="11">
      <mem type="soa" free="15428944" total="234405888" percent="6" />
      <mem type="loa" free="12337152" total="12337152" percent="100" />
    </mem>
    <remembered-set count="369" />
  </mem-info>
</gc-start>
<allocation-stats totalBytes="139102560" >
  <allocated-bytes non-tlh="48" tlh="139102512" />
  <largest-consumer threadName="main" threadId="0000000000025900" bytes="139098464" />
</allocation-stats>
<gc-op id="1839" type="rs-scan" timems="15.091" contextid="1830" timestamp="2022-10-25T12:52:46.551">
  <scan objectsFound="6043951" bytesTraced="131898284" workStackOverflowCount="0" />
</gc-op>
<gc-op id="1840" type="card-cleaning" timems="0.345" contextid="1830" timestamp="2022-10-25T12:52:46.551">
  <card-cleaning cardsCleaned="1" bytesTraced="508" workStackOverflowCount="0" />
</gc-op>
<gc-op id="1841" type="mark" timems="1.510" contextid="1830" timestamp="2022-10-25T12:52:46.553">
  <trace-info objectcount="945" scancount="895" scanbytes="31388" />
  <finalization candidates="121" enqueued="0" />
  <ownableSynchronizers candidates="183" cleared="0" />
  <references type="soft" candidates="4401" cleared="1582" enqueued="1539" dynamicThreshold="9" maxThreshold="32" />
  <references type="weak" candidates="3279" cleared="17" enqueued="17" />
  <references type="phantom" candidates="837" cleared="0" enqueued="0" />
  <stringconstants candidates="15833" cleared="55"  />
  <object-monitors candidates="9" cleared="0"  />
</gc-op>
<gc-op id="1842" type="sweep" timems="1.530" contextid="1830" timestamp="2022-10-25T12:52:46.555" />
<heap-resize id="1843" type="expand" space="tenure" amount="62521344" count="1" timems="0.227" reason="insufficient free space following gc" timestamp="2022-10-25T12:52:46.555" />
<gc-end id="1844" type="global" contextid="1830" durationms="18.870" usertimems="313.959" systemtimems="10.152" stalltimems="26.217" timestamp="2022-10-25T12:52:46.555" activeThreads="20">
  <mem-info id="1845" free="170150616" total="485818368" percent="35">
    <mem type="nursery" free="77330216" total="176553984" percent="43">
      <mem type="allocate" free="77330216" total="156631040" percent="49" />
      <mem type="survivor" free="0" total="19922944" percent="0" />
    </mem>
    <mem type="tenure" free="92820400" total="309264384" percent="30" micro-fragmented="159333" macro-fragmented="0">
      <mem type="soa" free="77356976" total="293800960" percent="26" />
      <mem type="loa" free="15463424" total="15463424" percent="100" />
    </mem>
    <pending-finalizers system="0" default="0" reference="1556" classloader="0" />
    <remembered-set count="368" />
  </mem-info>
</gc-end>
<cycle-end id="1846" type="global" contextid="1830" timestamp="2022-10-25T12:52:46.555" />
<exclusive-end id="1847" timestamp="2022-10-25T12:52:46.555" durationms="19.012" />

<exclusive-start id="1848" timestamp="2022-10-25T12:52:46.592" intervalms="55.905">
  <response-info timems="0.027" idlems="0.027" threads="0" lastid="0000000000025900" lastname="main" />
</exclusive-start>
<af-start id="1849" threadId="0000000000026348" totalBytesRequested="56" timestamp="2022-10-25T12:52:46.592" intervalms="154.937" type="nursery" />
<cycle-start id="1850" type="scavenge" contextid="0" timestamp="2022-10-25T12:52:46.592" intervalms="154.936" />
<gc-start id="1851" type="scavenge" contextid="1850" timestamp="2022-10-25T12:52:46.592">
  <mem-info id="1852" free="92820400" total="485818368" percent="19">
    <mem type="nursery" free="0" total="176553984" percent="0">
      <mem type="allocate" free="0" total="156631040" percent="0" />
      <mem type="survivor" free="0" total="19922944" percent="0" />
    </mem>
    <mem type="tenure" free="92820400" total="309264384" percent="30">
      <mem type="soa" free="77356976" total="293800960" percent="26" />
      <mem type="loa" free="15463424" total="15463424" percent="100" />
    </mem>
    <remembered-set count="2233" />
  </mem-info>
</gc-start>
<allocation-stats totalBytes="75569880" >
  <allocated-bytes non-tlh="93776" tlh="75476104" />
  <largest-consumer threadName="main" threadId="0000000000025900" bytes="75522160" />
</allocation-stats>
<gc-op id="1853" type="scavenge" timems="14.133" contextid="1850" timestamp="2022-10-25T12:52:46.606">
  <scavenger-info tenureage="1" tenuremask="4002" tiltratio="88" />
  <memory-copied type="nursery" objects="625320" bytes="17222576" bytesdiscarded="192040" />
  <memory-copied type="tenure" objects="393038" bytes="12993736" bytesdiscarded="3640" />
  <ownableSynchronizers candidates="366" cleared="366" />
  <object-monitors candidates="9" cleared="0"  />
</gc-op>
<heap-resize id="1854" type="expand" space="nursery" amount="6684672" count="1" timems="0.023" reason="excessive time being spent scavenging" timestamp="2022-10-25T12:52:46.606" />
<gc-end id="1855" type="scavenge" contextid="1850" durationms="14.294" usertimems="186.044" systemtimems="7.166" stalltimems="60.853" timestamp="2022-10-25T12:52:46.606" activeThreads="20">
  <mem-info id="1856" free="219185200" total="492503040" percent="44">
    <mem type="nursery" free="139871784" total="183238656" percent="76">
      <mem type="allocate" free="139871784" total="157286400" percent="88" />
      <mem type="survivor" free="0" total="25952256" percent="0" />
    </mem>
    <mem type="tenure" free="79313416" total="309264384" percent="25">
      <mem type="soa" free="63849992" total="293800960" percent="21" />
      <mem type="loa" free="15463424" total="15463424" percent="100" />
    </mem>
    <remembered-set count="1928" />
  </mem-info>
</gc-end>
<cycle-end id="1857" type="scavenge" contextid="1850" timestamp="2022-10-25T12:52:46.606" />
<allocation-satisfied id="1858" threadId="0000000000025900" bytesRequested="56" />
<af-end id="1859" timestamp="2022-10-25T12:52:46.606" threadId="0000000000026348" success="true" from="nursery"/>
<exclusive-end id="1860" timestamp="2022-10-25T12:52:46.606" durationms="14.539" />

<exclusive-start id="1861" timestamp="2022-10-25T12:52:46.664" intervalms="71.976">
  <response-info timems="0.028" idlems="0.028" threads="0" lastid="0000000000025900" lastname="main" />
</exclusive-start>
<af-start id="1862" threadId="0000000000026348" totalBytesRequested="88" timestamp="2022-10-25T12:52:46.664" intervalms="72.005" type="nursery" />
<cycle-start id="1863" type="scavenge" contextid="0" timestamp="2022-10-25T12:52:46.664" intervalms="72.007" />
<gc-start id="1864" type="scavenge" contextid="1863" timestamp="2022-10-25T12:52:46.664">
  <mem-info id="1865" free="79313416" total="492503040" percent="16">
    <mem type="nursery" free="0" total="183238656" percent="0">
      <mem type="allocate" free="0" total="157286400" percent="0" />
      <mem type="survivor" free="0" total="25952256" percent="0" />
    </mem>
    <mem type="tenure" free="79313416" total="309264384" percent="25">
      <mem type="soa" free="63849992" total="293800960" percent="21" />
      <mem type="loa" free="15463424" total="15463424" percent="100" />
    </mem>
    <remembered-set count="1928" />
  </mem-info>
</gc-start>
<allocation-stats totalBytes="139769648" >
  <allocated-bytes non-tlh="56" tlh="139769592" />
  <largest-consumer threadName="main" threadId="0000000000025900" bytes="139761456" />
</allocation-stats>
<gc-op id="1866" type="scavenge" timems="17.632" contextid="1863" timestamp="2022-10-25T12:52:46.682">
  <scavenger-info tenureage="1" tenuremask="4002" tiltratio="85" />
  <memory-copied type="nursery" objects="407354" bytes="11221680" bytesdiscarded="496464" />
  <memory-copied type="tenure" objects="625310" bytes="17219536" bytesdiscarded="8208" />
  <object-monitors candidates="9" cleared="0"  />
</gc-op>
<heap-resize id="1867" type="expand" space="nursery" amount="20185088" count="1" timems="0.106" reason="excessive time being spent scavenging" timestamp="2022-10-25T12:52:46.682" />
<gc-end id="1868" type="scavenge" contextid="1863" durationms="17.874" usertimems="135.150" systemtimems="13.512" stalltimems="57.308" timestamp="2022-10-25T12:52:46.682" activeThreads="20">
  <mem-info id="1869" free="227189256" total="512688128" percent="44">
    <mem type="nursery" free="164770304" total="203423744" percent="80">
      <mem type="allocate" free="164770304" total="176488448" percent="93" />
      <mem type="survivor" free="0" total="26935296" percent="0" />
    </mem>
    <mem type="tenure" free="62418952" total="309264384" percent="20">
      <mem type="soa" free="46955528" total="293800960" percent="15" />
      <mem type="loa" free="15463424" total="15463424" percent="100" />
    </mem>
    <remembered-set count="1926" />
  </mem-info>
</gc-end>
<cycle-end id="1870" type="scavenge" contextid="1863" timestamp="2022-10-25T12:52:46.682" />
<allocation-satisfied id="1871" threadId="0000000000025900" bytesRequested="88" />
<af-end id="1872" timestamp="2022-10-25T12:52:46.682" threadId="0000000000026348" success="true" from="nursery"/>
<exclusive-end id="1873" timestamp="2022-10-25T12:52:46.682" durationms="18.153" />

<exclusive-start id="1874" timestamp="2022-10-25T12:52:46.754" intervalms="90.604">
  <response-info timems="0.024" idlems="0.024" threads="0" lastid="0000000000025900" lastname="main" />
</exclusive-start>
<af-start id="1875" threadId="0000000000026348" totalBytesRequested="24" timestamp="2022-10-25T12:52:46.754" intervalms="90.583" type="nursery" />
<cycle-start id="1876" type="scavenge" contextid="0" timestamp="2022-10-25T12:52:46.754" intervalms="90.583" />
<gc-start id="1877" type="scavenge" contextid="1876" timestamp="2022-10-25T12:52:46.755">
  <mem-info id="1878" free="62418952" total="512688128" percent="12">
    <mem type="nursery" free="0" total="203423744" percent="0">
      <mem type="allocate" free="0" total="176488448" percent="0" />
      <mem type="survivor" free="0" total="26935296" percent="0" />
    </mem>
    <mem type="tenure" free="62418952" total="309264384" percent="20">
      <mem type="soa" free="46955528" total="293800960" percent="15" />
      <mem type="loa" free="15463424" total="15463424" percent="100" />
    </mem>
    <remembered-set count="1926" />
  </mem-info>
</gc-start>
<allocation-stats totalBytes="164630424" >
  <allocated-bytes non-tlh="88" tlh="164630336" />
  <largest-consumer threadName="main" threadId="0000000000025900" bytes="164630424" />
</allocation-stats>
<gc-op id="1879" type="scavenge" timems="16.634" contextid="1876" timestamp="2022-10-25T12:52:46.771">
  <scavenger-info tenureage="1" tenuremask="4002" tiltratio="86" />
  <memory-copied type="nursery" objects="479626" bytes="13220992" bytesdiscarded="123776" />
  <memory-copied type="tenure" objects="407345" bytes="11218608" bytesdiscarded="5608" />
  <object-monitors candidates="9" cleared="0"  />
</gc-op>
<heap-resize id="1880" type="expand" space="nursery" amount="17563648" count="1" timems="0.018" reason="excessive time being spent scavenging" timestamp="2022-10-25T12:52:46.771" />
<gc-end id="1881" type="scavenge" contextid="1876" durationms="16.767" usertimems="136.060" systemtimems="30.194" stalltimems="93.769" timestamp="2022-10-25T12:52:46.771" activeThreads="20">
  <mem-info id="1882" free="233643016" total="530251776" percent="44">
    <mem type="nursery" free="182476800" total="220987392" percent="82">
      <mem type="allocate" free="182476800" total="195821568" percent="93" />
      <mem type="survivor" free="0" total="25165824" percent="0" />
    </mem>
    <mem type="tenure" free="51166216" total="309264384" percent="16">
      <mem type="soa" free="35702792" total="293800960" percent="12" />
      <mem type="loa" free="15463424" total="15463424" percent="100" />
    </mem>
    <remembered-set count="370" />
  </mem-info>
</gc-end>
<cycle-end id="1883" type="scavenge" contextid="1876" timestamp="2022-10-25T12:52:46.771" />
<allocation-satisfied id="1884" threadId="0000000000025900" bytesRequested="24" />
<af-end id="1885" timestamp="2022-10-25T12:52:46.771" threadId="0000000000026348" success="true" from="nursery"/>
<exclusive-end id="1886" timestamp="2022-10-25T12:52:46.771" durationms="17.030" />

<exclusive-start id="1887" timestamp="2022-10-25T12:52:46.847" intervalms="92.326">
  <response-info timems="0.243" idlems="0.243" threads="0" lastid="0000000000025900" lastname="main" />
</exclusive-start>
<af-start id="1888" threadId="0000000000026348" totalBytesRequested="2064" timestamp="2022-10-25T12:52:46.847" intervalms="92.357" type="nursery" />
<cycle-start id="1889" type="scavenge" contextid="0" timestamp="2022-10-25T12:52:46.847" intervalms="92.376" />
<gc-start id="1890" type="scavenge" contextid="1889" timestamp="2022-10-25T12:52:46.847">
  <mem-info id="1891" free="51166216" total="530251776" percent="9">
    <mem type="nursery" free="0" total="220987392" percent="0">
      <mem type="allocate" free="0" total="195821568" percent="0" />
      <mem type="survivor" free="0" total="25165824" percent="0" />
    </mem>
    <mem type="tenure" free="51166216" total="309264384" percent="16">
      <mem type="soa" free="35702792" total="293800960" percent="12" />
      <mem type="loa" free="15463424" total="15463424" percent="100" />
    </mem>
    <remembered-set count="370" />
  </mem-info>
</gc-start>
<allocation-stats totalBytes="182328688" >
  <allocated-bytes non-tlh="24" tlh="182328664" />
  <largest-consumer threadName="main" threadId="0000000000025900" bytes="182324592" />
</allocation-stats>
<gc-op id="1892" type="scavenge" timems="18.250" contextid="1889" timestamp="2022-10-25T12:52:46.865">
  <scavenger-info tenureage="1" tenuremask="4002" tiltratio="88" />
  <memory-copied type="nursery" objects="531645" bytes="14637360" bytesdiscarded="218064" />
  <memory-copied type="tenure" objects="479615" bytes="13217904" bytesdiscarded="6304" />
  <object-monitors candidates="9" cleared="0"  />
</gc-op>
<heap-resize id="1893" type="expand" space="nursery" amount="20054016" count="1" timems="0.028" reason="excessive time being spent scavenging" timestamp="2022-10-25T12:52:46.865" />
<gc-end id="1894" type="scavenge" contextid="1889" durationms="18.421" usertimems="179.053" systemtimems="22.034" stalltimems="74.033" timestamp="2022-10-25T12:52:46.865" activeThreads="20">
  <mem-info id="1895" free="239561224" total="550305792" percent="43">
    <mem type="nursery" free="201609984" total="241041408" percent="83">
      <mem type="allocate" free="201609984" total="216465408" percent="93" />
      <mem type="survivor" free="0" total="24576000" percent="0" />
    </mem>
    <mem type="tenure" free="37951240" total="309264384" percent="12">
      <mem type="soa" free="22487816" total="293800960" percent="7" />
      <mem type="loa" free="15463424" total="15463424" percent="100" />
    </mem>
    <remembered-set count="371" />
  </mem-info>
</gc-end>
<cycle-end id="1896" type="scavenge" contextid="1889" timestamp="2022-10-25T12:52:46.866" />
<allocation-satisfied id="1897" threadId="0000000000025900" bytesRequested="2064" />
<af-end id="1898" timestamp="2022-10-25T12:52:46.866" threadId="0000000000026348" success="true" from="nursery"/>
<exclusive-end id="1899" timestamp="2022-10-25T12:52:46.866" durationms="18.923" />

<concurrent-kickoff id="1900" timestamp="2022-10-25T12:52:46.963">
  <kickoff reason="threshold reached" targetBytes="81592765" thresholdFreeBytes="11342419"  remainingFree="11293440" tenureFreeBytes="37951240" nurseryFreeBytes="11293440" />
</concurrent-kickoff>
<exclusive-start id="1901" timestamp="2022-10-25T12:52:46.964" intervalms="117.603">
  <response-info timems="0.043" idlems="0.043" threads="0" lastid="0000000000025900" lastname="main" />
</exclusive-start>
<cycle-start id="1902" type="global" contextid="0" timestamp="2022-10-25T12:52:46.964" intervalms="435.603" />
<concurrent-start id="1903" type="global mark" contextid="1902" timestamp="2022-10-25T12:52:46.964">
</concurrent-start>
<exclusive-end id="1904" timestamp="2022-10-25T12:52:46.964" durationms="0.024" />

<exclusive-start id="1905" timestamp="2022-10-25T12:52:47.016" intervalms="51.934">
  <response-info timems="0.027" idlems="0.027" threads="0" lastid="0000000000025900" lastname="main" />
</exclusive-start>
<af-start id="1906" threadId="0000000000026348" totalBytesRequested="24" timestamp="2022-10-25T12:52:47.016" intervalms="169.491" type="nursery" />
<cycle-start id="1907" type="scavenge" contextid="0" timestamp="2022-10-25T12:52:47.016" intervalms="169.469" />
<gc-start id="1908" type="scavenge" contextid="1907" timestamp="2022-10-25T12:52:47.016">
  <mem-info id="1909" free="37951240" total="550305792" percent="6">
    <mem type="nursery" free="0" total="241041408" percent="0">
      <mem type="allocate" free="0" total="216465408" percent="0" />
      <mem type="survivor" free="0" total="24576000" percent="0" />
    </mem>
    <mem type="tenure" free="37951240" total="309264384" percent="12">
      <mem type="soa" free="22487816" total="293800960" percent="7" />
      <mem type="loa" free="15463424" total="15463424" percent="100" />
    </mem>
    <remembered-set count="371" />
  </mem-info>
</gc-start>
<allocation-stats totalBytes="201443632" >
  <allocated-bytes non-tlh="2064" tlh="201441568" />
  <largest-consumer threadName="main" threadId="0000000000025900" bytes="201439536" />
</allocation-stats>
<gc-op id="1910" type="scavenge" timems="12.198" contextid="1907" timestamp="2022-10-25T12:52:47.029">
  <scavenger-info tenureage="1" tenuremask="4002" tiltratio="89" />
  <memory-copied type="nursery" objects="587352" bytes="16178136" bytesdiscarded="216360" />
  <memory-copied type="tenure" objects="531641" bytes="14636768" bytesdiscarded="1840" />
  <object-monitors candidates="9" cleared="0"  />
</gc-op>
<gc-end id="1911" type="scavenge" contextid="1907" durationms="12.310" usertimems="200.145" systemtimems="4.497" stalltimems="26.482" timestamp="2022-10-25T12:52:47.029" activeThreads="20">
  <mem-info id="1912" fre<exclusive-start id="1909" timestamp="2022-10-25T15:50:16.810" intervalms="10797218.989">
  <response-info timems="0.316" idlems="0.157" threads="2" lastid="0000000000AFC100" lastname="JVM Signal Thread" />
</exclusive-start>
<sys-start reason="explicit" id="1910" timestamp="2022-10-25T15:50:16.810" intervalms="10797219.109" />
<cycle-start id="1911" type="global" contextid="0" timestamp="2022-10-25T15:50:16.810" intervalms="10797219.158" />
<gc-start id="1912" type="global" contextid="1911" timestamp="2022-10-25T15:50:16.811">
  <mem-info id="1913" free="456737048" total="995819520" percent="45">
    <mem type="nursery" free="282145200" total="412090368" percent="68">
      <mem type="allocate" free="282145200" total="370868224" percent="76" />
      <mem type="survivor" free="0" total="41222144" percent="0" />
    </mem>
    <mem type="tenure" free="174591848" total="583729152" percent="29">
      <mem type="soa" free="168754024" total="577891328" percent="29" />
      <mem type="loa" free="5837824" total="5837824" percent="100" />
    </mem>
    <remembered-set count="6538" />
  </mem-info>
</gc-start>
<allocation-stats totalBytes="46119632" >
  <allocated-bytes non-tlh="14097944" tlh="32021688" />
  <largest-consumer threadName="main" threadId="0000000000025900" bytes="26742096" />
</allocation-stats>
<gc-op id="1914" type="mark" timems="75.000" contextid="1911" timestamp="2022-10-25T15:50:16.886">
  <trace-info objectcount="15707266" scancount="12098315" scanbytes="269528360" />
  <finalization candidates="121" enqueued="0" />
  <ownableSynchronizers candidates="226" cleared="39" />
  <references type="soft" candidates="4591" cleared="1" enqueued="1" dynamicThreshold="9" maxThreshold="32" />
  <references type="weak" candidates="6318" cleared="1849" enqueued="1848" />
  <references type="phantom" candidates="1254" cleared="414" enqueued="414" />
  <stringconstants candidates="18504" cleared="75"  />
  <object-monitors candidates="18" cleared="8"  />
</gc-op>
<gc-op id="1915" type="classunload" timems="1.823" contextid="1911" timestamp="2022-10-25T15:50:16.888">
  <classunload-info classloadercandidates="53" classloadersunloaded="0" classesunloaded="1" anonymousclassesunloaded="1" quiescems="0.000" setupms="1.786" scanms="0.036" postms="0.001" />
</gc-op>
<gc-op id="1916" type="sweep" timems="3.819" contextid="1911" timestamp="2022-10-25T15:50:16.892" />
<heap-resize id="1917" type="expand" space="tenure" amount="1048576" count="1" timems="0.422" reason="insufficient free space following gc" timestamp="2022-10-25T15:50:16.953" />
<gc-end id="1918" type="global" contextid="1911" durationms="142.347" usertimems="2107.385" systemtimems="5.066" stalltimems="161.419" timestamp="2022-10-25T15:50:16.953" activeThreads="20">
  <mem-info id="1919" free="496695696" total="996868096" percent="49">
    <mem type="nursery" free="321038312" total="412090368" percent="77">
      <mem type="allocate" free="321038312" total="370868224" percent="86" />
      <mem type="survivor" free="0" total="41222144" percent="0" />
    </mem>
    <mem type="tenure" free="175657384" total="584777728" percent="30" micro-fragmented="71986" macro-fragmented="143110048">
      <mem type="soa" free="169809320" total="578929664" percent="29" />
      <mem type="loa" free="5848064" total="5848064" percent="100" />
    </mem>
    <pending-finalizers system="0" default="0" reference="2263" classloader="0" />
    <remembered-set count="6124" />
  </mem-info>
</gc-end>
<cycle-end id="1920" type="global" contextid="1911" timestamp="2022-10-25T15:50:16.954" />
<heap-fixup timems="60.808" reason="class unloading"  timestamp="2022-10-25T15:50:16.954" />
<sys-end id="1921" timestamp="2022-10-25T15:50:16.954" />
<exclusive-end id="1922" timestamp="2022-10-25T15:50:16.954" durationms="143.521" />

<exclusive-start id="1923" timestamp="2022-10-25T15:50:16.954" intervalms="143.691">
  <response-info timems="0.050" idlems="0.028" threads="1" lastid="0000000000029600" lastname="JIT Compilation Thread-000" />
</exclusive-start>
<sys-start reason="explicit" id="1924" timestamp="2022-10-25T15:50:16.954" intervalms="143.511" />
<cycle-start id="1925" type="global" contextid="0" timestamp="2022-10-25T15:50:16.954" intervalms="143.466" />
<gc-start id="1926" type="global" contextid="1925" timestamp="2022-10-25T15:50:16.954">
  <mem-info id="1927" free="496694880" total="996868096" percent="49">
    <mem type="nursery" free="321037496" total="412090368" percent="77">
      <mem type="allocate" free="321037496" total="370868224" percent="86" />
      <mem type="survivor" free="0" total="41222144" percent="0" />
    </mem>
    <mem type="tenure" free="175657384" total="584777728" percent="30">
      <mem type="soa" free="169809320" total="578929664" percent="29" />
      <mem type="loa" free="5848064" total="5848064" percent="100" />
    </mem>
    <pending-finalizers system="0" default="0" reference="2262" classloader="0" />
    <remembered-set count="6124" />
  </mem-info>
</gc-start>
<allocation-stats totalBytes="816" >
  <allocated-bytes non-tlh="0" tlh="816" />
  <largest-consumer threadName="executor-heartbeater" threadId="0000000000E72700" bytes="816" />
</allocation-stats>
<gc-op id="1928" type="mark" timems="37.253" contextid="1925" timestamp="2022-10-25T15:50:16.991">
  <trace-info objectcount="15707265" scancount="12098298" scanbytes="269528336" />
  <finalization candidates="121" enqueued="0" />
  <ownableSynchronizers candidates="187" cleared="0" />
  <references type="soft" candidates="4590" cleared="0" enqueued="0" dynamicThreshold="9" maxThreshold="32" />
  <references type="weak" candidates="4469" cleared="0" enqueued="0" />
  <references type="phantom" candidates="840" cleared="0" enqueued="0" />
  <stringconstants candidates="18429" cleared="0"  />
  <object-monitors candidates="10" cleared="0"  />
</gc-op>
<gc-op id="1929" type="classunload" timems="0.012" contextid="1925" timestamp="2022-10-25T15:50:16.991">
  <classunload-info classloadercandidates="53" classloadersunloaded="0" classesunloaded="0" anonymousclassesunloaded="0" quiescems="0.000" setupms="0.008" scanms="0.003" postms="0.001" />
</gc-op>
<gc-op id="1930" type="sweep" timems="2.938" contextid="1925" timestamp="2022-10-25T15:50:16.994" />
<mem-info id="1931" free="496694984" total="996868096" percent="49">
  <mem type="nursery" free="321037600" total="412090368" percent="77">
    <mem type="allocate" free="321037600" total="370868224" percent="86" />
    <mem type="survivor" free="0" total="41222144" percent="0" />
  </mem>
  <mem type="tenure" free="175657384" total="584777728" percent="30" micro-fragmented="71986" macro-fragmented="119258368">
    <mem type="soa" free="169809320" total="578929664" percent="29" />
    <mem type="loa" free="5848064" total="5848064" percent="100" />
  </mem>
  <pending-finalizers system="0" default="0" reference="2262" classloader="0" />
  <remembered-set count="6124" />
</mem-info>
<gc-op id="1932" type="compact" timems="312.885" contextid="1925" timestamp="2022-10-25T15:50:17.307">
  <compact-info movecount="11105002" movebytes="327004896" reason="compact on aggressive collection" />
</gc-op>
<gc-end id="1933" type="global" contextid="1925" durationms="353.320" usertimems="2328.862" systemtimems="5.139" stalltimems="91.600" timestamp="2022-10-25T15:50:17.307" activeThreads="20">
  <mem-info id="1934" free="498214200" total="996868096" percent="49">
    <mem type="nursery" free="322508632" total="412090368" percent="78">
      <mem type="allocate" free="322508632" total="370868224" percent="86" />
      <mem type="survivor" free="0" total="41222144" percent="0" />
    </mem>
    <mem type="tenure" free="175705568" total="584777728" percent="30">
      <mem type="soa" free="169857504" total="578929664" percent="29" />
      <mem type="loa" free="5848064" total="5848064" percent="100" />
    </mem>
    <pending-finalizers system="0" default="0" reference="2262" classloader="0" />
    <remembered-set count="6124" />
  </mem-info>
</gc-end>
<cycle-end id="1935" type="global" contextid="1925" timestamp="2022-10-25T15:50:17.307" />
<sys-end id="1936" timestamp="2022-10-25T15:50:17.307" />
<exclusive-end id="1937" timestamp="2022-10-25T15:50:17.307" durationms="353.627" />

<exclusive-start id="1938" timestamp="2022-10-25T15:50:17.308" intervalms="353.717">
  <response-info timems="0.020" idlems="0.020" threads="0" lastid="0000000000E93900" lastname="context-cleaner-periodic-gc" />
</exclusive-start>
<sys-start reason="explicit" id="1939" timestamp="2022-10-25T15:50:17.308" intervalms="353.701" />
<cycle-start id="1940" type="global" contextid="0" timestamp="2022-10-25T15:50:17.308" intervalms="353.697" />
<gc-start id="1941" type="global" contextid="1940" timestamp="2022-10-25T15:50:17.308">
  <mem-info id="1942" free="498210104" total="996868096" percent="49">
    <mem type="nursery" free="322504536" total="412090368" percent="78">
      <mem type="allocate" free="322504536" total="370868224" percent="86" />
      <mem type="survivor" free="0" total="41222144" percent="0" />
    </mem>
    <mem type="tenure" free="175705568" total="584777728" percent="30">
      <mem type="soa" free="169857504" total="578929664" percent="29" />
      <mem type="loa" free="5848064" total="5848064" percent="100" />
    </mem>
    <pending-finalizers system="0" default="0" reference="2262" classloader="0" />
    <remembered-set count="6124" />
  </mem-info>
</gc-start>
<allocation-stats totalBytes="4096" >
  <allocated-bytes non-tlh="0" tlh="4096" />
  <largest-consumer threadName="Spark Context Cleaner" threadId="0000000000857800" bytes="4096" />
</allocation-stats>
<gc-op id="1943" type="mark" timems="29.443" contextid="1940" timestamp="2022-10-25T15:50:17.337">
  <trace-info objectcount="15707265" scancount="12098298" scanbytes="269528336" />
  <finalization candidates="121" enqueued="0" />
  <ownableSynchronizers candidates="187" cleared="0" />
  <references type="soft" candidates="4590" cleared="0" enqueued="0" dynamicThreshold="9" maxThreshold="32" />
  <references type="weak" candidates="4469" cleared="0" enqueued="0" />
  <references type="phantom" candidates="840" cleared="0" enqueued="0" />
  <stringconstants candidates="18429" cleared="0"  />
  <object-monitors candidates="10" cleared="0"  />
</gc-op>
<gc-op id="1944" type="classunload" timems="0.013" contextid="1940" timestamp="2022-10-25T15:50:17.337">
  <classunload-info classloadercandidates="53" classloadersunloaded="0" classesunloaded="0" anonymousclassesunloaded="0" quiescems="0.000" setupms="0.010" scanms="0.003" postms="0.000" />
</gc-op>
<gc-op id="1945" type="sweep" timems="2.152" contextid="1940" timestamp="2022-10-25T15:50:17.339" />
<gc-end id="1946" type="global" contextid="1940" durationms="31.730" usertimems="549.137" systemtimems="0.000" stalltimems="72.507" timestamp="2022-10-25T15:50:17.339" activeThreads="20">
  <mem-info id="1947" free="498214200" total="996868096" percent="49">
    <mem type="nursery" free="322508632" total="412090368" percent="78">
      <mem type="allocate" free="322508632" total="370868224" percent="86" />
      <mem type="survivor" free="0" total="41222144" percent="0" />
    </mem>
    <mem type="tenure" free="175705568" total="584777728" percent="30" micro-fragmented="0" macro-fragmented="99381968">
      <mem type="soa" free="169857504" total="578929664" percent="29" />
      <mem type="loa" free="5848064" total="5848064" percent="100" />
    </mem>
    <pending-finalizers system="0" default="0" reference="2262" classloader="0" />
    <remembered-set count="6124" />
  </mem-info>
</gc-end>
<cycle-end id="1948" type="global" contextid="1940" timestamp="2022-10-25T15:50:17.340" />
<sys-end id="1949" timestamp="2022-10-25T15:50:17.340" />
<exclusive-end id="1950" timestamp="2022-10-25T15:50:17.340" durationms="31.944" />

<exclusive-start id="1951" timestamp="2022-10-25T15:50:17.340" intervalms="32.170">
  <response-info timems="0.131" idlems="0.084" threads="3" lastid="0000000000AFC100" lastname="JVM Signal Thread" />
</exclusive-start>
<sys-start reason="explicit" id="1952" timestamp="2022-10-25T15:50:17.340" intervalms="32.166" />
<cycle-start id="1953" type="global" contextid="0" timestamp="2022-10-25T15:50:17.340" intervalms="32.162" />
<gc-start id="1954" type="global" contextid="1953" timestamp="2022-10-25T15:50:17.340">
  <mem-info id="1955" free="498177224" total="996868096" percent="49">
    <mem type="nursery" free="322471768" total="412090368" percent="78">
      <mem type="allocate" free="322471768" total="370868224" percent="86" />
      <mem type="survivor" free="0" total="41222144" percent="0" />
    </mem>
    <mem type="tenure" free="175705456" total="584777728" percent="30">
      <mem type="soa" free="169857392" total="578929664" percent="29" />
      <mem type="loa" free="5848064" total="5848064" percent="100" />
    </mem>
    <pending-finalizers system="0" default="0" reference="2220" classloader="0" />
    <remembered-set count="6127" />
  </mem-info>
</gc-start>
<allocation-stats totalBytes="36976" >
  <allocated-bytes non-tlh="112" tlh="36864" />
  <largest-consumer threadName="executor-heartbeater" threadId="0000000000E72700" bytes="16384" />
</allocation-stats>
<gc-op id="1956" type="mark" timems="26.976" contextid="1953" timestamp="2022-10-25T15:50:17.367">
  <trace-info objectcount="15707211" scancount="12098243" scanbytes="269526776" />
  <finalization candidates="121" enqueued="0" />
  <ownableSynchronizers candidates="187" cleared="0" />
  <references type="soft" candidates="4590" cleared="0" enqueued="0" dynamicThreshold="9" maxThreshold="32" />
  <references type="weak" candidates="4469" cleared="0" enqueued="0" />
  <references type="phantom" candidates="840" cleared="0" enqueued="0" />
  <stringconstants candidates="18429" cleared="0"  />
  <object-monitors candidates="10" cleared="0"  />
</gc-op>
<gc-op id="1957" type="classunload" timems="0.011" contextid="1953" timestamp="2022-10-25T15:50:17.367">
  <classunload-info classloadercandidates="53" classloadersunloaded="0" classesunloaded="0" anonymousclassesunloaded="0" quiescems="0.000" setupms="0.008" scanms="0.003" postms="0.000" />
</gc-op>
<gc-op id="1958" type="sweep" timems="2.282" contextid="1953" timestamp="2022-10-25T15:50:17.369" />
<mem-info id="1959" free="498212896" total="996868096" percent="49">
  <mem type="nursery" free="322507440" total="412090368" percent="78">
    <mem type="allocate" free="322507440" total="370868224" percent="86" />
    <mem type="survivor" free="0" total="41222144" percent="0" />
  </mem>
  <mem type="tenure" free="175705456" total="584777728" percent="30" micro-fragmented="0" macro-fragmented="99381968">
    <mem type="soa" free="169857392" total="578929664" percent="29" />
    <mem type="loa" free="5848064" total="5848064" percent="100" />
  </mem>
  <pending-finalizers system="0" default="0" reference="2220" classloader="0" />
  <remembered-set count="6126" />
</mem-info>
<gc-op id="1960" type="compact" timems="207.633" contextid="1953" timestamp="2022-10-25T15:50:17.577">
  <compact-info movecount="2048771" movebytes="60398464" reason="compact on aggressive collection" />
</gc-op>
<gc-end id="1961" type="global" contextid="1953" durationms="237.131" usertimems="1160.394" systemtimems="2.270" stalltimems="31.441" timestamp="2022-10-25T15:50:17.577" activeThreads="20">
  <mem-info id="1962" free="498215464" total="996868096" percent="49">
    <mem type="nursery" free="322509896" total="412090368" percent="78">
      <mem type="allocate" free="322509896" total="370868224" percent="86" />
      <mem type="survivor" free="0" total="41222144" percent="0" />
    </mem>
    <mem type="tenure" free="175705568" total="584777728" percent="30">
      <mem type="soa" free="169857504" total="578929664" percent="29" />
      <mem type="loa" free="5848064" total="5848064" percent="100" />
    </mem>
    <pending-finalizers system="0" default="0" reference="2220" classloader="0" />
    <remembered-set count="6126" />
  </mem-info>
</gc-end>
<cycle-end id="1963" type="global" contextid="1953" timestamp="2022-10-25T15:50:17.577" />
<sys-end id="1964" timestamp="2022-10-25T15:50:17.577" />
<exclusive-end id="1965" timestamp="2022-10-25T15:50:17.577" durationms="237.350" />

<exclusive-start id="1966" timestamp="2022-10-25T15:50:17.578" intervalms="237.970">
  <response-info timems="0.440" idlems="0.440" threads="0" lastid="0000000000E93900" lastname="context-cleaner-periodic-gc" />
</exclusive-start>
<sys-start reason="explicit" id="1967" timestamp="2022-10-25T15:50:17.578" intervalms="237.983" />
<cycle-start id="1968" type="global" contextid="0" timestamp="2022-10-25T15:50:17.578" intervalms="237.986" />
<gc-start id="1969" type="global" contextid="1968" timestamp="2022-10-25T15:50:17.578">
  <mem-info id="1970" free="498178528" total="996868096" percent="49">
    <mem type="nursery" free="322473032" total="412090368" percent="78">
      <mem type="allocate" free="322473032" total="370868224" percent="86" />
      <mem type="survivor" free="0" total="41222144" percent="0" />
    </mem>
    <mem type="tenure" free="175705496" total="584777728" percent="30">
      <mem type="soa" free="169857432" total="578929664" percent="29" />
      <mem type="loa" free="5848064" total="5848064" percent="100" />
    </mem>
    <pending-finalizers system="0" default="0" reference="1988" classloader="0" />
    <remembered-set count="6127" />
  </mem-info>
</gc-start>
<allocation-stats totalBytes="36936" >
  <allocated-bytes non-tlh="72" tlh="36864" />
  <largest-consumer threadName="executor-heartbeater" threadId="0000000000E72700" bytes="12288" />
</allocation-stats>
<gc-op id="1971" type="mark" timems="28.563" contextid="1968" timestamp="2022-10-25T15:50:17.606">
  <trace-info objectcount="15706966" scancount="12097999" scanbytes="269520888" />
  <finalization candidates="121" enqueued="0" />
  <ownableSynchronizers candidates="187" cleared="0" />
  <references type="soft" candidates="4590" cleared="0" enqueued="0" dynamicThreshold="9" maxThreshold="32" />
  <references type="weak" candidates="4469" cleared="0" enqueued="0" />
  <references type="phantom" candidates="840" cleared="0" enqueued="0" />
  <stringconstants candidates="18430" cleared="0"  />
  <object-monitors candidates="10" cleared="0"  />
</gc-op>
<gc-op id="1972" type="classunload" timems="0.015" contextid="1968" timestamp="2022-10-25T15:50:17.606">
  <classunload-info classloadercandidates="53" classloadersunloaded="0" classesunloaded="0" anonymousclassesunloaded="0" quiescems="0.000" setupms="0.012" scanms="0.003" postms="0.000" />
</gc-op>
<gc-op id="1973" type="sweep" timems="2.425" contextid="1968" timestamp="2022-10-25T15:50:17.609" />
<gc-end id="1974" type="global" contextid="1968" durationms="31.124" usertimems="547.374" systemtimems="11.635" stalltimems="45.259" timestamp="2022-10-25T15:50:17.609" activeThreads="20">
  <mem-info id="1975" free="498215080" total="996868096" percent="49">
    <mem type="nursery" free="322509584" total="412090368" percent="78">
      <mem type="allocate" free="322509584" total="370868224" percent="86" />
      <mem type="survivor" free="0" total="41222144" percent="0" />
    </mem>
    <mem type="tenure" free="175705496" total="584777728" percent="30" micro-fragmented="0" macro-fragmented="99381968">
      <mem type="soa" free="169857432" total="578929664" percent="29" />
      <mem type="loa" free="5848064" total="5848064" percent="100" />
    </mem>
    <pending-finalizers system="0" default="0" reference="1988" classloader="0" />
    <remembered-set count="6127" />
  </mem-info>
</gc-end>
<cycle-end id="1976" type="global" contextid="1968" timestamp="2022-10-25T15:50:17.609" />
<sys-end id="1977" timestamp="2022-10-25T15:50:17.609" />
<exclusive-end id="1978" timestamp="2022-10-25T15:50:17.609" durationms="31.264" />

<exclusive-start id="1979" timestamp="2022-10-25T15:50:17.609" intervalms="31.444">
  <response-info timems="0.053" idlems="0.015" threads="4" lastid="0000000000E72700" lastname="executor-heartbeater" />
</exclusive-start>
<sys-start reason="explicit" id="1980" timestamp="2022-10-25T15:50:17.609" intervalms="31.432" />
<cycle-start id="1981" type="global" contextid="0" timestamp="2022-10-25T15:50:17.609" intervalms="31.429" />
<gc-start id="1982" type="global" contextid="1981" timestamp="2022-10-25T15:50:17.609">
  <mem-info id="1983" free="498194680" total="996868096" percent="49">
    <mem type="nursery" free="322489240" total="412090368" percent="78">
      <mem type="allocate" free="322489240" total="370868224" percent="86" />
      <mem type="survivor" free="0" total="41222144" percent="0" />
    </mem>
    <mem type="tenure" free="175705440" total="584777728" percent="30">
      <mem type="soa" free="169857376" total="578929664" percent="29" />
      <mem type="loa" free="5848064" total="5848064" percent="100" />
    </mem>
    <pending-finalizers system="0" default="0" reference="1971" classloader="0" />
    <remembered-set count="6128" />
  </mem-info>
</gc-start>
<allocation-stats totalBytes="20400" >
  <allocated-bytes non-tlh="56" tlh="20344" />
  <largest-consumer threadName="executor-heartbeater" threadId="0000000000E72700" bytes="8192" />
</allocation-stats>
<gc-op id="1984" type="mark" timems="27.159" contextid="1981" timestamp="2022-10-25T15:50:17.636">
  <trace-info objectcount="15706976" scancount="12098054" scanbytes="269521264" />
  <finalization candidates="121" enqueued="0" />
  <ownableSynchronizers candidates="187" cleared="0" />
  <references type="soft" candidates="4590" cleared="0" enqueued="0" dynamicThreshold="9" maxThreshold="32" />
  <references type="weak" candidates="4469" cleared="0" enqueued="0" />
  <references type="phantom" candidates="840" cleared="0" enqueued="0" />
  <stringconstants candidates="18431" cleared="0"  />
  <object-monitors candidates="10" cleared="0"  />
</gc-op>
<gc-op id="1985" type="classunload" timems="0.021" contextid="1981" timestamp="2022-10-25T15:50:17.636">
  <classunload-info classloadercandidates="53" classloadersunloaded="0" classesunloaded="0" anonymousclassesunloaded="0" quiescems="0.000" setupms="0.016" scanms="0.005" postms="0.000" />
</gc-op>
<gc-op id="1986" type="sweep" timems="2.195" contextid="1981" timestamp="2022-10-25T15:50:17.639" />
<mem-info id="1987" free="498213992" total="996868096" percent="49">
  <mem type="nursery" free="322508552" total="412090368" percent="78">
    <mem type="allocate" free="322508552" total="370868224" percent="86" />
    <mem type="survivor" free="0" total="41222144" percent="0" />
  </mem>
  <mem type="tenure" free="175705440" total="584777728" percent="30" micro-fragmented="0" macro-fragmented="57512708">
    <mem type="soa" free="169857376" total="578929664" percent="29" />
    <mem type="loa" free="5848064" total="5848064" percent="100" />
  </mem>
  <pending-finalizers system="0" default="0" reference="1971" classloader="0" />
  <remembered-set count="6128" />
</mem-info>
<gc-op id="1988" type="compact" timems="72.639" contextid="1981" timestamp="2022-10-25T15:50:17.711">
  <compact-info movecount="271677" movebytes="11380376" reason="compact on aggressive collection" />
</gc-op>
<gc-end id="1989" type="global" contextid="1981" durationms="102.249" usertimems="1016.572" systemtimems="9.251" stalltimems="29.707" timestamp="2022-10-25T15:50:17.711" activeThreads="20">
  <mem-info id="1990" free="498222240" total="996868096" percent="49">
    <mem type="nursery" free="322516800" total="412090368" percent="78">
      <mem type="allocate" free="322516800" total="370868224" percent="86" />
      <mem type="survivor" free="0" total="41222144" percent="0" />
    </mem>
    <mem type="tenure" free="175705440" total="584777728" percent="30">
      <mem type="soa" free="169857376" total="578929664" percent="29" />
      <mem type="loa" free="5848064" total="5848064" percent="100" />
    </mem>
    <pending-finalizers system="0" default="0" reference="1971" classloader="0" />
    <remembered-set count="6128" />
  </mem-info>
</gc-end>
<cycle-end id="1991" type="global" contextid="1981" timestamp="2022-10-25T15:50:17.712" />
<sys-end id="1992" timestamp="2022-10-25T15:50:17.712" />
<exclusive-end id="1993" timestamp="2022-10-25T15:50:17.712" durationms="102.359" />

</verbosegc>

:52:47.819" />
<gc-end id="2013" type="global" contextid="1986" durationms="11.880" usertimems="134.475" systemtimems="0.000" stalltimems="51.059" timestamp="2022-10-25T12:52:47.820" activeThreads="20">
  <mem-info id="2014" free="462539232" total="896729088" percent="51">
    <mem type="nursery" free="301835712" total="361103360" percent="83">
      <mem type="allocate" free="301835712" total="324993024" percent="92" />
      <mem type="survivor" free="0" total="36110336" percent="0" />
    </mem>
    <mem type="tenure" free="160703520" total="535625728" percent="30" micro-fragmented="289976" macro-fragmented="0">
      <mem type="soa" free="133921824" total="508844032" percent="26" />
      <mem type="loa" free="26781696" total="26781696" percent="100" />
    </mem>
    <remembered-set count="371" />
  </mem-info>
</gc-end>
<cycle-end id="2015" type="global" contextid="1986" timestamp="2022-10-25T12:52:47.820" />
<exclusive-end id="2016" timestamp="2022-10-25T12:52:47.820" durationms="12.101" />

<exclusive-start id="2017" timestamp="2022-10-25T12:52:47.974" intervalms="166.486">
  <response-info timems="0.031" idlems="0.031" threads="0" lastid="0000000000025900" lastname="main" />
</exclusive-start>
<af-start id="2018" threadId="0000000000026348" totalBytesRequested="48" timestamp="2022-10-25T12:52:47.974" intervalms="254.542" type="nursery" />
<cycle-start id="2019" type="scavenge" contextid="0" timestamp="2022-10-25T12:52:47.974" intervalms="254.545" />
<gc-start id="2020" type="scavenge" contextid="2019" timestamp="2022-10-25T12:52:47.974">
  <mem-info id="2021" free="160703520" total="896729088" percent="17">
    <mem type="nursery" free="0" total="361103360" percent="0">
      <mem type="allocate" free="0" total="324993024" percent="0" />
      <mem type="survivor" free="0" total="36110336" percent="0" />
    </mem>
    <mem type="tenure" free="160703520" total="535625728" percent="30">
      <mem type="soa" free="133921824" total="508844032" percent="26" />
      <mem type="loa" free="26781696" total="26781696" percent="100" />
    </mem>
    <remembered-set count="371" />
  </mem-info>
</gc-start>
<allocation-stats totalBytes="301577536" >
  <allocated-bytes non-tlh="0" tlh="301577536" />
  <largest-consumer threadName="main" threadId="0000000000025900" bytes="301573440" />
</allocation-stats>
<gc-op id="2022" type="scavenge" timems="19.040" contextid="2019" timestamp="2022-10-25T12:52:47.993">
  <scavenger-info tenureage="1" tenuremask="4002" tiltratio="90" />
  <memory-copied type="nursery" objects="884942" bytes="24371120" bytesdiscarded="142672" />
  <memory-copied type="tenure" objects="806541" bytes="22219120" bytesdiscarded="13440" />
  <ownableSynchronizers candidates="366" cleared="366" />
  <object-monitors candidates="9" cleared="0"  />
</gc-op>
<gc-end id="2023" type="scavenge" contextid="2019" durationms="19.158" usertimems="266.262" systemtimems="20.951" stalltimems="43.084" timestamp="2022-10-25T12:52:47.993" activeThreads="20">
  <mem-info id="2024" free="438721256" total="896729088" percent="48">
    <mem type="nursery" free="300479232" total="361103360" percent="83">
      <mem type="allocate" free="300479232" total="324993024" percent="92" />
      <mem type="survivor" free="0" total="36110336" percent="0" />
    </mem>
    <mem type="tenure" free="138242024" total="535625728" percent="25">
      <mem type="soa" free="111460328" total="508844032" percent="21" />
      <mem type="loa" free="26781696" total="26781696" percent="100" />
    </mem>
    <remembered-set count="369" />
  </mem-info>
</gc-end>
<cycle-end id="2025" type="scavenge" contextid="2019" timestamp="2022-10-25T12:52:47.993" />
<allocation-satisfied id="2026" threadId="0000000000025900" bytesRequested="48" />
<af-end id="2027" timestamp="2022-10-25T12:52:47.993" threadId="0000000000026348" success="true" from="nursery"/>
<exclusive-end id="2028" timestamp="2022-10-25T12:52:47.993" durationms="19.454" />

<exclusive-start id="2029" timestamp="2022-10-25T12:52:48.109" intervalms="135.002">
  <response-info timems="0.029" idlems="0.029" threads="0" lastid="0000000000025900" lastname="main" />
</exclusive-start>
<af-start id="2030" threadId="0000000000026348" totalBytesRequested="2064" timestamp="2022-10-25T12:52:48.109" intervalms="135.014" type="nursery" />
<cycle-start id="2031" type="scavenge" contextid="0" timestamp="2022-10-25T12:52:48.109" intervalms="135.013" />
<gc-start id="2032" type="scavenge" contextid="2031" timestamp="2022-10-25T12:52:48.109">
  <mem-info id="2033" free="138242024" total="896729088" percent="15">
    <mem type="nursery" free="0" total="361103360" percent="0">
      <mem type="allocate" free="0" total="324993024" percent="0" />
      <mem type="survivor" free="0" total="36110336" percent="0" />
    </mem>
    <mem type="tenure" free="138242024" total="535625728" percent="25">
      <mem type="soa" free="111460328" total="508844032" percent="21" />
      <mem type="loa" free="26781696" total="26781696" percent="100" />
    </mem>
    <remembered-set count="369" />
  </mem-info>
</gc-start>
<allocation-stats totalBytes="300237432" >
  <allocated-bytes non-tlh="48" tlh="300237384" />
  <largest-consumer threadName="main" threadId="0000000000025900" bytes="300233336" />
</allocation-stats>
<gc-op id="2034" type="scavenge" timems="21.270" contextid="2031" timestamp="2022-10-25T12:52:48.130">
  <scavenger-info tenureage="1" tenuremask="4002" tiltratio="90" />
  <memory-copied type="nursery" objects="875166" bytes="24112032" bytesdiscarded="320352" />
  <memory-copied type="tenure" objects="884932" bytes="24368056" bytesdiscarded="7288" />
  <object-monitors candidates="9" cleared="0"  />
</gc-op>
<heap-resize id="2035" type="expand" space="nursery" amount="31719424" count="1" timems="0.021" reason="excessive time being spent scavenging" timestamp="2022-10-25T12:52:48.131" />
<gc-end id="2036" type="scavenge" contextid="2031" durationms="21.449" usertimems="276.254" systemtimems="25.573" stalltimems="24.836" timestamp="2022-10-25T12:52:48.131" activeThreads="20">
  <mem-info id="2037" free="442898408" total="928448512" percent="47">
    <mem type="nursery" free="329068800" total="392822784" percent="83">
      <mem type="allocate" free="329068800" total="353501184" percent="93" />
      <mem type="survivor" free="0" total="39321600" percent="0" />
    </mem>
    <mem type="tenure" free="113829608" total="535625728" percent="21" macro-fragmented="57512708">
      <mem type="soa" free="87047912" total="508844032" percent="17" />
      <mem type="loa" free="26781696" total="26781696" percent="100" />
    </mem>
    <remembered-set count="369" />
  </mem-info>
</gc-end>
<cycle-end id="2038" type="scavenge" contextid="2031" timestamp="2022-10-25T12:52:48.131" />
<allocation-satisfied id="2039" threadId="0000000000025900" bytesRequested="2064" />
<af-end id="2040" timestamp="2022-10-25T12:52:48.131" threadId="0000000000026348" success="true" from="nursery"/>
<exclusive-end id="2041" timestamp="2022-10-25T12:52:48.131" durationms="21.752" />

<exclusive-start id="2042" timestamp="2022-10-25T12:52:48.182" intervalms="73.387">
  <response-info timems="0.022" idlems="0.022" threads="0" lastid="0000000000025900" lastname="main" />
</exclusive-start>
<sys-start reason="explicit" id="2043" timestamp="2022-10-25T12:52:48.182" intervalms="4128.647" />
<cycle-start id="2044" type="global" contextid="0" timestamp="2022-10-25T12:52:48.182" intervalms="539.915" />
<gc-start id="2045" type="global" contextid="2044" timestamp="2022-10-25T12:52:48.183">
  <mem-info id="2046" free="362813416" total="928448512" percent="39">
    <mem type="nursery" free="248983808" total="392822784" percent="63">
      <mem type="allocate" free="248983808" total="353501184" percent="70" />
      <mem type="survivor" free="0" total="39321600" percent="0" />
    </mem>
    <mem type="tenure" free="113829608" total="535625728" percent="21">
      <mem type="soa" free="87047912" total="508844032" percent="17" />
      <mem type="loa" free="26781696" total="26781696" percent="100" />
    </mem>
    <remembered-set count="369" />
  </mem-info>
</gc-start>
<allocation-stats totalBytes="80024248" >
  <allocated-bytes non-tlh="2064" tlh="80022184" />
  <largest-consumer threadName="main" threadId="0000000000025900" bytes="80024248" />
</allocation-stats>
<gc-op id="2047" type="mark" timems="49.669" contextid="2044" timestamp="2022-10-25T12:52:48.232">
  <trace-info objectcount="15653541" scancount="12052305" scanbytes="264706656" />
  <finalization candidates="121" enqueued="0" />
  <ownableSynchronizers candidates="183" cleared="1" />
  <references type="soft" candidates="2775" cleared="20" enqueued="0" dynamicThreshold="9" maxThreshold="32" />
  <references type="weak" candidates="3262" cleared="4" enqueued="4" />
  <references type="phantom" candidates="836" cleared="0" enqueued="0" />
  <stringconstants candidates="15736" cleared="0"  />
  <object-monitors candidates="9" cleared="0"  />
</gc-op>
<gc-op id="2048" type="classunload" timems="0.755" contextid="2044" timestamp="2022-10-25T12:52:48.233">
  <classunload-info classloadercandidates="5" classloadersunloaded="0" classesunloaded="44" anonymousclassesunloaded="44" quiescems="0.000" setupms="0.694" scanms="0.060" postms="0.001" />
</gc-op>
<gc-op id="2049" type="sweep" timems="2.819" contextid="2044" timestamp="2022-10-25T12:52:48.236" />
<mem-info id="2050" free="405350568" total="928448512" percent="43">
  <mem type="nursery" free="291226208" total="392822784" percent="74">
    <mem type="allocate" free="291226208" total="353501184" percent="82" />
    <mem type="survivor" free="0" total="39321600" percent="0" />
  </mem>
  <mem type="tenure" free="114124360" total="535625728" percent="21" micro-fragmented="266585" macro-fragmented="69015248">
    <mem type="soa" free="87342664" total="508844032" percent="17" />
    <mem type="loa" free="26781696" total="26781696" percent="100" />
  </mem>
  <pending-finalizers system="0" default="0" reference="4" classloader="0" />
  <remembered-set count="369" />
</mem-info>
<gc-op id="2051" type="compact" timems="409.855" contextid="2044" timestamp="2022-10-25T12:52:48.646">
  <compact-info movecount="15643223" movebytes="451272408" reason="compact on aggressive collection" />
</gc-op>
<heap-resize id="2052" type="expand" space="tenure" amount="66060288" count="1" timems="1.600" reason="insufficient free space following gc" timestamp="2022-10-25T12:52:48.648" />
<gc-end id="2053" type="global" contextid="2044" durationms="465.050" usertimems="3084.818" systemtimems="4.889" stalltimems="58.413" timestamp="2022-10-25T12:52:48.648" activeThreads="20">
  <mem-info id="2054" free="503504992" total="994508800" percent="50">
    <mem type="nursery" free="322972608" total="392822784" percent="82">
      <mem type="allocate" free="322972608" total="353501184" percent="91" />
      <mem type="survivor" free="0" total="39321600" percent="0" />
    </mem>
    <mem type="tenure" free="180532384" total="601686016" percent="30">
      <mem type="soa" free="150447264" total="571600896" percent="26" />
      <mem type="loa" free="30085120" total="30085120" percent="100" />
    </mem>
    <pending-finalizers system="0" default="0" reference="4" classloader="0" />
    <remembered-set count="369" />
  </mem-info>
</gc-end>
<cycle-end id="2055" type="global" contextid="2044" timestamp="2022-10-25T12:52:48.648" />
<sys-end id="2056" timestamp="2022-10-25T12:52:48.648" />
<exclusive-end id="2057" timestamp="2022-10-25T12:52:48.648" durationms="465.340" />

<exclusive-start id="2058" timestamp="2022-10-25T13:22:44.025" intervalms="1795842.691">
  <response-info timems="0.058" idlems="0.058" threads="0" lastid="000000000102A500" lastname="context-cleaner-periodic-gc" />
</exclusive-start>
<sys-start reason="explicit" id="2059" timestamp="2022-10-25T13:22:44.025" intervalms="1795842.846" />
<cycle-start id="2060" type="global" contextid="0" timestamp="2022-10-25T13:22:44.025" intervalms="1795842.896" />
<gc-start id="2061" type="global" contextid="2060" timestamp="2022-10-25T13:22:44.026">
  <mem-info id="2062" free="448781720" total="994508800" percent="45">
    <mem type="nursery" free="268818848" total="392822784" percent="68">
      <mem type="allocate" free="268818848" total="353501184" percent="76" />
      <mem type="survivor" free="0" total="39321600" percent="0" />
    </mem>
    <mem type="tenure" free="179962872" total="601686016" percent="29">
      <mem type="soa" free="149877752" total="571600896" percent="26" />
      <mem type="loa" free="30085120" total="30085120" percent="100" />
    </mem>
    <remembered-set count="6319" />
  </mem-info>
</gc-start>
<allocation-stats totalBytes="54679224" >
  <allocated-bytes non-tlh="14134816" tlh="40544408" />
  <largest-consumer threadName="main" threadId="0000000000025900" bytes="26743856" />
</allocation-stats>
<gc-op id="2063" type="mark" timems="66.927" contextid="2060" timestamp="2022-10-25T13:22:44.093">
  <trace-info objectcount="15711992" scancount="12103024" scanbytes="269632492" />
  <finalization candidates="121" enqueued="0" />
  <ownableSynchronizers candidates="556" cleared="369" />
  <references type="soft" candidates="4592" cleared="1" enqueued="1" dynamicThreshold="9" maxThreshold="32" />
  <references type="weak" candidates="6320" cleared="1849" enqueued="1848" />
  <references type="phantom" candidates="1254" cleared="414" enqueued="414" />
  <stringconstants candidates="18503" cleared="75"  />
  <object-monitors candidates="20" cleared="10"  />
</gc-op>
<gc-op id="2064" type="classunload" timems="1.753" contextid="2060" timestamp="2022-10-25T13:22:44.094">
  <classunload-info classloadercandidates="53" classloadersunloaded="0" classesunloaded="1" anonymousclassesunloaded="1" quiescems="0.000" setupms="1.702" scanms="0.050" postms="0.001" />
</gc-op>
<gc-op id="2065" type="sweep" timems="3.189" contextid="2060" timestamp="2022-10-25T13:22:44.098" />
<heap-resize id="2066" type="expand" space="tenure" amount="1048576" count="1" timems="0.279" reason="insufficient free space following gc" timestamp="2022-10-25T13:22:44.150" />
<gc-end id="2067" type="global" contextid="2060" durationms="124.319" usertimems="2139.473" systemtimems="90.078" stalltimems="108.689" timestamp="2022-10-25T13:22:44.150" activeThreads="20">
  <mem-info id="2068" free="497161264" total="995557376" percent="49">
    <mem type="nursery" free="316138328" total="392822784" percent="80">
      <mem type="allocate" free="316138328" total="353501184" percent="89" />
      <mem type="survivor" free="0" total="39321600" percent="0" />
    </mem>
    <mem type="tenure" free="181022936" total="602734592" percent="30" micro-fragmented="54818" macro-fragmented="99381968">
      <mem type="soa" free="150885592" total="572597248" percent="26" />
      <mem type="loa" free="30137344" total="30137344" percent="100" />
    </mem>
    <pending-finalizers system="0" default="0" reference="2263" classloader="0" />
    <remembered-set count="5907" />
  </mem-info>
</gc-end>
<cycle-end id="2069" type="global" contextid="2060" timestamp="2022-10-25T13:22:44.152" />
<heap-fixup timems="51.718" reason="class unloading"  timestamp="2022-10-25T13:22:44.152" />
<sys-end id="2070" timestamp="2022-10-25T13:22:44.152" />
<exclusive-end id="2071" timestamp="2022-10-25T13:22:44.152" durationms="126.872" />

<exclusive-start id="2072" timestamp="2022-10-25T13:52:44.025" intervalms="1799999.894">
  <response-info timems="0.060" idlems="0.060" threads="0" lastid="000000000102A500" lastname="context-cleaner-periodic-gc" />
</exclusive-start>
<sys-start reason="explicit" id="2073" timestamp="2022-10-25T13:52:44.025" intervalms="1799999.848" />
<cycle-start id="2074" type="global" contextid="0" timestamp="2022-10-25T13:52:44.025" intervalms="1799999.835" />
<gc-start id="2075" type="global" contextid="2074" timestamp="2022-10-25T13:52:44.025">
  <mem-info id="2076" free="487975432" total="995557376" percent="49">
    <mem type="nursery" free="306952496" total="392822784" percent="78">
      <mem type="allocate" free="306952496" total="353501184" percent="86" />
      <mem type="survivor" free="0" total="39321600" percent="0" />
    </mem>
    <mem type="tenure" free="181022936" total="602734592" percent="30">
      <mem type="soa" free="150885592" total="572597248" percent="26" />
      <mem type="loa" free="30137344" total="30137344" percent="100" />
    </mem>
    <remembered-set count="5913" />
  </mem-info>
</gc-start>
<allocation-stats totalBytes="9169512" >
  <allocated-bytes non-tlh="0" tlh="9169512" />
  <largest-consumer threadName="executor-heartbeater" threadId="0000000000E82300" bytes="4530944" />
</allocation-stats>
<gc-op id="2077" type="mark" timems="66.745" contextid="2074" timestamp="2022-10-25T13:52:44.092">
  <trace-info objectcount="15712064" scancount="12103787" scanbytes="269630960" />
  <finalization candidates="121" enqueued="0" />
  <ownableSynchronizers candidates="543" cleared="356" />
  <references type="soft" candidates="4591" cleared="0" enqueued="0" dynamicThreshold="9" maxThreshold="32" />
  <references type="weak" candidates="4472" cleared="1" enqueued="0" />
  <references type="phantom" candidates="840" cleared="0" enqueued="0" />
  <stringconstants candidates="18428" cleared="0"  />
  <object-monitors candidates="10" cleared="0"  />
</gc-op>
<gc-op id="2078" type="classunload" timems="0.040" contextid="2074" timestamp="2022-10-25T13:52:44.092">
  <classunload-info classloadercandidates="53" classloadersunloaded="0" classesunloaded="0" anonymousclassesunloaded="0" quiescems="0.000" setupms="0.029" scanms="0.011" postms="0.000" />
</gc-op>
<gc-op id="2079" type="sweep" timems="3.104" contextid="2074" timestamp="2022-10-25T13:52:44.095" />
<mem-info id="2080" free="497306800" total="995557376" percent="49">
  <mem type="nursery" free="316283864" total="392822784" percent="80">
    <mem type="allocate" free="316283864" total="353501184" percent="89" />
    <mem type="survivor" free="0" total="39321600" percent="0" />
  </mem>
  <mem type="tenure" free="181022936" total="602734592" percent="30" micro-fragmented="73767" macro-fragmented="143110048">
    <mem type="soa" free="150885592" total="572597248" percent="26" />
    <mem type="loa" free="30137344" total="30137344" percent="100" />
  </mem>
  <remembered-set count="5910" />
</mem-info>
<gc-op id="2081" type="compact" timems="345.818" contextid="2074" timestamp="2022-10-25T13:52:44.441">
  <compact-info movecount="11295893" movebytes="332189224" reason="compact on aggressive collection" />
</gc-op>
<gc-end id="2082" type="global" contextid="2074" durationms="416.123" usertimems="3073.544" systemtimems="27.017" stalltimems="112.214" timestamp="2022-10-25T13:52:44.441" activeThreads="20">
  <mem-info id="2083" free="498784600" total="995557376" percent="50">
    <mem type="nursery" free="317708664" total="392822784" percent="80">
      <mem type="allocate" free="317708664" total="353501184" percent="89" />
      <mem type="survivor" free="0" total="39321600" percent="0" />
    </mem>
    <mem type="tenure" free="181075936" total="602734592" percent="30">
      <mem type="soa" free="150938592" total="572597248" percent="26" />
      <mem type="loa" free="30137344" total="30137344" percent="100" />
    </mem>
    <remembered-set count="5910" />
  </mem-info>
</gc-end>
<cycle-end id="2084" type="global" contextid="2074" timestamp="2022-10-25T13:52:44.442" />
<sys-end id="2085" timestamp="2022-10-25T13:52:44.442" />
<exclusive-end id="2086" timestamp="2022-10-25T13:52:44.442" durationms="416.903" />

<exclusive-start id="2087" timestamp="2022-10-25T14:22:44.025" intervalms="1799999.915">
  <response-info timems="0.054" idlems="0.054" threads="0" lastid="000000000102A500" lastname="context-cleaner-periodic-gc" />
</exclusive-start>
<sys-start reason="explicit" id="2088" timestamp="2022-10-25T14:22:44.025" intervalms="1799999.870" />
<cycle-start id="2089" type="global" contextid="0" timestamp="2022-10-25T14:22:44.025" intervalms="1799999.861" />
<gc-start id="2090" type="global" contextid="2089" timestamp="2022-10-25T14:22:44.025">
  <mem-info id="2091" free="488945896" total="995557376" percent="49">
    <mem type="nursery" free="307870072" total="392822784" percent="78">
      <mem type="allocate" free="307870072" total="353501184" percent="87" />
      <mem type="survivor" free="0" total="39321600" percent="0" />
    </mem>
    <mem type="tenure" free="181075824" total="602734592" percent="30">
      <mem type="soa" free="150938480" total="572597248" percent="26" />
      <mem type="loa" free="30137344" total="30137344" percent="100" />
    </mem>
    <remembered-set count="5929" />
  </mem-info>
</gc-start>
<allocation-stats totalBytes="9837328" >
  <allocated-bytes non-tlh="112" tlh="9837216" />
  <largest-consumer threadName="executor-heartbeater" threadId="0000000000E82300" bytes="4554080" />
</allocation-stats>
<gc-op id="2092" type="mark" timems="32.878" contextid="2089" timestamp="2022-10-25T14:22:44.058">
  <trace-info objectcount="15715424" scancount="12107146" scanbytes="269698380" />
  <finalization candidates="121" enqueued="0" />
  <ownableSynchronizers candidates="547" cleared="360" />
  <references type="soft" candidates="4591" cleared="0" enqueued="0" dynamicThreshold="9" maxThreshold="32" />
  <references type="weak" candidates="4476" cleared="1" enqueued="0" />
  <references type="phantom" candidates="840" cleared="0" enqueued="0" />
  <stringconstants candidates="18428" cleared="0"  />
  <object-monitors candidates="10" cleared="0"  />
</gc-op>
<gc-op id="2093" type="classunload" timems="0.056" contextid="2089" timestamp="2022-10-25T14:22:44.058">
  <classunload-info classloadercandidates="53" classloadersunloaded="0" classesunloaded="0" anonymousclassesunloaded="0" quiescems="0.000" setupms="0.045" scanms="0.011" postms="0.000" />
</gc-op>
<gc-op id="2094" type="sweep" timems="3.027" contextid="2089" timestamp="2022-10-25T14:22:44.061" />
<gc-end id="2095" type="global" contextid="2089" durationms="36.397" usertimems="586.890" systemtimems="25.186" stalltimems="115.877" timestamp="2022-10-25T14:22:44.062" activeThreads="20">
  <mem-info id="2096" free="498551504" total="995557376" percent="50">
    <mem type="nursery" free="317475680" total="392822784" percent="80">
      <mem type="allocate" free="317475680" total="353501184" percent="89" />
      <mem type="survivor" free="0" total="39321600" percent="0" />
    </mem>
    <mem type="tenure" free="181075824" total="602734592" percent="30" micro-fragmented="0" macro-fragmented="99381968">
      <mem type="soa" free="150938480" total="572597248" percent="26" />
      <mem type="loa" free="30137344" total="30137344" percent="100" />
    </mem>
    <remembered-set count="5903" />
  </mem-info>
</gc-end>
<cycle-end id="2097" type="global" contextid="2089" timestamp="2022-10-25T14:22:44.062" />
<sys-end id="2098" timestamp="2022-10-25T14:22:44.062" />
<exclusive-end id="2099" timestamp="2022-10-25T14:22:44.062" durationms="37.438" />

<exclusive-start id="2100" timestamp="2022-10-25T14:52:44.025" intervalms="1799999.990">
  <response-info timems="0.052" idlems="0.052" threads="0" lastid="000000000102A500" lastname="context-cleaner-periodic-gc" />
</exclusive-start>
<sys-start reason="explicit" id="2101" timestamp="2022-10-25T14:52:44.025" intervalms="1799999.999" />
<cycle-start id="2102" type="global" contextid="0" timestamp="2022-10-25T14:52:44.025" intervalms="1800000.001" />
<gc-start id="2103" type="global" contextid="2102" timestamp="2022-10-25T14:52:44.026">
  <mem-info id="2104" free="489071448" total="995557376" percent="49">
    <mem type="nursery" free="307995624" total="392822784" percent="78">
      <mem type="allocate" free="307995624" total="353501184" percent="87" />
      <mem type="survivor" free="0" total="39321600" percent="0" />
    </mem>
    <mem type="tenure" free="181075824" total="602734592" percent="30">
      <mem type="soa" free="150938480" total="572597248" percent="26" />
      <mem type="loa" free="30137344" total="30137344" percent="100" />
    </mem>
    <remembered-set count="5903" />
  </mem-info>
</gc-start>
<allocation-stats totalBytes="9473576" >
  <allocated-bytes non-tlh="0" tlh="9473576" />
  <largest-consumer threadName="executor-heartbeater" threadId="0000000000E82300" bytes="4613664" />
</allocation-stats>
<gc-op id="2105" type="mark" timems="31.573" contextid="2102" timestamp="2022-10-25T14:52:44.057">
  <trace-info objectcount="15715327" scancount="12107049" scanbytes="269696052" />
  <finalization candidates="121" enqueued="0" />
  <ownableSynchronizers candidates="546" cleared="359" />
  <references type="soft" candidates="4591" cleared="0" enqueued="0" dynamicThreshold="9" maxThreshold="32" />
  <references type="weak" candidates="4476" cleared="1" enqueued="0" />
  <references type="phantom" candidates="840" cleared="0" enqueued="0" />
  <stringconstants candidates="18428" cleared="0"  />
  <object-monitors candidates="10" cleared="0"  />
</gc-op>
<gc-op id="2106" type="classunload" timems="0.066" contextid="2102" timestamp="2022-10-25T14:52:44.057">
  <classunload-info classloadercandidates="53" classloadersunloaded="0" classesunloaded="0" anonymousclassesunloaded="0" quiescems="0.000" setupms="0.052" scanms="0.013" postms="0.001" />
</gc-op>
<gc-op id="2107" type="sweep" timems="3.226" contextid="2102" timestamp="2022-10-25T14:52:44.061" />
<mem-info id="2108" free="498517200" total="995557376" percent="50">
  <mem type="nursery" free="317441376" total="392822784" percent="80">
    <mem type="allocate" free="317441376" total="353501184" percent="89" />
    <mem type="survivor" free="0" total="39321600" percent="0" />
  </mem>
  <mem type="tenure" free="181075824" total="602734592" percent="30" micro-fragmented="0" macro-fragmented="99381968">
    <mem type="soa" free="150938480" total="572597248" percent="26" />
    <mem type="loa" free="30137344" total="30137344" percent="100" />
  </mem>
  <remembered-set count="5903" />
</mem-info>
<gc-op id="2109" type="compact" timems="237.258" contextid="2102" timestamp="2022-10-25T14:52:44.298">
  <compact-info movecount="1849860" movebytes="54790096" reason="compact on aggressive collection" />
</gc-op>
<gc-end id="2110" type="global" contextid="2102" durationms="272.594" usertimems="1380.934" systemtimems="13.756" stalltimems="81.804" timestamp="2022-10-25T14:52:44.298" activeThreads="20">
  <mem-info id="2111" free="498719448" total="995557376" percent="50">
    <mem type="nursery" free="317642008" total="392822784" percent="80">
      <mem type="allocate" free="317642008" total="353501184" percent="89" />
      <mem type="survivor" free="0" total="39321600" percent="0" />
    </mem>
    <mem type="tenure" free="181077440" total="602734592" percent="30">
      <mem type="soa" free="150940096" total="572597248" percent="26" />
      <mem type="loa" free="30137344" total="30137344" percent="100" />
    </mem>
    <remembered-set count="5903" />
  </mem-info>
</gc-end>
<cycle-end id="2112" type="global" contextid="2102" timestamp="2022-10-25T14:52:44.298" />
<sys-end id="2113" timestamp="2022-10-25T14:52:44.298" />
<exclusive-end id="2114" timestamp="2022-10-25T14:52:44.298" durationms="273.403" />

<exclusive-start id="2115" timestamp="2022-10-25T15:22:44.025" intervalms="1799999.979">
  <response-info timems="0.047" idlems="0.047" threads="0" lastid="000000000102A500" lastname="context-cleaner-periodic-gc" />
</exclusive-start>
<sys-start reason="explicit" id="2116" timestamp="2022-10-25T15:22:44.025" intervalms="1799999.977" />
<cycle-start id="2117" type="global" contextid="0" timestamp="2022-10-25T15:22:44.025" intervalms="1799999.982" />
<gc-start id="2118" type="global" contextid="2117" timestamp="2022-10-25T15:22:44.025">
  <mem-info id="2119" free="488848088" total="995557376" percent="49">
    <mem type="nursery" free="307770648" total="392822784" percent="78">
      <mem type="allocate" free="307770648" total="353501184" percent="87" />
      <mem type="survivor" free="0" total="39321600" percent="0" />
    </mem>
    <mem type="tenure" free="181077440" total="602734592" percent="30">
      <mem type="soa" free="150940096" total="572597248" percent="26" />
      <mem type="loa" free="30137344" total="30137344" percent="100" />
    </mem>
    <remembered-set count="5903" />
  </mem-info>
</gc-start>
<allocation-stats totalBytes="9869984" >
  <allocated-bytes non-tlh="0" tlh="9869984" />
  <largest-consumer threadName="executor-heartbeater" threadId="0000000000E82300" bytes="4554128" />
</allocation-stats>
<gc-op id="2120" type="mark" timems="64.413" contextid="2117" timestamp="2022-10-25T15:22:44.090">
  <trace-info objectcount="15715380" scancount="12107121" scanbytes="269697324" />
  <finalization candidates="121" enqueued="0" />
  <ownableSynchronizers candidates="546" cleared="359" />
  <references type="soft" candidates="4591" cleared="0" enqueued="0" dynamicThreshold="9" maxThreshold="32" />
  <references type="weak" candidates="4476" cleared="1" enqueued="0" />
  <references type="phantom" candidates="840" cleared="0" enqueued="0" />
  <stringconstants candidates="18428" cleared="0"  />
  <object-monitors candidates="10" cleared="0"  />
</gc-op>
<gc-op id="2121" type="classunload" timems="0.056" contextid="2117" timestamp="2022-10-25T15:22:44.090">
  <classunload-info classloadercandidates="53" classloadersunloaded="0" classesunloaded="0" anonymousclassesunloaded="0" quiescems="0.000" setupms="0.045" scanms="0.011" postms="0.000" />
</gc-op>
<gc-op id="2122" type="sweep" timems="3.505" contextid="2117" timestamp="2022-10-25T15:22:44.093" />
<gc-end id="2123" type="global" contextid="2117" durationms="68.303" usertimems="1180.806" systemtimems="49.016" stalltimems="127.222" timestamp="2022-10-25T15:22:44.094" activeThreads="20">
  <mem-info id="2124" free="498583728" total="995557376" percent="50">
    <mem type="nursery" free="317506288" total="392822784" percent="80">
      <mem type="allocate" free="317506288" total="353501184" percent="89" />
      <mem type="survivor" free="0" total="39321600" percent="0" />
    </mem>
    <mem type="tenure" free="181077440" total="602734592" percent="30" micro-fragmented="0" macro-fragmented="119258368">
      <mem type="soa" free="150940096" total="572597248" percent="26" />
      <mem type="loa" free="30137344" total="30137344" percent="100" />
    </mem>
    <remembered-set count="5903" />
  </mem-info>
</gc-end>
<cycle-end id="2125" type="global" contextid="2117" timestamp="2022-10-25T15:22:44.094" />
<sys-end id="2126" timestamp="2022-10-25T15:22:44.094" />
<exclusive-end id="2127" timestamp="2022-10-25T15:22:44.094" durationms="69.183" />

